1481819789.999579000    274 fd12d1eceb7352812560982f6472c3504ad1a60e
1481819790.014279000     62 9a212c6c33b614ff507873375ebbe10ea83d6180
1481819790.015258000    274 5ee3542ee064f6de2a2f144a8829836d763eb297
1481819790.016036000     86 5e60a29440191fb88fdfa0ecb339875f0ced6586
1481819790.016258000    213 caa664dd6fffdf13ddf27f5c05d81a28faf3eb76
1481819790.016727000    181 70d64fc83e36a5ec9625e894cdb9228770919722
1481819790.016819000     87 44dde87d0d0182d07600bd7341d8507e07fc020c
1481819790.017319000    234 6c19aec4215470daa6da817bc147650cdab4d3a4
1481819790.017761000   2100 6a4187e859f815bbfa17ab80f4006362bff36629
1481819790.017904000    358 100cafcc71c61921d521a41c1631d6f5d560bd70
1481819790.059422000   1514 64928e608c851423ad1482b5926b7008489c0d16
1481819790.059423000    605 13d7c1ebeffbff3d9d401249e99ad059c48bedf8
1481819790.059542000    134 9242399f6b8a10379bf2be3fcfc14a663df8504e
1481819790.059989000    215 46313b244b79791fd7ebe867967e2dff5e066a50
1481819790.061053000    201 fa28e2b4116e7aca18c0d785b0d41cb5bc3a61a5
1481819790.061587000   1003 5ecb5489059ce9b9da04d9432e4835ba46f5d437
1481819790.062944000   1380 2bc48fc0caa4c824f71597f853b3e31ddc7a0769
1481819790.067500000     73 424491093fbf3a7dfa79953c18bc21980d6f16a7
1481819790.068002000    205 bca18f12daf51c356870e6296e71a8bd85c58317
1481819790.069494000    172 62f27cd68d4d847ec89c8a6c99d65a0c44e212fc
1481819790.070399000    591 4c22a2f4661dec791f88420b0bf5e586d6812bd6
1481819790.071516000    335 a20bfcff281443c27bbce831ef97ec301dd0997c
1481819790.073462000     76 7619b7b2ca54667e0ace1c369d13723c14880b44
1481819790.073580000     65 7536e2f5ebb6c15a0828c18429ab7e5d8b26a631
1481819790.073974000    141 0f7ce14e93c4af561016beb5f656481f82b3ea46
1481819790.075086000    222 464d4c47db958063f120a3a43884c4da51ea6e60
1481819790.076845000    222 2fce00b5c8255b26438518fa865a1fd3329a648e
1481819790.078518000    347 cbaeb5972e402da827c072cb5443a5c5c140c5e0
1481819790.079580000    223 13f3ca4c338cfe7940ef778ff1ed2df476e81feb
1481819790.080835000    720 aac4e34059a0bca89313c9ceea98b13cbaee32da
1481819790.081536000     76 9c95ba591725ca0766f09622c854e1a456486282
1481819790.081624000     65 782d2d6d0b2e125c761e69e9ae7a0bd9b946ddf8
1481819790.082086000    220 84da46ecc2ebf00bf1c5473c1a1284582ad96150
1481819790.085175000    239 64c465db31ffa9e2fce28f08ac1161338b6c8d9c
1481819790.086503000    235 c7e6d482b843d39de9fb38483fbe5cfac96cf423
1481819790.088117000    260 71587db0622f8671e6afc9862f0f1774bdf4446f
1481819790.090295000    319 0476a13cf008c3b43a1cdfe35ec27917cc621335
1481819790.091313000    202 8f6ccdc4037ebbd598d26757dc4d1a2c5827721d
1481819790.091827000    220 e8d1eecdd8596e28f26af00caba4146c88a2df0f
1481819790.092550000    409 dea5ec200a0e9442f3b5ebc23fc1668af5d033d6
1481819790.093028000    222 b3ff20bfdd98bff33d43bec68ba43bf2717f5954
1481819790.093796000    157 1a0718cb8ea710796d07b33d5829d54477622f3a
1481819790.094215000    234 e7ae748274a3e4bd4ab81bf1fb5e4b27e41187a8
1481819790.097126000    171 acee94ffc3c07a3ee7bb4fbbb792ea8b58bbf244
1481819790.097814000    113 4c9a65b7f6ad9dd9f67dfe7ba62d7659f1dc4358
1481819790.098616000    158 6e04f735d424dba6427526c4607be0e62fa665d0
1481819790.099242000    113 6568cbab042564109589cd773d202eecfed821f4
1481819790.099841000    214 c7d707752dbad3dc69db902ca135391397e2b76d
1481819790.100537000    234 5c58ff05d09205e2e456ce7ebbe58473562d2a1a
1481819790.102186000    523 1c8fa748a350abc39f1a457afa56f68226fa6280
1481819790.102722000    512 32cc7a6e8580d234d9068c692b1cde2fa29b6d54
1481819790.106320000     71 64cd81d0a6b63c51f0ac3cf5a16ead741cd3d197
1481819790.106876000    423 c17bb1ce63f6122a440c4943058584ec1ee0e811
1481819790.108053000     71 c312936beec096d747d4ada3d0d424e15d0ba931
1481819790.108812000    167 d66e8bb16decf71a30d872159da6fa7537c3c78e
1481819790.109748000    174 a25ad8398fbbe5cd5b5ca9f24f1ddbfa21ac4ae4
1481819790.110280000    131 27bb9b071fd6e649ee7abf36be62d14c04c467bf
1481819790.110825000    147 f6bb74a7d23e82493ad6ea5792a58e8a07424a7a
1481819790.111305000    214 591cc5f7f26ea73a035c7dff0d34f779a5737dd3
1481819790.112088000    525 1abc6486140c3e6251b9953b6accb45f47bb172b
1481819790.112670000    512 02158a24f16848b3514999292ca50d3fd43e6ace
1481819790.113146000     71 f81e92abe044a4623930d875167ab0a1e1ae3dc9
1481819790.113556000    423 d7bbd5c73be3172d98b6a9df3bfa3ce42db6d35d
1481819790.113754000     71 6acf7a2ff2e758137e6bcdfebc30365f959d4b06
1481819790.114327000    167 5d5371d688cdaaa610772286fa3c6a474efbbab3
1481819790.115348000    523 d566d8bfef6a2e809bd32b03d9458f930a8be0bd
1481819790.116130000    512 7fbfa8299a532c4f027d713b86c4447f691f0038
1481819790.117393000     71 65b3043ac49ef261a18aa8bad67ffb0ed2ec4da2
1481819790.117822000    423 bda892b2667727b051db8595d449ebe201f1ec9b
1481819790.117916000     71 e2680e669ecad1881bf4e9c8f7894475be82dc21
1481819790.118297000    167 21c55847d2ef15c82ecd21878879fd190beaa8be
1481819790.226488000     83 3f8a0408a5ef43df64215c39ee250447e7e7632b
1481819790.227335000     69 044e88e1d00bda0f56a37a75276059c58d03d577
1481819790.232239000     67 6761a73548b381d9cedab0704f42b5998735fd9e
1481819790.232686000     69 6e3295e65305ead3c4d4d6916988c09e8c072fa5
1481819790.288149000    697 7e721ce81f5a6adabf3fe877b898da7fee047243
1481819790.289232000    125 7ac96f9467f373b4c4d0a958f3df2d19fc4c4bea
1481819790.292584000    707 57008e98905496b66d075447f8082fdc08f36ed6
1481819790.293250000    125 355fd32dd3e5365374ea90ca95febc8809314b2c
1481819790.294654000    698 97c35f0d27ddd653dbd18cf59d2acda290f74d7e
1481819790.295249000    125 90a56634cd161475d0240ac17f7587df5a8b0ee0
1481819790.637496000    701 1b6497f62ef1ebc1f8227c94c25d18be1c6bd06a
1481819790.638539000    125 8ec532a14c33a125db7ca7a60fc5a21f4202f2e9
1481819790.641150000    702 149848a5451a174b57f84d52c73e04036247ff3f
1481819790.642106000    125 d22c73ff08da282e56a6311bdc86233689376d80
1481819790.644148000    703 d13ba63e7f3410fa05fe83a3dbefe0519162a619
1481819790.644943000    125 d835c6f9d0090109452a33f8f36f71b3b5950314
1481819790.646192000    705 43ca2a56eaecfe8f80b83e212d1869f4c22bf8f7
1481819790.647123000    125 bfdb3c0da887853749c91308975f3fe964d265e1
1481819790.651885000    701 e9e526ed8d0e31483a9e9ff792cb33deb5ca4444
1481819790.653185000    125 23f154aa5ac64122e25410279a67bb101934c046
1481819790.656878000    700 e8367d3bfa10ca47f510b3767bc89e5247ab23f0
1481819790.658085000    125 f553ff95f8a8b7539f3be092732002f033dfed55
1481819790.678531000    707 c6f0867f3450930164d632082ec832cccbfa19ba
1481819790.679593000    125 964763957b1151a47fb9d54603d7cf3c9bc32e3a
1481819790.791626000    715 1510dd55d0ba9738809793fdc51da19c5de02e35
1481819790.792708000    125 01f2181b3ecb2327fb873a13ac8c3acf058e432b
1481819790.797082000    702 f34d376b9d1a169fe0463a4714cebbb5c74d975a
1481819790.797710000    125 757f0182b3d0ead15d18e689555f7f38dd407b4c
1481819790.802623000    702 7fb89e7a5111671034d672ae9c67cbba22419330
1481819790.804098000    125 81791b2797643bc4e08d3fccb0814c11c4fc5bf1
1481819790.810647000    708 da1d4d44d1667babbe8f0825e0d5434d6f84cbf8
1481819790.811742000    125 38297c861507f270a76467a5c38581d6be4936c0
1481819790.817768000    702 3129116483b90b7cbda10d26e7e4f0f09f66d2e1
1481819790.818588000     76 c7fe0da807f7ca59ce0f6100b3cf4b2cf4a05f03
1481819790.818683000     65 d4f1fb1ef16e019589aa2c1e9f39006a7291573f
1481819790.819008000    210 f55648be714cd6446908e8a3f4f73e59e4d36a3a
1481819790.823451000    700 9846597c247b7d79f993da5135b4a91299526d0b
1481819790.824172000    125 15e3ca2dde5650df1505e0d52fba65c8f1f65030
1481819790.825019000    706 2878e5df95a457819b3a99a1864cacc5c1ce7628
1481819790.825532000    125 cc8d856063ddcc7f82ba51bd070da442a2653823
1481819790.829554000    706 e4227c5f1fccf7e548b3206da18e480d972b5157
1481819790.830222000    125 a027a7dd2ddeb36f1b29d8b57481cac4d2cc668e
1481819790.835450000     75 bb0e530e0fb85ab43afea1a4290945c6e4019219
1481819790.836090000     69 25b54fb5c4b4bad8f90676ac3e685be1288d61cf
1481819801.813196000     67 616e712fc6de5e54e997ff194d0dba5169146390
1481819801.813804000     69 a3b2c54bb96dc11a51383b04f0968ebc8d488858
1481819801.863678000     67 8bcb36d8fce65c68d59e19f9acb7cc0d4e3640a8
1481819801.864242000     69 a25ba22ff24fa1572041c597da39c04ec2aab7ca
1481819801.892085000     67 368d0389a9ad155887235108754caebf9058ddc7
1481819801.893866000     69 1343d9fb262ecad71235578d515a6daf5ffd6260
1481819801.944663000     67 1f97dba312c4c0b27bf9f43d4cbbe1ea41d03ba6
1481819801.945310000     69 2b104d9eeaa2e07f840a495476129d43397ec638
1481819802.018324000     67 2835464a98fe8244b851e770d3e5a558d6859cc4
1481819802.019020000     69 293b274ec7d9f1ff3e7aa2652a0a0ed5ce2016e2
1481819802.061521000    160 accf101e5b401e1e13fdf71c62fbe87b278b78db
1481819802.095425000    113 89b5a41ea15e26edf5f7b3454ce647fadee66b90
1481819802.097075000     75 963d196f7a5d093b2744a1319dac373707f99ba7
1481819802.097896000     69 b6d8b6cec67be19a6a4320427d93951d5ea1e0ca
1481819808.029774000     67 c8a29db4807bce0eb81e99489d994e42b29fd1c7
1481819808.030200000     69 f44a78355ea4b2c761fc0281a21378f2e888c053
1481819808.060603000     67 783b32a008ea7a19f353db4fcc1ad3d07229d94c
1481819808.061218000     69 f58fd968bc1809cb01d4039cebbf5e160bef4dec
1481819808.096353000     67 d179cd91826c82ca82d47df77425348a2f5d83cf
1481819808.096919000     69 c02e999b2ce139f5b41b6639c4127417e2f460ce
1481819808.141743000     67 7a5e9b0d529cd9986a29311f83e3a04c904ccd08
1481819808.142609000     69 892321f0055f2d517b3ca40a66fe1797c281f621
1481819808.193960000     67 02dea2272086e9fc565dd6e49d1234e01088042b
1481819808.194525000     69 9f0ce0bcd48d00b9f8d24260a577a4b0ef9c75f5
1481819808.221811000    137 add5ee07df091c94d281a48f505f95b25c8b8dd6
1481819808.230699000    113 675848f61d79d1304b21b06999e9a986c2efe8e6
1481819808.232151000     75 dd8bfcab725294714b16eafd8d3156070545f055
1481819808.232949000     69 49fd486d5a1c2ecec035025db22425f652003ce9
1481819813.990109000     67 9663847e9deecbc5ef2c82a2f81537ba6afd9a8f
1481819813.990801000     69 8c65c8587a789da5ac5b73c3d030ff843f5c4a1d
1481819814.049493000     67 0c0a114aecb3c8d74b4f31e57371af47e775586a
1481819814.050115000     69 480c7adf38f799dc233b256f49b8ad890ea02480
1481819814.146727000     67 ab3d1d7a80cddd55285ab276e7bdde6e3cbb5828
1481819814.147469000     69 a2b8865917c6c0914d654997eebb246d2360c847
1481819814.498780000    156 0aac38ea3d53284474b17bbbe2c936655b0f51c7
1481819814.499826000   1390 49a30edb0994ae004881ff046d87524967a65521
1481819818.277315000    150 df6554b6694961bb50f0b120326eb4f4cdbd5d5f
1481819818.277849000    228 8bdd3f9e3b4b30b0b5e61a3bf77eb2cdc2778055
1481819818.279145000    194 930e69f7afcdc35c8258581e328dbbd68a749f04
1481819818.279730000    250 52cfbffa015701c5765a70df2a5505ac51fffb03
1481819818.281597000     87 f3b11da82af8047e017e2ff29fec6ea08a00cd81
1481819818.282814000     68 596e4cd14933be739830342ff31182ea490435a1
1481819818.282889000     64 8a9537afd270244a40d3e7e8debf0d0a88587774
1481819826.998469000    274 d2ef055f0be06c9a937aaa81b3cd026dcd66289b
1481819827.013642000     62 be3ad351f39548e6ea5caffb29bd7a75d4c44ff3
1481819827.013857000    274 b271e7dbb9a091cc3dbd14024f970862453dbec8
1481819827.014267000     86 b04e0fc7efaff65098872755969fa7a43861c0ea
1481819827.014346000    213 bb7f2c3d9ac4cb23b2415f1f78966cbb0395457b
1481819827.014617000    181 c7831a32c8bbc8549f0686505974a37238c7e521
1481819827.014701000     87 636ac3b95e0359d8c8f0b84f5cabbb2c8f0025ec
1481819827.015042000    234 c2157af7417c0319471be0796bcfec70eaf61210
1481819827.015687000   2100 879a57ae28ebbd8b81b354c571bde46e30c19582
1481819827.015765000    358 e1641aecf4963bc2e294869e0a0cd6346d27245b
1481819827.056793000   1514 d87a259743ec14b2a2b87905539e2f3786cf5fdc
1481819827.056794000    605 3ce569d502857bad93837f71f311e0b1cb2c6e39
1481819827.056794000    134 5ab52803e9856fad0e57c88b1ea293fe460281b0
1481819827.057567000    221 b9bc6b230c64eb8ec738151d002259c418ee3a9a
1481819827.058816000    201 b3717edcca2722d2687e24c6089ca722d69e2801
1481819827.094419000   1009 ba9a9f9ae979bc3a910126becf612eaa8ebc8a97
1481819827.096904000   1380 248a88e3c3fb7f2c2898bda8e9179391ae777698
1481819827.097921000     73 81b2e9d1d70609d8afade6c994377421382f91da
1481819827.098397000    205 e8378f3e0a2d2867e4349c1c114c3486aff53b2c
1481819827.100386000     67 9fb9c8480df2dfea5fd43a483d0aca96823c939e
1481819827.100870000     69 c58919c2d25532a5999b9322dd61b5fbf40ccb73
1481819827.111901000    172 497743bfb33f2ed0bbec5adfd7570907d098bc93
1481819827.114950000    592 1186a2a9ed0f2c517c63f9005e73e5b229e355e5
1481819827.118380000    335 a08e6bc1a900e6d38e697fad6c2849904e375958
1481819827.122472000     76 5c81a0b9decf24cdfd8d52d20a3d358de84c7e97
1481819827.122638000     65 38c24357acc17b72475be3101d826fcae67d9de8
1481819827.123138000    141 e3ed37d19ca727560e97c9c56a83874de06c0a49
1481819827.124203000    222 2cc693c2e660208b873b1c3dfbaa3b9a2a351149
1481819827.126868000    223 2dc0bba31f36a4635a4e2ecf174f8af1d6db6f7c
1481819827.131866000    347 d68ce61abe1ab3fbd4c05045ea0c5a3bdafeede3
1481819827.188732000    224 dc82e88ec7d78d200da44bdc4dc0f0da0d903186
1481819827.192298000    720 37fecfd7120a7a9c99f256fd0bebeedf2e0d8346
1481819827.234648000     76 bc6dbe8f626fcc74a517539d02e9247cfc62f904
1481819827.234811000     65 5b1218d684b6de08c9549657c82e959432d30f60
1481819827.235267000    220 af22b9a030a545ec9039019f0a7276922cc6a4d4
1481819827.239650000    239 03643e408092eb08275807b694965693af57f8a1
1481819827.241857000    236 2d3ead2e3a75553df73ebceff9aa2a9ca9cb61a8
1481819827.247415000    260 e6c62fb7cb98157b86ae80acb32d171bb7612de6
1481819827.251519000    320 02ad8bdf0914f74de35b4259ce0ddeb70ea2af0e
1481819827.253920000    202 db90a0f7eae827b27a860ae28f75cc2816d53788
1481819827.255242000    221 22dcd160a338221c7ce2b2b6ec1972f5b3ac2641
1481819827.256277000    409 0f342f59596d4323037570ac956ccd2837482178
1481819827.268854000    223 687cf8d028c8f9428412f8c0fcb0426a852ebd38
1481819827.276216000    157 b6f45f0b6de6e4d4eeab4380bac6a9ec0c9f6963
1481819827.277232000    241 b4323ed1da5be48f079ef5380f5c9c11750eda31
1481819827.278129000    171 cc115f8b4d801b55b95bedd6546ab9c55b6b360f
1481819827.278754000    113 4bf3c7cecb159b4da8c7799e51f807b14b77fc86
1481819827.279370000    158 c6ea9f6c219811599d3b3df73ba776a60e67e6a8
1481819827.279996000    113 9db9e334ef2f7e580d34a846a0a25b71627b1798
1481819827.280579000    214 7c232eeceeec371576c65aaaca4853f30d91053e
1481819827.281348000    235 0a4cb82120c1d8c3d240055e2a1f838455d1dcc3
1481819827.284159000    523 c5135c7b111b30dac1b79b93387c3e1df73555ea
1481819827.286402000    514 998be44d61a54b84ba2fd86a6430555be7c7897c
1481819827.287332000     71 a00abde7893b474eacd3654385861e83a0faeae2
1481819827.287853000    423 87f0285618b50282ee933dcd65be201959bf05d4
1481819827.287966000     71 1660693c78f5ac9cc808617b8ec662162fbfe911
1481819827.288401000    167 1110e694b5d3da2964d18d29941b3285bde634b5
1481819827.289118000    174 13fd2f2b92f62f8c8cf360d0a6b16880a93179da
1481819827.289626000    131 2c844140e6eac13bd691f0086624677ef4aca02f
1481819827.289777000    147 e87632aa0bbf85d6a688800b275a66888b9aeb12
1481819827.290294000    215 becbc776f3fc99c8eddba3bd3a1c690ff4afcecb
1481819827.290903000    525 e0ca9030ac4ff57f56be9a4742de474729ae83c9
1481819827.291464000    512 e5b3630c8b00843ee07dc341466f0d22149d80b7
1481819827.291832000     71 54791b50f9b46b0b7ca627fe0e3bfa699c8ddf12
1481819827.292347000    423 8bf337d9e097e974df0e692df58d5de419293b67
1481819827.292423000     71 bf6f8593c68ef593169dce3a4fa136907b74811e
1481819827.292812000    167 b512f861fed8bae3351de424c62b45c1b4317348
1481819827.293285000    523 3514816ce56fd7186fa735768eb26375762ca078
1481819827.293650000    512 28ba1f2b76162c677787a1e65595fc33f22c324f
1481819827.294342000     71 9ab4b8cffb426e8706b2c722435d8142d96aac52
1481819827.294755000    423 01ab9c73d541891d50c649bf83e7118d0954dbf1
1481819827.294837000     71 1e0fe9ff3d175a0446b0b3981f8173d9755e8722
1481819827.295165000    167 6deba5b93e1c86cb0be4d470bc6db85325f51f0b
1481819827.296289000     83 96a92a305a5c41fe1fdba6d7f932906a67015c1d
1481819827.296793000     69 b383362c7c5c593eddf4e9a5b935e7fcb7d5d683
1481819827.298086000    697 021629d22bd46a4e55209c34b201c84d5e13df66
1481819827.350420000    125 89dbe852f3587237536b00644b95e444a2af4910
1481819827.427002000    707 40609805dd54cc2b64c4d47b6a7a256ad3e0c116
1481819827.428482000    125 4bdaa0b38e29589f2f97312036b2e6d7f3ba3cea
1481819827.430815000    698 a07a92fd905cfa3d3b9db637ac5b0b47280cc947
1481819827.431471000    125 80bf1b32c1cd3295eaedc0a1427dbd60849c428b
1481819827.432424000    701 22d255dbe31e31fb48041566e3270dffa5c08f00
1481819827.433406000    125 a599fb8c4f1d585b4c0f55d201124e82e6b04029
1481819827.434152000    160 ea49db9e134f428e87096416214d44ada4467c44
1481819827.453309000    214 23cd2c0382bf67070029c17237f27d2e55ccb71b
1481819827.455202000    231 5340f811db110bc97026f8c59e38eeee3715354b
1481819827.456641000    717 d7e758d2fdd7733fbe6ca972c8a6fb27fee90ee0
1481819827.459553000     83 d292823f759f2801ef0150d7a932ce39c148940f
1481819827.460276000     69 069aff1405ed8db332a44042f7f17ff28a6a702b
1481819827.460964000    694 93caf51b292a4fac784cfb6a92f81f75bbab4128
1481819827.461922000    125 5ae770004b055dffcf5faaa8c9ff5d34e9954bb2
1481819827.464691000    703 ced09c7393b057bb03468fc09c95fa9ea8103178
1481819827.465720000    125 15d04e77f00be1b33a8d4838fddae53d22f1b29b
1481819827.466430000    705 bbd629bcb1e83ad449c3dda9cd50c97b70b4403a
1481819827.467832000    125 7d52c8d8eaa55fcfd7ecbef7a53d63ad33bb32ad
1481819827.468682000    701 d0aa6f0dbfbadfbf9da9ae0df065eeec81449f29
1481819827.470236000    125 0626b95423f3573dce165dfd691f493c69cd0ea1
1481819827.472868000    700 78c9c12a76973887752734211a395ce3eeb1b51f
1481819827.474414000    125 e16ffc322198a465afadc9ca4a1783a7c4d65cbd
1481819827.475840000    707 22c8779967b8a31e529ece26bfc4def291fe2466
1481819827.478007000    125 9ef186f7ba65564284933d9a003533eb93c061d5
1481819827.479128000    715 7bd0a0bbc6916ceea5681d608a0d9f92a1e41c1d
1481819827.480500000    125 059079138fd233945f3132e3af3c30b315431a27
1481819827.483794000    702 f175e41c2744de7ed14246856af1caf26fd693d1
1481819827.485244000    125 23cba4f767370871e0729a853a2febff758b6104
1481819827.487238000    702 4c82e6212c581ceed812d9e694253dbe260beb61
1481819827.488260000    125 220cbe247f1054f846b9768b61dbc1cf3a360b6d
1481819827.489628000    708 ad06396394652990fee57d25b2942436867ea898
1481819827.490782000    125 6a69528fc84ea635ae2dea4158205dca99532a8a
1481819827.491643000    702 880e5780a8d864b82bfb5142ebd8414e64385cf0
1481819827.492245000     76 8afe2e65eb38235258c4ceed9cc7bdc0f31701b9
1481819827.492324000     65 aae83863ba3fe40768a2091854e5fe645d259f98
1481819827.492661000    210 c99b5fc0a1b54a1a0a0bc2b17fb5540d103e20a4
1481819827.494126000    700 6a81f34a6eef79e5906966cea8139ae2f1abab4a
1481819827.495504000    125 762e5f9f0d059c0e5ca707c170d06d3964aff910
1481819827.500128000    706 f6ec2a3445c5549ffc3bd200addedeb53d0fa2fa
1481819827.502012000    125 27a0742df453759c5877293bc48a82ebf220e3d5
1481819827.505630000    706 a196e438ccc839d1c84a90a83e12b3a49f22d5ab
1481819827.540101000    125 5c09d15aec31b79f76be58748cff9caec931502f
1481819827.664592000     75 0c6f660554659af57c11794a7abbceb63b639940
1481819827.665205000     69 c502a2db40eba45f0464da52dc32da73f64dae0c
1481819842.668455000     67 5fad92306305706e672e25906216d59bdaa00b5c
1481819842.669052000     69 77e3e65b28900672cbdee24683cde512b6d310d6
1481819842.718862000     67 901122c2403e66e1fa44c0a68c92185bcf5b778d
1481819842.719551000     69 259a34b062a8d5f428e1ab387f2b3b70f409203a
1481819842.745093000     67 ff8a2381093203ec34adaa26c7496690bc572709
1481819842.745739000     69 f15fe8f24a7a2b982287c819b0e974f043d775b3
1481819842.797899000     67 27c19b5282d662d59f49196be16a1c9e55e3915d
1481819842.798568000     69 8e70232f1a898e57ceff4175fc47d597e5bb7061
1481819842.841762000     67 6924b9c5b54650686d23eee7818b467d3d1b671c
1481819842.842464000     69 98dd041416eaba595e51d9204bb9ed0a2b46cf50
1481819842.889720000    151 618cf48c62aee361c1f51e9633c1c0673d0390db
1481819842.920918000    113 7d750245097215856c3a76268ac95783fd87e8d0
1481819842.922550000     75 f3678c388edb39cba2fed40dc0add95c2a6af1b9
1481819842.923213000     69 f6f33392401160306ab06eb51dde4f38925920b4
1481819846.621063000     67 b3f520438a0d7407bc75c8e280972a8af17c8903
1481819846.621651000     69 2938633e1b1283c701b16b829016ae1b51e72cc1
1481819846.660676000     67 0d039d82b9e2105ba9bd4f3c2a5ca534e9eaf48c
1481819846.661335000     69 a09a5d7b3a35e03cc4c5338ae735353696c57bb1
1481819846.696802000     67 975e5b860aeeb68b0d7230f354680220cb3201ee
1481819846.697352000     69 7635f0b4b5f9d3031f1b02060be61ebc687dba7f
1481819846.707774000     67 e20babaa93666d58dcd368985be25bf9dfa544b6
1481819846.708712000     69 4ebb62fd6465e50df525a11db3b5a0ed374c15f6
1481819846.774338000     67 e1a4b842f5531776cd1b7fe603b793bb3407a9d5
1481819846.775037000     69 cf9b6b31c56e2725bf5c81542680e72bd4e80a0e
1481819846.796218000    146 e71233a1d60cdab6cccec3d7669302d6f9f1d82b
1481819846.817639000    113 e3aae183d9076e5111cb11936234de624d1a619b
1481819846.820437000     75 38015b534308d102c08b75919a4ec7b4e8ced112
1481819846.821117000     69 c60a97bcf169d5fb4588e0e8039606745c418609
1481819849.989475000     67 d34b1c581a301bfd3ac3e9a2e40aeb2be3b0137a
1481819849.989930000     69 fdb7e7e636ea4276217f4fcb5f9b14d29c6acdc3
1481819850.039653000     67 1b1ce298203a6ace1f7072d1c7a5e0d1c8b09143
1481819850.040091000     69 c4137004e8a4ae3f088513460e6121461e63df19
1481819850.096011000     67 2ba68d5cf90b9bd8f7db1989d94a470e0a14d76f
1481819850.096566000     69 83d031b280bf8f6812991a78cd6865d018a2fbde
1481819850.465394000    150 e9fd785092308bac9a48d9a3d39c06b855b5be99
1481819850.467023000    864 8bcd7071c1441de0d42f76464a50da681776fe9e
1481819856.530021000    158 966fa84e5e2d6e30d8c9b1c3fc2494d73e80b8f5
1481819856.530776000    229 dd9ee560f39f70969223bee1b67dcd200908aa34
1481819856.532505000    194 9d2921ab466e3f75daf9b306f9c5ad7db87f3343
1481819856.534127000    251 f9e7287f9529449fb5c60b1a4272a2d0c535b3a3
1481819856.534648000     85 aa715d31bc05a401bbc64f21786a30722922251f
1481819856.535331000     68 7f92dd2505a5a61424df5f168f563cf75bc686ce
1481819856.535374000     64 5876f5a426af82454e36b054de509c4220f61013
