1481820795.991913000    275 8d458d79d83ff61dfea85fdddb28d6d78bc6abd5
1481820796.002175000     62 73fca1feb45516ec8df519f78dc0c471ca2bec5c
1481820796.002573000    275 ff9cdea96de84f32521b9be9cb326f75b2ed90a3
1481820796.003025000     86 ae250a6089772492f005231ae3228bbfdbb04dd4
1481820796.003208000    213 aaffab695a89ff6d0a3330a33a25a484fe698884
1481820796.003568000    181 28c5cdd97b5f37dd005a22ebaa080d8f1af20d6a
1481820796.003692000     87 5ee6e6e8c804bb5fb0ab501d170f727716d62ea3
1481820796.004128000    292 9a07167c2f8f23679f6d3306cdf84a87f66d0220
1481820796.004398000   2394 59a46418a8dde4a0d05ed5deeae34e0219b402e7
1481820796.044782000   1514 e77cc05b98df350ee7148e9b2c4152d343a7f046
1481820796.044782000    943 894317c75a942ec209da53d6f86558b0829db7e2
1481820796.045701000    215 9dc4649e9aa6bd3fbcd57821d8a357ccd7205119
1481820796.047388000    320 8716e8ebc4688f10a7a91783b582c14b7e937ec8
1481820796.048021000   1036 320e903aea6dbb174bba7e21febb49ed40bf1886
1481820796.050348000   1445 823726c366e516d95877918ada2f0b3ae06adf64
1481820796.050690000     73 85ecc982632d3f18e30666c07a9ee7763e105272
1481820796.051229000    231 8b53a7262c928c6459d0790cf656415f98ec00c9
1481820796.054098000    177 d10898fafedb8bfa7d90d4bab38d67059faebc34
1481820796.055271000    601 3c5765a182665e580273f8e1b634e9e05ed1afdb
1481820796.060504000    340 e28f4b1d302e6bb89af0d2655c31c6ca31b51dfc
1481820796.061604000     65 2ffecee682cc7e77b100912ee2e3dbd11641e3d0
1481820796.061740000     65 b37f7c74462bc544b45ca154c22dd695568bc70a
1481820796.061780000     65 cfce8f741b7a630c8a32843d3227733e04d1f69f
1481820796.062090000    141 953bde6ecfc8e757f7ee13f941b199201337221d
1481820796.063178000    227 85c86e3be401c82dc92214099170a42fbed611de
1481820796.065500000    224 0c21abdb7044d8846170a03f7487bbdfcf0cc443
1481820796.066554000    352 c07e2832e82303310ca948b0221dfc727bf41c27
1481820796.067364000    224 36c0dfc3954f2404b56a77817de53c2c4d2b4f34
1481820796.068568000    726 91bbad718ba69283cd56f7aee2ab215f7509acbc
1481820796.069951000     65 44c061a8899f0f208338b4e3e3d71778225dbac0
1481820796.070014000     65 95ded52f316d1d1b366a443c8edd1e7f3dd9188c
1481820796.070134000     65 c7d0e1184c7b06ff331428d62dced77fe2d7bc01
1481820796.070501000    220 38f4d46e8121cccd19bc9b513017500a6d2f68f2
1481820796.071267000    244 6d1cad940185b4e6b6c49c24f74fd2bbabc4299a
1481820796.072116000    235 bc145ca12cdcdfdb4d5756cbf51438f5d7013a30
1481820796.072935000    265 57f8ebafceb9976cf88bf4b6f4963a35cf80dc46
1481820796.076325000    327 58a300a1aa01175e5740f0b263d17b7bc2b49717
1481820796.085428000    207 7ffb1d2df72a0b9f34fa71cff3949de67797a4f7
1481820796.086212000    222 5eca82bc39e2944b2f9d0beea79aa120a2bf6157
1481820796.087252000    414 53e7a3002fb9c576775bf0be1e97bf09fdfe8d26
1481820796.088030000    223 9ec7c9cfa73baee15e8394d03da1fc40919e9ba1
1481820796.088882000    162 3451695fb0123c31019501d110e92a242abe5972
1481820796.089430000    236 093c0f55a4175490ba5a570ffd0a8e4802029bcb
1481820796.090928000    188 bad40b4284823de8ca7489275f1c9508c0b75f6a
1481820796.092049000    113 85d049a65975d67673daf87e6808e45b7790d58e
1481820796.093049000    184 ee8edc89f1a5d5a66a56af54ce890bb755edbe93
1481820796.093559000    276 2405094b6f02f1c79748ec84e7fa070c45cc806a
1481820796.094371000    186 02b9bcf37b0cd235e3b2230d146a3b69abc1fb43
1481820796.094837000    262 babd84f2a7774d867e5c83df409a7b36f694da75
1481820796.095572000    176 0968c7d59b4c1e066a5312838a3c1289e3467317
1481820796.095980000    113 d160e6878e5ea3ead72d91ae4bb41a52c8052cf9
1481820796.096675000    220 69953782f13bb46b890add3f7b24aef38bab8d09
1481820796.098083000    236 652bdcc87b5f9ab590d45c175c62defd656c7ce1
1481820796.098922000    177 e40147e3491c31e2224b6c83c8f377470e5da05d
1481820796.099412000    253 c44d2d853c40790add412add2d445ce76bf6615a
1481820796.100472000    528 66bf0e2f8585decd4862aa374516ff4d6a0e4f18
1481820796.100904000    513 3e08448f9096f78255adf6791926c65cff24b77c
1481820796.101244000     71 38e788b13696506521497e95dd42a571b00a87d6
1481820796.101553000    423 e189a3610ecb83294ca88a2ee8d0df4cc89a1250
1481820796.101633000     71 02ea90c4fb8cd59dd4e2007adb6b9c969642dce2
1481820796.101939000    163 f935aba70c83fd795b2adc79fb3ec204508f8375
1481820796.104528000    179 239ac3b716307406f21d21b4cd2ac5c97d017f30
1481820796.104926000    131 d5479b038f4ee36b385923e30363ca13cb5c9829
1481820796.109419000    152 a609ce7afe9cdce15eba3cf4cdc129d84a892e80
1481820796.110365000    217 f2e0300824bc59e23fcae8e9cbf4974d7c7f8f16
1481820796.111479000    530 d0793bd8f3c95003264cf93640ec7cff1e47a7b8
1481820796.112001000    513 c397ee7670f6a47439e9e54619813c108c1bf5b3
1481820796.112346000     71 834f19836c54e6b7059b881c5a1405b4ce405aa9
1481820796.112782000    423 0bb516d04e5b633c2a6e9ea9b788af9ddfbe0b41
1481820796.113468000     71 4ef03564c92c9e1d0dee0ceb6558eec28a5ecce4
1481820796.113947000    163 5fad42da649208a74c1f481a9d0bf09a70e0b708
1481820796.114722000    528 a5d173c3af01aaab3493f076a00d159ba7cb4364
1481820796.115380000    513 1136055417d63edc08c63fc6a9404627f3b795a7
1481820796.120981000     71 09c2986da6688fa22f34393c856ce57f583708ae
1481820796.121538000    423 cff3fe87181f98aa6e1f4a9ab43fd80a111b271b
1481820796.121678000     71 070318ba2c5983f0d162166c872ea3a53b1b4d41
1481820796.122066000    163 41423e753d26337c5526b83131f4a4dcf67e9fba
1481820796.122767000     83 9858dcb2af7d3a79773272e03581a771cc782ad9
1481820796.123061000     69 97c8c60ef7797533c57e4d1871d4b0ef7f3d88c1
1481820796.212793000    703 b93c2b60b6aca507562bd4ff5c6e87bc589d0347
1481820796.213643000    125 398d2ed8f8736616520f55d827c722e9e662817d
1481820796.256809000    713 e05789c4679baeace681f41d0c9b8d2628c66c40
1481820796.257843000    125 a7e9f1603c86f6173627073a60136d4e25f3f0e4
1481820796.271184000    704 3749bb2dbaaca3292c772f7fc9e9fa2f3c075b34
1481820796.271802000    125 caa509b2d9bea2e9b246c4186bf3c68d373e1439
1481820796.292676000    707 fde6d5c7137b05337e24c93456312134e85c4ae6
1481820796.293281000    125 b0d994c25a694cde69a187713a358a77362efbc6
1481820796.318640000    705 42deb76a0a482e34a6fb7e1944dd3771c7904ed4
1481820796.326568000    125 c759e6da12686369e4b24bf99c9307cc95e5437a
1481820796.434765000    708 f1f7169a9b2d5d867c519655fb9970588d0d2cb6
1481820796.435496000    125 01a310d676e6718b84c441d8b2cb4395b0b943d3
1481820796.436486000    709 9aebd9f8355b9a3eedbd76e2c66e7c30e615ea78
1481820796.437019000    125 b5e64551d11d3f09af910eb8e405eed6b4e6bac6
1481820796.437586000    711 0cd12647dd9193bbcf8264d024d1b763c4547b62
1481820796.438491000    125 1f257bcffc2cb8cc370aeed0789a1750eb86dab8
1481820796.439123000    707 d220183c85dfaf010b0411413161cf747c188577
1481820796.439504000    125 677e96c8297f776022b824abb297b63300e63214
1481820796.440269000    706 e000d607de1af009e2dafa610e211185691a65d8
1481820796.441001000    125 f95abca8a146d78ffbfe36c94ec7954dd86a3acf
1481820796.441573000    713 86a2136b3357f947389eb0e0e1c115a57d673bff
1481820796.441998000    125 480bfab567ef3d8f5c62c1aac7c6fb6da79262c1
1481820796.442753000    721 30ee745f40d652340a7f2538b1bf924f89bc83aa
1481820796.443519000    125 f0f6a025cc0ce06813413a874ab4d97d267f1325
1481820796.452721000    708 f3c66c060af9fd29fc9d3d5cc578de599930a840
1481820796.453564000    125 cd63b1b1fe7b8af8bb3d7a7131c9d5e4410ffc69
1481820796.455330000    708 375503058d171229fdf9f646ec737b952968c42a
1481820796.456045000    125 e43ed0f159ebae0c2c340ce781ede174bc916669
1481820796.457426000    714 6ca6a41f5d2a1f4904b9e46e45e2ca075d902c1b
1481820796.457944000    125 b2059918a4bda62c1cc803a19a9e52e36c3755f9
1481820796.458761000    708 8d64d0f24c82fd084dc82068f5f3acdba518b2a2
1481820796.459527000    125 5dbbd5b4286fa1dc96aa7ed58b2a3ff0e698beb3
1481820796.460149000    706 0b9cf0e662cd91237984c09e74e7f3874f58692b
1481820796.460531000    125 993e424adf7e27b19e596a857766ed42bf6639d1
1481820796.461095000    712 5eaeacba2de67c475bc973a840afcd34c7c6a744
1481820796.461529000    125 9c3e3576b9899570e71478a2c36744ab11754183
1481820796.463220000    708 2e36a23cf98fce175d4b52516204983741c65fa4
1481820796.463654000    125 7bc62b817434a380d411de3be91987bfc2240bac
1481820796.523003000    712 e5fd3ac0d085b34208b81d50e9fae9db3ea45739
1481820796.523802000    125 2baea9f46bebdba296595bdccdbaea1d5ce98aed
1481820796.652793000     67 d74b5ec35c40531bcb11286118936323120c64c3
1481820796.653284000     69 ead6b4ce03c955a6ec104975f10b1f2718b72bf5
1481820796.825231000     75 fbdfffedf7d3c83e772f34a103858b0d3f29101d
1481820796.825947000     69 371e74d7de06b4f50e133675489bc6215fd9b9b2
1481820806.273639000     67 16b95f626355c7c75ff95f7c9a629849ca2f3fae
1481820806.274062000     69 f9ab8c535e016307f567fc94ffddc64fe7be9ba9
1481820806.318075000     67 b8b9659d6c9ea786572cef5cbcb80396bf21b788
1481820806.318520000     69 235a6ddf91ca5dd2ea1a0f14f0f68fdd39979f76
1481820806.349089000     67 87cf90348e25ef8132d0f7335ba9615b38a39f9a
1481820806.349626000     69 a8009c93f2b24f257c3655ee71fb43e6757979cd
1481820806.381001000     67 cf6bfc2bed9bae6bdad83f585392130daa0d71ba
1481820806.381503000     69 ddc6d3c61ecdeaf36a99c9562741ade3c814284c
1481820806.452552000     67 015efdab3a30a2b87995cacb5f6b8354bbc4176c
1481820806.453000000     69 68673cecee6fd1444735c1175ed7766ad6cd5a74
1481820806.481909000    165 d0c8a7347fc41e872767b214511be75983b34820
1481820806.830023000    113 f8b71f211b3d0847f6bbacc94fec4c3a82c2c0ad
1481820806.831566000     75 3a4fcc0762072a1f1e57932cf34a58ec8b573ea8
1481820806.832142000     69 44214740f6ede6dfa97fae1c26bdc6d459d731f1
1481820809.950661000     67 db6e3f9a300196c9968ed54abbce59a79407de75
1481820809.951566000     69 70efdc6f45188fad07e04a2fb1af4aa138d964c2
1481820809.997362000     67 3e8fbd3ad09cd686b4e15c6c550d24d66927e9ec
1481820809.997870000     69 ef1947fbf6a49d4a82c09360177e5222df0416c0
1481820810.032676000     67 c859138d48dab19c08e9bf4659322114decc9e37
1481820810.033421000     69 1905a3c01369c0e80333017bf9bb053a258f073e
1481820810.041091000     67 dddda27810e7c09781f12db40b1067186c904fec
1481820810.041568000     69 45e6dde5e14114b2faab6bc3600816e849126975
1481820810.070366000     67 e502664d9ff4112da609da5dec9fde7661113ce6
1481820810.071086000     69 12b2aa673ac2e35a874b51302870fe7af89d6bea
1481820810.210544000    142 9dea066a4816b3c1a66e48601ee99844f23c2660
1481820810.218626000    113 4d3ba1a776ee7251654de70243560778cb6d7a98
1481820810.579123000     75 5cf0a0f64572b1f4265577c9f4f7764e14321a7b
1481820810.579960000     69 5c7e2dc0c9d263f83ef11aace49be6e78e2ba6cd
1481820813.898735000     67 1f4489184c3465632e25381e3bf22f3133511d13
1481820813.899245000     69 d4c5cf8705c1ec93a9b2d0c898d11781574ab477
1481820813.974048000     67 ae142decba555dc5c3f79516fe04edc1a9b0dfcd
1481820813.974621000     69 837010cf0fcf666aa1409f62627bd4dc1b55fac2
1481820814.024846000     67 126c2b837cb1d71f6c76f9ed6c57446dbdb1c111
1481820814.025501000     69 4946e910a622ad6a5c298ceaf46bcddb9bad840b
1481820814.409790000    161 f65eb92ad8900e19cf26d639116101be623aefcc
1481820814.411307000   1377 d57957e4f41123e8ba451f43db28b0763d1c9843
1481820820.007560000    155 f8f2e8961f999951d82a97bf6352095581f5c523
1481820820.008838000    230 a41fdfdd1a97465a451e5fbed24c95118e1eba8c
1481820820.010734000    199 c2e47d9afcf5f2eab4abe9fc99c8e9de42273a57
1481820820.011358000    252 855ebcfc5c8f57ed6cf42167cf33ffaf45a4ecc4
1481820820.013016000     87 f1a4cd259ff4365aff7883917d3d2e6959dd6790
1481820820.013976000     68 d8f77d5c8f82657dc41e483dcd8b7f2b296583c9
1481820820.014032000     64 7a5b22e7c6fb6d4af938323666150adf53d486fd
1481820830.588101000    275 cbb9826287d8ebbc74e72979090de954ef8c50c1
1481820830.607055000     62 1ba7e1200b59ad653a27093b0227e553cf5d637b
1481820830.616743000    275 12ab8bc0da8c885c81b132fdbf7db2b67d4d74a0
1481820830.617319000     86 f3579b620ccfe2ab4a22648e8ab7bfd2ceb54691
1481820830.617478000    213 dc16c9a3cff753aa41aa851028a60783501f76b1
1481820830.617892000    181 339e3fe8e0d3e1277cf7c3778a908f98e2a35e14
1481820830.618011000     87 33bd087dbdf922cd177735ceed7a850a1783f117
1481820830.618451000    292 3246633e89adc444f8439eb1eecd4541cd497078
1481820830.618691000   2394 b1d7f8da53958e0e9f96edc46c13bc46a942e68b
1481820830.659768000   1514 c62c0fd975ba61ff6cc583e0f96750479a4e0e8c
1481820830.659769000    943 9329aed6d04c0110568e4c391d4685db43bb3886
1481820830.660326000    221 4377977df9549d672d68a51aa3b862e378551b8b
1481820830.747737000    320 b7d340f051ef18012f4a237db9506ab0859e249a
1481820830.748295000   1042 6f88e0afa07d2b306f2be0490022929d49c52495
1481820830.897794000   1470 c7ace56d99e6217c2f1e13b5e5d16f16247ae8e8
1481820830.898092000     73 5d94d557ce2169711650fc4be9206ad1094b48ff
1481820830.898610000    231 a1fcca93a52aa8f38a374121bb25327c35126884
1481820830.901111000     67 3197c18010746d786cd1993a02b225ab1be13188
1481820830.901460000     69 a94c6bc8b2d939cb459a97716fb85486104d32b4
1481820830.911620000    177 db1e60de5c42a7dbf54603f944ea404e869e919b
1481820830.915181000    601 605963fb5a2038ef23d9c6d69094ceb0996e0bc2
1481820830.916186000    340 584410b8d01a7c3a24168759d071dec5ec021a93
1481820830.917059000     65 37eabbccb181d0a1bd33043619bb219da886671d
1481820830.917262000     65 c6745e0c555ce69f9e14f902a3131dc3c9c81364
1481820830.917340000     65 f13d43983865965d25891aa8c2a8e27a827475fd
1481820830.917725000    141 54e337b0594924c614acac74171cdff0676e68cf
1481820830.918550000    227 47fd475c777f3dc8cfb920d870e7c6ad7d843176
1481820830.921958000    224 c4320490db38a8d4366374d68e367b267e34c74e
1481820830.923523000    352 f7872be6e8b6696a79d98adaa00089460c1a473a
1481820830.926864000    224 90efaefb2f2d13db314048547b21324620d77c3c
1481820830.932451000    726 06479eecc31a991d691af58bc564181a929f3ffd
1481820830.951394000     65 765cbab6b4634e9925154534cdfbd58e72496a70
1481820830.951525000     65 61d8589fb6c7b801a9eb47d2b273e1d8c016bd64
1481820830.951762000     65 4c69aa3a5450ca4e710903fa3f72a5f1acdecbbc
1481820830.952104000    220 254121638cb0964c52eb08ab42fbdac5c18e0b26
1481820830.952791000    244 1d4a8776439200ed4e51cba9ff899ca96f16cefd
1481820830.954662000    235 3c41cb38906ea7e3706098af12815ae0e9e6a052
1481820830.957937000    265 dd19b85d2adc63007340ee8d64de3e673d29035d
1481820830.964383000    327 eb77005f455a9abf8f38a5130d1869244e354c07
1481820830.965690000    207 dddf7c49aff7cdf194992d277c9eac0092d727a7
1481820830.967022000    222 9303cd53311259078815cfef5f651b96261d9d8e
1481820830.967786000    414 08b592187ec2ced0c3c9b159ff2dc0734fe56282
1481820830.969599000    223 2f7e67573b69252bd2197cd37bbcfe7ca02eb589
1481820830.970266000    162 ad2ffd28b8e61f0f7b5513d6e7fae15ecf685132
1481820830.971015000    242 7957e10cde3450a307052a6a22b99f1f6f4d7684
1481820830.972559000    188 8089f4c9d0aa2443b355a6d38e709f849107423c
1481820830.973100000    113 bfe74b8434f532855e51fa53a29821aea396871f
1481820830.973741000    184 18b260c9ce35a7e3e0118ea24dcb888a1f9caab9
1481820830.975380000    272 318dc2bad2cc56e52f76ab211e4dfe7eb4c02bde
1481820830.976715000    186 3f7bb0087deb5d9d8448f5ab372b00f63def9964
1481820830.977822000    262 e19d145764b72f82592400a4c0b680619e3173de
1481820830.978443000    176 0c6f63f0fd633a0c0eebbe51d8156a34f301f5e0
1481820830.978827000    113 c71e79061eaf054c5b1ba7ff51f5a20af1705edc
1481820830.979298000    220 53a849910507b7adf0a119e4d35cb1ced9dc0a90
1481820830.982255000    236 09d9376b9972704a3b643ed7cdad976149f3750a
1481820830.983434000    177 d25b13b663c5141a42dc34a260024b0c24574e81
1481820830.984550000    253 e9becaa481ab705bef4bfad6b2eaf82369e018cb
1481820830.987612000    528 8cde519522f68d96abaefc6536d313a76dec0dee
1481820830.989838000    515 70265afe1f477fa4add5587da26a8fcaa5e31470
1481820830.990277000     71 7e7a03e3305f7a556a24e2b2e356ad6e6a5e2a9d
1481820830.990737000    423 184d55c26da702445f70d0e7161eaa76453a3892
1481820830.991317000     71 58dc6cd54d5737c534b775d71d14679bc2de74b4
1481820830.991847000    163 5f5addcb9db426dacbe29d84d8775f2beb17657c
1481820830.992268000    179 b58cfc0fa530f7eb287e92949f996784b98b1234
1481820830.992681000    131 82f437dafee834581fbf7559ab29d30be7d6990b
1481820830.992807000    152 2ba493dc3b9cb30fc9f1e5357e5e037895a7f353
1481820830.993485000    217 7294592a18891af7e12b0c4bd413870ec2218d24
1481820830.996303000    530 80095250aaf58d6541a15c18e249f19ea4f01260
1481820830.996690000    513 6881040b8d4bc9881fc6ede47a4959f7a2999f48
1481820830.997158000     71 8fd5fa2f693cdc3813968446af5ebc2b342423c0
1481820830.997586000    423 473590a6becaf40c38d8baacc19b030a66f64c72
1481820830.997677000     71 57908406ca850e1763ea1cd73f4583e15a35daa4
1481820830.998014000    163 e632eeeb5c80a5fc5f11b56513fdb8201636b486
1481820830.998514000    528 6fbf63eca541afbe11a8cf921c77c64c7bf0cf2b
1481820830.998900000    513 5525f5a47455947f713d443c5c9b698b03583cc5
1481820830.999219000     71 734c8db7b2f02d4c7f92c7d84769f2e1657f6b47
1481820830.999536000    423 89f973b53a27b5b0084e076298521cf5f246a8f4
1481820830.999612000     71 61b1a6a0575d6e98f59702ca4327336bdff30f45
1481820830.999921000    163 8b30619102dcdafedbc4d4208a882158a09c6e30
1481820831.004950000     83 8e73fbbecfc34d51bfd431e6ebb3a262dc62f37d
1481820831.005431000     69 03837f0d4c8127888f7832d4b454f45a03c2a300
1481820831.042603000    703 543f832bdb6225cb9340b0541c571a206282bd76
1481820831.091787000    125 243d57b4dfb76ff3c5774d6a3adb6174f68ae0fc
1481820831.093550000    713 9456176c57975d0876463b780d07c308ae534b93
1481820831.094851000    125 df83d7c77cfbca7f71ca154c0914708082e2f69f
1481820831.097952000    704 f1b5a23b9ee8ba48fc4de239e88546b2ce108877
1481820831.098831000    125 049b04c8f814c5590452f3171f1c338c61479653
1481820831.105358000    707 db5a242c3f5743fc6c2fb37531083cf623cf77cb
1481820831.107216000    125 00e1db53ce59ed03415880816d561769dec24560
1481820831.108530000    705 ef8db331297bdb8080d0feffeb19d371f1f48ee0
1481820831.110198000    125 db760ca1a8d87a8bc437b4061a5943672c364832
1481820831.115512000    708 5febc4705dd533a6d0fbbec5fe921d531e219d6c
1481820831.117211000    125 ac6e924bc9ece17a1b5acb454f4858499e3dab2d
1481820831.120340000    709 5f772f2f1410424711690bb9b352bc12a0ddeca2
1481820831.121707000    125 b63c1b1af9392d6a769523eabd21f382dad4bb9a
1481820831.127485000    711 26a4bc144afe2bf96e6b7ce10b421a541989be42
1481820831.128788000    125 2e964be52c5561ca8b523b85800a6fbccd002a49
1481820831.138791000    707 58458e20d3f9aeef3bdd4409583126cfe2614d0f
1481820831.140808000    125 12934f9ebd1ce402bb3176815dee8068252688d8
1481820831.142032000    706 a1165899d5c10711f5d5f0810d1d2238041deb8f
1481820831.143802000    125 88f202ce707bd57fe26f06b4eed92d73718be4b5
1481820831.144565000    713 29ca09d1c0b9e192755eebc30eb8386f61f7ea98
1481820831.145746000    125 a5d877b2d1f35e97f8204f09699e1c0cfcf4b704
1481820831.146633000    721 dde5cc98ba8216cdc7d964d6a52cca75fd7f7bfa
1481820831.148239000    125 99160e8a82f72e32bf2bfb4fbc30d6ac269919e8
1481820831.150098000    708 a64beb958260d8fc9e30d7a8c1ed9e9fcabad189
1481820831.151347000    125 5caf78b8ce6f977bf8353cb5e2164ef6021eed91
1481820831.152181000    708 5ee2aedcbd9326a3315938030d8d37cadbda6133
1481820831.153280000    125 e4c246cb1dfef1e273a19938322ea9d7b1cad671
1481820831.154192000    714 25ad62e4661c0ab8331b10718901a5491d896a2e
1481820831.154947000    125 5f6cc258f92732ac079327f61f291621d70f82b6
1481820831.157998000    708 63b3291ec758948c8dadf8c600000a1c693b5eb3
1481820831.158786000    125 8135fa9c13623e3f424dc55091f0e1260bdc7cab
1481820831.159556000    706 e62f3520a3dc88fa31db14df42a533db4bd42be5
1481820831.162356000    125 315788a7ca13a2fa93130b51f8b3cf87ef29ea6f
1481820831.396698000    712 1ae5e14ad3ac613784ec9d364cf8b7c19d2a0a1a
1481820831.398470000    125 5017dd62f34f0d44fa20c530ded859bf08ae1ad1
1481820831.417781000    708 2b1458e71be1a90428bab0df2d21233e8fff141d
1481820831.419520000    125 e3bbd0bd85d82333ea028c7f4243f0a7927df565
1481820831.515887000    712 fb51814e027ee0c05626aeb7a84fed119b94b968
1481820831.535648000    125 9aa88889864f63953646ab11e4667f27c8c0e24c
1481820831.538776000     75 c5ce248fde55627bb300fccc4fbecee2a0f08981
1481820831.539606000     69 690df15c4403b96c59dbadd14ee28b34c83e31f6
1481820831.616066000     67 bd05cff8ac31f9d11755c2f0e3e20fbdad33f06e
1481820831.616665000     69 adde599da3199b9f6253781b0f122995bd8c145e
1481820831.705388000    157 e55d37b1f6f947412d527ba6c31ffa7cad39653a
1481820831.706791000    215 5b9aec5f5bc3cc76558c9ad866325140747bbce3
1481820831.712127000    236 1f17d8ec004c2123bc343e0337201056a8373c5f
1481820831.718269000    933 38874e553ceed15e8f4be63a49476113edf6f0b3
1481820839.066259000     83 951571ea9df7531ad80bd474b95def6b07a16346
1481820839.066816000     69 cf24aa8fd1419d0ad464bacdc6436de1f653a7e0
1481820839.085757000     67 7821907683fb315da4b90ee11542080416ca9180
1481820839.086479000     69 600101f0d49673c88e9eb8b108b4e8cb23c19833
1481820839.134633000     67 d6326e7212d043a220d126086b909d2329e592e7
1481820839.135155000     69 a62d6f951faa11fbfe229aebbf607b99e6785946
1481820839.176864000     67 8779a82a908982eee0f62a6d49054174c51ea28f
1481820839.177582000     69 063710ab7f0d044334c9790c9466044d8abfe39e
1481820839.220468000     67 86a8f029a6e8c058e48f4742d4a1269bd59cc727
1481820839.220996000     69 930ccc45fb5398f0e89da059fd80fbeb6be6dee7
1481820839.336392000    156 9daf1d52a5c6f3b694b46bda3a5b50a73e233c65
1481820839.416499000    113 2cc8509aebc3e7d983c5cc65e5529173760d9ff6
1481820839.737321000     75 1e2e13c0bf0f94bb1eda2f6a52cc09e152ec522c
1481820839.737840000     69 87873b7c4b4f41a608874a4111a1c490826ed0c5
1481820843.075908000     67 3fa6011a71a16ea7ea3d3bae666c1af0a2f1dacd
1481820843.076576000     69 a220e158776499dc448ab58b4e3919b288bee991
1481820843.108009000     67 238ba784b5ac36f9860f5515015369569c140b9f
1481820843.108801000     69 b25c25817c6969a54f4e03fe7d6b06e4b9f03a25
1481820843.132325000     67 5dc25ad906b910e2b818df213f3dbec4839dcb77
1481820843.132799000     69 40335713a1c7bb41e1c6fd726ff87b31ad8861b4
1481820843.145107000     67 1ec845557ca5e87532ee22758645fd48e21016a0
1481820843.145772000     69 ccff77b2ec4ebc53c54f5f0ce05360daab9ecf24
1481820843.189474000     67 f583bb2143e66f388d02180028ac217671159b1b
1481820843.190079000     69 eb77cd9e5b8ec66db2034a0d7061de081430c56d
1481820843.434355000    151 85361e141938968f2eaf52dce62c19876ab283c6
1481820843.438780000    113 da6ffa3fc105371cd4f933fac06ad4564ed2dae1
1481820843.745467000     75 8d1764ce97421fb13c374e8ef2e36fc2826e48b5
1481820843.745931000     69 93274233b63febf3c884c64cb6b066fe556854b7
1481820847.043011000     67 2e961a6eadb1d584452eb41960f21d8e3d930ede
1481820847.043519000     69 3c6f441d1ee5eed356b6a5c5c455d8da3cb63503
1481820847.092900000     67 31ced4c1e3587aead1e0f687aa6fbab51ddbed3a
1481820847.093316000     69 250be1721529cf6ac4bfacd18d1b3d543a2ab1ea
1481820847.178543000     67 6c46a2dc8cbc834fd6b78d71d90ac518da875cf5
1481820847.179081000     69 042cbd11748e80f20956417184f3eb805c071903
1481820847.241216000    155 c43e20ed32252b3315485ae57c09c2d236fd5df4
1481820847.244559000   1227 78125e8d4835b6157c14b72326280379ea174c72
1481820851.849327000    155 0d18d15c174774faefd60291553a734f5234b5a4
1481820851.851143000    230 d392ef10c48da4ce29eade6d8c12702d9adb5263
1481820851.852296000    199 60d7174f574dac5f97deed5e97465d630d365ed6
1481820851.854571000    252 4df401b214351a173322d0cda570750818c165a8
1481820851.858827000     87 6f42f5cd3a2ce15d6352471181bdb6ea1fe126d7
1481820851.862140000     68 da0ba6f72fbb6ae57bdb6b1bf4f9def8c8404269
1481820851.865122000     64 83232ebe2562a8e48959990bc4e962c51d547639
