1481822264.399451000    272 bc4e80d02dfd3caeb1601c86cf7dbd7577e1edc4
1481822265.153463000     62 4134a491aac52ced4356e167cb1376f9d0f40ea4
1481822265.153735000    272 ecb1f1ad690b1eb2e1e14cee689d59145e84d283
1481822265.155994000     95 c6cd6ed50b948881432fd79bc72c7c46c5aa97d1
1481822265.156220000    213 fb22c4632e26c9d10bd89d741b0081a2771f0040
1481822265.160364000    181 d26ef2b25061bbfd8c22b0e880f6cca4935057d8
1481822265.160538000     87 7bac8a7373f05ebee2c23524b4cba70952351389
1481822265.161890000    293 1cb486c414d0f08eee6d70c89214eee09ace8c0d
1481822265.162266000   2682 c499a706b888117449d0c748c89520f80620ed1a
1481822265.209549000   1514 7b26e323c1e4733f9c088dcb36404ca2a6d93d05
1481822265.209706000   1207 594c7e79e8bed4cb70133241a0d4479a5c56feae
1481822265.210525000    215 ecea45c3a9c7d78786458da9efa48119a1d1b7b7
1481822265.242091000    424 107d946b7a903222d5913bd565a9bcb7a15324f7
1481822265.268265000   1190 4ff3593e8a4e1ba1630aeb8bad0441fab21dca16
1481822265.425528000   1514 148edfce03067bc9463a2b0f1823892b510207f0
1481822265.426143000    554 966185192c17c5bddf5876eb7cb4a323294f3685
1481822265.426687000     73 0cce52abef18462a8d73850b821e89d36a2c9b1b
1481822265.449835000    238 b9d533d3f0b97d56a88a2d0610474cdd3373b617
1481822265.452347000    180 3dd4833bd48da166fe077381e65f3cc2bc157726
1481822265.463931000    348 88edd3d9252c3af2a269cb8de5e2ec077bbb0384
1481822265.467153000    290 050ceac37b7c5d2ba5c85e0e6ecb4a3bc13684c4
1481822265.473055000    228 fca36ced4caea143ccecbe11915bc51bee9bad09
1481822265.475954000    290 641b33b186c9c7ebfa3a7346e91f5064d5557a99
1481822265.479131000    243 c71df555e96b757dc6e4a6267ca00fd6cf4acaa9
1481822265.491918000    343 bc377a76e5f38ee6dad4a04d10985fcd1a7fa9f5
1481822265.497088000     76 9ecd35741768bc6754c61e48e5a98002e6bd50a8
1481822265.497275000     65 43acb9461e67ccd6139e64467c847c8a7366c475
1481822265.527576000    167 05bb617c6ce41583630563b7238c5bd120093dee
1481822265.529008000    230 19f7e71e6a31234160590227167328d28978d2bf
1481822265.932882000    227 4056992a9b4ad41d651707a9df21f16b71ed5994
1481822265.935804000    290 3c8de06f42c33dcd00d0fbce9330bcdf203f0aa4
1481822265.963463000    243 737e2fdf822cdd8b5b9fff11462c6d716f44e9ee
1481822265.967354000    355 9eb471da20aa8b1f151b5b9660e1f413d5e22547
1481822265.975458000    228 47d28a57a78e248f6b242468d5a5d8fee76df1ff
1481822265.979361000    729 523fe7480878855362b09b389f157a699e7844f5
1481822266.009661000     76 1c0cae90ab760a641e2b00cb3d4b6a3be95baddd
1481822266.009991000     65 136eb3d9316256059ae2390f92f70fb4e039a854
1481822266.013162000    224 d15d9bf96d244a2a3908c2f8f20ece6fed170784
1481822266.026204000    247 a623683689e20ee6d749b9910be6798ac168f785
1481822266.061083000    239 2331947cc2e5dd8859ea2c59b75e32a192e56e12
1481822266.063183000    268 b98a5f283dc04090d07cd6392fff263079b05efe
1481822266.570172000    462 ea6bc3213512addded5e6a4642ac2cf0b1359966
1481822266.572977000    210 665c444a16d74dea5fb1444985aa6a26198b622e
1481822266.576166000    225 f23bd98a1d7687ff12b4bee49045ccafb0813b1e
1481822266.577591000    417 3b8048c2d6fb1bdba994c9298d4262de6ba3783e
1481822266.580119000    226 2fcabd3e2b492221a3fe747467bbddb02e795705
1481822266.581316000    165 2fbfc5792cf0410195312053fad05007551c3a71
1481822266.582620000    240 06b80ca36aa1df940122af6266039452ca8150e3
1481822266.583952000    191 6f33f0661b952043d036a4e023d9273955bf45d3
1481822266.586784000    114 b1d871ba9f11ed5f3b56540388e7fbdc772f88b6
1481822266.588395000    187 ed369f1abc5cac924a101a9af78886b3afe3f204
1481822266.603620000    280 7d8f5c5f2976cc0d00f0f520e9b6751dfeffc4e8
1481822266.605918000    189 569fd54734f088109a0d02e0251fd9557202c1c4
1481822266.608013000    266 51b437a9163806916b7a46d61869463e2bf83ad7
1481822266.609749000    179 67d04059e7beee2b20ca5b9807d816ac04f7c9b1
1481822266.617903000    114 7016779a904e35252a314e17bf2c68f1b55204d6
1481822266.619434000    223 8f50e4a6cae44865742889c19e8ca4cdbbb40b99
1481822266.664465000    239 db0293ca4bf2348c8a6e74b8e931bddba8e56b7a
1481822266.696866000    531 fac29999a9bede3261df5af774f50e3f65bb5b70
1481822266.699895000    517 f60721489aa31b213d3cd00104c51af90ff34c1f
1481822266.700782000     71 1da30bfc19bd07d443ee60899bf95675824fa219
1481822266.702032000    424 c2bdd5f67599490651e9e1c665c97716463d69e4
1481822266.702112000     71 855d41528d43b123ee3a3d1e238d36cb57fa9990
1481822266.703532000    167 8127f3ffb32746b97527aa4f582b9219c8e3700b
1481822266.707984000    182 c2315179b7a6b8384bac76e574288606d8a977de
1481822266.709180000    140 37e8026db72c99a1aff3a0d764df2c4c5db3a838
1481822266.709326000    155 b54b1749c44b53990ab4701105cb5f0fd4a5f59e
1481822266.714518000    219 0e8fde6e06d2cb1dba4c72d60f54885b29c981b1
1481822266.715540000    533 23e3b05cca40d4bd9dcac6ffa35837f060baa92d
1481822266.736657000    517 046297bf21aa721eb5cc72323032742781e8f3f3
1481822266.737280000     71 220690da9519f65fd0d74dfea561606fcf0c0cc6
1481822266.746895000    424 a5876e771bb47a9827f1f7da920fd0accba82dd0
1481822266.747060000     71 44f21898fe98ed0337c3679642d4e5150e41c82c
1481822266.749944000    167 326e8225e39c3bd41692ca0ca0c0c73bda2bbff3
1481822266.750824000    531 2a28eaacab4b5a391119cb5a4801fab7656fda85
1481822266.755207000    517 24659659c3cd35b6f5af648e4fbbe98e38b18f84
1481822266.756315000     71 da711228b1fc9f7ec059bed1063af0ed9f2b29b9
1481822266.765928000    424 1a8af738ef26c2e22439f83ab0517b9e66cf3340
1481822266.766075000     71 1e79822a0cb80c0c0ecd1c00c54a26904f86d7c5
1481822266.810495000    167 5285fd1da1aa366df148fe67fba8bd313ab3f2b0
1481822266.811583000     83 f13a78a2537637ba38ceeabd494e739bf3e6a4fe
1481822266.816834000     69 b514ed319e8f9cacaa52522c41c6e3b947f355d2
1481822267.066172000     67 92cd4faaea0b76a290d84114600d040eaa0d21b6
1481822267.077289000     69 24477de4651db401ce2ccfd91e185971bd4c026b
1481822267.409185000    706 9f836744bf37ef75f28065e975e3ca390ac14900
1481822267.411914000    128 57b2a9565d3296782d6010829564ffc0b9b1598e
1481822267.442813000    716 39bc8551a7942213a15d868d72daf642909f2b91
1481822267.445990000    128 8757ace1d85ab9f11574715aa91eb655d7025e64
1481822267.447228000    707 9e3f11fb70cce0a3c111e7426edbdb32c8d7e25c
1481822267.449320000    128 b155e197c077037943094d3e949e859357a7fbd2
1481822267.450107000    710 c2f569b6dd64d05018053ed6a88a4589be613eef
1481822267.452050000    128 4adf1ab9abdbd156fbb62533487df74c13430f7a
1481822267.452778000    708 aa20ba9c35c3ff6631f6d61960d089e3a74ec7a5
1481822267.454399000    128 da8dc7a6dabe443e3d58e4001e0fa645e74631b9
1481822267.455137000    711 ecade67b7eb2bf876359ee98a848691f70f49040
1481822267.457630000    128 705db0cb2cd70b2c92b5842c6bff6de40b11097d
1481822267.460209000    712 2a046b5b5dcbe2f134af1920c3a390124bb659f2
1481822267.462790000    128 49cd2f6845a5f12ee17672a695af9c436b314321
1481822267.463781000    714 b8597ec2813433a5f3e4a08d717faa7acb664e81
1481822267.467498000    128 09938939e046e6a6453e346be6bcaf178a8d320f
1481822267.469091000    710 18bf728bde6ce263d2b8927ab1f046a04eb47b16
1481822267.489071000    128 f88fb1c695ac0b4832c468b6a125c47f4f09a289
1481822267.491165000    709 19e99e56f7860ebd750f0058125dee5216b5d408
1481822267.492857000    128 f6a30bd6df19f02a2992941b7e1c2b4db68e4d2f
1481822267.494675000    716 d1dae3707344993adf179a42614e6837cce7c92a
1481822267.497266000    128 981194c25de4271ec8b8061e32e70257e956c017
1481822267.500123000    724 35f4053274f66fe4ca7be06d08cda515286bc808
1481822267.502106000    128 8a6402a4d1ccb9c46dac9fb54fa60fcbfc72fe36
1481822267.504903000    711 6e7af96f2c1fdd5ce1cf5e10c4d8469fffcc637a
1481822267.507168000    128 8b7fa4dd16a1ef42af8dff99fd14a49a5fb004ef
1481822267.509663000    711 9dd8818a291ebc26396a4d8ba412a0e6915e77f6
1481822267.520930000    128 3c6fcb8a7f4a42c2730151fc559dc45a04782b9a
1481822267.522266000    717 f1951dbd3f25d42f1a28345c4926f84edfe606b9
1481822267.531515000    128 587b68082b91545cb851271247c4a025dfdb6a98
1481822267.532450000    711 998a0efa7a239cc54e32f914464fe07386bcb630
1481822267.537731000     65 66dd229f45783c4fb7e60ba05f25b6056bd44ca3
1481822267.537863000     65 e44989969ac3683c7acb6e8bd58ecd9de474ca13
1481822267.537897000     65 847adaed6a4a70954ae487a6753ccb23aeb56984
1481822267.545732000    214 68381cb1be9ddc44454446085e4cef07ba5b20c2
1481822267.546820000    709 9a12219416f433d88660b4d63bd16ffa0733ce0b
1481822267.549976000    128 82dcefab957d5fb62bf1e562414c615f8b801135
1481822267.550579000    715 b70ba2132097a402197a6b87a7380039ef591390
1481822267.552028000    128 e650a334d6e36271bbcf3e66cfff4357860df2d9
1481822267.552518000    711 d6b9992aa72c42d3b3c33e1407a99ec706ab7da3
1481822267.565378000    128 dfa6a1a10020a22519f44930a7aa91ab79020538
1481822267.567000000    715 0550b51f7976e1a214eb9e183b0c120cb20fd076
1481822267.571341000    128 1b8b9504db9991b1c8c9dfe78d1da509bef7f36a
1481822267.572465000     75 4c1db814690a2ab9c78380a8254dd79c8752ca83
1481822267.579013000     69 dc55c1980bdc2e9e880b8785f22fa07111906099
1481822275.345189000     67 0d1002e715280c749d39255f9aa2915e44b5593a
1481822275.347107000     69 75de0d2610dda0153799ae4331ca3d48823df077
1481822275.402604000     67 54c3314b3d34374de51840da708387023b87ef1f
1481822275.403719000     69 c7a3073c5dc6f8b9da2039df5ab4320ce10c9b65
1481822275.439834000     67 270836012cd325070b8fbf82abe2d754946fc778
1481822275.441214000     69 4ce12b7e2f07d5ecc06136b7499a264113999d65
1481822275.493465000     67 5af8e6c08d025cbf57f00b445340666c908091f5
1481822275.496327000     69 ae2391766b7149d1b524994dd57ad52c77327c50
1481822275.573171000     67 949b8bea3ad154d18814e21a2e18704e6cacda52
1481822275.574428000     69 c05bea0526433fd0babc67f0bad42fd9529ef8d6
1481822275.650247000    171 52866abefe96a85a9d8edd3f49d2f6a88a24ab31
1481822278.113448000    115 e72bbb8f7f30c48a20742f3831b65ddf92a6df8b
1481822278.122356000     75 a32150dc0f6194ae218dc487a7faac28b398de4a
1481822278.123928000     69 5ac6dd02d34c908d779fa60cc34b5e4c8532471c
1481822281.761514000     67 57cc576b7a594488979d16992bf575042dbd06aa
1481822281.762621000     69 8d5ae10df77622839e42db4d6bd6fe916f4976df
1481822281.793438000     67 02d742b755e9cb2333748dde488e0acfe1788023
1481822281.794577000     69 e4e42c48fb1c8a2364963b03ed217b44dfd919f3
1481822281.838555000     67 ecc48cda17eaa345b3a745c0bc1fb3d815a427af
1481822281.839674000     69 b087a5c1ece6b3eb4a66b0aa782227ee80451bc2
1481822281.876507000     67 3810683225f6370b059d55efbb7c667150aea237
1481822281.877978000     69 0cc2dc80384207bc1ab1b11fbf8dbbbd7ebb6559
1481822281.919552000     67 8052a8f0a379fc1b1a5d9d1274ca4c4b3cff0564
1481822281.925851000     69 b0d3451c9b0d15d604885c09e734f594acbff093
1481822281.956576000    148 a3d1bf761858ec384ddb3ab6f28c978f10222b2a
1481822282.975287000    115 f8e4c8a76af91199ac8b30ba28fbac1dd78e38c4
1481822282.977512000     75 c4d7e3de9c32c18348d4ac173b3156ba7b96adf4
1481822282.979198000     69 3d18a2476c0f48639b9088e5d1c055fcc255cc84
1481822287.753747000     67 f611cfb7a4c06a797e5337ddf0aa8db1dae0e347
1481822287.785758000     69 97470bc59ab47c38a2ed2e78d9cc96e20c05d6ee
1481822287.926243000     67 3a6a4c452af2dba3766bf3a1db835f9a6bef52f3
1481822287.927213000     69 4797f0e6ec22cd23f7d28dd3ec2564269d076755
1481822287.972937000     67 aa164db2209ae10257d95061bab868cb791b4160
1481822287.974078000     69 74e12c685980527badf04519ce4997999190dc76
1481822288.410557000    164 4b27d89626c5a4fbedbaec28aff468304efbeeed
1481822288.414488000   1403 b0f2a2734fed6ace4d1c6295c72b340de2cc0acd
1481822294.173258000    158 4a468494431e8bf7ef7fcfe99d974863ec237337
1481822294.176111000    235 18c7ed7ad738caa12c4d72f72570e7867937f25d
1481822294.177395000    202 30cfbbfcad7e58f3d3e16dc5d008ff523015f362
1481822294.178757000    257 044971401693082d1ee8df332004eb3d5f8cd0be
1481822294.179131000     87 aaa3786f6ea04f457d3bb8126f369ce668a566ce
1481822294.180697000     68 25529188dda8f2a7bf73a307a7a630629fbe0ea9
1481822294.180811000     64 d2e9e471d33b69580afdc9f971eca961503c0d09
1481822306.280193000    272 c86386c7efeb1b5fa2373bdbc6f3c264be9dfe01
1481822307.191122000     62 71ee4d194b8b48143f4b772080f8bfbaef270916
1481822307.191425000    272 3ee128c02c0c931e92481f2c41f9a9ddbaf10ef5
1481822307.193452000     95 c17fa1f77e87fbef42ef7c810e23093c3b8f5b01
1481822307.193713000    213 4968dba1c3d758684ca240d43ea0baab2398ff8f
1481822307.195160000    181 6abe16d06f39cdd362843b27f722c3b03fa5ca53
1481822307.195334000     87 63cb9c6ad6db9bfdb23c9610a6285c8abf51ad89
1481822307.197955000    293 cfc1a4f207073cf182455b712a825078d23b0fb0
1481822307.200658000   2682 2ef3137e45b311d7b613797d74e1087c3b846c5a
1481822307.245834000   1514 b3ab16db9cb22424b4f9edbfbec317db8091f0ee
1481822307.246012000   1207 0ca7c1922288be72d5c5b69766ce546426ee4734
1481822307.246638000    224 548dd27cc2eefdd7b047e8a33fda88afc76e762a
1481822307.249135000    424 13b821445244acd8d2d1c745ae3dc3332e0800d0
1481822307.266090000   1199 86501ce51e0d2d0df1fda666600c42b015f52cb5
1481822307.349091000   1514 f9cdbc54a1170c84faa124f6d06e2cecf6d9ae42
1481822307.349268000    604 942e8e0c7d40e6803fcf1da019c7b38a19a23af5
1481822307.351935000     73 b94a996ad205eb2690f19efcf2983261abed3dc7
1481822307.363705000    238 0267b6b843ba41f918378f1cd32eab90dd86392e
1481822307.372155000     67 25b99e7cb29cd18f7c4b6336854d473499b4cbe1
1481822307.373757000     69 341bf568808f1372bda04413021551251da3e1d3
1481822307.378618000    180 0fd7abf347c50af3c2f866cb742b5826ba62ec4d
1481822307.487833000    348 fe9dac7145f7646efdb545aec7e6d42f12b7e382
1481822307.494149000    290 72de584fafa492b06db7c919c6c8eb6d00070af9
1481822307.518664000    229 730e6fc80360f7c63d591304fd457ad59010820d
1481822307.520360000    290 7fd24cc5a05f4ef3fb71e1547ff43d94a5186016
1481822307.521820000    244 8eca4a58f2d6301f08baf4f927cb20441392b90c
1481822307.523053000    343 9cd84bac2cc148693dc3a8fd5e83a43c75f64978
1481822307.727938000     76 979fa485a1a00d6395a4d3c03c54f83e8e9d8ab7
1481822307.730455000     65 945f4fc6521e0fe2525fa766ec9a043b83c072fa
1481822307.732358000    167 24d1ad6fc68fd969eb4184d1c5087b901cc328c3
1481822307.735117000    230 f8b97e1bcc350cc5ada7c9684e0d1b8d94ce1803
1481822308.131656000    228 28a07654b00d1fe3573a5a0c4397a81854e83f23
1481822308.134590000    290 d138d254a68ada842657e3d5feaf32af7eafdf5d
1481822308.140294000    244 1ce6598ed443fe88c2c89f76dbb8a75d472812d4
1481822308.143555000    355 20ce555345c3cd1ed5de2fac216d94f8712ca016
1481822308.312177000    228 1395f3b1faa2d7e3b2068ac61038a7f0f3f3e5e3
1481822308.314197000    729 46f7e3390c1f93306386635eb9d52a0f278be22d
1481822308.390648000     65 b67ba87af101ff05bfdd301d12dfeebde778fe90
1481822308.390856000     65 c466b4c8a8fde929cfce8bb9eeccb47457bab5ba
1481822308.420325000     65 93354f6b83f5b3817b060b72457d8e8db867551a
1481822308.420463000    224 bc3e1658ba7fdc8735ad983fbd3849f55c4d4953
1481822308.421540000    247 8c353bd7e07fdcc405654df2491d951045abf246
1481822312.824538000    241 7796ba48df846b2bf90eb1259a6c014d105395aa
1481822312.825849000    268 1cbe1f8745f3fa5579de01e4fcbb0dd959fd92cb
1481822313.494540000    463 bab238df0d4c96df1eff2464f903b15a304e0079
1481822313.496310000    210 5de1473ea0c8a43ca4a104b3d52fe0e9b23101f9
1481822313.500033000    226 a230154e630ae19aa25c70e522ae220b46ae8be2
1481822313.501842000    417 70676c5c5699e3af522af6de46bc35f9cc05102b
1481822313.567525000    228 170fe5bbbe742f3c616149f3275bbc56967928f7
1481822313.569833000    165 4687739658d8c3579978f9ad9d360d544f143fc4
1481822313.571972000    250 dd85e4aef7b987dad1c2c417fe7ed762bc6c0ebd
1481822313.574315000    191 5a170128cade3723aa7630b2e56bf21868b7688d
1481822313.575767000    114 8491ac0dd3bcf84ab01532952eb51a5b285e26bf
1481822313.577250000    187 afab2d00d1b159a446730899f24dc464317d85ba
1481822313.578810000    279 fc31862c8898858d597a0e921125ba63e1a2378b
1481822313.580161000    189 5ab96ccca4e3b3610eb47938e31e24f32ff52cd6
1481822313.581598000    267 6959eb117f956ceec2dffb7a7283fbbf555d3fb4
1481822313.583018000    179 e2a736ed6974e34f67b0c4868215b020afecf719
1481822313.584436000    114 9bb5078f11821505e3e9c04a173dce339424cea0
1481822313.586150000    223 ef12f28bb60679869351caa3f842971fed6bb457
1481822313.825020000    241 33366b3a9d61790ab15b97f2738dd799eb7803b5
1481822313.827317000    531 43c4a407f5789c8436d405b9cb9c5ae7d549e84b
1481822313.833055000    519 58a145a77af9b41ce35943725b860878a0416009
1481822313.833797000     71 40bd091af636961690afadb9b6363086904e390b
1481822313.834907000    424 395c1d52fe99309ae3554327a29636357c017a77
1481822313.835146000     71 e503d199d8a269fafdb0f1958e50762b07714ff0
1481822313.836963000    167 82e7561a8e0e1c926e8d23d0d4093b000bee7f13
1481822313.837305000    182 b8a1f0a7255c8f97317ec42ab3d45d43323d0650
1481822313.838445000    140 7f71f88c20b08da6a01519e3be1bee8736ea53a3
1481822313.838652000    155 fce26b621f46cee885ab5933f354a5a127850b5b
1481822313.840446000    220 b75ea5e37680b720a341c3b2bee820bbc154e99f
1481822313.842174000    533 3cf7e4c92b7fdb7db764a6d260e38e32ddac93fd
1481822313.845846000    519 e025fb918dc11db5b6751f63b1c6c9670f4afce7
1481822313.846467000     71 aa3e77d620136df635e185ead40fc89d327d14ca
1481822313.847687000    424 90c3f56ab6377d6d5d2bdaec9bbb58523afe0e17
1481822313.847807000     71 8754d0617615ce29f88a86a92763531e65ad9fa2
1481822313.849268000    167 44bd4a2c965a26cd771cd28ef40c7a29cc08b0ba
1481822313.850073000    531 463d254b5d300fb61502c7f4fd9e5411e9bc1bfd
1481822313.851416000    517 fb4d2a15bd94668834a3c4bd3cd3fa3f8a0bed7d
1481822313.852492000     71 c9fc2e89c4d9d4ad3b13eb984943785e0d55b7b8
1481822313.858787000    424 9883a7a5473dad745d78c62c0ff54b2b985f7aa4
1481822313.859368000     71 baf7d651794099cebbd0fe89a413b856d33bec5e
1481822313.860710000    167 baa6e078fc0afc74812c02057e87a5be77bc7652
1481822313.936524000     83 88151dc87def9b7dd5312c6bdbd1111c50a47763
1481822313.937957000     69 42481be5be847eb3727e8f6d5cdea17b277212a3
1481822313.945716000    706 091292f538b15600dee5f03e77e67280077f3327
1481822313.948235000    128 722187256ecc9f4816eea3f5a7bace04722a3764
1481822313.949695000    716 9fcebfcb4ee217cc95cdeee0397532c44718b370
1481822313.959285000    128 88f13f271a370157f39b0e6dd2711e9f2795f6fa
1481822314.007686000    707 f47468c262ea5a9da31a1f3c43bd37f03499374d
1481822314.009610000    128 d6f585429243cad410ff067d5e26edbf47221782
1481822314.010200000    710 cd58fa1ff7552b8471282b0784e3579a4b59e0a1
1481822314.012610000    128 ec9d698797528e38983eefb1c057ee2712ef6bac
1481822314.013409000    708 17d52116b1d7e0957e6128dbbe4b1ae6008b3e5b
1481822314.015632000    128 892c6621ec13d7f627d3d89855f3015db46ef40e
1481822314.016319000    711 df49c41abb71cdfa17691555b5c3ab1b61c18d4d
1481822314.019123000    128 b9c694786fee80b790aac17b1bc1a226360bfce3
1481822314.019906000    712 c029d77e44617a33215106f43d9ced660743141a
1481822314.022036000    128 7e01585b4713adbd53e333926ddb81b55e036fad
1481822314.022626000    714 19b4efec60c9acb20a396ba5faece026c637740a
1481822314.024651000    128 7c6ed20ad7d26ccc1f5fe47cfb497dfeb1f1858a
1481822314.025447000    710 dd8043665c7f4007c8f8688a223990298b1d4fa2
1481822314.028295000    128 e4f52dca763bb5ad8f1a95f151ac790c1b615574
1481822314.030859000    709 218bec6439d712da434819e8fc93017689813ceb
1481822314.033141000    128 5c3cca8ab0954bb02bb0c6575e06f8efec4ae011
1481822314.033811000    716 7acb9ae6edc5007c767e89c156ce788021c06b15
1481822314.036134000    128 7b0f812bd45bf9797fdeb7831fdcf9ce05ba806b
1481822314.036849000    724 d7716ffd2517b9eb2166e736e11337868ac0067b
1481822314.039400000    128 d80d3e50179dd721b591b5b1d830225c438bed56
1481822314.041073000    711 048a73a1f21fd9e5fc7e097202506bedd1b1601f
1481822314.043402000    128 2cc8a02846db363bbcb99e73b6aaf795e875142c
1481822314.044489000    711 74da1132f0bee798e662b47a7ac39c2e65f10218
1481822314.046679000    128 d32fa789034b68e9d543848ab7a30c073a254789
1481822314.047767000    717 7b56d96ba6d3774970e91d9a4289f39536d85705
1481822314.050171000    128 4965b8314eb4037aba066f9229ee721ff94bd69e
1481822314.050906000    711 4882864f59133d932c64b0cf040f3db334d92a71
1481822314.052663000     65 1e18a6317989eee9eba7c9588ad542a3d25a673b
1481822314.052663000     65 9f9eae0009bb757910a8517eab965b24eb97fed2
1481822314.052759000     65 0764225c61ae1f8cfa48c8e2a524895672744446
1481822314.054176000    214 db6839c25289aea7f72295d6528fc777e5689587
1481822314.054804000    709 02e6ba3cab36f986e86006a3e0a38715bef0cf33
1481822314.057171000    128 57d70bb3a36eacecc0da310f4cf2fb64914ec162
1481822314.057617000    715 789712476f3c72aa4f2d74a54523b2dc9218a981
1481822314.059897000    128 913cf5286749218a7babaf23f1561164e991f9ed
1481822314.060348000    711 a0e13333ae9cd058736db946eaee6a4a3ef6aeb7
1481822314.063380000    128 3ec8b283b38a71ca7a0977049f137774e171ff85
1481822314.068403000    715 4589b98622170d00dc515594fd07819b847fba7d
1481822314.070680000    128 d716874581f2651d38e66702c23547395e4ce08c
1481822314.071873000     75 1e7c6c6a10753b91c0370599ae2690472eb853c3
1481822314.073182000     69 22328002daa67651e2454c2c3736d94e324957e2
1481822314.118057000     67 bda45bdc19acdeba12e9b8d6dbb96aabe527feb5
1481822314.119279000     69 96df892276df30db2d76b843c937c46db9230c4d
1481822321.167061000    279 0f53ca8e0c57a87b445a737169a1bb1e920005aa
1481822321.685500000    174 1cf26cb078a8d4c40dedd911c2c003713d11aac7
1481822321.696645000    132 f766ba3acc4cdf9d5c618336a7fd0eeaba4d3557
1481822321.698731000    141 dcf955c5175bbf8a47aac04ab561c27417741f98
1481822321.699065000    134 013ce67495760e1939118041474c9ab83f5a583a
1481822321.700070000    472 087c0445235f18c68a2abb57b0bc4112d735877c
1481822323.297960000     75 9374354faac65058df4e6b00a4fcf696e9d86e46
1481822323.299218000     69 73cb7f20676c4ab668f751b9d5852eb3808ec884
1481822323.354288000     67 1ebd4fe0cba637b7fee17f1bf7db9961fce9f1b1
1481822323.356647000     69 f2ec1264789687c5ecc3473aeaf8320a069d0623
1481822323.389847000     67 aa27155934614995e8f50613065603e9896add3d
1481822323.390760000     69 98746dd04ea34fe309ae488cf674da35dde0947b
1481822323.420356000     67 6d4416d3def0baec8e8c2f084b7b9fe02ea4cd8d
1481822323.421955000     69 76da2900448f39e2fc023b36a5088779c862b624
1481822323.509076000     67 0a4260316e65326839162a8a2352ba140412e86c
1481822323.510697000     69 45997272ccf584c0725c63992f6791f4a6dc082a
1481822323.572241000    159 7214ca171dda2d187e982017e09a123d48ba15f3
1481822323.582651000     76 b6947d1642d7b8fcc0380e49f011671dbbbff328
1481822323.582889000     65 0e6a4d7ee6bf6ea0573b2c791e1d5dce3add4844
1481822323.585058000    139 8b996d95fc0f23f48a38277908fdc1f765b6e671
1481822323.639826000     75 22da599a756122e03a1e5246c76579d02b5a99dd
1481822323.641025000     69 e5e8777402885829775eb8b1b77203cf1ceac0a2
1481822339.891045000     67 1bde6b875df49f44f42735a7db8d4bcbab023a55
1481822339.892032000     69 eec9bd9845d0ac824eeb0fcb30fd5265cde265ad
1481822339.933815000     67 91773b1295395ba8b0b9c2e6a8052d1237b6df53
1481822339.934773000     69 90152827469016c32b2da8f4feefc02697e3ba80
1481822339.978478000     67 678859c9e25ad03202282777b64ec595fc104310
1481822339.980055000     69 3331c00c895e514a61676778abc66c39975e0f7f
1481822339.995488000     67 8d2bb737bef7ca0e975d18e10136f34bcca42101
1481822339.998739000     69 e594e26c69ddafc9d486a221d8993c9f91f663a9
1481822340.017752000     67 08873eaf7971ff399e0810275672ff5588ebfcbb
1481822340.018836000     69 37892af3a00e7f69e57594e16dfc538ad7ab80cc
1481822340.046959000    154 689554c0bc9f1b16a3acdbec95feea6d807260bd
1481822340.153481000     76 8392f4cc757985a98f47215bbf152f18841f42a0
1481822340.153773000     65 6869797a52e982119d3b7913854f62779d743873
1481822340.155063000    138 43efbd1d805bccdf0126db035654b88768fcbabc
1481822340.163091000     75 1f985dd2fc22b9789be288bececf2c8615f6953b
1481822340.164694000     69 79c6a0ece3e66654911145d4ffbe8a2a5d37c96a
1481822343.778342000     67 e98adca3cb7ebc313129353b01ed46292f6f8c85
1481822343.779635000     69 0edb257662626b101888851b08053c1cc2ac215b
1481822343.827021000     67 15169d075c4615b4bbbe76e37e8cf0d438867de8
1481822343.828008000     69 a22b00bd9f1fc602e3968f489fa7cd9c2957ddc5
1481822343.867301000     67 2b22dae5acd2f347dd347e0a1ca7b92d3645f546
1481822343.869002000     69 1dc621937b7fad841facec91cf171bd6c19cf960
1481822344.290894000    158 3627a8cf0c65da9386ba14a3b83ffa005fea5a98
1481822344.337530000   1297 300910a4cef8824a40cfee0a5c07c5e82734bf2e
1481822348.446677000    158 96aa1165ceb337df500066019012c6435270fbb8
1481822348.448770000    236 b546b0e5d8db133e9bb776ababbc030f8160a07c
1481822348.449526000    202 69675ee20850919d8cd5424c1b3281aa123f0ab0
1481822348.452296000    258 8074d0c451099c2163b32333dab57a7fabe36c95
1481822348.452881000     87 0c9f91384ca4dc4f692c57c88eb6e74fc5092fbb
1481822348.455068000     68 bdf97e42a90e1851ba24c0f1a1fd05e866e4d2d8
1481822348.455109000     64 c5d12a6eb26632b0232ad2580688e731abdc6ea9
