1481561514.944416123    268 e7ed3f866daae0cf4c417b444a85a017942dea6b
1481561514.958371078     62 8fa1891805a7170566028dd79b98d77ab49b8442
1481561514.958522576    268 6df2a8b6e6a9fc28c6ea4215a8d81b057b347f76
1481561514.958856988     86 49b2f063191db566be5297023bc927c55f8b035b
1481561514.958977547    218 5d4fe979dd09a96f72e7bd1f2d2e084ccb6a2ff4
1481561514.959275154    181 ff53b69be1d4e5cdb1107da465c616d7b636d42e
1481561514.959946482     92 b92041e7f7c218d0ee2dba99f117c9b1fa5c18e7
1481561514.960253812    234 e9b152be568c3f27bb2e94ddbc7d82f609c34ac0
1481561514.960502905    132 abd9d121bce95f2d1fa68fdeadd77f52730dcc6e
1481561514.961221307     76 2b0d99135e1e791dc33f7e975011b956d02ef02d
1481561514.961674313    286 9b0f1d30463f5b6efe9f3cf5af0cb86e9681b833
1481561514.962531503    319 38567548a6fb98eacb0cf9a30bd7073c6d7258d3
1481561514.962950582   1049 7c52d8a22dfd4141ac6a59d89fe757dc81774f0f
1481561514.969944081   1730 d7b24d89f04f1fac7522f6a1eebddeb1d11f7812
1481561514.970331549    114 3ee650110bf6f92719514d5a43f0e70fa703b280
1481561514.970628859    207 79a97e2a05af99fad195993d1f0c5bbc767d6760
1481561514.970726826     67 5b7752aa90abfa6421f610e57e4640769ce038e8
1481561514.971075955     71 46452afb73794354c546011c0c7b1267c1bc2f15
1481561514.971144139     67 d456da2fd7f93d00a4c06059affde36af07405cb
1481561514.971493232     71 5cca2643bcc80a29cd216d383cab86c1004b1c97
1481561514.972315939    309 19797096e0716c9133708fa95272e6753cb657a7
1481561514.989753877    257 665fd1059ecc18ec8a05e93e05cfafd7f0027708
1481561514.990027503    309 cc46a8c6dbcd14acec73bc0f544b1d066f8fd39d
1481561514.996948211    235 325d45ba8a0de7d1930e6f87ef750cbdbe07da3e
1481561514.997311891    323 91f90d74da24c67f42c1c54acdac6d6ef8ce94ae
1481561514.998407699    497 af13742a04206a6dd41bd79770134c39cf7ac4f2
1481561514.998627979     75 f70851d472b43adad26e929a40bfb0c8778947a3
1481561514.998989290    590 819779e7f33c913f62fb9c0cf7085de95c5cc2fa
1481561515.001738539     75 7f6b7fd05d63f0102542c6f2d2302e7ab85967a3
1481561515.002243073    592 2aa54b41fe0462aa3089d6bdc9360067f75280b2
1481561515.002789167     75 19da24cc4ea79c73530318eef30ce1e207f576f1
1481561515.003138364    581 41b53dc6cfd68b9f2ab15812f4a0edd3abd2a188
1481561515.003846820     75 8deffdfe5601f7d398b3fb929a7946e467204a4e
1481561515.004214584    621 9e41ca02ae7576b3f6164c66419a36338629bea0
1481561515.004925851     75 658fd1402b44a374fb05efc903fd5e6d2cc75dcd
1481561515.005328719    330 5cf2faba020d1afbfc5aefd59e6c9f9b3e0cc88a
1481561515.005662923     67 9f82dc1055d468493f2f79bac025c6a5db322764
1481561515.006259750     71 f094d3cfa60ee4d535f213664a310ea2c5e4e3a7
1481561515.006394150     64 7d15faa35dc05a085c7b6470983bd4b9903ef140
1481561522.213448082    268 982bf1974d145dc9267b8e3de7b8e587c6c4470c
1481561522.226772106     62 0c584f4b97a619bf66ef3ab3c3f3b7d3002c5a1d
1481561522.226933510    268 d72e666c549cdf404e9c66dc2a8d72a57ca49688
1481561522.227291550     86 83f703f1f22750eb9594b46c4011bd346b9d0d08
1481561522.228957840    218 d50172db0d485ad5f473a86e52b4d84ea3066e77
1481561522.229368178    181 08019036078b1344693efe2a791c7c6851a2f99f
1481561522.230023246     92 6b1667ed86577575b2cbf4804b55c0dab53705a4
1481561522.230337163    234 b895b2bc4953ef602815f14a951198f26f381aad
1481561522.230574345    132 61bf8721cd224aacf48d03d50f68d47a7869e9dc
1481561522.231218460     76 9ee6032225fa73f3cfbc121a7328dbba023a1f71
1481561522.231640039    292 67ff1939dafbb6a2997b80f5874a04474765da79
1481561522.234062822    319 09343e884f69ec6eea5d72ab67bf781d95d96ab6
1481561522.234717149   1055 00b44b6920ceaeaf832c67440eb93f71f8431eaa
1481561522.239177120   1730 ba5d7ac7d50a487b75a2c80538215b23e00eb8ec
1481561522.239605368    114 d3d2ca8807fa797ee7334bac8305992564ff17b4
1481561522.240039864    207 0571ab9a39cefedb7535d04c70f167a3f8baf6bf
1481561522.240119724    353 750bbdd15baf18d405a8d5e61e9569f33a2441f2
1481561522.242992595     76 a68a104fc292bf8727c134297e7fbe3e5b3db64a
1481561522.243038601     65 213a2221fee0a7c71a120308b3e1bb7c42153fd8
1481561522.275545575    249 8cc7245db11b138511ba376dcc37995e473f578d
1481561522.275726497    318 588d667f27bbf185f3989b5ecfb153fa7801b902
1481561522.302065522    257 2a189c82847b73191a9548930918e75f4926294c
1481561522.302387919    441 7961dc390c17e79f71c359a7a367dbe79b1b0050
1481561522.330674356    660 4f4e3d51220c14a6a18ec6fcdd4965c80487ec69
1481561522.330905518    464 ea8d9c345c12633ee9747d8be8531697827f5f89
1481561522.331969741    391 40fa77c044cedadcbeda1023df990ce4b967ac0c
1481561522.332064981    392 f0a5be4d999d18e06487e24cb5d7afd31d80125e
1481561522.340493717    286 aa53f8b4264cc70f94cfea9a106d69d0d5e75b4b
1481561522.340636477    368 6843c03ea2c554ff0ae6557cd96ca337db68323e
1481561522.341371829    457 9403239367f1abb181cb7a820f9b04f764dd8ad8
1481561522.341464875     90 1c7212be85c12dd8b8fda5b691c33385f78b7e93
1481561522.341955605     71 9c4d7e340b6854e448dec52fcd2cea51cef8ab7a
1481561522.342001143     67 00a5eccd4201dcf82088286c2ecd32570af3b453
1481561522.342421600     71 64f88d789075a58b5977dea9e0ba90c4b6083fb8
1481561522.343010260    300 27c5195add245b78f159d017d00ea4b2dc99aa15
1481561522.359452450    235 ebc8081b01a202335140c472398828e1ab623134
1481561522.359726784    318 e8394167f1e5312dadd9ee7b06c3bbafeb9b5e74
1481561522.362618964    235 3a00f21e9e6be7c76c3ad6895c466bb74b9ae2e7
1481561522.362808406    317 946be49fe6850df3b7acef587f6861fc232fe6aa
1481561522.375808752    418 3a1f7924c6d4d5dc111f0a155e9ae3e93d0750bc
1481561522.375972900     75 408806b876ba735fd1889baca89f874dab389600
1481561522.376413111    588 572ab3573ae87fc457ae2713100ff31c10857f91
1481561522.376870600     75 5f833c9219fead42429e992e4e3c59e86f9304eb
1481561522.377289078    444 62d18c318c8fc9401093c29b836021165628992b
1481561522.377772295     75 da333e74ba1add5b735dff36edf059ff68fe480f
1481561522.378195706    298 aa60f90e4ac7d17e3b1869c86058d63339991769
1481561522.378446319     67 2bc2a266dc5e13dadf89a2155f617faf9a46aeb5
1481561522.379056978     71 1738b2914b729c5ae7447d1d12656964ba48e9f5
1481561522.379192727     64 6e5331ca4041871a14a11eb9b37879507b71a7f0
