1481289216.402182803    269 3b4261643a4464d7e6c650b6a2aa30eb04a0f872
1481289216.442442139     62 6a62f03b58d9c4cf9a7947a7954b8d697d640e71
1481289216.442622356    269 e5b36f5d9d3286d11015d13383c84944a4426e86
1481289216.445253064     86 81172c8853c50c4348686c1f65ac324f8b531ba3
1481289216.445421649    218 e3b291bfb3e4836a4417e31b28054479af03ee0c
1481289216.445779860    181 c25e65098d741205c93c0252e683b9ad58351390
1481289216.446360063     92 f827fd8621624e67657b5e04aba4d4144fb802e4
1481289216.446725126    292 726fcd76c2a683a0a2bb7e33b0625f7b02c72900
1481289216.446958499    136 e9e769b7993d83b97f9cd0cc2d6cc8bfb08d33ae
1481289216.447634864     80 f261616ea16f9fcefca407558f309aaa7a867192
1481289216.448036483    287 ac847cf87d19c51cf94acf27d50c045e51e78be5
1481289216.449292177    444 18a70569bdc854ca7f794cc43a0dacb04af7b9f6
1481289216.449688253   1083 eaac29ae5a6f840e105fa8613c7e9fc02b168e70
1481289216.451413060   1514 e18065b3b74268009f1740045f6ca4d9881dfecb
1481289216.451430193    396 491fdaf370a5cdd9c8ddf0c89f20a7e72b25d31d
1481289216.451845438    114 d120842fa5bb6b1fedc975787c28927a7973ed7e
1481289216.452248441    233 295641e8ea7b433f0a7c0963254997133d428900
1481289216.452317191     67 827d67d6b26135745ec09611224e3bf127187d48
1481289216.452722531     71 c390c5c9c71498fd0829ed23d475e063ae8ed7d6
1481289216.452760637     67 10470fbede6d79ea083855e04327691abde7b8b5
1481289216.453013932     71 b50458b21b40b6081a0d28207f9621a16b5a2158
1481289216.493805469    337 0ccc1b7ff3268d1f426c7218967e4025aac8b110
1481289216.531322238    257 592373d3e3bcd3ef16779ad5af21c883f970625a
1481289216.531894765    337 94ae06a1f3be0f62d7d70038023c4d627e33fb21
1481289216.556260473    235 a3efc6f65aa10baec796e5b1039cc9f9e582f6f7
1481289216.556500893    351 c7d006f5317f61e6e31719a83c999319db707711
1481289216.557081257    512 cb728d3e8476c00860d9cf5ebaf99687767563a0
1481289216.557224571     75 a57c47a15c624477b7bf23627f46f10bca94576a
1481289216.557603210    573 5a41d2390a10e3bcc4de592fcd074ab911370916
1481289216.559656360     75 9b240ae06b63298a792d5c129968b600a8cd6868
1481289216.560354701    629 2cc89aa208a30b661f9532147d2fb9915326c403
1481289216.560752378     75 e1529f2cbf2b75c49ff69f025ae694759149b921
1481289216.561535287    573 19793d44b9032732c75f200223be4602b572e943
1481289216.562126716     75 429fd3345127983d59793290b07fb9bfb3cf50a9
1481289216.562523978    632 45b7e857f18658e1b05a1533525d8dc96d12e25a
1481289216.562911849     75 260b62942080cb514b265cc56362b73da4f6841f
1481289216.563331999    640 abaed534287aab2c8adfb559214acfb34a87e7bc
1481289216.563708979     75 210dac498c2959f87be0307360b8d9ac612f8f59
1481289216.564120578    669 26a88b80966f6d1079ab9aa8034f415daaaaa162
1481289216.564545685     75 cc045097eeae9540403e3ae63ba927771188d5cc
1481289216.564886035    626 212a6324db06936c1c790da772eee23e5fd986a1
1481289216.565152399     75 f2cba4e0a438fad07bbd46c6e058b210e4a801ca
1481289216.565490295    650 e2308c45ffd6621eefbfb6c40323c0bdf3e6bb74
1481289216.565750704     75 f77539fd417b38fea052485a7cdcd122d3978ee6
1481289216.566038240    625 7ed0440c7dc1070e660739a957714e82084cf2bb
1481289216.566310583     75 b4581b29cafaa7569a1ac8aaa27598abff071e0f
1481289216.566597218    639 b96c96c66e3ea2c1a01decc8f210b5fe5d3e9d8a
1481289216.566722535     75 9ec87bca47b51b83b1343342472ecda7490f4031
1481289216.567130397    462 3e6f8bb60cbf2ab69dfbe45aa9aa9e6e0c2b4442
1481289216.567350371     67 64c41e73db6e7e26b4287ff5bea13fb85d6cc658
1481289216.567995581     71 89775372b93eb677129781929b7eb7242765100a
1481289216.568097775     64 64a9b01d0796aa1beb3dbc4c9c379e42682a1b43
1481289224.884703072    269 89e6c356898a559c1a9541b33c2f6ef621ecca5f
1481289224.895715311     62 219a7c969be2a2a4662a62eaae1b4f4e171c0a7c
1481289224.895869385    269 526c78db00cd9592caef1c385cd5da8dc8fe14dd
1481289224.896258116     86 553ff431fca6f25163e9f45897bb3b67fc88bb87
1481289224.896347107    218 ec4b0ab96c9072e059088abd1b9e524314cb6c7f
1481289224.896663140    181 be7e8fa739ce6dc77b5fe0328b7fc214d6bab845
1481289224.897262782     92 3c3e4a1e308c27f9cc17518eb9ccf3186b073348
1481289224.897634225    292 0bd5d6c303fe070ab0125b5fe1518b7cea85308e
1481289224.939248452    136 228592839ffa9d05c50e350e2824cbab9956e5b6
1481289224.941699112     80 2f657a87c671b403eabbe62f70f4dacf7b0acc45
1481289224.942241253    293 115a3428c43b884151f307922e0f2e6f54e6c65f
1481289224.943583897    444 80146fc5155479965bff198f1a6dd2122cab5f81
1481289224.944006775   1090 1a0052c0b2f357cb6fde8250bd94c292ba58334a
1481289224.946452788   1514 570664d643b734586d631aeb115f6ddd0b0b0230
1481289224.946461059    430 1806b52f3d5145755e69ab5640909c383be66f1d
1481289224.946850667    114 afafc218b844f60451a5bbd7e7581edd9af7e92b
1481289224.947165659    233 0ad782ad844e0a4eb50cd96eb3d76b15d9b43656
1481289224.947250175    381 3e1d351e487efc22fa666337187f8818a56b324e
1481289224.949130396    516 3196d7d9893a2b7ed7691658960b4c514eb3f0b8
1481289224.951565636     75 a85bd471237f47da8fb544a9f4b0f90922cca3c0
1481289224.952118708    226 9b30367a77d3da6844eaa1caa1d8bf8240acab33
1481289224.952203116    346 653ce7c2b7e1f7832f4e3ec8b5b3e442b4c50394
1481289224.954391605    235 c372d25d4d7d6916ea917710a8a524b7ac2380ab
1481289224.954492600    469 d2de6da241fe5300dc23ea7fa16336c1fa688065
1481289224.955839830    687 f1e8df0cdbe2d36727123205a8c64046d52d2060
1481289224.955974503    492 a6f96bb696612708a7e47e443e4562ee04f7c842
1481289224.958235079    402 79151f5775a7d55a23b6224a3becda1e0008c3cd
1481289224.958498917    420 c1a8f766f79099d81105bfbe1128c3a0bfcee6d7
1481289224.960324734    286 b9bdef1355e977e4f0c77a41df9f6b251b128d97
1481289224.960412852    396 984fdc3659e0b6be30aa5ffdcb37289d10bee4a6
1481289224.961774182    468 c1c3966e6a8b0e31420292fa75bbc23a3f425ac0
1481289224.961950265     90 5450e2a0c4c716b50e670aef5fc698e92d048b77
1481289224.962278910     71 aa4bbb4ce552b6c70e8df5ac979ba0c1c300d262
1481289224.962317165     67 8f53afa45aeb10dc742aeebf900092ed335ad1c8
1481289224.963138702     71 7a67ad6714dac5b00f79e8a00776e8f89ffa7d12
1481289224.963675571    328 2cc2e18ba1f70fdbb72ec84af8d008bc6301e146
1481289225.015337268    235 94f2a4fe8c78985ea74b5dd56e1fb28096526675
1481289225.015580482    346 f9b892fe7caf9aeca3122667daf5c16b20257bee
1481289225.019767436    235 874d4121e1777b7534786e69a4e49fa108d60de2
1481289225.019976839    345 2f38b240c213427d5946dd9b56fdb5fe275ed1c9
1481289225.021143399    429 e2b8c9f3f4965db94af9f26d47912b33f8e8fe14
1481289225.021262825     75 550bcf7408a1fd7c8c356b3f64dd006860b0deca
1481289225.021508068    604 eec5db4ada6ac954e44da514ce2fa413cb094f35
1481289225.021908722     75 dae303d4f4d5c588967f6142b4cb244a2ec3e634
1481289225.022137601    491 85f0e260ce3e19fc34bf8f26f16a0a4254ed4f44
1481289225.022447821     75 ba189c4b082a981886ae84788f841fc670630b7d
1481289225.022682877    475 2a97617ad84563e8beec0504d23313d5ec48405b
1481289225.023054006     75 4647607640cd9cadd4b62f90f4e0c3c15aa79de1
1481289225.023281840    529 3003f01b3c813444eca9ff7c1165759b2139d273
1481289225.023607080     75 c011bb815ccdc0393b3cb7460e25bf445cf863d7
1481289225.023848080    582 57bccc78ad95a4adf7a1231ac2e319145011f863
1481289225.024167210     75 75a831ef90c9aa2dcc5822f4f7e6707ea73e2eb2
1481289225.024492535    581 f584979a39fca3df7850cc1056ab56a03d9ba22c
1481289225.024921880     75 d220cdd5e970a73f38e613b1d397ca8db93d7866
1481289225.025138682    580 9f39cbaf85d1bd2bbdb0dd6b41965533a4ae3214
1481289225.025453788     75 c733a15c85f40ad899a699a3764b01daeca0f53f
1481289225.025768454    517 0adddd9a417d2d5adbde8b350d4f5c32a2473e13
1481289225.027172122     67 1f235ff77a7678ff935e155b561b13e1ff3303f9
1481289225.027984332     71 912c04c694f9c812266ca15823c65961cb158999
1481289225.028203616     64 540f63de8d1db41272a1a889c151259f83741a13
