1481291750.027196366    266 2d239501d6d38b1db9d701ce3c32e2bacd35db17
1481291750.046477388     62 62cbb87d64c4969cc5cec2e717bb6940bb04ca76
1481291750.047976950    266 098d28ea042542757bea92f033f9850e7836ab6c
1481291750.049412450     95 5dbc7e350516f3e7db0df48c12732c6a9584f4ef
1481291750.049496995    218 a256a7822e289cf50608c780841d2c6cdc166663
1481291750.050986989    181 119e57239a280e4fa0218e51d3a0350bf88bde8c
1481291750.051589711     92 7b0c7e360e67398bdc18e74223d8edeb67efadfc
1481291750.052461737    293 8e9050cdf2c6dffb1a87eedc71201d4bb5026a50
1481291750.052736369    136 7ff249d4bea7abff279d6e55806b2d9f4e1ec8fe
1481291750.054984691     80 4c8d049fdb069a26de85ea269527072086eb2628
1481291750.055490185    287 c4043b181fd3cd9757026877ab2992f12664f973
1481291750.059836823    575 ec2b1dbb0c9e372b1c32a4ccb1930f51f5c0f6a0
1481291750.064022195   1244 71df2899bd5dd6f38285cfb83dabe0b78d41ca8d
1481291750.074463916   1514 19190857ee3d8c82d88aa3b215fc0334a03213bb
1481291750.074613872    695 8dd775b110141a24358994d188adb57bf8583f49
1481291750.107820627    114 43543816160c3328260058c5e63ccee85b60067c
1481291750.108726045    240 5f43ca5fa51e158e0be45130b3c46b6d79f7bbdd
1481291750.123962577     67 08249e588be8d10b26fc5665086b071348be82c1
1481291750.124803158     71 3beead771bd8643f6a13e206ecaacd00c8fc604d
1481291750.124888016     67 a495ff358efd2de909b1eb59676dbbaf9ac2219b
1481291750.126288688     71 0b2786b7b91d8c47e2cda5cb6ba8ddc32fdcf4fd
1481291750.126877941    381 beb056f6d5704a23367e3177f555af6a8295fbcf
1481291750.582263089     76 3b1910df6e4435133fcfb33330b2015b582efc62
1481291750.582383068     65 bc14bf82650b4a8b553dc2e3618944aee82888ca
1481291750.601690642    313 dbe2603537f9d0da0ed15bbe4b2aa20364c8399d
1481291750.602063559    381 40df238b58478a6e1ef461a8dbc1562fe1594c4d
1481291750.656128948     76 e30c6d79f617a35db53bd504281151e9a12988ee
1481291750.656271510     65 286e8791879bdac208b1c828135f91eb54698469
1481291750.657394933    299 0494043478c08fac97a25676a31f0ed6a18f574d
1481291750.657582978    395 1a13434365bd94ecd64415d9d1bef9bec9f9e025
1481291750.680346391    520 0687a19e7e5d39aaa02e13c0422ef56817137a75
1481291750.680692768     75 0c25a0be64b814e225fa783e050347aa9f326a2b
1481291750.681643834    580 00b1ab1f81389036349faa2b233bb830a353d01d
1481291750.681862557     75 ff35d5ce25ee3cbd05b8b73c869bfbb9d265b18e
1481291750.683215317    600 94e8f47358277baf6de2f2543fb1832a0c940d38
1481291750.683407443     75 99b9fb9c84abf38b478623c34ad8c2fecdd31267
1481291750.684694356    633 15b395b56d20d3c3568c4390e0290b8798593f3e
1481291750.685267534     75 e8442d781ed901304a5f83c38f859573391b9a13
1481291750.686166780    614 571a3f01bc512682932796703c987ef2a319472a
1481291750.686630508     75 3a92e7b6b79aac516496404ed5ba8c62e4e6b1cd
1481291750.687830764    607 ca847f27f30105f335bc31382c92e5458f169f8b
1481291750.688133912     75 4788918dfc0ccf2feab9d3230146e0d7b0060b10
1481291750.689419056    615 32b0e3ec498dbb2d6b80728a86dc9d866fbdb444
1481291750.689763923     75 1016b3ba5384ba092dab65ea407d672de34a0718
1481291750.691182235    615 c73e6e51c4d8bade8210d0cb03a048731a395827
1481291750.693230440     75 c7a8a9eea29fba8cd609ce7d1522b662fa9f5ea6
1481291750.694530143    546 3efe96057c211588599a52e6648e953777e8a65f
1481291750.694888508     67 c0f9d13ea6d1b4bf334465e44dec118e125f111e
1481291750.716758312     71 cdd82b4e919732da2895f4ea6c55792f835fadd6
1481291750.716974850     64 49b3097d34d453addbc2750d06facd7057a1367a
