1425384817.012845000     74 ce94f3e9583844c0c82764111566d41320cd766b
1425384817.012856000     74 3e22c0f572ca99c149c22364ae085bd81b910223
1425384817.012864000     66 fa3b45b595d6536a4220fe0b967d3509feb19406
1425384817.013155000    355 c386c699d55156d9db53d81669177137ca6a6c28
1425384817.013169000     66 d7b3e394e651e48f97824b1ee020b480e2030c4f
1425384817.015659000    158 8910b186343bbd25a3e4e37aa9a86b9686000e1e
1425384817.015702000     66 60d3d3419488e3bdc69b65d562953fd94152c14c
1425384817.015902000    587 973b71d85e9ded657dd880063a2130bbe21d02f8
1425384817.015930000     66 3a6eeee8ecd0351b0efa0e44b354525f035d7f4e
1425384817.018276000    276 56454c3d2cf504d2f7560e1ce91a77b439c3fe9d
1425384817.018309000     66 ae7c8e551c7c8f8e2c822b610503b6e84c28cfb0
1425384817.018672000    131 591036a5573d865a2ba76f7ec0e973935d93cc4b
1425384817.018700000     66 63133fb471d0395377763fcd2b820e9f082c103d
1425384817.018766000     75 0fe129636929ba057b3be6eae638583a82e8c6eb
1425384817.018789000     66 6364303660f979d14777139327d798a84a8c8c74
1425384817.019663000    260 c24dd1a35a78da3f36ef3408c1f475dc37e9458b
1425384817.021620000     72 772efcee469fdc0eea0443c37107d940f0941917
1425384817.021807000    167 0b65c37b4af22d0b9d7dd221c10ca9683aac3b2a
1425384817.021841000     66 f7e1f7eb581baab74f44bdfe50d2ea6d498a676a
1425384817.022075000    151 af9267c61560ab47e7a1258b6fbd013dd4ec809a
1425384817.022983000    599 9e270423d7b76c57cb5141dde177586076df36e2
1425384817.023534000    327 4f2373ab3db2f5d0d28ce8f8f4c9a1a972f36df0
1425384817.023868000    167 c439abf7a66520621fbab1899b12ab0b5bb03ae4
1425384817.024069000    167 4c8d4d7683fa4aac1aa76ca17734236f2dd0b8fe
1425384817.024161000    167 bf9cb4638de44d54de6ac26179b7e0ef327dd584
1425384817.024258000     66 8068688cf33cf37a1b3267bfe7394106f501f7fd
1425384817.024610000    151 01a99e317250ba4e8d0d415836d8315a51fce6b7
1425384817.024978000    151 7e24865565e791c5034b5b5763cf1c1163c1e7aa
1425384817.025840000    167 6a229f2eddcf6eb5e41d77fe5372f80821e9e01b
1425384817.026038000    183 7acafbf5a649fdbb98f1939abb3adb8b3087c978
1425384817.028309000    151 07e7429642eb67ab585756c4e61b171ffe4695a4
1425384817.028568000    167 df70657c9e5e093cba8840517537a46e252696a2
1425384817.031804000    167 7ab04f62cdf6c5381a7fa0d3c03858071eb87c1f
1425384817.032092000    183 125e823707bde03a4a8852a8e18f9b363b803849
1425384817.033202000    151 07df342de378cba0d6a0e7edf84cf002ee336a2d
1425384817.033509000    167 b8a04b761e990250342e68a3e5d93930c32ed128
1425384817.033548000    279 36b2be122c219c13454a84d3ec5ed753cf77ed17
1425384817.033578000    359 fea916e873528e85314c1d280be2d6bb6101baaf
1425384817.033584000     66 b9076cb38d1df90f3e23a16dd4c3f07b9d84776f
1425384817.043178000     66 3f5ba863d7c9166152afd8609ba08017a74ee30f
1425384817.043525000     66 711cac0c67a9318526cef403ad4fd339d65cb50f
