1510160586.619916938     85 2eda00be74a7a549ce372d6556e6b551502f52be
1510160586.719993337     85 f2417a281b8b764e554b20d998af9121fe5bb38b
1510160586.820193056     85 c4b76a9f11f933c6c9a4fd2c41e906972a50342d
1510160586.894920753     70 848604af9cd27030a17df61962a8b31d25dc36ff
1510160586.919695017     70 1e013eb8d4831ff0ebaeb87a89265ff9b6b91b9e
1510160586.920502847     70 7d71fb2e7eb60872348776fb9d13912181f6c4fc
1510160587.020340386     85 d7f923a2edb78bb32216090e2b0249b88884024e
1510160587.119904591     85 bb075a8446de1012ef299f9d324ac727e98afd56
1510160587.219934074     85 6834782e13b1fa0997c8af0c814b75a2787ba349
1510160587.319668708     70 298b96c02fe2eb521e6a0fde5b02a343c08cab3b
1510160587.320466677     70 fdaa35680a02b6c1157dbd51516ee2308890f2d4
1510160587.419954871     85 3262434279c0d200ff336771ea4e8464652219d3
1510160587.519745026     70 2bd5ae058c3024e735221ea52092480837839d51
1510160587.520485747     70 14428e908b778a1220e9d43f89afb4cf59540980
1510160587.620087820     85 f851816bf0801f8031006796a33e3de88b01e65c
1510160587.720167565     85 72ea5c31ec9e0d01a954f6399fac8ccc14d6ee94
1510160587.819865573     85 fe1fb77f825178ccfa7a064fffcac9ac463d3267
1510160587.894792869     70 d92359808efcc2c874d6afd323b14bd5bc147ff3
1510160587.919841005     70 eee3ab08efcabf1c879d935eb8accbbc11ad1108
1510160587.920500409     70 8f6b2d4798ee720818dccf9d4dd78598b86b16a6
1510160588.019865779     85 f5fc119e3007d4507c8ce614a69ba157c86550bb
1510160588.119941584     85 f857fdf0170784a32c8f82ee3ef36107480b0dc9
1510160588.219635295     70 1d4643dc92b71a085d94e44755506ceaee5e53d9
1510160588.220454015     70 ea84dc183eda56cf6f0c46e85a11fd53b656c88c
1510160588.319793566     85 2c77f452833083d211b6a6635d475eb534ee2d24
1510160588.419845868     85 9e2a7d143dcaadfc9c05e4c6eea673708e340680
1510160588.520056390     85 c383b01e1197b571c78f596859dca31e41afa049
1510160588.620089840     85 e01b1fea79264ec3befb9499dcf3793498fad8f2
1510160588.719824933     85 0a3d726ff62bfeefc4d1eb5a57f0dca3ddd4594f
1510160588.819795973     85 83e987f155893ec7b4fff49f1d0e724675b7dbd9
1510160588.894591866     70 ed3f555c6f2f582ed8ad45524e967a1742721187
1510160588.920166924     85 6bd23e3ff11ef506f2f249a1016b619ae1650ec2
1510160589.019674740     70 fdfd75cc06f7e66e492e60bb35b6dfa3ac0f6c6c
1510160589.020493047     70 6717c84cb695cb5aab322c7454e085f230499adf
1510160589.119986670     85 af2a753411c2e472cf2320a56d2f6e125c75b512
1510160589.219848883     85 35536bc4f599701a8593816c77de73972a3c73a1
1510160589.319743691     70 512d2b3b6f748357ce6c1d3665104ba895e76b42
1510160589.320354306     70 ddf4987f2812c6a12898bc83065519c7c1d4c28c
1510160589.419559270     70 29c9af6467d9e3e1a6ba60c50287c50994f4dfd3
1510160589.420362112     70 e85ecc0c757960db5937e2ef3d0cd97f97e8d5c3
1510160589.519925375     85 8ebc5455d8ddb8b9913862fb248bf33924778ebb
1510160589.620002479     85 12e09536f4decaecae69ca27f8e8f5a3681c573d
1510160589.719656093     70 1e5b507dd43c3f308788abb61b55e057c1b4f827
1510160589.720286805     70 f24f248f81bc5244d2045d76b35db56278997da6
1510160589.819959811     85 14c8464dae310908c7aa9594cb97bf971ff2e0e2
1510160589.894877017     70 4fea6a2401e1e5ee2fdf4432aea23947b4af0532
1510160589.919983301     85 d6b94d09d3e1be97c5c7fb7576677dbe84ff130f
1510160590.019786275     85 f6021c425cbee873a545a2fba5327cb87b6c7331
1510160590.120032813     85 e9b19ee2702d12e6302363a5b63571724ab8ac76
1510160590.219922229     85 56fbe58f3e328623534bd6ebee0ba4a3f73c4294
1510160590.319912768     85 fb5850df3bf46ff20755e715e23ae1c3d5932ed2
1510160590.419964980     85 d6bf764b87a965f94d607bc3a99906abc0ac59f1
1510160590.519626456     70 3e98b06bc62dccc776559fb4237fb33be49e5666
1510160590.520323927     70 1b2e7b993013ce38e826dc4fe0e215c8d2178ef5
1510160590.619669836     70 81b9feb47ba558e54b848f8ee04294f94ecb29ce
1510160590.620302350     70 e293bccbca7e214dca3e759d464048833e540649
1510160590.719674962     70 808d50f50a1e3221b708d210c796176b1dd20419
1510160590.720320693     70 5932baf4c59a37e93dbb188b1a7595d9b0d1e0c9
1510160590.820041573     85 3fc0de6361ce0702eb29e03a10b1f5030c1c4722
1510160590.894572910     70 164acfcc29c578d8d0eddd65d2e6b1ef76f189c5
1510160590.919981684     85 69701bf702b021563da24bcb8dd70bd6ab46468a
1510160591.019815367     85 754c6be10d71d27378c2e156e454219fead08b14
1510160591.119648518     70 b1cc87eb92f0e7dcc0f0f772eb1bf9bd1b9a2683
1510160591.120286053     70 a86d5370cf8dda1c089c69d3b2c0c6cf42153f58
1510160591.219860823     85 e8c17d39c6219ad73f70219e83766415d5ca41ad
1510160591.319586491     70 c01bc2e4940e7fb4464f4e8e2bd6291902dd5cbd
1510160591.320210906     70 0edb82f7f2b2399e76e32d1cf7de0aac070a8604
1510160591.419869689     85 ef4cf67f73b3da034272bf4e413afa6b3054c575
1510160591.519992713     85 e5aaf456d7ea5f4e658f0332b3cf0fea5b1f0a6b
1510160591.619896544     85 41af010d51b1b966b8dad03402328f4bebb2911e
1510160591.719832172     85 be545003dc542f256f4869bd2767f9e7f4189f7e
1510160591.819724742     85 202a796cdff3de48ae22cf08db76142afb979d78
1510160591.894778320     70 e1b2f3fefab0726d947ac30658e54cf76555edb1
1510160591.919799255     85 d612ce4456c7a2b3b3a633dc377af9081e3ffaa5
1510160592.019593028     85 34371d7427f9dd2efbfad114303bbc07cc1fbfc9
1510160592.119994656     85 bf2bac27754e2d615a41199893ba4c550570c343
1510160592.219535994     70 42e4cf7fc7be55001a7ef0e9c8622455cdb10c36
1510160592.220246891     70 ab9f99680a3cc3d8efa7d25dfe898ad27842e7c8
1510160592.319932803     85 3911984ff89fc75e498bc0ebd6bb4a410e5861c2
1510160592.419819470     85 d84ffc107adb7190e7e7339ed0c7113ad7ae72c2
1510160592.519830682     85 b65509a0675a3ab8c9bd92e62d9a1dfdfce4daa3
1510160592.619886200     85 3fee304a4337170be0d4fa27d3175e1ee37dbce1
1510160592.719510733     70 35885ffc149ca201f7caa23ffd890ee2f44d70ce
1510160592.720166915     70 169656e046259a4739b2026e6979ca0298aeebb5
1510160592.819604313     70 9dd24fdf7e5cf3f21c666d8ab356482d12176970
1510160592.820214284     70 50e65060e240c3bce6d33eade5e46e0530273713
1510160592.894439555     70 89a259c2398f1560341074e96fdf55a6805a51d8
1510160592.919915138     85 b4d13a7d75bcedb04fbc058fa698bb35214f71eb
1510160593.018494227     70 245a1428955f781a8d7dd203d32736722e9fce96
1510160593.019310970     70 708815b16e303ec4d0824a54e7eca2f82e25c36a
1510160593.119566303     85 8a6219b3b0bae1041176f21c62d7911d901884e8
1510160593.219787970     85 38189d96b36d0fbd7bdadef64075e8090bb4f740
1510160593.319922274     85 8961d68a78d3a6f8c99fb99db6e1fd318e8b4035
1510160593.419790978     85 206d77ce4ea74a5235aed89c2275b905a07f2969
1510160593.519806580     85 1a3f09d367d62b00a5e71a420c1b9a4154619446
1510160593.619702617     85 79a06f52802067a8ecbd60234863b1e76591b998
1510160593.719492928     70 aaafa1dd403d8b87d61e1817804a8ddce9d48636
1510160593.720141233     70 f9e2938f4e731789646ea249d181cd343124ac61
1510160593.819680937     85 dbe7e6b307f0e964a2f4d54b9765a3830c0a3730
1510160593.894549356     70 083ba28fa3eb40467ad720e1616b99134742f8f5
1510160593.919653173     85 b0fb900ffeefb9987f3790c38019b12902be1902
1510160594.019602585     85 6739feea24b1411cabfe7d6430353489fafde6f5
1510160594.119830122     85 330e863cb2c7fd7dd3d9d00e7a90b0b04d57f08f
1510160594.219523185     85 32591d89969c70fc372c13641b95429fd51e202b
1510160594.319689461     85 0aca227cf867a970fc3009a94cde0b2ea0c64f06
1510160594.419724857     85 f2fea785b8541cdc91cad60ec1ed5467c2a639a8
1510160594.519858684     85 c5dabc1ff6f99d53482a6f29f9c94a30f2510683
1510160594.619754617     85 9481e61d5cb0a59653b929fba9be24e9bfe7f3a1
1510160594.719680712     85 86e5b7aa12f7efd6db800dd6e98c3d178d256b45
1510160594.819793626     85 d54fe3a45c3c9bbf493317aa37aa78be4660b5f2
1510160594.894455882     70 81ea658c0d32411e783434d42788596a1f264314
1510160594.919776146     85 bb17e5b82d91a392c1a5fba2c165295fe6894bb0
1510160595.019591036     85 f9f6740ad56aec43b9422528b2577f9aca3bb783
1510160595.119822341     85 562176ef552d7ce2fbe2998990cbaf35f53fa0ce
1510160595.219655696     85 8697a1f1bad061bda58937e604f7532e01c20520
1510160595.319664959     85 69565b10b2e1af1a7c18a043f5703adb143efdeb
1510160595.419755771     85 438113ee6c6753c2b0b9433c3df1d1c1a6e64fb5
1510160595.519566490     85 09876d52d40023323a2c74338ef4e72c7376e235
1510160595.619390855     70 b79e257b25a709ee4d56a6ea9af227b80104ea8a
1510160595.620023342     70 bee387a1d162831ba7778871046252656f28750d
1510160595.719401573     70 5c12c2a6dcf9c410fd2743e756a4b710c2c08e3f
1510160595.720050175     70 0391e5c34d8111d36e6e425ab2482258327d47ba
1510160595.819627290     85 2ebd4d6eb7ec005832cbdb84b4c56777377d7c2c
1510160595.894386623     70 bbc004ddf389bfe0b652f3cf527f7ba79888e1a6
1510160595.919594392     85 368deef937def821cd263001a8ca919b5c7db019
1510160596.019399210     85 f186f96f60e2b0685a67aaeef31f2ef097443626
1510160596.119264098     70 9075d7fd869dfc199f2f8d3258ab0ab02eee3128
1510160596.120061385     70 d042ef4d2467ccbdd24850ab18b616f0ec766e9d
1510160596.219622083     85 f61c58d127711ee68e9e1a3c66b365a05501d88f
1510160596.319746281     85 69326bc8bd3d26637ddb549a2faf532492117d9b
1510160596.419652209     85 85ff08cfe87dd5d633d58b29d6969724eed47903
1510160596.519591849     85 9628ed76de97cd5393007bf439005e299ef469ab
1510160596.619708825     85 996515c39eef42434defc67b464113ca63ddc6e0
1510160596.719742552     85 ad261022d8ea8a500e886b1ff53a7bbda969844f
1510160596.819602291     85 1bc9f4f99b7bc79a26fa1addb4dc6792f95ec8f4
1510160596.894454641     70 410c5adc7e45c2970deaf8ad4189c36f390c2502
1510160596.919548014     85 99035bc9852dc02692c253dfdd2ba8737787ce1b
1510160597.019367928     85 837cad9141b5e97cb80969f6aee43555675f27a9
1510160597.119610924     85 401bdfc7299d1284d6a09dfee547d069541739ea
1510160597.219222903     70 53936d2ac3c213a8165f96dcf0d571402badd506
1510160597.220032674     70 a6177c36beded12541c65bbe29f64b34d4694753
1510160597.319589334     85 55462e7c933b62fe604394dd6642e61bc393a4ba
1510160597.419632966     85 51ffda9b2cad53835fc59d9cae2be00b8ab6e0eb
1510160597.519352873     70 6567c9befd3e43db1ac00b76d5523942873d0fe6
1510160597.519981563     70 f62c6ad6e7beb948c548a50d355d944ab6a99c0e
1510160597.619317161     70 162e887ff5bdb6683ce9a4e1968870b9a2399f8b
1510160597.619980749     70 5945eb614063e820936557320df5659c9e83c967
1510160597.719459372     85 0bc48f92484b3adae781d16316b85f3df8235350
1510160597.819324299     70 eed2aa3342f417a210a0699fd9cee9d96416a27f
1510160597.820070345     70 0804b7bef4793bc567b40934cc116cfaeff541b6
1510160597.894546248     70 496c0704e04da77aede9e13e0bc767e17ba5f4df
1510160597.919597437     70 a5b631962f7cf29e971cd1d2b6d608aee83ba29c
1510160597.920224077     70 84a81a268efaf04bc55c378e18de4b33d7865b33
1510160598.019349885     70 d364afaaeb8ac8feee702a7343b57cbac7b4cfda
1510160598.020166851     70 5501a0f17094c25fcadf275ce04c5a60fecb3f81
1510160598.119959565     85 ae03a0fda4c1f873c9ffd884911975ac09183183
1510160598.219426844     70 a4cc0b533e79b8090c24899d92053bb48ea29866
1510160598.220226779     70 7dd532fc8adf7ef0b3a81766f1659913abdda4a4
1510160598.319902218     85 9201c65a0505a72199a2ef816db91dd2404d5a97
1510160598.419523852     70 b99d77be7da1487d8d5a54a87c6b97d0f008d31b
1510160598.420333255     70 a3100c86280ecc7d33d19546e01e54d702285811
1510160598.519880149     85 805bc18f41700164e8c8549773a4bf81ebe17e3e
1510160598.619921635     85 fb3647d31db2bce138ce9c19e20b45fcec71bc07
1510160598.719575135     70 e2242a606d4c49b433975fe5b6d23528136705a9
1510160598.720211489     70 63910d7148de9d5343599029271b932f5accda5f
1510160598.819627138     85 a1aa232af579565d483e9fa86dac31f93f01a544
1510160598.894555771     70 1dd2a91ab6713e5aca8af33cf9c467c627122b81
1510160598.919825597     85 4180f0159d163f00333560cd067b2fd0fc5d9a27
1510160599.019546604     85 7693559bd1d18a619ca3b96ff7400cce98cbea22
1510160599.119536988     70 66d80db99ac540016bfa697b1be766b00c57ce51
1510160599.120156967     70 91f51b14792bdd5d09e4b89ab588acb1ead201b0
1510160599.219570757     85 e58ebe6f08d5f73b0c624bd1d058b52f2b181c38
1510160599.319704643     85 fe490a01d476f6c3e26ccc9100a8ccf6471b329a
1510160599.419637268     85 1dd3a11fb38916d1f65f57bec6270665c4676a7c
1510160599.519334165     70 13f24fa869d8ff25448fc9b5ba9d0686517fca97
1510160599.519957920     70 6970168576ac7556cc548ceade8c3d3cdc6c2d0c
1510160599.619497507     85 1d11fd790593574e76d67dd3e4ad5b8e5cb592ae
1510160599.719518726     85 65695089917d775002af02dff2239b63a497f2da
1510160599.819283966     70 06c6330c427e1785e3f803276bebc41319262e84
1510160599.819991506     70 58059c35c00123a0cc7fa2cac5b04f7900d353e7
1510160599.894330821     70 1b61b792341a414590fd0edd13f9121c0b985767
1510160599.919412969     70 f1b97d5499f94986ff9a46355edc2138b10d037e
1510160599.920021925     70 3f78e12215678016f9c90aecc01ec33ce02833d4
1510160600.019715366     85 81d4f91d78db7d752fbe082c62dff2ea90232bb6
1510160600.119891802     85 ac00ea2cd85db22a95e89a0e4bffec8e9d154282
1510160600.219757813     85 0ac36314c2e9d800756bb8db2123567dc5deec21
1510160600.319715622     85 ea4e81b9f919ef50cc63fc03be7b7dbc22db2567
1510160600.419761985     85 d21e93840e028cf4aa5af51c30bacb73c1693666
1510160600.519569343     85 4d73ba5e026c78d36d4cfe3224ab64da41fde110
1510160600.619787987     85 9754642faaa15ccff1574dc5bf2b6a4adee26ef3
1510160600.719592943     85 b2eae63b3be0d63d374f61ca3571a0b3e871d967
1510160600.819580622     85 6d96e4dddd68d250b0e2abda7d77c54028ac20da
1510160600.894519793     70 ba4bb2d8861dd692376aab5f4249ec92b84f9741
1510160600.919700098     85 c3c665364d8be0a307232f3acc560a9fbaffb0fa
1510160601.019458790     85 c75d73c1ea46ddc14d1e9c4b75bd1f79329341ef
1510160601.119361250     70 d739bd6eb71b744af56813df81e6e321613f5a5d
1510160601.120084093     70 3a139fcf971fb898afe13ef5e88132a06490a629
1510160601.219543873     85 4ed78998b686c469f899adb9c7d959816077b857
1510160601.319325594     70 ea4dbb43f32ae2e8eaa7dfec3d4d029dd89538be
1510160601.320061384     70 1bb7f1a5c03a346d46cc50fe96867739c56cdf33
1510160601.419770169     85 e39da39cda68e2cef38acb8272a3508df73f66cb
1510160601.519756101     85 d32f1d86825523546345800c48e3654cb016eb59
1510160601.619369831     70 770fa1da87179d2a6f54d04798f291d0ecfa925c
1510160601.620081898     70 bf78f056692c9ee1a5d7021222e74deb58797eaa
1510160601.719240271     70 49b0a2126e863c0fda01875df3e5093895a85e87
1510160601.719937289     70 84b42fbe3a5dbfd360f34524e0451311ad3257a6
1510160601.819623429     85 e56395b934ca38627fdeb632d10b7235f44b6270
1510160601.894367502     70 a30a2116677728bc8adac2c5ce49a4e91bbb59a9
1510160601.919506969     85 3e7d4ec9eff5edf0427daf5585d39c5690c29018
1510160602.019451116     85 d3824e6aa9fc7a2185d29b7547920ac48c07f2d7
1510160602.119659206     85 1f52a2190153ced451f2e96534a54aed7ef54675
1510160602.219463032     85 aa4cb95379feaedae9479ef430c8aeb8ac153a5b
1510160602.319078011     70 bda551f3536157a4eb97d82849325c4936202195
1510160602.319796592     70 e0ec101869317fdd0447ccb975923f9049754eb5
1510160602.419238321     70 68372316f7fdfcd4ba30f0c52a1ebab846e6c721
1510160602.419921374     70 cb6160fbd232297d7ab0d67d22ce7fd2426d579c
1510160602.519161278     70 9da7fc5cc27688f9122ae6de52c3845afe8f0bdf
1510160602.519857258     70 64e3bbc44196075ca274fe44fa063a5fb78624a3
1510160602.619643163     85 4fd79bc08ec4ac777a605a026740a3a364534e6b
1510160602.719409989     70 2632ca42d074fa5959cfaae8da7cbe9400bffd7a
1510160602.720092197     70 0e66d9c3705307ad4c459d39210c7a55a9f7dc2d
1510160602.819662929     85 05a690f32be45aeb6ef3a45fbaf1fc3e7f979864
1510160602.894381502     70 e2cd7decc4aef185fd38576149ff0e8a2480b571
1510160602.919667304     85 bc00ccf32374d93362c550e1f7d4fd2b692390bb
1510160603.019171847     70 3e9c3677f1280529a759dbe9e787d8099b35a4e7
1510160603.019994133     70 58a188a710db5ef19fc00f1306f68d04a141fe90
1510160603.119596031     85 34802afe3f31b4e2f123c637659af672e881b1f2
1510160603.219508568     85 525ddb867252237f0c6d4ba5b746c9705616f6ec
1510160603.319482792     85 a4bc4b7a2cd4adbc95ebe15382b65bb740999ac5
1510160603.419114610     70 30e3d512e175ed72f231d47543a846a34aec9287
1510160603.419806499     70 5874381820ce87b946cd8762e68efd2dd29e9b96
1510160603.519384364     85 6745aeb5cb3be87cb88cb2b8f033cab30aee5a56
1510160603.619410266     85 dc04a6997d3fec54cd24187932670bdff0b92d1d
1510160603.719205700     70 8e414bc013be6e1ea8a7d503e5eee97dac8c6bc8
1510160603.719883702     70 ada2a7a9046068a13dc43f90244ce32ff1694d65
1510160603.819313138     70 c0b83bfd9bebc4537ee6825ed5e2454861828e3c
1510160603.819983951     70 be2010eaee2822718b6e4c59c9d834abda5d0a5e
1510160603.894059329     70 aa04870952c54ba12c2614154a18959eb744af16
1510160603.919235939     70 6412da79aa685676cd26d0f73750d32044fe8811
1510160603.919902291     70 dbf1d5430e99900322c1304a9d0b378b01b2e7ef
1510160604.019002843     70 0c37957bb0473468bca239650862df6efae27e62
1510160604.019823861     70 007f17ffd786ec53f7dc9233befaee0ea8e1537d
1510160604.119284058     85 833fc13bae56c3be27a46cf026b36aab849e1e82
1510160604.219234847     85 0b172180d36932b6a23fec9beecacf033bab8c8f
1510160604.319021667     70 206f26b9ce997e87b677445a1c4b977a93973a16
1510160604.319722458     70 c6cd8e2397efcb133c0439b32f9dc36de6092c04
1510160604.419144125     85 a329a0c14b854a31526bea33c5bbdfe25510b317
1510160604.519143653     85 680e725373c3935a08e0c59ecfbcb221ea30c240
1510160604.619186581     85 deb7eec2ba4d01506186af40b699f36d5f6a66df
1510160604.719275363     85 d4d729dd17181588a2e7733f98cf1757dd9d0260
1510160604.819085063     85 1deb5b81e1dd7792cf4fe8fe8d656984848b1b0d
1510160604.893832487     70 bdeba2ebd21f39ba50deaa241438caa859ef8660
1510160604.919072093     85 02129b8c2a199c2752e0d71696d08edd94a1798a
1510160605.018909878     85 a6978191b4d944b27323669a1435af6c1e0344d2
1510160605.119088042     85 e62acfe7ae30be857d082ca650de10c9a07d1f34
1510160605.219015458     85 cc3cd85b13228ba962b7af7ba2717616089df8dc
1510160605.318846178     70 b7a168f1fea8db78c03b9f35ca08bafab70aa002
1510160605.319505758     70 fe913127162e8cdde2d69ec55b1ae8652a12a4a5
1510160605.419129422     85 2272ecdf8c6f3d767abf95a5417a2c5f60a34da4
1510160605.518837290     70 e6f12dd149e5616df8f326e31d95b7837324fd58
1510160605.519489784     70 5747ff184f5c5f210bcd8840e2a36c4c98e49180
1510160605.618946527     85 92c8b72bc94594f5eaeac126ac8b29c100f44781
1510160605.719159809     85 5f1f9e62677522343e869ab717bb68c817ba196b
1510160605.819018735     85 b27ff4d60ee23d08b8746a71dbc36fdc81da8313
1510160605.893998010     70 830e67e54748498f282304d6a190b219989c295f
1510160605.918856161     85 b9e1c8c129a6886572aed1d3e7e1649129ccaec4
1510160606.018960497     85 c40f881d171530d7014ffd108f2a9598a453b313
1510160606.119038168     85 5141f165f49a93eb0e1d773d47d9d49a7c204133
1510160606.219019415     85 fd569f6aded02513452907aba5e75851cb214927
1510160606.318761406     70 2e9561b56587b0b0851f2fa79e108a00abc75567
1510160606.319423822     70 e09fc3e598dc7f17689b6ca96edea39066bd6935
1510160606.418692032     70 94d5b6fb8de2b7877fbe314caa78b85402b7df3f
1510160606.419386145     70 6b7aff89a45a7b7cd3fa0b0e6255a3c218bc4147
1510160606.518489767     70 dceeaf20a3ec998ee34c80ac468b964806dc1006
1510160606.519160552     70 1795f314daffff7318ce260d05df8169b6eac94e
1510160606.619095681     85 809dab8a5890a573efe17f6a1a4803c1c036dd6d
1510160606.719105930     85 94fb51e9ebbead207a6d6e7d42908512203dd02f
1510160606.819131374     85 5e9b6e026cc4ca66687d70178166c55aa6e9b3e2
1510160606.893929827     70 b9fb6b227b1ab499d14ba7bb7cc3007427186ed8
1510160606.919156260     70 f6d328ba97459b195413c26cde8c3ba59a0d63b6
1510160606.919784661     70 0a6818e41e87484454e081cfd6d3261db9b5c953
1510160607.018888531     70 9c4cdbaf101fdc2cc5e1ba8cba5e6024d6b406c6
1510160607.019709473     70 8e536426f27d1b420b4c00ffcba9844e3fed819d
1510160607.119093405     70 5cd8537240698257a2fc6c6761d848b370c94c26
1510160607.119720297     70 14c630410a92fedb80eacfe1a6045a622982e383
1510160607.219210953     70 ff5f15e872e2b89b2458ae15648e1d7f3463bb29
1510160607.219882798     70 0f21acaa32da35d05cd75c0b73f1caca2f6bf55e
1510160607.319580096     85 851a346494d5791bef80c4815f9f48a7fde9c5c7
1510160607.419442711     85 bd3efc16c39b89c245978aac4e0c044f85febbe2
1510160607.519451393     85 87df525a4fd01785a9a535581d4d9330320c1c24
1510160607.619067673     70 f6251b7e343fa883a96c84da5c4c879b6e86adff
1510160607.619742525     70 f76172ff0befba9f6dca87c9fb684ca5cb5eb312
1510160607.719374606     85 9c7a35f07d574001ffef7da3a5816623e41a34fd
1510160607.819111608     70 a40a40a181764795d07d02cb24eeb2c89e914c07
1510160607.819741262     70 9f31c407ad4441490d390d342eed0163b86a614d
1510160607.894237711     70 8239b70b23826f9fce29aa841aa9af9b04eb588c
1510160607.919183531     70 80ba1f01205e7d3f43f6827de3302e3a83ffbb76
1510160607.919815060     70 e62cb06fb6674c87af65696ceced5262c93262da
1510160608.019276221     85 c8c34d1af7231875d4ff5be104a27107a9c6d358
1510160608.118891369     70 9e5f7cb9e5e6b351d8959f201b115f7fa7a05676
1510160608.119704540     70 0a96e802b35e778fa8d9bacfa776bb4c1dcce1ed
1510160608.218981407     70 70aad2734a88ec6edca8f26aae7ada1be055e35c
1510160608.219665149     70 fc0c8fedcbe643b2d9878edc0a8ea6319a6014df
1510160608.319045003     70 97296a4601c8cb2972de653f515fcb3608fbd8af
1510160608.319729223     70 d466cf476fc9a6a396e6df09037ff0e0e1d39f55
1510160608.419203443     85 97e624d2bf7007f809695891a81a713ffcfdf2c9
1510160608.519074364     70 5509f03534bb69e1d05e3bc87b5dd17b2b380f08
1510160608.519707024     70 748c0659c34befa5dd67c9f42fd13a0d18835b28
1510160608.619078315     70 1f297a55204147c2e1027ceb963cc32bedc02760
1510160608.619709698     70 8a99275af13a85d4cac29d01c32faea20ea7ee6a
1510160608.718993955     70 55be5b04d41f243bdb90a749f36e2b9d6e2b8b22
1510160608.719681786     70 e7ceadfccde89fdba53abcf8d04d3663c13dcb9f
1510160608.818925735     70 fed21dc3c60f88748aa03b06a5faf17f62dfb0bf
1510160608.819607758     70 d9e5601bc1ec90afe6cfcee835e6a36dbee61fe7
1510160608.894041740     70 bd5e068a888123a2316f75a4ac74c3e8085ded69
1510160608.918842148     70 0d4456019babd5792492fe0aff5814b937a1e373
1510160608.919669300     70 f234d00bb7145f85db374fc361930fb44baa5e72
1510160609.019093458     85 16bbb94cee6dc3084c2be43e81b4eca7b68f385e
1510160609.119160873     85 91933144340226cc0ff0ec391dcdaf395e74f096
1510160609.219050388     85 621989dab124ba09bc7139d132ed75ef53c895d1
1510160609.319062504     70 ef8dba48502e7883d1dbd35761502cf5f6f1be44
1510160609.319695323     70 1bf0f1d227baed51e7863d22f2511dc6e75150cc
1510160609.419322505     85 7ba250043b6471a3dbb439389c98d9263e0af34d
1510160609.518989125     70 b8ab186f7331f1a92b9f84230144c106b50e6e76
1510160609.519660673     70 c3a6fa5cda9f0c2f0cfbc36f13c774e67dcb1f9e
1510160609.619043581     70 149ecf0a65282ccc598bb9c0aaf33e21bde093ec
1510160609.619680173     70 87db25c0a7ddefe464645cd419af4e6ae0588fc2
1510160609.719172905     85 894b1278125e948eee4aa4872dd2b5dd89a1c9cb
1510160609.819183555     85 6446ba1d618602946ce6c11fb826c65f5d89060d
1510160609.894002336     70 2c80d5c69dc30336cb9922faf6d31d286f18a97c
1510160609.919273481     85 f37b007ce9fb4bb38e516cfa7bc70c36ef3036ce
1510160610.018967275     85 085c394d2eb972d30f63a83382612edad7feb0ec
1510160610.118956349     70 8c2772f95453dcb6ee2fe149abec30ec2884a54e
1510160610.119597825     70 ec517115b207d5a39e0cde2f53f4a922850e75d5
1510160610.219211689     85 1b49ed3452c94cb35c2877b4974970b1aa36c50c
1510160610.318924448     70 0e1fd77df47cf076a949677ddcf9884333ac9b93
1510160610.319557994     70 b94feb4ee5f78a7e699e052b0b22088611f7ef82
1510160610.418925665     70 d392ad5df37ef65069218078fae1fc6f92bcc55c
1510160610.419558442     70 efd014bad1fda93eb4abee5702e8a4b61b4fe760
1510160610.519026221     70 7376420669fabeb656d7ce693fc38df902fdbcf0
1510160610.519652134     70 a935adb71200f88b7db06cce6572191ff1929822
1510160610.619298809     85 450a5a012cc1c210bad63d68f4c804a806b4f3ea
1510160610.744184885     85 de6af15846211b985554b7437c7fe43dc98dafe8
1510160610.843960595     70 77246647608921eb7678cc73aa1ee587c843de6c
1510160610.844589951     70 ef22e5e1bdc6113de3b51376604787c570121343
1510160610.918813577     70 d1f990a184429875dca81459dc3b63db93e73218
1510160610.944229562     85 9549bb2dd79d3305238da8dd042db76ee337c64a
1510160611.043723353     70 9e28a6a27a8c0ed272d7462f29852a94e3f55316
1510160611.044565861     70 6ce20e50d468414a1676c93a53409c12d367f2b6
1510160611.143955345     70 43da63046eb301207e6804f7a37d358a4f5c4468
1510160611.144574734     70 c82d1ca937bb7f6090153257e54758341b3fb952
1510160611.244148805     85 12345c30500134b0efc0205ef96ecbe64ae5a63d
1510160611.344259476     85 125f479ae88ab9323eabe1f2b93e7b0cef8a560e
1510160611.444225434     85 447448a1eae13ac2b8d1fad87c7d5bf50c5b2735
1510160611.544143533     85 44b752f1bcc233525ed25f2adc18d54f2164f8c5
1510160611.643808452     70 8b05e3bffd7e98c7a629694e95f55897c9f185ec
1510160611.644473788     70 74f73740ca249d91f65b38dafb7017cd87fdf76f
1510160611.743915935     70 1a9d364c5efd970899f7ab1244629837872921b3
1510160611.744529774     70 92e8e69107198c4e7d76b02201f87a48acf038ae
1510160611.844119010     85 f61e8b851304acddff715bb8f7369d7d0c0bf33a
1510160611.918620089     70 f131507a0ad1efc1ff070fd2987b153097446f56
1510160611.943883436     70 108240d4857aecf338cc390839cd88ed7b1ce98d
1510160611.944512744     70 0f63e0f3e952cc148e34e95cf65033eba8623a3c
1510160612.043447801     70 c7e4d0a6c01694f7c4bd86c132ebcbf7c27aedf4
1510160612.044273584     70 cea5a96181282084fd7a35cc28ab7088f0e97ad9
1510160612.143813462     70 3449ec44ca41658691bd16111c28f60ff0aab0dc
1510160612.144461582     70 237165142299c3eea944d49f534be5e1c2cff7df
1510160612.244167975     85 0d155ce862112d188b44472cef1f7e5e6bc3ed0e
1510160612.343946336     85 6d0a7b1e850f6866c607de44e8968aebfd30ca92
1510160612.443835985     70 44ca06b0ee57c7611c3e6945b898b1a5a86a0123
1510160612.444443589     70 50281d6a2732d229e078b4c9ebe241b2778553dc
1510160612.544163558     85 c54f2c160b8ce45c2a47129db0c705ae59b3fdc8
1510160612.643957878     70 14ae2b59e3269edd777622cb9986f6754473b426
1510160612.644587377     70 b6c3191b296a80972446ec2589218cbc5709450e
1510160612.744168975     85 fa201af82e0cf6ca484e6b8629188d593f3b2dc9
1510160612.843850656     70 5701800705b438ea3f16053db17a2272cc3b82d9
1510160612.844546384     70 94ed74869a2fe197efedcda64da8c9b6410989ac
1510160612.918816733     70 d3e062751222a26ec7f8fae0235ad5105546eaec
1510160612.943978481     85 aef1aa361233a692ef27ba6a29e26cee19541067
1510160613.043684605     70 91ac9e8dc03bcb612a097eccdbdea8d304fdba6e
1510160613.044504448     70 4f4135a252ab426e54c2adb1190d3525535f9ee0
1510160613.143909556     70 2740d537175b1964b6c712983aef95a2674c760f
1510160613.144542411     70 fdaf61f9bdc32f868c195cf616e53409e51192b9
1510160613.243951597     85 4b52b309da24076323796289ca173b9aca0c255f
1510160613.343807607     70 a848287b7b401ed22b6018114746a2513f56085e
1510160613.344450217     70 0179363afe38d9b1fb57b21da0c779bf5291cf9a
1510160613.444005353     85 9b7dbfd4b257d27a17a32e4503517ac542478bb9
1510160613.568849296     70 cfb8cf13286f540dc6951f5188523fd959e8460a
1510160613.569461188     70 39d796177a4ab758fcf87be3372dff4a24366045
1510160613.669170270     85 f20a2817f20ccd58f4a989d3a4dd130273601c87
1510160613.769041003     85 417ff185e1b53b73a445755af54d29566e4a1851
1510160613.894008190     85 fa2835a241466ecd40244ce8cd0920edb88882fe
1510160613.918986647     70 4a6ede8778ce1f23dc13696f548e842a5f24b57c
1510160613.993959117     85 d21bd28476bb9e0f75bd39abfd39c2a4da7053dd
1510160614.094005262     85 46681a61afe1e4df51b5d500f5ed087a311bfbcc
1510160614.193724834     70 d9c8eded18d8d3dbf7d18d661fcc2404a094c533
1510160614.194358429     70 e02c24ed8896ae1d3513c6bbe9a9133736cc5e2b
1510160614.294269026     85 7b9cef22a09089ce614b7e5c123b3d7da75406f9
1510160614.393991306     85 eb788b9d5eb2d24440d2789ab758c8275e962f1f
1510160614.493755522     70 1ef6cc7d659c5c3db03b627032eaee3e6c34e4d1
1510160614.494390689     70 f4b77a4cf4ab2c9f7dec9def01fd112b9967b0d4
1510160614.593710278     70 3fdf785647dd7d5bcf37e76601b9f91869790248
1510160614.594348270     70 dc38cddce1bce2fde3328860728ca6440bc8e092
1510160614.693767966     70 009cdc665127d47863af6e8cb7c2720cc18b3175
1510160614.694379343     70 c246e984d5c48219accf8e38888550919d7ece9d
1510160614.793492238     70 69147698652ae665d67b64d9f0208fe0e6c8e149
1510160614.794305875     70 9345f924d21e55c2e2bc8ebd98128afd4ee9888c
1510160614.893953348     85 508735cf3a4db9c9d78e4a9b6aa35fab25449190
1510160614.943548862     70 e6f39f8a455eb8e8ef5b54b185b96780fcc4a6c2
1510160614.993764089     70 e96259a9c63909d27af6d940a91dfb2228e8460b
1510160614.994391448     70 ac3eb15bb00ff5d180060b7be88569b610bd188d
1510160615.093070794     85 1ad99557f12c5cda71443c4e00207e329065b442
1510160615.193711243     70 4a82f6132c1af07307db40355590b5cf4cad0127
1510160615.194341666     70 fa80a30c4a398338c5de5741b821ab6da65b27aa
1510160615.293552088     70 65c0a3a001354f83d169a9bcfd68fde3c2560a0a
1510160615.294183011     70 94f6619bb90eced41589ad5607cc10494a828696
1510160615.393477634     70 65ffb61145eacc10959e2b53d3f20f27db32cb4b
1510160615.394278646     70 f9f49ad307391bd10e0312d274945b992276ae52
1510160615.518568428     70 ec9458f84cd174cf446592823a4a16cb4490d4b2
1510160615.519207257     70 723f5a16d3d602dd296e5994f1be7e0ca17bae37
1510160615.618504376     70 73abfeaf08858f3b5fa2765a54818a9336658a87
1510160615.619226162     70 efa158a3c91e4becff28febc9565c4d84a8727ca
1510160615.718588069     70 71d28df13bbaa1575b5d3d1567f341b025625824
1510160615.719218823     70 448ec2b9e3a0430493e1496f3b3d1f4dd11d7de5
1510160615.818618380     70 41ea32d76ce61f9cc1aab7ff4e76dd6aeede9aad
1510160615.819322524     70 6d59eea42ba65b57e5df148ffdde43e21f8bea3a
1510160615.918689804     70 8a3aac2da265a6dcfd7b61bf68ff60f37e5c1b8c
1510160615.919323357     70 c9c353a1ae65231078787ab87a04069f730718d4
1510160615.943556101     70 e18e23e6f687018c341f22d3bc4347b949c4e5af
1510160616.018762776     85 ce8ee3d395ed3ac6bc5d4a61d9034a0f730bba10
1510160616.118671651     85 b69b12ab84bbcc672146dcd29b981963ee403f5d
1510160616.218990036     85 2e3621ed40151d84051c900fad86a73f3d5de548
1510160616.318563614     70 4451e02c00419337ce6257a8b7584c31e044a569
1510160616.319283988     70 33c762ce4d45354ced68b999b32bdd80d5f65690
1510160616.418596281     70 96e78488cdbef4ce463e01b0eb6530fd9c0e6b10
1510160616.419313631     70 1cab2edd97ae10e6c2b38d06e7f8f730a80c2069
1510160616.543912684     85 883c73ea0c39cae03cb90df9f25894908734c44b
1510160616.643570222     70 2c8c553dd79550b62ae60a830924d493d792b1ba
1510160616.644220323     70 0db51a52aff31deb5ff7df5d7fe29aaeb010717c
1510160616.768590359     70 e43d3f64453db020ca8ebac557005479cbdcec57
1510160616.769230187     70 0958bfa4d19ab135a59174a7c6a8057793317641
1510160616.868779379     85 7b5ff058b3674ea3882fed4fb5353e1398a68925
1510160616.968897017     85 502a1453daa1f227fb7ffc1c738909d37632f51f
1510160616.969528829     70 11532c8d59359ba53985de51f5e418182ff731aa
1510160617.068813542     85 c2f1a1483f6a62624d5813d41cd5364451dda10c
1510160617.193830229     85 0c179d3ea7753dc990bd4f08673a7447841f9e1c
1510160617.293832807     85 7c9d100a21a8db1024133af6696b21266475be0c
1510160617.418749929     85 4120323598c08a87a97deb242a9d598a24428203
1510160617.518870817     85 f379dd1d02a63ad22b31217e89704cd2ac765e75
1510160617.618723216     85 cc6ff5a19f2ef2ae6d21833f0ac2f900c7a7685b
1510160617.718352913     70 47cdabde53c75ecd9837c20aab475e8124a7e1f3
1510160617.719179485     70 34134675fb194af89a69123c1ae5f85df2800b9f
1510160617.818275175     85 219dcc92224277a494da4b8931e75d897204abf3
1510160617.918475697     85 df23ee0a4b6e223781325aaf36cc2d3138314e37
1510160617.968135046     70 a01de93b6a7620920d8313b6e9769f4e566b9349
1510160618.018248611     85 0a855b6abe8df3b5812477749492112c6a5e1d9b
1510160618.118250995     70 2d58b21208e4ff88d85327783af62501e4c50666
1510160618.118950231     70 a70447bf221bb4a2e400ea0883eec807a70ed544
1510160618.218498390     85 86a616f9395f939260f6b098ea5d60a227a962d7
1510160618.318596989     85 7ebc4f9b9f5de4f4f0b7e9bf697bc44d249a1483
1510160618.418413880     85 14b9b3a3374493a01c3e25015e091bbe7eb4c9b1
1510160618.518492584     85 0787dde11a9064f6af901d4b9c75c9852d9a3d93
1510160618.618375127     85 d1c94bdf7ca1ffe55009f64b5abe8f39d61b172c
1510160618.718580333     85 a1969c3937d4aa1f88d8ddb97a149f7c47a5363c
1510160618.818555175     85 1168124917af6e253738d590f3bfc98b8eb21b9e
1510160618.918363468     70 3f67bbec03fd7dc65d561924ceb3c2eafc0c629b
1510160618.919018190     70 2438f365f5da4af9b2e79e8965df48ef38f58573
1510160618.968374611     70 fb20928d277a7eb8865afcd8353b18ffe5c6c7f5
1510160619.018005902     70 518566920b8fb228e205b8865217861a508f315c
1510160619.018820528     70 85b1f064dc6b3038631574a1c0c4b72c3fef56de
1510160619.118066682     70 d4f55386cd94371ee1d114e838b45a15662d4615
1510160619.118914296     70 009ad71c015298359d6c3a760e8023a713b973de
1510160619.218304158     85 bc0dc669f0dc0ec23a6f0a7cc6487b372dc7dd22
1510160619.318372635     85 4a225c7d371cb36f0837ecf0545ae88ad5fbaf44
1510160619.418280132     85 629a444f657c90fbb253460c213bcf468ed7cf3a
1510160619.518252052     85 a4e9b90c1ebe97bc7a35eef88ede0c80202ab7fa
1510160619.618319606     85 09424d3f827b9878fac121c0ea71fb2443fd6b95
1510160619.718083247     70 728a8497ae3f576c928526bcf693978886a924a6
1510160619.718803649     70 6c2f409772f3f842b2644e17cedcd18ec8c796a1
1510160619.818349791     85 f769b10ed5024681d467894713cb6ecce91eebf8
1510160619.918391764     85 7b9a20f8c3ce768d0e8bbe2f1bf452add2eca3d5
1510160619.968042203     70 4100f6c79573dc35945836bd652b6bd89b91c753
1510160620.017903162     70 c3c948c2340dc075ecd25d381ff186d2e9e87bc5
1510160620.018706785     70 0f842a09131a5146a91667f1d2b783f22ed34f2b
1510160620.118170529     85 aa30be7bb815ada97851e2f936098aab8b3223c9
1510160620.218072645     85 348a477ec88a3e996ef3de6caa02f07f8d13fdc4
1510160620.318345943     85 9b014b204a62c5ed6fadac4bb2e0cb3905201581
1510160620.417989434     70 47386186c546c5abc86adfe3799ddef645fcd73b
1510160620.418811624     70 a054712bb4e677adc6f0451268a49d92d76a9496
1510160620.518342888     85 12fa74f8b49f38f1033d2046ec7be16916d594fc
1510160620.618170465     70 8db3161d6dba82c1489040f42bbc2d505aba9698
1510160620.619022092     70 35c237679af5f6d60e00bd09a17951533df5bea8
1510160620.718338614     85 24c06480c6b0134c96af3b3264693d9fe57b9eeb
