1486546783.995231000     94 f40df89a9a37c61bd43f303a5a9730901540aa99
1486546783.995436000     80 c6b7ea54b18c672243217d9ed2fb2b23c2b58578
1486546783.996313000     97 7c9b473fa50e3494ee644c9ce7ae6efad035b3cb
1486546783.996481000     80 36dec139ac01cd119f41e4be855201a32fbc982b
1486546783.997311000    128 cc4f4fd8b3039a96eef9546dc8a0010c9f099983
1486546783.997469000    128 cd8ec920cf5279be387af68b557db7b73541ebdb
1486546783.997930000    100 1e1fb80c8c090b35288e62b03bc3e86a772d25b6
1486546783.997944000    317 6b42b5c110616c857b4ab63432382d99ac310121
1486546793.854541000     80 c7e0de10d8dea7f399fb3c5e871437e1eb0ae199
1486546793.854622000    122 c6d74f7889635e3d148d9c98322009c3d38c64b5
1486546793.854729000     94 ef1e9a4abd39bab2c6b7c0217e92a3a7742a32f2
1486546793.855026000     80 93b00b54e25b5eda2da5cdabe85afa70b113250c
1486546793.855080000    142 39bb6a1c950b936e50628a9db78a9423057a8fa5
1486546793.855176000     84 b2686d7c6ee23ccf41adbdcb512a74573220b034
1486546793.855261000     80 8e1c5270a5521123b917c59859ecb27c31601b6e
1486546793.855304000   7334 9339a207a2041ae3b309c234c69efe0aef757691
1486546793.857232000     80 3e468f58c2245fde40f0f5a7736fc3b5edcf6890
1486546793.857395000    122 1d4693ac38ae6434b656a49cd9ff32c919c2abdb
1486546793.857472000     94 689ef2f7a25c08883e04efc50538e76b16989c7e
1486546793.857657000     80 7a5dc451e64bd473941614978647ae80ac194477
1486546793.857723000    142 58717f7f4ce610ee0609023c68e61b20c88e77ce
1486546793.857843000     84 72989a6217f4b4a7f7d6fc5baf2d7e880d08309d
1486546793.857945000     80 2967e73336772cdc756080293ffa455f89d82729
1486546793.858013000   7334 19d89acf7e9220df2e6fcc6296db18de6c020da5
1486546793.858837000     80 47b9fe23ac3df8e0560f732c7ca2add8a402b5e2
1486546793.858881000    122 ced128fe29b37801b8ac2c72f5a26b22fde9b328
1486546793.858914000     94 d3d3ae06d33d55bff38ae218551dd78526e38b43
1486546793.859015000     80 f6c175ec0173c942d99215bcdd637c06a9b06a11
1486546793.859053000    142 77bb1658bced4e65232ab0f4371cf8a9fb417473
1486546793.859127000     84 8fe0ba0b301543f178737c4ddfcddb1e0eef8e67
1486546793.859173000    167 a685c61e7818ab1ea8f3e469c08d695a97fa7642
1486546793.859265000     80 7797353464dc7c8af33ceea947b51160bd2f773c
1486546793.859420000    100 4b2055c89018d4ca8d898e3f794f0627abb966ba
1486546793.859439000    317 1e2ed81e6cacf298cf53e3a86eae27cac0397ad3
1486546793.859486000    100 0a918ec8e410bf7c16140612c252242fc8727fcb
1486546793.859499000    214 60597551d245026a0fa24a84dd46ea88742771f4
1486546793.859500000    190 cadbcb8186e842a82ecbc39186c26b9954d6c299
1486546793.859641000     80 d2743cc17b81ed31e088ed98036b625218c82007
1486546793.859744000     84 0852f5e44570027f614432b93e8430a179857d7f
1486546793.859775000    141 ca4a36c13cef211683e1823c9d5d938e8e7b0758
1486546793.859810000    100 a5b6cf26a6201644ba696f1e3f76a7ee96bacba9
1486546793.859849000    190 624a1176ef39124c678ccde0b9708170ac31ee6a
1486546793.859849000     80 74ee2e08f783e1ff15275e692799c36bbff7d211
1486546793.859943000    100 d99880596164e2dcd1fff0cbc22f68e6cddfb686
1486546793.859958000    190 380b27e994656fad82c15ddfcb309bff9d84b8b6
1486546793.859982000    100 f774c6729b67e1e8895fcf8211740e6e1ebb186b
1486546793.859993000    317 b5a7a32651020617d90d7519a75686ddf25f954f
1486546793.860036000    102 e6ced60e35afe103b3f531eb2f4614cf2cc6c0e3
1486546793.860103000    192 ff38e9f6e8c62f56bafcb3b0b4e81bbe22db9b25
1486546793.860196000    100 404bac3c4dd0e52fbce9a58d33613b7d8dc79a6c
1486546793.860211000    367 cdaec05f3c7344f6b21414fa8cffeb8a377a4528
1486546800.747938000     84 8ada06f46d3ee604a8f8a6fd11339caf6c6c56fa
