1485536077.887113000    599 95495a426da4ce8b786cd806e1ce39fee473a0f7
1485536077.898057000     80 3bc4e0d48c31c728db3c39083625f456fba60cee
