2015-09-23T05:03:53.316274000Z	5bbab59b36bb1943ba16e7d5dd5ff1fd
2015-09-23T05:03:53.316495000Z	a2716bc40c3a1b657d41e06f121ee3ee
2015-09-23T05:03:53.316843000Z	0b36eeaed1df339b95c654c037712078
2015-09-23T05:03:54.271129000Z	7f483cef80e502a9563f9adb7abb72d3
2015-09-23T05:03:54.271898000Z	75aff99006b56696a0e9e112f06ba997
2015-09-23T05:04:08.330806000Z	4efc39319f687e71efe04828e0771891
2015-09-23T05:04:08.331025000Z	d92448fd016ac9e6aa81ec12e63a2a1d
2015-09-23T05:04:08.331205000Z	7a2bf02a65df34ccff002da34fd6a912
2015-09-23T05:04:10.928789000Z	0319871118e9d05443661b3f66314f15
2015-09-23T05:04:11.677382000Z	c58b20672f200e81beb23a93a3619943
2015-09-23T05:04:12.443023000Z	72d490af5f1cb6773ee24074ef6bb9a1
2015-09-23T05:04:13.210331000Z	d9f568b5871a0b03e632926cab8b4669
2015-09-23T05:04:13.210838000Z	b615605ee04c1e7109e5f939799bd66c
2015-09-23T05:04:13.211413000Z	4231393a6b7bbc581e5a3569158f8ebc
2015-09-23T05:04:13.211832000Z	ff97403339c81761c8fb67c03b841c4b
2015-09-23T05:04:13.212013000Z	80366211eef563d545e2def5d9a4fe80
2015-09-23T05:04:13.213710000Z	37aadd5802a879828d7ff819ac9f21d5
2015-09-23T05:04:13.975005000Z	b65cd8d0303e1686fb0e7c12ce013744
2015-09-23T05:04:14.725463000Z	75e59fc35228911bd93ec55bcf354f69
2015-09-23T05:04:15.491017000Z	3476898a31405481f1dccbb78195069f
2015-09-23T05:04:15.491657000Z	dd437bdd6db582a66bdb610c8d0aeb78
2015-09-23T05:04:15.492084000Z	6d56e1ad83925895112e511ee6e87acd
2015-09-23T05:04:15.492424000Z	2fe57e6af5167e067ec26c4251747de6
2015-09-23T05:04:15.492590000Z	5bcf30b500797bb320cf7e0fb8108835
2015-09-23T05:04:15.492969000Z	c379c4b045b59335404fe0882915d290
2015-09-23T05:04:15.493099000Z	96cbe65e96c58d2a5bfc40036589577a
2015-09-23T05:04:15.493595000Z	1265b23002a6968b2aea39c1e627d32b
2015-09-23T05:04:15.494566000Z	eaf1f10d52dfaca62a3b9238e17e6847
2015-09-23T05:04:15.495483000Z	3a17a497b3545d1dd07196aafc77094f
2015-09-23T05:04:15.495798000Z	21954c46bffb556f5bafebd1ec637e08
2015-09-23T05:04:15.496321000Z	02fe5d282f1e31246420399f69bf2372
2015-09-23T05:04:15.496383000Z	5d61410894a4fa34752051ebc4fc5d89
2015-09-23T05:04:15.496505000Z	9660ac9b967fde083512387d33a9466e
2015-09-23T05:04:15.496848000Z	2311b54902d81bcfdd1ee6a84b68dc03
2015-09-23T05:04:15.497477000Z	d6378cd690822be72faf97f8125960b3
2015-09-23T05:04:15.497611000Z	b0dcc702406a5061c083210f02bf1df9
2015-09-23T05:04:15.497935000Z	05b1d2c46bdb8c247d492940eaf03e8c
2015-09-23T05:04:15.498208000Z	62cbad2fa2295584ec8dda2d662366ff
2015-09-23T05:04:15.498331000Z	324275eb2e48e903edaceba9b7972c57
2015-09-23T05:04:15.498915000Z	e7cbd6019cec1100454eef083369498f
2015-09-23T05:04:15.499152000Z	85833313db3f7d890b8c357416396737
2015-09-23T05:04:15.499276000Z	30c6f0a9610c969ed25ddc0f4fb6cfb4
2015-09-23T05:04:15.499479000Z	e621818bbb7ecf8eed84d0fde30b8974
2015-09-23T05:04:15.501386000Z	98f9df8d1d9b26c0e19f44f4e572cbbf
2015-09-23T05:04:15.501956000Z	e3fbbc7fbe9575288b91d7866d87878e
2015-09-23T05:04:15.502053000Z	78a9aaed57192e84fe0971cc5006e6d5
2015-09-23T05:04:15.502415000Z	0c8935ac62eb267f99d62195e471b3f4
2015-09-23T05:04:15.502415000Z	aa9d94e7cf23343d51a6b9ff08837106
2015-09-23T05:04:15.503138000Z	ae0ae6ae2b80f20b8873e33ac0cd1d37
2015-09-23T05:04:15.503938000Z	204b5afa5cf765cd430d58d7c1bacc03
2015-09-23T05:04:15.503938000Z	2915dbf0a9042cf3b2926ac722c0ecee
2015-09-23T05:04:15.504318000Z	0a78d58577cbecc15ccaef6e09735366
2015-09-23T05:04:15.504790000Z	b96f0dd26ee97172464e2d90e4d051c4
2015-09-23T05:04:15.504790000Z	f9d1478303b45a9c9bf6cb87678504aa
2015-09-23T05:04:15.505037000Z	5319eeaa87b16367f6f2567b7f51b218
2015-09-23T05:04:15.505407000Z	24d32bcbf21862582c5101e48505fcb5
2015-09-23T05:04:15.505409000Z	cc526bbddd4be5b15f8c50fff8de73a2
2015-09-23T05:04:15.506096000Z	039d5c1e218be536e2e0d292b1678cf1
2015-09-23T05:04:15.506537000Z	e5cbb88f04669700469f92ad853f65f1
2015-09-23T05:04:15.506538000Z	90ab43f199b56afc0f3dd3ec21885759
2015-09-23T05:04:15.506693000Z	065b5ea72724fc45006dbd887f3ada70
2015-09-23T05:04:15.507490000Z	6c76515b70f0c365b90764d560841329
2015-09-23T05:04:15.507490000Z	6421ab23332cb79f638b16b7509ed77e
2015-09-23T05:04:15.507977000Z	2551ad15f168099c9b7135ec8d4e9ec4
2015-09-23T05:04:15.508556000Z	10e897a9c684cfc787f1d0275ce94a99
2015-09-23T05:04:15.508557000Z	8f435b55d0f9c03f585cb50c8a2282a4
2015-09-23T05:04:15.552335000Z	c933f9fc672e526e4f74b81c33c618be
2015-09-23T05:04:15.552432000Z	42be62bdafb755eb718f472d3e93b8e5
2015-09-23T05:04:23.346782000Z	83d47fd08b245dfb018559474fdc6793
2015-09-23T05:04:23.347102000Z	b8897682b6090a8d3e3acb856985d7cc
2015-09-23T05:04:23.347148000Z	98d5a8e707e6c9c10b1d856d9a4d7631
2015-09-23T05:04:24.286727000Z	a4aa82388887bfad542e0fbfbfbf6f6e
2015-09-23T05:04:24.287344000Z	9bee8a070a25c62f7fdc81886d5b3eaf
2015-09-23T05:04:26.020276000Z	5f6961f251f59574f945848110d58de9
2015-09-23T05:04:26.020575000Z	691197a505d8d5dedc5b6441ab4facbe
2015-09-23T05:04:26.023132000Z	b33da1735b526f7785735fef61e40f24
2015-09-23T05:04:26.023219000Z	0a92f76f6cec97b340e7012d42953f7d
2015-09-23T05:04:26.023387000Z	bce84408d0e8a6e1b939c5c45b518f74
2015-09-23T05:04:26.024008000Z	74c9343ad9909187f32c69963833da1e
2015-09-23T05:04:26.024362000Z	72a802c613deaa25db2cae6969f37571
2015-09-23T05:04:26.024513000Z	f18d525322f35408aefd3f9da5f708cc
2015-09-23T05:04:26.025796000Z	d6434f2ba900e1a5e125e3fa65f9f776
2015-09-23T05:04:26.025940000Z	bd84b6025e53ae60b8a58a28d35456c6
2015-09-23T05:04:26.026173000Z	64aeb3f8605ec30cddc70c58bfb54d27
2015-09-23T05:04:26.026362000Z	5bff34d0acbdc5fad71aa5e9ec9a8880
2015-09-23T05:04:26.026490000Z	5558b96ded50d098b51c45d30f499c70
2015-09-23T05:04:26.026655000Z	82342d27a1de0f4f3d15a0eacfe289ea
2015-09-23T05:04:26.027372000Z	c82c22fcbfadc8dc7abfb5738450a5ce
2015-09-23T05:04:26.027466000Z	6eebb180d6804b94518124112dd5984a
2015-09-23T05:04:26.027631000Z	ffbc2bbd8b119b71c86f58d75a3a94ca
2015-09-23T05:04:26.028086000Z	724955d6fceccd7a97bc552c893f6d87
2015-09-23T05:04:26.028220000Z	bf54f2950d06b068ab0a009fea0851ec
2015-09-23T05:04:26.028376000Z	48b88590c06a9fcf6ca9537d58fc4801
2015-09-23T05:04:26.031040000Z	b354947be2dd6d057b1427f4453a59df
2015-09-23T05:04:26.031250000Z	e49900b04fb3964361dc8f0e4a804dd9
2015-09-23T05:04:26.031308000Z	b4f90f6e3982fa400f6cb517fd042f09
2015-09-23T05:04:26.031557000Z	d1b28261427afcd9acf95330f4ff58c4
2015-09-23T05:04:26.031701000Z	e2f5a39b0f09c3211358bff82a2d15d5
2015-09-23T05:04:26.032204000Z	c5931f74097d611192914c85a51461cb
2015-09-23T05:04:26.039531000Z	b90ea6dfcdbde7b2a161ccae6897c9b2
2015-09-23T05:04:26.040159000Z	b248356a4c742c44182469b1097227c4
2015-09-23T05:04:26.040160000Z	91a5b14349bd19644429687ce5176fc4
2015-09-23T05:04:26.040396000Z	0592a1825cb842ef2482348b26f24e67
2015-09-23T05:04:26.040509000Z	0a3cacd36ba4af1906dbff1043c52d93
2015-09-23T05:04:26.042508000Z	cb4fb568d7f209b0fdfbced08b3e043b
2015-09-23T05:04:26.099187000Z	09362f4e0cdb5dff075e5efe818f8bb5
2015-09-23T05:04:26.193823000Z	ba9f0daa33f5985156686f5e7b490bb4
2015-09-23T05:04:26.193972000Z	12e212fd81e6ddde6db1b351c43af483
2015-09-23T05:04:26.194314000Z	071ebdd80ba02ce2bdfc301b63ce0a65
2015-09-23T05:04:26.194314000Z	ad1572d494c9293976c59eee5d2aebe9
2015-09-23T05:04:26.194315000Z	3931ce8b0f174240dad0b4a91070e768
2015-09-23T05:04:26.194377000Z	786a9c4ad43fa35485478ca96ff45e04
2015-09-23T05:04:26.194476000Z	951ceca8537c9efc1b53cc05eda02f21
2015-09-23T05:04:26.195105000Z	76538def9baade9a354ea15c2c6b5aa2
2015-09-23T05:04:26.195105000Z	d6dace09715ab18472dd8955ef86906e
2015-09-23T05:04:26.195105000Z	d66b51d0db77bd91e6c2d908e479ce55
2015-09-23T05:04:26.195105000Z	9022d0f8f1387087fea0d39e62f770a5
2015-09-23T05:04:26.195106000Z	c096e37f081aa38248de105fd676b0a0
2015-09-23T05:04:26.195145000Z	49de6a7eae354235d5f3df742f21bf59
2015-09-23T05:04:26.195538000Z	dbc961cad1a56bcfe08b126939fb508f
2015-09-23T05:04:26.195669000Z	0e9fd3baa2b5746a002a2cf0a6844720
2015-09-23T05:04:26.195746000Z	5ace69be1ea8308225d960da91fa2e11
2015-09-23T05:04:26.195746000Z	e48c9d5c8c809c5547fb8b5f2ba9a750
2015-09-23T05:04:26.196521000Z	631ed9fa1c2a93b3484042aef207959b
2015-09-23T05:04:26.196521000Z	e0c85e28d1e401bbdcb94897ea27d8c0
2015-09-23T05:04:26.196550000Z	89b825af32f63fab86c0ed3830722f04
2015-09-23T05:04:26.196597000Z	57fc5c34570bd0d699e5d130ff8afbb6
2015-09-23T05:04:28.860745000Z	7f559fb72ecd703f63edd6698bbc7e28
2015-09-23T05:04:28.861692000Z	61738d226589b14edace0399bb1bd3ca
2015-09-23T05:04:28.863715000Z	6916443b0139dff93ad543b0a551f910
2015-09-23T05:04:28.863909000Z	883d41679e7d9be5efd105cf8c82d336
2015-09-23T05:04:28.864425000Z	c129ff3fd0bfdee9ee165aa88b09df0f
2015-09-23T05:04:28.864426000Z	95708b3b7abb71dca11f45da67165d0f
2015-09-23T05:04:28.864610000Z	7de352c5c88daa7845e75b54dc467182
2015-09-23T05:04:28.864780000Z	ea1df2f4f2ce74731583ebcec345d4bc
2015-09-23T05:04:28.865113000Z	7240fa1ab998dfe9cd8caf7925c5d36b
2015-09-23T05:04:28.865287000Z	ab46bb885f3aa16f5257307f9c955716
2015-09-23T05:04:28.865496000Z	322fc23bb6a76b358b5c926c28eea636
2015-09-23T05:04:28.866008000Z	792f4dd952b6069cb32b4b5a2c87b87d
2015-09-23T05:04:28.866124000Z	2b94c9818d429261fae937b6a359d763
2015-09-23T05:04:28.867081000Z	71fe2768461ecc29d7daa78fa9ccccd0
2015-09-23T05:04:28.869045000Z	6370d8f671114b62d77a45c8a9475e7a
2015-09-23T05:04:28.869266000Z	25745143017b403cb9d8f1f7e983baa8
2015-09-23T05:04:28.869309000Z	a312da6718a65cc50a29819f59d5e72a
2015-09-23T05:04:28.869575000Z	d3d36e2f7c775ec1d023f760ad7ba9ba
2015-09-23T05:04:28.869804000Z	140d32eb7c688eb407c2979ba5f65c0f
2015-09-23T05:04:28.870353000Z	c81d838a252ea07536e6a0cba7a53505
2015-09-23T05:04:28.927385000Z	f9f38cae39abb943d42524efbf6447a0
2015-09-23T05:04:29.270645000Z	71d9cec4ce27c37d481261c6b1b84afa
2015-09-23T05:04:29.270921000Z	458dc3545b67584f30c97b55c11d0e97
2015-09-23T05:04:29.272584000Z	427f526e3d2c2d8bc6966c849fd719ec
2015-09-23T05:04:29.273173000Z	dea8a30cf0164e6367ffd2b784383f74
2015-09-23T05:04:29.273626000Z	ed92c6e71f1b787fe4503561fe363f16
2015-09-23T05:04:29.273626000Z	bb0c54bf258d8bebf044afd2d50f74c0
2015-09-23T05:04:29.273779000Z	411aebadd1ae0c7f913e9fd50b6c5d98
2015-09-23T05:04:29.274825000Z	cc6b8c564324493618d11cb9506e0174
2015-09-23T05:04:29.274825000Z	ebb7eb8bbe4e7ba6bc531acbc5897d06
2015-09-23T05:04:29.274914000Z	1e6877ed8f6e082b242a9e688e492c7a
2015-09-23T05:04:29.275104000Z	7b4d4ca7162353a1278c9af939a25de3
2015-09-23T05:04:29.275490000Z	62f730f5a793631b0f4518a95124f5e5
2015-09-23T05:04:29.275590000Z	9ac9f8cde1cdbe1d07f257e658a84977
2015-09-23T05:04:29.277972000Z	952f4f6db5a520edff7f1535bc298b17
2015-09-23T05:04:29.277973000Z	83d3744e3366dae4552ef488155c06e7
2015-09-23T05:04:29.278220000Z	c2fcee514512bd9a8cbcd6debbe39a93
2015-09-23T05:04:29.278449000Z	c04c6c39b95a76989d1f9de599896787
2015-09-23T05:04:29.278937000Z	dbb6c0c24ff63b4f7347d4cb1484585b
2015-09-23T05:04:29.333590000Z	0c4a9c1261d338a4ffbef506bf7b230f
2015-09-23T05:04:29.981562000Z	8a0ea968b2dd9220f60e579a35527692
2015-09-23T05:04:29.982314000Z	80c77bce4533ae038ffd1883575c2792
2015-09-23T05:04:29.982476000Z	cec28d7f2aafb8cb684bbb818b2a0e8a
2015-09-23T05:04:29.982826000Z	aef89889fbb993f118818e19ad247c92
2015-09-23T05:04:29.984023000Z	42fdf2867e0c52a4a435f88ad85089a0
2015-09-23T05:04:29.984024000Z	9487b1930f4f7f8cc7cad96aac3e5966
2015-09-23T05:04:29.984401000Z	49932b42e271d8eadf56a1d8d5a362bb
2015-09-23T05:04:29.985254000Z	28afee2bbed61b49fa76c344192582ce
2015-09-23T05:04:29.985255000Z	20824e9e6064bec9cc5ba04870ffcbb6
2015-09-23T05:04:29.986225000Z	72f9e571fa279c2ca410698be4de3efa
2015-09-23T05:04:29.987074000Z	6a3fc228872324b896dae83a6bd10429
2015-09-23T05:04:29.987712000Z	55a6bdce4329036200147128aebaa468
2015-09-23T05:04:29.988212000Z	6f55e656199513afbf2099d21f83ee20
2015-09-23T05:04:29.988440000Z	78a3ecc1b8f48cf97347a793027b5d2a
2015-09-23T05:04:29.988656000Z	17ea5d59929f4448cdae8ec8c3e7a21c
2015-09-23T05:04:29.988744000Z	82b728a6f829d617733bcc6ea53545e2
2015-09-23T05:04:29.988878000Z	e3d9047d85c97486dbe2cdb6bb9741b9
2015-09-23T05:04:29.989126000Z	e46e1fbbffc23e3d756eb0976beb04ad
2015-09-23T05:04:29.989214000Z	bdecac17fec41eb5ee9003b3d5d4457b
2015-09-23T05:04:29.989434000Z	34e1eaf93eba249f3c402e692cdab79d
2015-09-23T05:04:29.989493000Z	3d490cbc849057b57412f46d4b50cb9d
2015-09-23T05:04:29.989606000Z	cc455182c917893df07a40edcf784f75
2015-09-23T05:04:29.989607000Z	b38bacd02bb9224b00454a946c4efd1a
2015-09-23T05:04:29.989839000Z	7ac32d153d5c4459022cc810ac0898aa
2015-09-23T05:04:29.989877000Z	1d4d1b99c36881da9b56fbcbb09454f1
2015-09-23T05:04:29.990590000Z	84f4476cb1a7928ae85716958cae5405
2015-09-23T05:04:29.991095000Z	f5ea0fba286d5793183a36f60e901670
2015-09-23T05:04:29.991096000Z	22f8690fedd85c2fd79fde09873ec57b
2015-09-23T05:04:29.991557000Z	79e997146ed7883c386c638e17565435
2015-09-23T05:04:29.991895000Z	8ce57075e04f01dcceeb787cd1e8858d
2015-09-23T05:04:29.992132000Z	b256765f1f7aab485418a780e8248bf8
2015-09-23T05:04:29.992255000Z	d187f562dfe708f7fcc7b46abac406e0
2015-09-23T05:04:29.992500000Z	93b21d6f3f822eed9d34f3344d199af5
2015-09-23T05:04:29.992687000Z	37e26076f1ef5d78689ab4a6b96ef8e6
2015-09-23T05:04:29.992819000Z	7f7e93f50d2c5d22542cc33ce19f1c5d
2015-09-23T05:04:29.992929000Z	4512e8dbbcf96764d6bd9d4da062ebc9
2015-09-23T05:04:29.993562000Z	6c473357ba9d8a37371a5343dc2175ef
2015-09-23T05:04:29.993883000Z	92506ae018fa76405adcb1fc56076709
2015-09-23T05:04:29.994098000Z	e7942f507171508c6151f421618b0a91
2015-09-23T05:04:29.994285000Z	eb785db1b4e5ca6b78ad50dc77a94a76
2015-09-23T05:04:30.052284000Z	ab4b78d1e84481c70fa7edea6282d32b
2015-09-23T05:04:31.324327000Z	bd68cba06b066346907480386a0d740d
2015-09-23T05:04:31.325168000Z	8942df0f5e1f10280b99dd89e2f170f3
2015-09-23T05:04:31.336548000Z	fcc525d3e5de0f7ef676ea28ee44074a
2015-09-23T05:04:31.336708000Z	78c9c6dff60f59cd5495ec36834dd7b6
2015-09-23T05:04:31.336997000Z	4cfede8e2cb43dfb225ef96ec8a69f51
2015-09-23T05:04:31.338015000Z	6ba6d9b6167e0600e8fba1f285abc05c
2015-09-23T05:04:31.339026000Z	152f1f3bb8b035cf734bcb5d0bc60861
2015-09-23T05:04:31.339570000Z	22bbe8070d1dfa02448f4643e6bbdcb9
2015-09-23T05:04:31.339713000Z	c411f9defee8b743ac0b40bd6943f9ff
2015-09-23T05:04:31.339714000Z	7da30a987f46887917fb9809064c7af9
2015-09-23T05:04:31.339797000Z	bbc9f5c94e9a87c33bcafbff9db29036
2015-09-23T05:04:31.340036000Z	23f6644dfc6d8c00777ebe775cb033c3
2015-09-23T05:04:31.340173000Z	275a58589213d27d910a4854a3f7ad4e
2015-09-23T05:04:31.357800000Z	a919b8658bd58d12afec67fade28ddad
2015-09-23T05:04:31.358000000Z	b9a21236faeee1f10fd84eb212fa6e41
2015-09-23T05:04:31.358251000Z	b8094513a277b075a3c19a58a94d8a22
2015-09-23T05:04:31.359987000Z	2f92f23680b8dd53da7437524fe50c2e
2015-09-23T05:04:31.360460000Z	c0bf75ffa2173428fe753bcf64839c94
2015-09-23T05:04:31.361150000Z	a1c717f4c75fa173fa5145f3c754d82d
2015-09-23T05:04:31.361233000Z	abfcff0e662cfd3602319cd206ce7a2a
2015-09-23T05:04:31.361418000Z	74003c052bece77a2e949a9b3c68a63e
2015-09-23T05:04:31.361607000Z	0c757b7f432e4ab377aba92885ca0c06
2015-09-23T05:04:31.361837000Z	55a8969566a1f4b995949f514736ab24
2015-09-23T05:04:31.361945000Z	c50d07113b368bbe02b108373b9ecdc8
2015-09-23T05:04:31.362063000Z	4fbdc1846aaa9885ed3098c7f705cf47
2015-09-23T05:04:31.364877000Z	6e6c30ea675e3f8aa20f4f52746c7d4c
2015-09-23T05:04:31.365901000Z	5e9d58a4b56fe736cda89a7f149b3061
2015-09-23T05:04:31.366155000Z	a8199539c7a1f3e12f4fc218104098c8
2015-09-23T05:04:31.366769000Z	98fbec2205088809b1d7a018cb1f4261
2015-09-23T05:04:31.366771000Z	6709b4b793c84ebbb4d55b35a7e9c4fb
2015-09-23T05:04:31.366838000Z	9f1247736d903e8440aff8a55c149c71
2015-09-23T05:04:31.367429000Z	9ce30ea228a28ebe2d924f70c9caea10
2015-09-23T05:04:31.368854000Z	b752539c647a89faf55bdc00e3eae6b8
2015-09-23T05:04:31.368942000Z	3562d514044ae81fb57f301557dfdc86
2015-09-23T05:04:31.369177000Z	bef16d94cfb38f323eccd986366f4295
2015-09-23T05:04:31.369585000Z	e7443487f8dc449f23820f8a923fb5da
2015-09-23T05:04:31.370109000Z	a094dfd29ca665fe853f26e31efbe64f
2015-09-23T05:04:31.370226000Z	8104919abfe42532ecde4e89faedfd3c
2015-09-23T05:04:31.370379000Z	49346ce7a6e623ebc98b9ed8d63b413a
2015-09-23T05:04:31.370718000Z	29241c95a5042f125f370ef565f9b833
2015-09-23T05:04:31.371137000Z	3e739d5a71f5dbc44cc001b9b5bf2d1a
2015-09-23T05:04:31.371444000Z	e68c2556844a289b7e990e2a94b3f327
2015-09-23T05:04:31.371662000Z	115be9270bc601de211444d48cfe6239
2015-09-23T05:04:31.371780000Z	c928b30392fe026268908fdcee02baf7
2015-09-23T05:04:31.371846000Z	a8a5f23626150dde942ae01c3df4f113
2015-09-23T05:04:31.372020000Z	534649c17c96e9713c28c849be12769b
2015-09-23T05:04:31.372139000Z	bff1ae76cdfc1d0e4eeed3548a2ae053
2015-09-23T05:04:31.372140000Z	5c5354e4479aeaf0a425b07f85643efd
2015-09-23T05:04:31.372344000Z	9204033f858b27f0302ec8394c6d7ee2
2015-09-23T05:04:31.372503000Z	4b17e98a867bf14cf61a78bf357413ee
2015-09-23T05:04:31.372505000Z	fa9963c8831e1155b1f952d0095ed101
2015-09-23T05:04:31.372607000Z	585ee96e7e03e780a25b901dcc87f506
2015-09-23T05:04:31.372785000Z	8c23c6521440862fe93f2003f116f70b
2015-09-23T05:04:31.372964000Z	0d426cc49d1c6275cd66eca2daf2e7ab
2015-09-23T05:04:31.373735000Z	429195d349faf425963b662e1d1e62da
2015-09-23T05:04:31.373848000Z	60c9fafbb222c9241936f33a1b59eb3d
2015-09-23T05:04:31.374334000Z	cd6cf0582f3c8a7f967c819566806272
2015-09-23T05:04:31.374431000Z	3f0ec9c4bda89c7266d132f9ea2b4ffe
2015-09-23T05:04:31.374527000Z	23b08370a106dcb27ea7b61bb234f7e2
2015-09-23T05:04:31.374793000Z	6e418c69bd7f8542446484e0c45dfbd7
2015-09-23T05:04:31.374896000Z	2dafbf5dc709872c88190150fe258f44
2015-09-23T05:04:31.375329000Z	d48e7014b2710add36ac62f830b230f3
2015-09-23T05:04:31.376985000Z	22824c9d79913c45954f686a5a38a73f
2015-09-23T05:04:31.377893000Z	88fb26e7de94ac79cd7302702aa7302b
2015-09-23T05:04:31.378360000Z	e4dae865643857b350e1be224bd8db27
2015-09-23T05:04:31.378471000Z	91134fc11d1659568f16755fe952153a
2015-09-23T05:04:31.378508000Z	d452c0dcebf2a05207c6166b976684b9
2015-09-23T05:04:31.378782000Z	29bdee7c1d7d1e1f5ca744514cefcad4
2015-09-23T05:04:31.378918000Z	dd65aeefb4497a849ab615ccd7b5978b
2015-09-23T05:04:31.378919000Z	9f59ffa37dbd6623ad57d1bad2a35569
2015-09-23T05:04:31.379095000Z	f4cc1df1661d0a9db73daa108fadb69d
2015-09-23T05:04:31.380281000Z	ff32e42d09f421d00d5683c68f037600
2015-09-23T05:04:31.380283000Z	06a768d66c2be51a770b0430ba6aa28c
2015-09-23T05:04:31.381471000Z	11ff6c4e5cc8a8f3baea74517522dcaa
2015-09-23T05:04:31.388085000Z	25323a7a3083cf70b6a9ff3ad4fa6bab
2015-09-23T05:04:31.388783000Z	e8615f60dbe6cebfc3313758ef21416e
2015-09-23T05:04:31.389583000Z	d8a0e3c7e64ae40697d2a7ae4446b611
2015-09-23T05:04:31.427302000Z	760efeee0ee0249b215825e075463287
2015-09-23T05:04:31.427391000Z	50a8eae58f6da81cb5a49202bb7a8c42
2015-09-23T05:04:31.427422000Z	f970f9972556d4573096f19e65a64293
2015-09-23T05:04:31.427452000Z	d275a72fd1a49dc47757838029204086
2015-09-23T05:04:31.442959000Z	0240ee9c6e5a123971f7af0bdf40f28d
2015-09-23T05:04:36.819747000Z	184ee6a01d84816e511d986583e26b66
2015-09-23T05:04:36.927430000Z	f97627dced43b4c765032cf2c60bc01d
2015-09-23T05:04:36.927598000Z	ed688a835aec223efe11389961305e19
2015-09-23T05:04:36.928494000Z	9ad49f33508f658ed56562f999395859
2015-09-23T05:04:36.974175000Z	ab38c27d1997f6c176683f10d65d5850
2015-09-23T05:04:37.818346000Z	184ee6a01d84816e511d986583e26b66
2015-09-23T05:04:38.361134000Z	f15636867adca7e24407dbdb5d004280
2015-09-23T05:04:38.361411000Z	3e7b2a42e8a03a3dad6a2232f1520d57
2015-09-23T05:04:38.361964000Z	22c3a43565860df997a56c5bb83f5640
2015-09-23T05:04:38.833928000Z	ccc08512ac9870076f8edbc0204057ef
2015-09-23T05:04:40.849494000Z	aba19610c414920b4e15054e92fc33d2
2015-09-23T05:04:41.396089000Z	7a4025e6f35979064da25a779fa52a31
2015-09-23T05:04:41.396847000Z	ab21c96812fc82fea9bb2fd3f141a041
2015-09-23T05:04:42.302547000Z	3b66ca390c02c680fcbde5661f2a2c83
2015-09-23T05:04:42.302776000Z	c2403f8624fd14b70edc933f3c1a937f
2015-09-23T05:04:42.303199000Z	3fd4f8ed936c26c90cd47e4e86685357
2015-09-23T05:04:42.303200000Z	366410d6bf71b263496b9b261e388f48
2015-09-23T05:04:42.303516000Z	479180a87e61c6b8a19a35315f99151a
2015-09-23T05:04:42.304918000Z	2350f38afa4e527278f416abd3199b5e
2015-09-23T05:04:42.304998000Z	fda98227ca2ae87f597934aa31c64811
2015-09-23T05:04:42.305213000Z	c13e2be6942c1f3b34043aef7d123307
2015-09-23T05:04:42.306413000Z	6c32c063690f2111d9b52e2fb6342d82
2015-09-23T05:04:42.306744000Z	f3f9df76248de007f6c9be6feda30e9c
2015-09-23T05:04:42.364835000Z	f3890362d123a76cd17bace466f71484
2015-09-23T05:04:44.849578000Z	1f8fb564d3c57cddc410e7593f5b518f
2015-09-23T05:04:46.349782000Z	76d1aa86defa57a9291ec66bca884d8e
2015-09-23T05:04:46.350024000Z	c0ec6cfc5fc51a466e124f5e525f198f
2015-09-23T05:04:46.350141000Z	90ce8d03e9ae3167072b8521711916b8
2015-09-23T05:04:46.350272000Z	f1d5ea84833eee9c43f7e509f2ee0b18
2015-09-23T05:04:46.350411000Z	895f4d88fc796c8650abcbf31c4e4002
2015-09-23T05:04:46.350526000Z	37900918e823575455678937cbb2bd0f
2015-09-23T05:04:46.350662000Z	89e2f509edff4673dab874cebf49473e
2015-09-23T05:04:46.351052000Z	4a233510abb1accc2b3cd3e8227fa166
2015-09-23T05:04:46.351053000Z	fe166c39865f9da0107127e79e677181
2015-09-23T05:04:46.351053000Z	3d8d0988f25b5a8e30fb164b3fccdc6d
2015-09-23T05:04:46.351118000Z	302be0dc6b2025313fdf372d389e851b
2015-09-23T05:04:46.351220000Z	3c0fbf22c7e607aa0d4af634980486a8
2015-09-23T05:04:46.351447000Z	93ee5c45c65567fb1aae8db4a9e9fcba
2015-09-23T05:04:46.351448000Z	c7982fbb5a0df9f3e8c73be4faaf541b
2015-09-23T05:04:46.351481000Z	48a3caf7a771d30fc719b3a09d31a618
2015-09-23T05:04:46.351576000Z	1772fa9171f90c663b29a07daee112ef
2015-09-23T05:04:52.302345000Z	3000bccfe67f69052b32aef96bd11f53
2015-09-23T05:04:52.302967000Z	4797dfcc46a869d50b40c9cce51e49b3
2015-09-23T05:04:52.865312000Z	36dfb81588d196a29a26e386148a3062
2015-09-23T05:04:53.376698000Z	2bd565bb2328fbdba68425a46a6c3528
2015-09-23T05:04:53.377048000Z	99c8ab7e21674f085b83470ccab1f3e2
2015-09-23T05:04:53.377782000Z	84aa6e280611834eb436a694e6183a58
2015-09-23T05:05:02.317918000Z	118e14b28bcda1b2e933329ee8a2528b
2015-09-23T05:05:02.318547000Z	9fd221e37e127fcee56357fb77ec1922
2015-09-23T05:05:08.392693000Z	c8c59c3f1ef76d513c8ba31ed2356f92
2015-09-23T05:05:08.393212000Z	92dea033670c15ca78aafdcc985b0910
2015-09-23T05:05:08.393871000Z	808ef92d6da1bd9bb17627f908520fbb
2015-09-23T05:05:08.880915000Z	b2af50a473ee82b90ed6af48dab4d4bc
2015-09-23T05:05:08.974881000Z	02f7b2d3b007ccd37daebdafe0600e1a
2015-09-23T05:05:08.975112000Z	70797ad21785b85752cecbb8d5318137
2015-09-23T05:05:08.976239000Z	34b704e7367d427584661b8883a92d5f
2015-09-23T05:05:08.976428000Z	7db8ef3ec9bf0dd5117d635bf86aa7b2
2015-09-23T05:05:08.977254000Z	c05a0c23d133cd1fee7d9e9e6fdf3690
2015-09-23T05:05:08.977354000Z	7693c3d893fe3d8eb9223038e987ddb4
2015-09-23T05:05:08.977597000Z	6e1947100089a4351e8aaa2aa211251d
2015-09-23T05:05:08.978123000Z	b224e2f6776aaf2680fda6d18ec5fc4b
2015-09-23T05:05:08.978133000Z	daeae047e505fb14f154d281b9f23430
2015-09-23T05:05:08.978258000Z	b0e8ecd3770d26f08840478f566000b4
2015-09-23T05:05:08.978520000Z	8ede4978b5c1f63e695fb379943ea516
2015-09-23T05:05:08.982556000Z	2abb801d55c766f872205aa0188ec128
2015-09-23T05:05:08.983170000Z	1276fe84d0418a004f324cd77ad36997
2015-09-23T05:05:08.983775000Z	2440ce538d41880c8daba910ca5b03cd
2015-09-23T05:05:08.983855000Z	7b3a24b44c212f0fee80bcdea8f9d702
2015-09-23T05:05:08.986366000Z	abb4f3d27bc26401ff82fc162264d422
2015-09-23T05:05:08.986773000Z	bdf0421ceb6450205b8f5c8fe2d6bf73
2015-09-23T05:05:08.988400000Z	dde175828bad4d3af7f51798354b6abc
2015-09-23T05:05:08.988882000Z	4e510e51883374867efcccc7b717f918
2015-09-23T05:05:08.989134000Z	0035ceda26d07f97be9ac2b3266376d5
2015-09-23T05:05:08.991215000Z	632de8dc1df58e902cf2cb68654fcf2d
2015-09-23T05:05:08.991753000Z	b695f64da6cf7d830cffdcd9d4540c50
2015-09-23T05:05:08.992355000Z	56cb0e778eb58419ff348dee45a15cf0
2015-09-23T05:05:09.002739000Z	e1ffb65f6e48835af71d79861a820212
2015-09-23T05:05:09.003271000Z	a5610a4f239ce2bab7109ac83b601dc2
2015-09-23T05:05:09.003498000Z	8a311d6724ba599ff5e422120a38eefa
2015-09-23T05:05:09.003802000Z	7948033677d362ccc6660886dd4b152d
2015-09-23T05:05:09.036668000Z	c2456828709b2c5629037a3665f45a09
2015-09-23T05:05:09.068032000Z	a6f7e51d0d02879d9bc47a206dad4edb
2015-09-23T05:05:12.317955000Z	7203bcc6daa22a9cfded7857943ef97d
2015-09-23T05:05:12.318282000Z	2501d5e8f317b4807e8d736f13b702af
2015-09-23T05:05:18.990032000Z	8ed748558a4cd5f54fac5ab7aac55739
2015-09-23T05:05:18.990720000Z	a0ab8433264a05aef9fb2542b8cafab8
2015-09-23T05:05:18.990722000Z	2393ba7cafe5db375c12feea89f37869
2015-09-23T05:05:18.990780000Z	d5ecf83d04633b7c7c2ae719dbaec1e5
2015-09-23T05:05:20.905982000Z	821c45b3cbae2ac3a10b2b4dd65bbeb0
2015-09-23T05:05:20.906356000Z	a6aa59cca9c5e25b93e038875e719f0e
2015-09-23T05:05:20.907104000Z	788c406e80c93f5c1bc3301151abc2d3
2015-09-23T05:05:20.907283000Z	617b3ee1328ccbd11aff5d2fc70300d7
2015-09-23T05:05:21.907734000Z	acad7e35f171d0c658a015931d49b57e
2015-09-23T05:05:21.908416000Z	17f3d7e92d2b5dc127022d94ce91eb04
2015-09-23T05:05:21.908525000Z	dfe30dc638297325de7927e3f5a116be
2015-09-23T05:05:21.911309000Z	8fc686658f67742ed6a839a4439850c0
2015-09-23T05:05:21.911577000Z	0ebaf7ad50f56bf948de2af198852a6c
2015-09-23T05:05:21.912472000Z	77f40bcb50baebe0d6285af81e80aadc
2015-09-23T05:05:21.913281000Z	83870942701890a25c02dcb1863251d0
2015-09-23T05:05:21.914437000Z	7ef2cb1d11e395a2bd238a9a96b61541
2015-09-23T05:05:21.915636000Z	29c0d4a8c4a2b60b5be007496d8bf95c
2015-09-23T05:05:21.916671000Z	2a2cb884c64517b558894b25bf896fbe
2015-09-23T05:05:21.916923000Z	ad12a2f33cc5f8af29f562c6249ccfe8
2015-09-23T05:05:21.919911000Z	1fce442fd20a56ef0734869f7a58fd75
2015-09-23T05:05:21.920031000Z	54125f46284c7aaf8401dd2bdfc01dc8
2015-09-23T05:05:21.920275000Z	a1d5f86b466f7a429393d15a56f36830
2015-09-23T05:05:21.920546000Z	d1a8ed583dd868ed5c843e3cccbf288c
2015-09-23T05:05:21.920740000Z	cdcd235d3accf1c139192d4e24aaf7ae
2015-09-23T05:05:21.920938000Z	15101254ed571497887fd609ea7c7c9f
2015-09-23T05:05:21.921146000Z	77fa61a2d56cca86e1f9ea19315732d2
2015-09-23T05:05:21.921147000Z	fa239ae0153f6de561945ee0ccfea39b
2015-09-23T05:05:21.950394000Z	e1c61a445eb493074d068372d9973a26
2015-09-23T05:05:21.950693000Z	833642aa4ef36ee8b5531c21b73ec1e8
2015-09-23T05:05:21.950748000Z	c1ac9ce35afcce247fd53260caf98113
2015-09-23T05:05:21.951211000Z	57f7e234043e7f502b110113c902d387
2015-09-23T05:05:21.951500000Z	429c9167dd5a524872e6dc865d5577d4
2015-09-23T05:05:21.952506000Z	a14e1bac8ddc50c31eae44c6fa9dd6f5
2015-09-23T05:05:21.953534000Z	0b5c42416970a2abcceb7f6eb97fbf73
2015-09-23T05:05:21.953743000Z	b5f793fae93f365a132f9458e73fc986
2015-09-23T05:05:21.956775000Z	86bbe570564e9eed1dd2747964764a67
2015-09-23T05:05:21.957641000Z	7668a118da2f2bc37e3d7b6736e30111
2015-09-23T05:05:21.958471000Z	22c6ca793f634c727920e6858182ece1
2015-09-23T05:05:21.958473000Z	225907f4095f4bbcd3b92e3e9ea973be
2015-09-23T05:05:21.959748000Z	2712f57e7376d2fa4062042e5be236b2
2015-09-23T05:05:21.960735000Z	4a0466618b12bc9ba1531007935b6a4c
2015-09-23T05:05:21.960736000Z	0d66ed669262f3d1332e0ad7a8138edc
2015-09-23T05:05:21.968085000Z	6643df064683c314f03a123c90864a69
2015-09-23T05:05:21.968719000Z	693073de6bafdfe62dc6a94e5e8f8d4e
2015-09-23T05:05:21.969568000Z	5044e14b5f2381fc873ac437ca93aefd
2015-09-23T05:05:21.971954000Z	5be4f4a8fb07ba98c766248d2fe61b09
2015-09-23T05:05:21.972604000Z	ece303186de8bfdeb0912329f9694a69
2015-09-23T05:05:21.972605000Z	4a046905b73eaf23728d9284721deead
2015-09-23T05:05:21.972820000Z	4c01ddcbc065c9da4b0125dd6c145f2a
2015-09-23T05:05:21.973571000Z	880f3b0f80de049d075bcafa1e151335
2015-09-23T05:05:21.973572000Z	b1d5b795c10bf227e304d51917ca6669
2015-09-23T05:05:21.976124000Z	70f217c61d20f29f16bd3c4275412279
2015-09-23T05:05:21.977608000Z	30c3dfbb2cfeaa03e377288340b62711
2015-09-23T05:05:21.977981000Z	07aff69815a46cf1a1e3126945e627ed
2015-09-23T05:05:21.978139000Z	8d6b595178e7e5709910f9f3403246bd
2015-09-23T05:05:21.978291000Z	80bbb1415d4b9ca0b15a918516541c0a
2015-09-23T05:05:21.979229000Z	92eb17d51c854eb2a1266781161ec902
2015-09-23T05:05:21.979342000Z	7e93f7d4502d4084d22ef210c79962f8
2015-09-23T05:05:21.979543000Z	ea0ee719ed5487fce0d52e623136a577
2015-09-23T05:05:21.979677000Z	a90747985c8f1b2aa4be0d8cf09cf7a6
2015-09-23T05:05:21.979819000Z	cf553434437865e395700329ddfd9f49
2015-09-23T05:05:21.980741000Z	eb2ce02b8eed6cb918b3676940654e65
2015-09-23T05:05:21.980742000Z	1d8e693f61e8e8e9b9a9f447047ef795
2015-09-23T05:05:22.036637000Z	3c8e1c17a7dc2e6e05ce60849fdf94a3
2015-09-23T05:05:23.920211000Z	b2aa7f59138f551af8bb2b2e46f26468
2015-09-23T05:05:23.920648000Z	74d93f15a98828b95a47207ffd7c1b7d
2015-09-23T05:05:23.927335000Z	9703be5a2c3a297e0a96aa2d5dcc4b60
2015-09-23T05:05:23.933235000Z	e22118f331ac7dc3870139ad803b65c3
2015-09-23T05:05:23.933692000Z	64748c6d3799f25f54346a88ca1ade51
2015-09-23T05:05:23.936754000Z	08be7125ee9532a91caf5425bf31ee8f
2015-09-23T05:05:23.989753000Z	74885d1bbfa3d85872a716dbf0e4e2bc
2015-09-23T05:05:24.912038000Z	bbee269184361ed0abdd56c280bfee93
2015-09-23T05:05:24.912713000Z	c017ef917e40428fccc79aba64a142e7
2015-09-23T05:05:24.928677000Z	7b54151eae9b403ec0697eda88930c2d
2015-09-23T05:05:24.929475000Z	df33af4326d574d8fd3608db4eefcf48
2015-09-23T05:05:24.929526000Z	ae71d4a39d6b59cb8933893562ae4b17
2015-09-23T05:05:24.991370000Z	96f2b2dc4f45e35195be0ba258f40994
2015-09-23T05:05:24.992118000Z	72469db9e75311ac974ebc7f957ca732
2015-09-23T05:05:24.992119000Z	7dee01fa8e77a957057ff2ad8a726e37
2015-09-23T05:05:24.992161000Z	a31d5ceffe5eff908e42b8e9d4a3a751
2015-09-23T05:05:25.920610000Z	9d469492da131b9e71e34a82ad755341
2015-09-23T05:05:25.921117000Z	f3656d1dcbb53c8461a26763a77d08ca
2015-09-23T05:05:25.923503000Z	0e10e97b87356bef7d1ea9d8ebe8e03b
2015-09-23T05:05:25.926311000Z	25bffd9771e0bf5dd1db84bf1833889a
2015-09-23T05:05:25.927253000Z	6e8f027c3e02d9fc69c04f039ce71992
2015-09-23T05:05:25.927859000Z	2725879abe904b376fc9ccfc01274836
2015-09-23T05:05:25.974101000Z	aebbbe97da2f8bd454494f7cd26774d7
2015-09-23T05:05:32.708723000Z	a6ef55f897077f6cd9cd7d481189749a
2015-09-23T05:05:32.709185000Z	a1cf640bce01de618197357f20ef1abc
2015-09-23T05:05:32.709628000Z	8d6a5fb7858c9315b2be62df435b9488
2015-09-23T05:05:32.771001000Z	630e63e1fe7526f8fb8b1531363a2b74
2015-09-23T05:05:40.896761000Z	f019dbc62f03c8eec157737ff2073030
2015-09-23T05:05:42.724137000Z	efed0884ce339a0c92af131313d15c5f
2015-09-23T05:05:42.724536000Z	d4d9d1cc0cda97e3cf77a3da2f77d30b
2015-09-23T05:05:47.048435000Z	b062a65d661d40079d0b3b39702702a1
2015-09-23T05:05:47.048867000Z	95dcf0f7304504d5b936e6f869c10f60
2015-09-23T05:05:47.049650000Z	23528ff8a4a74df5006cf4f2d24dc30b
2015-09-23T05:05:47.049885000Z	27cb07feb37682a24161b763cd3f2279
2015-09-23T05:05:48.048423000Z	f955eb24956b555c0015894501964cf8
2015-09-23T05:05:48.049118000Z	94a72bcff58e8a1d80502134bb895025
2015-09-23T05:05:48.049238000Z	e2bd393618d63067cf494bce00db3e9c
2015-09-23T05:05:48.052677000Z	bb06c94629a2780bfe8306e9986ca0fe
2015-09-23T05:05:48.052918000Z	4eb68a605abc8417677d092830a1c02a
2015-09-23T05:05:48.053750000Z	2beab39320ddd9722cafca73ff3464bd
2015-09-23T05:05:48.054700000Z	897f5ea02eeec5b12e4202985fffcef9
2015-09-23T05:05:48.055413000Z	f4a199fa3f9648b0dd81daadbe50f4ca
2015-09-23T05:05:48.075300000Z	53ee742c2bca03d72a5ee47c9b5a44b8
2015-09-23T05:05:48.075748000Z	a8d5274d8c62b80a7610e285984b41ca
2015-09-23T05:05:48.077243000Z	74f02031eec8ffde5595c702fa54c141
2015-09-23T05:05:48.077245000Z	89056a262b76289c1f7874e15f412c04
2015-09-23T05:05:48.077359000Z	e07800659f4a70e3ba89602f9889dae9
2015-09-23T05:05:48.078045000Z	a9a76139fc8076f1a9681e6b112e2641
2015-09-23T05:05:48.080042000Z	0a55d41e40627e818d1e571097352d8f
2015-09-23T05:05:48.080192000Z	6ace01a1a451cccee3dda6ee02cf4f26
2015-09-23T05:05:48.080345000Z	2c76f1376b60b5a7e5bb11e1c9fccfa8
2015-09-23T05:05:48.080433000Z	7cb74ad11da1bc8049bb022ab8dcc700
2015-09-23T05:05:48.080434000Z	52a778f8d7bc35878470ed4bc730ea17
2015-09-23T05:05:48.080514000Z	dbbf00720d6ae2abf070fccebcd49813
2015-09-23T05:05:48.080610000Z	6e608064b5b4295d8d51a75f9fad91f8
2015-09-23T05:05:48.080802000Z	3d993955acd85a84ff3746abe4e1cfb6
2015-09-23T05:05:48.081306000Z	232425f7ec4bf38983c935ab792ec3fe
2015-09-23T05:05:48.081720000Z	b73a77da71be3e04e9651b0c0f5cafad
2015-09-23T05:05:48.081835000Z	1f1fa84f52cc6ed3c6c991bcd4514703
2015-09-23T05:05:48.082206000Z	b748a7a0b1ea06f0f7b4f4ee24243781
2015-09-23T05:05:48.082268000Z	501106f37ab42eacd8a600d61095e08d
2015-09-23T05:05:48.082861000Z	abcaf468a31c261dd1e5b4a30dab8436
2015-09-23T05:05:48.083197000Z	53a0e91cd3d311c304070f86120d265b
2015-09-23T05:05:48.099829000Z	6545ed192caefaa39028dace9f51de0b
2015-09-23T05:05:48.100255000Z	949732a8a8f68f736aff406983e3c748
2015-09-23T05:05:48.100448000Z	5d52c8d7c0d4487c194fd71b381a033f
2015-09-23T05:05:48.100884000Z	8ca6f54587afd6a6fce7464148815016
2015-09-23T05:05:48.101404000Z	d69382dece8d1901e41bf99ffb6a1b5d
2015-09-23T05:05:48.101741000Z	b7098b08fbdd4fb0f7f0925a2807f8bd
2015-09-23T05:05:48.102178000Z	11a487c3e745f9ae1eb10954de7b6485
2015-09-23T05:05:48.102557000Z	f1ee0847242b8db0b10b3227fa3227d9
2015-09-23T05:05:48.102734000Z	25dbf299aae5be9a92b9dbac4f4e6924
2015-09-23T05:05:48.103058000Z	2dc2d628e098019a4247be8d5d70a69d
2015-09-23T05:05:48.103112000Z	bf6ab71b75312b30fcb9e2704b042fc4
2015-09-23T05:05:48.103240000Z	15290e99e4346ef769b547469ab790ae
2015-09-23T05:05:48.103325000Z	af7bb5ec436f30b4374fafe5280c71d9
2015-09-23T05:05:48.103351000Z	8f485e5dd8fed5fbad74a0c92e17423e
2015-09-23T05:05:48.103798000Z	c015bfb960d94dcddf89f5fbd30314d4
2015-09-23T05:05:48.103798000Z	320d3a420a285993446d00684d44fe79
2015-09-23T05:05:48.103798000Z	9cfaa9b959086dd636900a880e2eb91e
2015-09-23T05:05:48.103995000Z	a27186cd7b97931a180e43fe46e5eb74
2015-09-23T05:05:48.104163000Z	3ba58d7f37fdb8369b093c0b8601e45b
2015-09-23T05:05:48.104244000Z	382e1038772466c203fce7ada8c70763
2015-09-23T05:05:48.104245000Z	c0be7e683a4a39cdc672333f19a38b41
2015-09-23T05:05:48.104518000Z	a7505ad7fd620834a4aeaf36f3f7a156
2015-09-23T05:05:48.104634000Z	577416d501c8c62fc32d4adc41b1426d
2015-09-23T05:05:48.104735000Z	df32687737a75edeb2d6854db18716e2
2015-09-23T05:05:48.104736000Z	7bf3252faadf2f8032c641f04e9aa839
2015-09-23T05:05:48.104839000Z	d764eb45eef7f14d6ae03906fbe00f7e
2015-09-23T05:05:48.104936000Z	e6f01c67fd27efd2740a94bfc2756a4f
2015-09-23T05:05:48.105064000Z	25256c5b8916c20130cdd6e58d331879
2015-09-23T05:05:48.105121000Z	38f6f7a18f10848e438f7cd9295c18d3
2015-09-23T05:05:48.105203000Z	3b07f38de8b82eb1585deab1437b8599
2015-09-23T05:05:48.105203000Z	995ffb981fee37e242e0a556892280cd
2015-09-23T05:05:48.105694000Z	104062b19f19832bed2e8abeb72df879
2015-09-23T05:05:48.105788000Z	2945f5630754c92cf679920dcfa7afde
2015-09-23T05:05:48.105788000Z	f004ad4ab14392045665e6b2506442bc
2015-09-23T05:05:48.106902000Z	0cc0065ef481e9573a43e875fb30c1c1
2015-09-23T05:05:48.107501000Z	2dc3d272e08e8478737ea31aea0d2435
2015-09-23T05:05:48.107502000Z	a29801fe181adf7476e86b381d34c4ad
2015-09-23T05:05:48.107502000Z	e0ec0de5c14144f6c46ccedffe23a1bf
2015-09-23T05:05:48.107503000Z	6742a5884ea01429c5c4162ee0fdff15
2015-09-23T05:05:48.107566000Z	091dce58ee417512f1796a939aee6cdb
2015-09-23T05:05:48.108102000Z	39f241ded2f8a0bc9e47fa357c78d761
2015-09-23T05:05:48.108896000Z	69d98a99a577462d196f6c74a47b672e
2015-09-23T05:05:48.108896000Z	4da278b347f2cb1758d2ffad7154e0b5
2015-09-23T05:05:48.112929000Z	c7de9037346d1f10b58040e9ae249f83
2015-09-23T05:05:48.114237000Z	f862415eab3b158abd8696a64ab40cf5
2015-09-23T05:05:48.114316000Z	7cbd0a0b9aed073ffe706778b7673ba3
2015-09-23T05:05:48.115081000Z	ff81e4f4bdf18081ffb8682ca9031751
2015-09-23T05:05:48.115615000Z	d61e11e7c2a777ee7f744029b61ea852
2015-09-23T05:05:48.116630000Z	4ae37cfbed7fe47c5a297e6cbefe600b
2015-09-23T05:05:48.117419000Z	10b1494c51092249f412eb6a8bb9cffd
2015-09-23T05:05:48.117611000Z	54e0d9b947eacc89ac18dec973853550
2015-09-23T05:05:48.118005000Z	9f92f62da82fc809762652f2469cf76d
2015-09-23T05:05:48.118275000Z	41c090a9133b86dbbf8acd02b96f21f4
2015-09-23T05:05:48.118666000Z	3da4c003c943b36c85f87188a1f944c8
2015-09-23T05:05:48.118716000Z	a99fc5b67e5d6a4f7861c9b7d7551a7f
2015-09-23T05:05:48.118806000Z	e72e98396bdedad1c4eab34e402ac9cd
2015-09-23T05:05:48.118930000Z	c98bf358f9ce835934f41712e6b2df86
2015-09-23T05:05:48.119040000Z	6756036882a31565202fd28e9b56a733
2015-09-23T05:05:48.119088000Z	e9517492093b04caa54475b954bd3ed1
2015-09-23T05:05:48.119166000Z	1fafafa641e114e0885da7ee437d8ebd
2015-09-23T05:05:48.119288000Z	3b8aa5006a4ad6be15cca5df4951cd8a
2015-09-23T05:05:48.119763000Z	745218706789408f1077e32eb9e3d25c
2015-09-23T05:05:48.119922000Z	92f8944b40ca85cb4c7278fc53b5889c
2015-09-23T05:05:48.121451000Z	e5a88e0c2ba745cf3bc9161505436977
2015-09-23T05:05:48.121795000Z	aa0e4b77cbdecd1663ff1fcc4db3202d
2015-09-23T05:05:48.121965000Z	3b1397aa1ba8209f8e8c54c4b771c75f
2015-09-23T05:05:48.122357000Z	21ebafb7bf3acbdd31acebf9204f2a1b
2015-09-23T05:05:48.122542000Z	3a1b4d033da38c588f6020f45e43927e
2015-09-23T05:05:48.122665000Z	97c061aa221af740a7ed948558192332
2015-09-23T05:05:48.122865000Z	98d09265830aeaef3b4eaa9c6fb25b35
2015-09-23T05:05:48.122966000Z	21877973a86ebe6e2712d666bbfde76f
2015-09-23T05:05:48.123109000Z	83ead3c43fc278abaa1dfc43de656678
2015-09-23T05:05:48.161646000Z	fad331bc638594487a1419fd9b284feb
2015-09-23T05:05:48.161756000Z	96dfdb194c1a4159f6291325bbfc6296
2015-09-23T05:05:48.161815000Z	0ebef1ba75c9781b1efba0af3120f8c1
2015-09-23T05:05:48.161856000Z	ff2e8387f43ac9ff7288f0f04624d02a
2015-09-23T05:05:48.177253000Z	13b11aa98d818341dc83cbd93e70f91f
2015-09-23T05:05:49.039205000Z	03267ce936b0dfef7fd3499b2e951c42
2015-09-23T05:05:49.040000000Z	9465dbacb4c2be5cdb7be9e8852d04d5
2015-09-23T05:05:49.041759000Z	42141a88608f96d503eeced5c89c37b3
2015-09-23T05:05:49.041938000Z	58d7c0c6500237bee47a84a59d47fb8c
2015-09-23T05:05:49.041977000Z	8bca5b681d74616b8ce13bd78318a996
2015-09-23T05:05:50.046209000Z	500a9afb9c730081fed23d21ad0156b9
2015-09-23T05:05:50.046818000Z	7cc9e1fd29d181db639ac4e66c3c7603
2015-09-23T05:05:50.047810000Z	75d829d5b7fcf89beedbc296d3db87c5
2015-09-23T05:05:50.050128000Z	34ce7c620c0dcafc459eb573d670a8a8
2015-09-23T05:05:50.050863000Z	b476b32de02c6c0af2f043ae740ccc88
2015-09-23T05:05:50.050864000Z	f372441052e6e70f566760f9b9c3cdd3
2015-09-23T05:05:50.114762000Z	dd20a6fe5c795aaba16c28b0271cf67b
