1102274184.317453000    314 30a01b53256603f100765520ec9bd8083c538e05
1102274184.317748000    342 1d2455c582bc1e0c51dcc1a08b32529b64c1631f
1102274184.387484000    314 0684228bb947433c689ab7cc2db5af3e64a86ae1
1102274184.387798000    342 f5b4e534a333decbc8f339b316eeff61a439dcd9
