1443552424.422404000    108 708b2824867f0eb3b45ec520c15f77a28a42fc5d
1443552424.422416000    108 d214bdcb9eac85dcc3d6acefdc159e6a0c098547
1443552424.422420000    108 57ae0a75733b770c08392b22ee5f903634efa5b8
1443552424.422424000    108 b9f66eebf8b84489b5463e0b81d7780eb3be5ecc
1443552424.422428000    108 121c19e0ecf70f454b7d346a0d61a8f5ae09d253
1443552424.422432000    108 80fb4003fa3a7c93caef50440029106f2e0227a7
1443552424.422436000    108 a8c5c87a12d41c7086b0e771098abbbdded52904
1443552424.422440000    108 1ff828952eb98086fc5cc2de0eee13a08a9a9313
1443552424.422444000    108 ae126eb8bb9ebd82463658809fecb1fb12e6b694
1443552424.422448000    108 1fe975496f063f2621294f771ee2cb383f4f4f99
1443552424.422452000    108 2811368c63495af22aa7713a44831c9b96efa475
1443552424.422456000    108 57667065b927dab7b1cd561703a857086f2d7e7e
1443552424.422460000    108 023ca9422cf4065380fd18d8275887259bce97ba
1443552424.422464000    108 2a19298cfaddb91cafe0430157eb03dcdec47970
1443552424.422467000    108 80821684856a976c034c5b159ee0a195a149002f
1443552424.422471000    108 7e4f479b12ed968e07444e22bc68212866bf5838
1443552424.422475000    108 31c2dd17c1eb5c4b68ac0256a84f53b62c59eec4
1443552424.422479000    108 71ac88a51b0bf787a69903f36bc8de878369a8da
1443552424.422483000    108 6d7cbdc4337cce00f60a4be7f3c20bc82bd03722
1443552424.422487000    108 9f4779ff12f84aa93209559d7bc224c39b2fda84
1443552424.422491000    108 01173fbf43755b06e35ebb79a01ba52d1fbb6962
1443552424.422495000    108 824e877b43755ca6d4f06f0316eb19448d8159b5
1443552424.422499000    108 240bb2dad503f15db343a574f0d7943e6896f44d
1443552424.422503000    108 5d97fb027278511f17a2eda015ebf1dc6472ec67
1443552424.422507000    108 2c35129a444ba44e7d4837074530be93b2a99130
1443552424.422511000    108 5f8ef768b818f0e3c01ba283e3119e3aef0e858d
1443552424.422514000    108 a0dafe227fbc026c29714cb6c3a1a94bbbb7491c
1443552424.422518000    108 16e586b8d0885651c46222911dd2d86fead5750d
1443552424.422522000    108 30388011c68bd018b3d765d0b36ebb33b28b4d24
1443552424.422526000    108 f1814d3ff1b3d8263f5508c86481cb6cfc950611
1443552424.422530000    108 b1a2c52be06a60280e4e6c30a539be7d7b140f17
1443552424.422533000    108 048c632fbcf4870bfc4f20ae3b0d94192183d55e
1443552424.422537000    108 7cdafd4255e3b43a9a2c3378521dfc1e625f6c09
1443552424.422541000    108 bad6f5142a6b2ad3348b4030f7d04ea8b4340a3e
1443552424.422545000    108 268a61ef3cf22bf2e159347bcfb59b9cac94dfcd
1443552424.422549000    108 9ffd76cb5863baaca0caff66417ac13a1b3096eb
1443552424.422553000    108 bd2b18045afcf47b7ac87fa795143ec2e61ffff8
1443552424.422574000    108 010b5d923cef4067e1e14e2165a63e8e064dccba
1443552424.422584000    108 6c1a97035ce0356e664b389b37f67f581219881e
1443552424.422588000    108 4861482c7f6d012d855bd38a8b1fcb5a6d51a55d
1443552424.422592000    108 a611214863c6768cdcd63cba5dc65b207075bf81
1443552424.422596000    108 c78393dae1774fa0fc10da73903f310fbdbdc838
1443552424.422601000    108 ba9d70c3f23a4bc7ca4abcb98306db61681db57a
1443552424.422605000    108 16c41c46c3191eeea3a55a3fb576767c8311691d
1443552424.422609000    108 62b4321f6f946597524b7f167cead36e2b86195c
1443552424.422613000    108 3e3f35193fa1799789030a16d94d26fd15641bfc
1443552424.422618000    108 cef59029ebbb011f975c8749208225210514f8f9
1443552424.422622000    108 420ecae1624e34c94de1125e3b09e0bd40b80208
1443552424.422626000    108 dee7a039335ced44e8638e77028d61fe809c44fd
1443552424.422630000    108 ce5da8b06982228a04675871d4bd4b4097567900
1443552424.422634000    108 e0661cd27ac07d26e74f326c9276168b9aba39a1
1443552424.422637000    108 2cbdd72c8aafc38213f1bd3471f7e80b0f230c46
1443552424.422641000    108 7b04d8c69f74caa487869de3ecb24a0a123058e3
1443552424.422645000    108 5f56d748f574c8b4666efb3864e5af900fbc19eb
1443552424.422649000    108 00c948f77ff589e8171940019cb22940600999d6
1443552424.422653000    108 38c26c7dba74102be67c9ed6c282f061f2f6ead7
1443552424.422657000    108 38bd6cb2cba1aa322f9837da454c1438709823a1
1443552424.422661000    108 b70fa0e3df276249601dc3ad4ef5f62a0a2efeb9
1443552424.422665000    108 ed14699d2cc9207a770d5a78c7c686244b068bd0
1443552424.422668000    108 c8b64386be6f7d896fb748ed5f4de1a802a8acad
1443552424.422672000    108 fbb045a37547970b46a1f3daa1bd16e078d2f527
1443552424.422676000    108 83ab35d210583c74c6450bcd57ac3469b892e570
1443552424.422680000    108 db29e93e09fcd6478c78c128937d6ce309f35bf4
1443552424.422684000    108 d9a93ff5860e1a9e830095517d24c89a126db668
1443552424.422688000    108 671dfa0c440d1fa8618b31b7bd5594745866985d
1443552424.422692000    108 3413aa96788ae3e4d7252858531a390b3c1d3fa6
1443552424.422696000    108 971d4cd7c8ef108fdf16505f847b9f1a01c1d75b
1443552424.422700000    108 42a845baa3afa89dfb22fbb339a8942c237d58bb
1443552424.422704000    108 51dc69fb6374b1644a1c5e7c58b113283cab3b17
1443552424.422708000    108 613212e99026806ff57ddcc8478e24eff4c04e68
1443552424.422712000    108 291b56be6a2fb0854eb8e4b162166daba2eb6f75
1443552424.422716000    108 05b74de5a0e4eadd2b7a87f16c6b7bd5a9604388
1443552424.422720000    108 f10262102c390cf3bdfdd64a6a8fc065d936bb13
1443552424.422724000    108 3e929d27b8c7f0110bc9c76a3cfb3bfe6687a805
1443552424.422727000    108 09d25eec138b30afcf2be22e40112039e92449c9
1443552424.422731000    108 0fcf07afc0d8f6a38db735bd040c89f08fc94826
1443552424.422735000    108 55c7f9430b064e0ce24e6f4f663d46718dda2d7f
1443552424.422739000    108 71c6a913c95bdb9cbac34b47769aafe86eef35b1
1443552424.422743000    108 f2f979eec1efed1f1a496388d85f20e7fbc502fa
1443552424.422747000    108 04f51048249a69fba47247917191627210633843
1443552424.422750000    108 d3e2b6f6e9b9a87c08489fb272f19fb4db0209e3
1443552424.422755000    108 96f311e3f2da45e2a4e38a5f4b70fc1137469d15
1443552424.422758000    108 6756cd14a90c87001f15fa3a2a13ba2317bb2d4f
1443552424.422762000    108 6f8e46b8318a544fdcd16e588f4da271de9bf5d9
1443552424.422766000    108 a0d7ddcbea7568426972525d9ef712468357d9ae
1443552424.422774000    108 08a2109dde3454c1d12ccf9c7eec40a39d483dfc
1443552424.422784000    108 04e2b95b0273ee7466379167cebafc6331a91455
1443552424.422795000    108 abcbfca7e036da08262742e8bf4292ee71ec204f
1443552424.422805000    108 6754738bb65e9b09c57f0e12cf94d4424ada3064
1443552424.422815000    108 a0c5fb9a8686631344bcb0d0e98de30385de1bdb
1443552424.422826000    108 03162ab7687e9c7a349bd2bfa17664211c3dc395
1443552424.422836000    108 1731484898e744a458a3150bebac7cf6ef6c12dd
1443552424.422847000    108 61b0f97e1de380baebeb02dd863bddb6bf244635
1443552424.422857000    108 edebb391da748d7beba30b2ba00a0e83ecf0cbc9
1443552424.422867000    108 517a1873c9e0f0f073c40ada1acb7d445231301b
1443552424.422877000    108 de9a56e86a678b54ac9e153376472ce6106088c2
1443552424.422888000    108 b7900c9c456fbb19af59f98286b25aad05ad1d9d
1443552424.422899000    108 184f87514c46f638fb68b151cd92856a6b8c4283
1443552424.422909000    108 5b92ca32da43d431c20f6a904924febfab9b90db
1443552424.422920000    108 2ca99caf61b31977fcf9be43a007555cc42f93ee
1443552424.422929000    108 1604461984f77776271017fcc89c81803116e049
1443552424.422940000    108 29d7c9d6c512dea9ff0fe683d538ac1229ec4f5c
1443552424.422950000    108 8f92bcf0d675c469c4d65636133acba1a207478b
1443552424.422961000    108 0cdfa48c86a28354ee142a7895601ca1966ded61
1443552424.422971000    108 f978be4a7438de4adcfbb46533cc1d561b118d1d
1443552424.422981000    108 7c367d6517a491d380449a79202b6459e0138e38
1443552424.422992000    108 70de3b35a0f5b529227c2f63467408708a3d5c0f
1443552424.423002000    108 a41bc2cbf072f107a8e8cc7016fd30efe0201eb8
1443552424.423013000    108 61a511df07f7c3e8a3d3a011ab48a54b6b8b1a79
1443552424.423023000    108 ef0448fe8ead240235e6445ade0c33cf52ead84b
1443552424.423034000    108 25f93b02df7a75bfe0aef7777059de6b709e435e
1443552424.423044000    108 17305e2635736a42ca93ed82edbde7dff7d1fbbd
1443552424.423055000    108 c3e92e8ed0d3468475e0cdd4f06ab1e6b25346ce
1443552424.423064000    108 761650fcfc0cc2bed809384615062404963ea448
1443552424.423075000    108 eb4f05a92d73421ab875e2b05d0a60a142ae4404
1443552424.423085000    108 c4fce6b1bb3d4f0e013cf231fe1753994c934956
1443552424.423096000    108 5e5759996c5ae8a87afea4250becab5c420680a2
1443552424.423106000    108 8288f2403108e9df112d11c3498e49a8a45a4ae6
1443552424.423116000    108 84ce9bc02f4e4239337dfe7d682b2a0eeccb5341
1443552424.423127000    108 102bd19d48e167db911bfa968634c3f3cc800206
1443552424.423137000    108 aad9ebd8cfc9a4e89a2dcfd53273c72edbb68bd0
1443552424.423148000    108 4428ca7d3ffe0240963c3f47d3182c3236c0474e
1443552424.423158000    108 88c3447a217212d8bf332b4f6e080d1cbb0b6e77
1443552424.423169000    108 125d37a3a1981c64a45825d7a5ab3037b19b8fda
1443552424.423179000    108 93262886ef0f1151085e371877d60f45da11ce89
1443552424.423189000    108 616251434d53953a1d80471da06ee7076527b696
1443552424.423200000    108 7928bcc33a1543c3677f1d09c94d5b8c15e49883
1443552424.423211000    108 f3d10324871da2d2a9515874b638ee46689e3085
1443552424.423221000    108 89108806f174cfb5e3300f8ae452859c63e44608
1443552424.423231000    108 9730e5c3e12ea47415a895ad07f13a280fc9cfde
1443552424.423241000    108 569e039b46d4f3b35e703206f92319d3bb10e6a4
1443552424.423252000    108 7314eeba04e996996ec78bfda5f43c68d7edf2a9
1443552424.423262000    108 6ee5d12388fbbd4c1a55346a8992805b225e3675
1443552424.423273000    108 f748487d234562ccf2923d449298d81b7c14cc0f
1443552424.423283000    108 f6f4b54cc9f418a14809c070b255466bf66171ed
1443552424.423294000    108 8b5f3ffb7ff7c8b681cc27c6dfdd34746d306e2b
1443552424.423304000    108 044e02d7e1979d1e84cd6bc3e49153398f174a38
1443552424.423314000    108 a4f86312af9993a3be5c38225943309356693a4c
1443552424.423325000    108 9522f1741357082bd31898240aaf4052914eb1bd
1443552424.423335000    108 afc32b05d5aed3b2ad24d8f48bccf72589dcf4da
1443552424.423345000    108 abce26119c3e9264ccf601025e1786c55df56736
1443552424.423356000    108 3a60abbcda3d564327ea865a6251745d808b3d5c
1443552424.423367000    108 306f6bdac1ea16f8050bd4f5e82d3eb2d08fdf5f
1443552424.423377000    108 7b2615f83c51fc4ea05afb028252f2c6a867e2c1
1443552424.423387000    108 b0b7dde520883d9aed1feb1b4e8314d22240a481
1443552424.423397000    108 b9a50a76e786187d7fddc8a8c587ac27f9e51f3f
1443552424.423407000    108 9c5b68a043563d8f851b40b5e9529356a3d7f99c
1443552424.423418000    108 4a470e7846a840e4dbb74357b956c4897371b35e
1443552424.423429000    108 7b7d3d76a8060b651b39b443686b69444759feab
1443552424.423439000    108 5a915d97ba806fe885d50c771fd087a767dd04b2
1443552424.423449000    108 c70a733be9b5d1c970284d48207d177517234d83
1443552424.423461000    108 55fddf01552f0205a4f217d0beb20976c7814e2e
1443552424.423470000    108 465f1a6ca95a2fd164a86e1f60c1ba557f9f0c93
1443552424.423481000    108 14c6ac7ebf16ceeb61be54c23e07d22aa3e88600
1443552424.423491000    108 5c9ccefbd735205186744e63ffbc83632ca9d462
1443552424.423501000    108 6611cd9c6516c145eb328f7ff06eb31b073caa25
1443552424.423512000    108 b1aac37d3630acf83ee95a32ee9e7337f33ab9e9
1443552424.423522000    108 6cb0deb69492891a6e83151b9578f4f6aab1c331
1443552424.423532000    108 8cef7aa705ea4148894cd31bd9808012f7f0bf79
1443552424.423543000    108 2791dbfebec3f7c4e066e3e8fd7474fa9b81f0a1
1443552424.423553000    108 6eb3cb88116966d9bc3ac5312f5eec28a2ab39d1
1443552424.423563000    108 b1fe0af9244bc1f99a47fe82a6c3aeaeb06f728e
1443552424.423574000    108 365823018ca84a353a47c76c25c63ff4a865a3aa
1443552424.423584000    108 54daa252f3214d712dd7289dabc094baa164e984
1443552424.423595000    108 0d42e9721aa0f6adaf9ce80e8ac7a360aec70cd4
1443552424.423605000    108 3d820aa6ab892fa1814989410657d25b1d6141bf
1443552424.423616000    108 b9de21d24157986daa5302d3e70d858882a31948
1443552424.423626000    108 3371a8ef204ed418db525b664f60cfbc2847e9f1
1443552424.423636000    108 9c99ff3d560de9fdaed6a1305b9e9627d2e009bc
1443552424.423647000    108 5d9bcc9183e76454706ff3472b165a7ca39d8dcb
1443552424.423658000    108 881ceae31e0527846c8f23f1e456a5bf299aa9aa
1443552424.423668000    108 fb5de0ce0ad4b9594ab4028d915e7645c284ff29
1443552424.423678000    108 2d6e996ac16ed8c7a28ce8a5ff126e6354f12aab
1443552424.423688000    108 94b82a994451307dbc5c8393cb5af3fcceee6757
1443552424.423699000    108 434c498994b6fcc7bf347acd06aebec7db1f044b
1443552424.423709000    108 551045ebece94c965265f9b870454c8beb7c4988
1443552424.423720000    108 a345cc489139e009df283c0ef85dde14e63f9e98
1443552424.423730000    108 7af4bb9a37995fe24b0a5c03063ef663253e6a2e
1443552424.423741000    108 1c5267a60e985234688d40a16d77167b788d2ea7
1443552424.423751000    108 5a08868435da982bcd4d90191afb022fae702588
1443552424.423761000    108 4981fc15f2ed0b458374d4d2de9f25400d3203be
1443552424.423771000    108 164a885e18a339a294801a00d51462c035596598
1443552424.423782000    108 78f093465a792ee3ba870c91845cfc49887ddc72
1443552424.423792000    108 9fd9b98cbc2da125c41a4bc5385d0dde46ae32ae
1443552424.423803000    108 d336d467d992a0d86386bb65df2b4b94af75ae1a
1443552424.423813000    108 14d1353c395d0ddce30d6e2d92d769537f4ab6ae
1443552424.423823000    108 4f93ffce3d1e067592c76367a4386b0c8d8abd04
1443552424.423834000    108 0aff093d5f9995546d5b858d95b06b64b5d1e501
1443552424.423844000    108 6939998297e548666bfdd55ec687e308b634e7ef
1443552424.423855000    108 669ae50b54b437736fb26e393b91e109e6b4147a
1443552424.423865000    108 91c757d1bbb276604e93b58d236c3436d9f9cee3
1443552424.423875000    108 892dde98e4c8c8f7bbd166d21bfd4c8d4d2a7885
1443552424.423886000    108 8f8d822d77b84c118af80844094709ed7c97187e
1443552424.423896000    108 12aaa315f545094a9db65187a55a8f7117bb43fe
1443552424.423906000    108 930a41d805d75f7129d76cfdb89a3d86343fd538
1443552424.423917000    108 475a179cf7313db040ccba7ed89298b2017c476e
1443552424.423928000    108 93d712206819fdfc9f8ebb0995b6af94657a3fab
1443552424.423938000    108 55ba6a9c55739df02f5c2cc0411a72d79a2ef0b3
1443552424.423948000    108 e5aebf5a8168c4b21de62de7339e0af8dcc8190b
1443552424.423958000    108 202bf3f414e3407deb5a532338119af0f4f336fe
1443552424.423969000    108 c373555bff72bef6a474024e2274bbe45e9df925
1443552424.423980000    108 7748824f8f29479d11ff8577ad0daf89d4d766c9
1443552424.423990000    108 43ead892d28b32bc686e6dfd0373153ac9a590c5
1443552424.424000000    108 165027977e3979e74e74a6bebc9ac99f7664c76f
1443552424.424011000    108 93a4acfa89edfd079e2b78e800b3df5e14f6ab5d
1443552424.424022000    108 ded1c2832c67d958b58eb0d559b7ed8e50f70d21
1443552424.424032000    108 7af19ddf3c43b6ae25061c2f1e046802106a54b9
1443552424.424042000    108 fbe924e894cad5c75e0f08de7342338e75d22605
1443552424.424052000    108 84fa7d4dcb159cb0dc8686a1d71551b699aadc42
1443552424.424063000    108 2b083b125fd0657ff721914559a1dd0a0b945179
1443552424.424073000    108 00a77e8cb10ed56dbc917e6cb9154bae0d53f15d
1443552424.424083000    108 50d23cf4102a134ff711cab3bf59797283d56872
1443552424.424094000    108 8b0f1c3820f4f7fc867da5d4b19e137aee5e523c
1443552424.424105000    108 ba71c259addba1a7081eca1899d21928efff264b
1443552424.424115000    108 6c9796fc1992cbc0d99470a33c9ac281d60f5e14
1443552424.424126000    108 792f97319b4bc25027118a7577dcc4fe6ec1c708
1443552424.424136000    108 7665904727a59f6ecb53e45304c6bcaa3acd84e0
1443552424.424146000    108 4ccc5440f04b6451851048f5b2915f1b7cef818e
1443552424.424157000    108 ef065aaed1d40dc3578b6c621d7ecc101ee728a4
1443552424.424167000    108 4a0c40e1d71e7efb0f1fd663611745b608eab210
1443552424.424177000    108 5345eb94569c6cf74f76b840d8807b5a4191771e
1443552424.424188000    108 af3e3c90f014d0f4e76077aeec82940873d7afe1
1443552424.424198000    108 4f262471f00fb4762dfbbf2894e2650547b93f71
1443552424.424209000    108 ba595e543283b88c0d3021aa9c4779d8c8481b95
1443552424.424218000    108 25eabe5666692b14eea3894f93f92514a800179b
1443552424.424229000    108 5bdbce1ef06c3f81af850886e06991a35efa1277
1443552424.424240000    108 a00d2749bea1e145c37b5f81bdd0761b5c9489b7
1443552424.424250000    108 9fe9029eac51a6fe25064d1be2176af1b072dcd8
1443552424.424261000    108 f6db1ef20cb0f070739792b3a6c5756959e27e3f
1443552424.424271000    108 835f49058916888b1b0f284b5eeb02261f2fe101
1443552424.424281000    108 50b705b0aa8bd27127a72f3cef2222a05e582582
1443552424.424292000    108 4dd6ce9f98019abe3159ee9afaae711c72653773
1443552424.424302000    108 7a40e19849f93ca6ae1e8d9a571687a52b36d635
1443552424.424312000    108 6a3b28825995880443dd40992394336155e1e49a
1443552424.424323000    108 f454e4efede113568cab65611c7ecef0c0a8e08f
1443552424.424333000    108 6d9136120e741e356203399f319c82adbbd390aa
1443552424.424343000    108 5a02e8d4601fe08b2dbae2a91637411113dea940
1443552424.424354000    108 e09d19c6bc495316d16e6293c46952e6dc8422de
1443552424.424364000    108 ddaea707d3a09e726a2cb87a35be7fd46a284c24
1443552424.424375000    108 1affe6af8d07fcff0989be5d38770e4788d54796
1443552424.424385000    108 f92b002a13719b758bfda3545b02b8caf0c16aeb
1443552424.424395000    108 be693be62eb9b247650233e097d85e8b34447200
1443552424.424406000    108 99850799d4cd02917b3e2da582012126fa58df90
1443552424.424416000    108 a7832265af0107325a1c88c259e4e87f061ab1d1
1443552424.424427000    108 7b3a04c8631e0c21cbd26c1102f26f095afc1fa1
1443552424.424438000    108 c029e02c083095478e0ab0ec7aaffe7a40abb4af
1443552424.424466000    108 29d43a94cf31ed536642c859882a0ec3bf854943
1443552424.424467000    108 8b2195680b79444b3d7713470d15da3ea07b66b6
1443552424.424467000    108 8c4123b87591d043a8a5ae8ff964e1501454f5f9
1443552424.424479000    108 75f3241eb59f1a216f5e12de6f275ba89192804c
1443552424.424501000    108 c47b90e4182d2cef08c3501dede512455853f867
1443552424.424501000    108 ca0bcaf9ae7b58043db9aae91860f18fed6807d9
1443552424.424510000    108 c43adc6865bf6b1d5b8598ea75e4bc15fa73fab6
1443552424.424544000    108 568dffcb7570f2842b835dcd428e8e1f49a790d7
1443552424.424547000    108 859e37fc574f5672cd7dbce67cd7061dad92c3af
1443552424.424551000    108 ab04683ec97a83c960ff0f5e60b425ab899d3ef4
1443552424.424555000    108 f56c369141f56ae11fc685f3e54cd1422f7d48ad
1443552424.424567000    108 90715d44dd0d4d61faa11c25120c752e8be65542
1443552424.424587000    108 2a2d9abef62d82b9fdb165e2d41c59b418210a4b
1443552424.424588000    108 bf34986ed646abee6becd9bc36d532699553947b
1443552424.424593000    108 4243b6ea37af1fb0f14b5e30cb83b130176e30af
1443552424.424604000    108 85cd90f9ba3dda3bdcb48419f7821cfc39bb18f0
1443552424.424637000    108 a1a0e2af7e13b1a4cd6465e6269d13f6f638f622
1443552424.424639000    108 3c444b9f15ed5cfc12b406a197247d29ccbf4d61
1443552424.424641000    108 7a94ebe23d740d02d21a6cf88a3408c0e269b67b
1443552424.424648000    108 3a412e037a9b4aa5da8b110bb459e95008ff72b1
1443552424.424674000    108 3745d46fbd7e469eea9afbdc7cd06583fd084841
1443552424.424675000    108 64ed8be143067299c04605fdf6844f205b104612
1443552424.424676000    108 990548d15371d31d6db98351a62fbe5a594e256c
1443552424.424687000    108 96a082621b724b6bfcb965880600371a029daf5e
1443552424.424697000    108 836929f2f923a7536fac3f5b9eef342064f43001
1443552424.424729000    108 d95492c76e8e2879d9aeb9aea324f57238c6e14a
1443552424.424731000    108 24d544c5a7fb41b0ab3cba290d2070ee5f9f96f2
1443552424.424732000    108 34964a18acaaba65451cc75e7d08749950e228fd
1443552424.424740000    108 e58670b11f6cc8293251f0748b6e37d9eb1e0e68
1443552424.424768000    108 cb3294d780ec7a2233334fb3540fb577f50fc5e8
1443552424.424768000    108 180b927c874cff41b9955bca69519afb7cbecf0b
1443552424.424769000    108 9bd003573968109e63f63614b2c6353fc8ebc436
1443552424.424780000    108 996f0d25bf3366b62075732f487e8b859040a09f
1443552424.424803000    108 bab850a53afd34a4d8d7c4b52d9257b4428b08fa
1443552424.424804000    108 5d6ad1ef722688f68cd1821a2c58d305f2de01e8
1443552424.424811000    108 f0af30a4d48f79b819c9147d5b300e21525c17d0
1443552424.424822000    108 5905d87e15f801b2341b0379942e09ac741d4da2
1443552424.424855000    108 194c1c498aa91ee1e6417886ae4f5015308ed2b7
1443552424.424857000    108 28ad9f69da7ef3770549ef5117face9260213d53
1443552424.424859000    108 4ae349d3b0ab37189e9a3156dafa4ec73c817d73
1443552424.424865000    108 ecb85d217a6cb76f8c2686dc4fa78c7d9779f006
1443552424.424892000    108 53d1a9e7e35074d016e6510769bef1d8576f8b4c
1443552424.424893000    108 01c12388ed8edd24e78e0165074ca606acda9f30
1443552424.424894000    108 2da4eff3d8c627e9e6defbe7b6b268d931ca4681
1443552424.424905000    108 dba61735c8ed092e525322ab3014ed2dd58665f8
1443552424.424916000    108 8a755813c198069185ca2d37d17936b78156d6ca
1443552424.424948000    108 79c8c2f57d55d29efd6c4873176d509e16d491c2
1443552424.424949000    108 89b8c415c6c3cfe4016681c0fdf8ce95c1fdcf7a
1443552424.424949000    108 e81687cdc9c36ae4808c28a669dfb90e6f83c0e0
1443552424.424975000    108 faef2de054269348d4f794c11ac21810b73cda98
1443552424.424978000    108 b82d1a09dd960b7dea68d2e5b193fa915124b755
1443552424.424980000    108 f570ef0fd5a38ae0e6a0c5f89daa912b5533def5
1443552424.424988000    108 bac2f3767a3a6a59dfdfa290c5d7a39d5c784939
1443552424.425020000    108 f345d9fa0b23433c0810601d49ed4a47c456ef53
1443552424.425022000    108 0fc87dec54cd6a2a2d3ee1dc31a172b622dc2543
1443552424.425024000    108 6918000a3b8ab4141418147a18f1dd642bd40042
1443552424.425031000    108 27658c402d81cd16f50621335a35ee72329d9dfd
1443552424.425059000    108 28e56db80f3af0174d7e3c049458da6f4bf3387f
1443552424.425060000    108 5f0ec1bbad021d78e01eacb8962ff0fdf23288b3
1443552424.425060000    108 d978b109beda3ab398f8df77e3e4dfeb89a1a67d
1443552424.425072000    108 b719de1e369d8e7331968249c3fca2ec06e43921
1443552424.425082000    108 476f1a016bddc67c6bc04b0aabd251d9061a389c
1443552424.425114000    108 537471f8ef374ef07024f07207f87861280c8f74
1443552424.425115000    108 84694913e690318be207557dcecf82b99ff93630
1443552424.425116000    108 63f42f08ed2b3102850832578b35708bffb318b2
1443552424.425138000    108 461c2dad9be266d4709cc38a0fb07ae73ea727c8
1443552424.425139000    108 2560e4d8cd0eff428f69c02385e0c084f2dcb89c
1443552424.425144000    108 45205f81703e7a028a474015a335664cbc887bae
1443552424.425155000    108 867a47a72d84b7921e3adcd8bf780a491fc0809f
1443552424.425186000    108 537f3ce1b0b8604c20d577076c07c813a0f4850f
1443552424.425189000    108 8ec8cae2b450dcbb2d63b9c2c42a0c871a8843c1
1443552424.425191000    108 5cd44f14d2215de43f5621973d29b38e7995f08c
1443552424.425198000    108 7083212b17b1aaec9491ffbfa7edcf4a1bb9e615
1443552424.425225000    108 99f80e12831c54d09c762d870638e63142b959ca
1443552424.425226000    108 338c17cc6aee160fd9e8cffc29188b6f96e27344
1443552424.425227000    108 9820bcb0ef3387aa166f9ae8b0c498e9aa40aee5
1443552424.425238000    108 6d5217006e4a9db827655a17af1eba44ec2a752b
1443552424.425258000    108 e7d01ef1e186e46070f7d9e92cdf85e010d1bdfd
1443552424.425258000    108 9a077b606de392838dedba6e35cbe785d6f7dfc3
1443552424.425269000    108 c1f94e2bb95792b691674fa1ba565a5293a7c38b
1443552424.425289000    108 686e9d92ac3394fd591346e31b450f8609206b30
1443552424.425289000    108 bcf955dc4599d6a0f0b13c5cd25d086b47a21b49
1443552424.425301000    108 4bfd08baf7df5b5a726281d995c2863c78bbfd07
1443552424.425319000    108 364a8567f7f57a0e33ab4e56b3faae88308f3efc
1443552424.425320000    108 e0291679cd807b95efd86ba2875dd4ee5f5684bd
1443552424.425332000    108 2086ae999351da01b18f0f79ccc0bf3f4dcb4516
1443552424.425366000    108 5653b001282dbbb2fd74b3684ae1b82540607436
1443552424.425369000    108 c8a13aea7953becaf2b97dd19ff155e0b90b9742
1443552424.425373000    108 43159af316e889fec1248c2a6303bf72268e6fcf
1443552424.425377000    108 607b24ba1c75a37a7481184c7448d250ff1a3b92
1443552424.425388000    108 849fc69ca35edb1d2c4426ed8fd479c0c8e1b2da
1443552424.425407000    108 c6ed34e4cc729ca1c4ee249fe8a47b42d0326196
1443552424.425408000    108 51a990e19c85afc63bdf5829e10fd06950144937
1443552424.425415000    108 49d5460fab636fc6a04870f7c507f119f5aae8f5
1443552424.425426000    108 fee8a12676fdb359be0b4e2d61e580330c8fa1fb
1443552424.425458000    108 5026cff76d70eaf3890aef88ca00803735942733
1443552424.425460000    108 ff6cf26758a35c124199a08e48189d4af78e5012
1443552424.425462000    108 0b3115580c2e5a9ec282a584837f80af98d2306b
1443552424.425469000    108 b1a51f464064c4616a03c32ef982aea265960a1d
1443552424.425496000    108 a5fcca53726fe59e0a037a218ca2ef3b81cecab4
1443552424.425496000    108 2cb204341450412ac96b1245a5570ff1909a28e4
1443552424.425497000    108 f1e32511cc83ad9026a39d5b9df1f56054f6399c
1443552424.425509000    108 f88e8f0c29326b4467447b6948731fc73f8cd1cd
1443552424.425519000    108 df7eac18a517cdb7b62a9d4aab87cd73f0d00cad
1443552424.425550000    108 8afc27388cd44cda19035424c44b448ee25274b3
1443552424.425553000    108 6b0be78459e3c2bb52df9f93146524875027f107
1443552424.425554000    108 60b1f324e54bb00ee894f460f8836f02a4205748
1443552424.425562000    108 ff06d638e05aeb31699ab14175aa725c6f1ccd56
1443552424.425589000    108 c8d6f1234c535f2411b08690949f7595fad05f5f
1443552424.425590000    108 526f02556bb850520469e04fa3ad4d8750a1c5e5
1443552424.425590000    108 18c88436ae36bcf805b26848371082601f3cf660
1443552424.425601000    108 7f32dc023bb9d6d5603da1652577ba6dd5172f52
1443552424.425619000    108 c2ba64cb1d274465a892769c3d973c08ae467d9d
1443552424.425633000    108 14c4ea81ac07249b592afd222a8859ff73dda120
1443552424.425635000    108 f7654835fa0eb25403a5e0814c75749d1d687920
1443552424.425668000    108 248c11075a19e61d3fc03e5f91f5928554b11c2f
1443552424.425670000    108 472e81a4dc48019a108c5bf222a26dcf3d286e41
1443552424.425675000    108 8d8a4b34624264a5bfa9d06de875c5cfb816c87b
1443552424.425679000    108 ea1a544672261674fe9c5e3c9dee7314be78b1c5
1443552424.425690000    108 873c0676da3c20aaa2ae1bc6e6ed69a30e498f1a
1443552424.425712000    108 b965ddab5f7b4878bf7279ca2f9de4a7bb1f9009
1443552424.425713000    108 faf45654b781361a4de903ba076a88af762b5906
1443552424.425717000    108 0bcb4c3588d6f37d4d4db2bb1b88d3b16524e0cd
1443552424.425727000    108 6dc15889337824d8c3fef811ef92160cca74ef0a
1443552424.425761000    108 10191ddfc612e9565cda1ee38c9efba1d15d2c35
1443552424.425763000    108 37cc69f621735e86bb9493e44115168f4f0f3a88
1443552424.425768000    108 7cce49f5ed03cdb9a46fe6917e6dc9de4d7011e4
1443552424.425772000    108 8e28555c1edda2f7fd8b552b3e0fbca2158c0ddf
1443552424.425783000    108 c59d382abfd138cb1279f75778da285243917d41
1443552424.425801000    108 c47bd117a6e7e34a75cc657e95cae4923732980d
1443552424.425802000    108 b1aee64b63cfa2a2a7ea927390522c8cf710f130
1443552424.425810000    108 40424bcd1e4152c791fa3f495469f23620ded5c7
1443552424.425820000    108 f4962f836838f9ab9dc3a004d847dbb34aa9555c
1443552424.425852000    108 4be10f6058ea6452d15afafb095883f106e6e2ae
1443552424.425855000    108 98ae903765c0050145f9a37a43f94c06d48da37a
1443552424.425856000    108 ab4bb11be38cc4813a368a17578f3239a0bfbccc
1443552424.425863000    108 de61d649bafca83d6fc768747fcbf5f4258d6f47
1443552424.425876000    108 cc23dd1c39e146a3168e35658de77ae4a2e489ed
1443552424.425893000    108 a9ea8f9fad4a4cff5e0f02414f0937882c70908f
1443552424.425894000    108 9daa6e8a7f84ff5bac207ab28edc8691fc3f7843
1443552424.425903000    108 1da1f0a33bfe8cf1c9dc46a499fe46d1122bf156
1443552424.425914000    108 58d968a429aa2270001d3947dfe6488ab61f7619
1443552424.425945000    108 0b063d6bf60f6ac612c4575e9046eac2c85ecabc
1443552424.425947000    108 4d5924cdf4e86736a0c0dad1919e4a7c21f30ea3
1443552424.425949000    108 2113c6539f1bd54c01092b4681c4b1c5875e9763
1443552424.425957000    108 59e54dcde29e0149e85486e3caf514b807b06de8
1443552424.425986000    108 9ba1779ffc961c19418f07d082d54e40dcf46872
1443552424.425986000    108 2cdb8c6bcf253109d7213d7ed9993e1e354240d3
1443552424.425987000    108 3b8447235b9772ebe5b0859bec368eb2e758b963
