1443551906.133072000    396 242fbf189c4b4ffa9b850455d343f3ad487502e8
1443551906.152739000    396 acce1629439cdaebe7e00276da7a8e7b2edad0ee
1443551906.172685000    396 2e21653d7f3355abc0f3f5044894dc7b1e952ba0
1443551906.192752000    400 5ff729accdde223080cfa859b3ab39554f4feb15
1443551906.212820000    396 366de787ac89b6cfaa7d4d1f96c4ad371c3bcb4e
1443551906.232722000    396 3dcdc79edd37d9beb9c291d9478bf17f282797a1
1443551906.252793000    396 66a247ca67f52f0a3c4d2dbd71341fa3ea287936
1443551906.272875000    396 848fbfac39debe497c9f912aee6fa9d7d64c25b4
1443551906.292740000    396 644a1ed0f8844e2e54e9ed0a1a5a199593895460
1443551906.312809000    396 a81a7fe9c3ab99b087beb9c74534f6ad7e77d41d
1443551906.332760000    396 0502e2aba57c41fa9c5120df4342abf407fe8ebf
1443551906.352803000    396 01fb96e29a4c27b070c1c2dc26de927c82d4a444
1443551906.372714000    396 105ece3d73e150e10358b6bd65ae590d929b8b39
1443551906.392814000    396 1f2b72c8475089c7c538cfbd79f41316468afb7f
1443551906.412865000    400 d08d63e34d2195ed8aa9683ef94e687d4afcd3a2
1443551906.432945000    396 15b04542266370336b053cbb5ea0f104e606985c
1443551906.453016000    396 f29f4f985b32b09b4b451c55cce68e1068151135
1443551906.473074000    400 39de52c5400ed6a57b7e88aca411976539b4dda3
1443551906.493167000    396 eff111f8e3a0ebd1e936fbfd8ed8ef6fc606d2af
1443551906.513067000    396 d770e887ecbde6fc1fb1a67a66c4289ff3451bd7
1443551906.533121000    396 3acf84292ff3544f3b0232593007cac0d98c9f0b
1443551906.553187000    396 561b614a5377d13f746f1bca55c6b8c35656b064
1443551906.573102000    396 b41dc2587cccecc507412120d7434af306c979d8
1443551906.593248000    396 7ab969b54d7b797c1e04fb1295160ba367ba00db
1443551906.613132000    396 79ec850a89cd6a54d1e56d3962851003dea4ca47
1443551906.633175000    396 22ceb4a93220e8d20f84c0a9ed150e0a74e2056e
1443551906.653210000    400 ea0d42235dcf0bb4a227b2ac7249533525608f57
1443551906.673309000    396 7bcb1ef3bcba51f9f3af86a381e6280e4816424c
1443551906.693379000    400 6c3fd2721589f182aaa43b46ad83f3c2da4bb711
1443551906.713414000    396 79eccca4569776a1ba5078f7c9f52f3afdf450b6
1443551906.733483000    396 86740407210630f3260c47b2570ba412a4f247fc
1443551906.753588000    400 605784e43ef3b6318f46959836f7f03eaa1c97f4
1443551906.773668000    396 1ee9a66fee2d8d14c33ffd2ab2cae8fdfb866d9b
1443551906.793727000    400 d1f0e2774a60cd378ce97fff2d499458f6d81d45
1443551906.813797000    396 4655a52422614aa19306e0d7c38397bd89bfd004
1443551906.833869000    396 e0d793efd8ed018682ed3e0b4f295ea7345f71d4
1443551906.853765000    396 15cc07b7054e8c1be34e4d6ba0f0bb54c0f7e95a
1443551906.873853000    396 e24bc01370d87fd04d1f5d817c2b69496d4576e5
1443551906.893737000    396 f060e207679b1133d6cd201ef36377130083a78f
1443551906.913813000    396 352b3d8bee18aacd16bf835eeb57819e57e1967a
1443551906.933863000    400 128ea757e38ad9c75d0bf5db9357f754bb9a5473
1443551906.953917000    396 80496ce5dda1e0fb7cbdc33f6b158d9ae4a48205
1443551906.974040000    396 2b2c38284f6ff245c08a9da5538d24dedb030561
1443551906.994065000    400 8e2b11ead0216322caac6233e7886fbef2c2e29f
1443551907.014108000    396 251e847a570c1d7e49f258b6dc356fe584f590d2
1443551907.034158000    396 52fe7a24e6896773c71ab69ccd8b53e2bc7cf6da
1443551907.054065000    396 3fc972a4ebb8d460d0f919d7a3cdaf0f90cb734c
1443551907.074094000    396 2c75eea0ed86d3d41bb7905777f9b728cae414eb
1443551907.094206000    396 240704051074da94d1096a3e41d89a7b1095765e
1443551907.114029000    396 5307dbb03b35a54758ab28bf0eb0831d2fe04af2
1443551907.134126000    396 d55222cc6da56f424607ce5898cd219ef540a4c4
1443551907.154150000    396 77a9c0dcdf748857937fa2cf360ecd0c5e66924c
1443551907.174067000    396 ca169e3f1d4e59f75c8ef693220cc46ce7dfa667
1443551907.194107000    396 f555d4cc71de65d8cd529f7cf55d360ef301b766
1443551907.214137000    396 c68426c5c0917d7ff1f2ee0cf00255c78641dc71
1443551907.234183000    400 59efb14ad02679687332abda1bda3d14368e885c
1443551907.254266000    396 a289223eae26cf93ae5975fa18d1b4f564d72163
1443551907.274291000    396 8871f7b5abccf022fe04637a43071e4573bae780
1443551907.294346000    400 bb20866ce339258346d07fa9377ffa8b1a7a01d7
1443551907.314422000    396 46502152ce0ae67904afddcbd3fa659c2f153f41
1443551907.334474000    396 5cb37ba7025fb08ed51573ec187736d8273da578
1443551907.354498000    396 2d367725265e189a2ba2669614b807dbef671cdb
1443551907.374393000    396 8946cbc1c29a706fdd0f1f29d36f67245ce73925
1443551907.394511000    396 3880c3ebb8b74d5015d0565872ff8b80cfd30f8b
1443551907.414521000    396 211c3988c8ca05b9bdcad1f490c46739ba7bd771
1443551907.434550000    400 1596c59278197c2d2836f1de482d58d46a5b9163
1443551907.454683000    396 e38823b7913fefa7f10727ea312c106221147dd2
1443551907.474680000    396 93d2a10b262285b03cd901a8e459be4d58ac7b0a
1443551907.494721000    400 fd7ef65839f4bec6f6e4e57cd876c7d4d68f7a5f
1443551907.514735000    396 079f0f84accb7a9ad24b2029fbb76605c33ef50a
1443551907.534750000    396 5f1cdb0c5d19a011aefdfa14c0000da83688b05f
1443551907.554809000    396 2b62e399f19b66bed4f21901af07b15dbf49da1f
1443551907.574885000    396 860e5f17501b8e19798997ba30089361da4e4ed3
1443551907.595142000    400 bf38962757ee6d4077e3c082bb01b8ffb9903926
1443551907.615202000    400 e890bbdbf94e01049d95fdcc9db0aad84f68f924
1443551907.635404000    400 7e3dc23e2af3710f86bda66456300c7f6db2e58d
1443551907.655574000    400 b5d45fb3531d374d36382cbf398bdc2cc7d20103
1443551907.675461000    400 26726b004e7d356e6e9dc63a1236ab15f3c3fa8b
1443551907.695644000    400 cd9e2407b351b5d5bcc9e1836202b35f47111a0c
1443551907.715926000    396 bcb04a7f3064c317a5cc9271f68f40083800fbe5
1443551907.735818000    396 a51141dc52527d384b69e4625f5695e2b2247cea
1443551907.755721000    396 eccd13ef922f6aeb5b6f7368ee40889e22983059
1443551907.775788000    396 28203275c77415ff08c2785ca1432c2471e9f0b9
1443551907.795814000    396 7dd387cf2d6d85349f72144c904d6b6677754e4e
1443551907.815710000    396 01ef19fed1fd247ef67fa7b0427d1adbe8b71058
1443551907.835728000    396 f7771977df085bb4e87b5aed9b0cd9847fe02f92
1443551907.855799000    396 dd743707e3f281d1e06bca7d6a554be144e47551
1443551907.875869000    400 e88dbe06387b425c0e3b365cde83c7c69aa3378b
1443551907.895946000    396 4f7d12b134cc1b8715378699d7605c411f16b4da
1443551907.915937000    396 a8c928e96c45c35b8377bd0104cccee7272c79cf
1443551907.935869000    396 0674a5195d031fd546de964d9d14f622e7f44000
1443551907.955942000    396 f0b59858caff7fb168b6aabc1f9816ed84132d69
1443551907.975986000    396 e6570d079335283674ea59f5dc116dac70f1d744
1443551907.996045000    400 d9957606af8c1d65fdc1a38fbff52c6492d5118f
1443551908.016098000    396 654763741ba5bacd1bdf755c032f7156c968990b
1443551908.036138000    396 463e6cf0a74b9ff66b1c18e83c4c2b83c79cd5b1
1443551908.056197000    396 c8d209bbc032ef7b554f4823bea4228f370c9fda
1443551908.076142000    396 c7eb915022db69852eecb6d882b6d450144fc15e
1443551908.096202000    396 f0fbfc0068468f3db479a5326f678c3ea3e33a8c
1443551908.116057000    396 12bd7e823d2e9249bd1b39fca609842ce6ebb014
1443551908.136112000    396 d268cf9bbdd061175f78ded40ccc1bcf09183bfe
1443551908.156374000    396 027c3c4d66484df8d09ec61f5ca55268119bdc15
1443551908.176127000    396 5bc92570866a7c14c8c3fde08ec3cdafb60160a1
1443551908.196148000    400 ec7c8acfb748bf4297edf32801944eba086b42db
1443551908.216287000    396 0cc79a168d8ce3f88cc8bbc84a77a9fcdab9a115
1443551908.236306000    396 afe908345107721ccbaa3cd828b7da2234b6de51
1443551908.256319000    400 0342138032292234dc709e45dcf036b0908b0711
1443551908.276489000    400 ef7f42c34e5c3f2e6e74038ecf19f1c941d63ff4
1443551908.296681000    400 0f1f155b8b25a9aa0be5ba7de6edc02fe55111bb
1443551908.317134000    400 2c0e499e4000116fac33b8988984a484ccc7695b
1443551908.337029000    400 a5f4b3bfaf92f032a2199f1af38d56d707bcd441
1443551908.357210000    400 3da2248fcad104a44273858b981644dc3cc43d3e
1443551908.377362000    400 5676cb3375e9bcbeeccb28e69984ffd40909043d
1443551908.397542000    400 4c2734921de877061c8b691aea687f8332f41e7b
1443551908.417536000    396 c3f7b6724372a2a5d55ba742c53c764d71375a32
1443551908.437700000    400 c9d5303bb45489ab19f0992fb6b4621fb59e45ef
1443551908.457847000    400 315c4b03003eb91b020a25097e55223ede8c1522
1443551908.478016000    400 09bd2a30f160942e39168d78b08e472b6a5442f5
1443551908.498250000    400 218301d45d7f8687f0d80b3ec3e8f593f59e73a0
1443551908.518437000    396 ae85b4cef819abe1318f8e5a42b821e8b247997a
1443551908.538457000    396 efab1330a5eb20a6f7375aab354e4ec5cfaed99d
1443551908.558313000    396 5920265fe905e65fece57eab44554b80bda59284
1443551908.578283000    396 8141238f4485e14f993e1f07e946a315fe65217d
1443551908.598399000    396 ce7e7ebf63037fc4a906ffa675fab5e640b69eba
1443551908.618243000    396 b321dc895382ede97af22f4730a0ad5128241f49
1443551908.638306000    396 6394ccc250232f5ae3c560061a971dfceba4b70a
1443551908.658333000    396 edf1511a8ea26c303116ad043a8d58e452c3babe
1443551908.678213000    396 86d100e20e839ba296ad527c4cad1115bf36c3cc
1443551908.698290000    396 0116bdf03aa965f3cb0b7f1935c154365fe51164
1443551908.718349000    396 1d1a2047141d830e01e45b1a31dc4670b724054b
1443551908.738186000    396 885a9a40c43dff25b144546c100d46630a7429bc
1443551908.758273000    396 48e238f41d6579fab72bcff84b25ad1c3314c2f0
1443551908.778298000    396 611679d9c060c4283eac95f0fabe8dcb44cdcb54
1443551908.798365000    396 ce39758719dc63ce5faf85140a3de7bb84fd6cb2
1443551908.818248000    396 a1b3c2c23ea0b17524a5bbebea138c4a264dcc19
1443551908.838316000    396 ab552cd8ade4fa288b7ba602fe8add8643b4a757
1443551908.858348000    396 eaf2e1a2b716c7d6787a0d540081659a98676524
1443551908.878411000    400 87294532674903741ca06f6797a0ab0ceb1a424e
1443551908.898443000    396 863a582124c944d1bf81975040d292a860e6a585
1443551908.918497000    396 76dedba7f4b3d4ab7fecff05ac8e3253112fecab
1443551908.938519000    400 aa43f3a66062aab85a8cdc96b24b1ed26a9bc84d
1443551908.958574000    396 b965e73169a605b0e29d32d4cb7d13887ff27b54
1443551908.978617000    396 14c3c97b6c9ece705d8b13b48b9c830dc719159c
1443551908.998652000    396 5b840a5f31b1e6f14d53af474c30d6e7b6bc4b7a
1443551909.018561000    396 c3cc04cc67859f63d3f051a013e9bb46c44e8e06
1443551909.038638000    396 38c681ff034e51d06b32cffe368d8a95ed13d17a
1443551909.058663000    396 7403946f119e76c69d4b090f36a568d0d5964b56
1443551909.078559000    396 5360637bcda9af434dd84d87164ea3683a106d53
1443551909.098719000    396 265458b398b1e43c4179f496d0902a8915b60eba
1443551909.118566000    396 f6d155e08906605aa35fb665b3a7e68238e046e3
1443551909.138605000    396 2607e5e65b50adfddcda7b79905c67617373d843
1443551909.158684000    396 5a860d254381560685a5e95b970beeb4fc0c7201
1443551909.178546000    396 6d6ca4a384bd490316824c1458326c0d185c9c90
1443551909.198620000    396 d4b6fb87168f73f4093086455f6938c19668968c
1443551909.218696000    396 1408817ba52b1e1fd979d4486fee4352a8d16c07
1443551909.238577000    396 caf57bed1a5bfb5f0b72d6b44a89671fcacabc71
1443551909.258620000    396 323eeb34308d8f31d1f0218d5bf8993585394fd9
1443551909.278685000    396 3c5b1638247f23a13cf5721c30b526a5064c2e97
1443551909.298544000    396 86af7fee3957f65853f26cde5d14fb20c7b2e492
1443551909.318627000    396 57a62dbb42a3974b3e3f59ae9cc7eea537f74130
1443551909.338673000    396 49665bb1aa1136988f7edd2b6884dcf41ad7e531
1443551909.358802000    400 c20fe6c1c20de8124f53553d6f1582538b1c8205
1443551909.378871000    396 3c4fbc46efdd052c5585f1d2d9ad08a9edd9a461
1443551909.398715000    396 02a41e2e5f29c4e9d65fa05b75de1a36577acb11
1443551909.418778000    396 80308ef3faa22d515f1d5c3a8a88db1f574f4dd4
1443551909.438872000    396 59632f42a33bce2dbf9f734d2c3a125fd25a6b55
1443551909.458754000    396 7ec0616f1673b60268b73b45e8629370b5a543f5
1443551909.478778000    396 1168ec01504d7847d4bcd05619c72769b564a45b
1443551909.498878000    400 cf8f765b92ba7d2cebc2d0787ba6c2e0563092cb
1443551909.518926000    396 9bff26a47390f2d2b96e85827eddd35365ccb297
1443551909.538975000    396 33680917223da28e1d5f279c9a50f2595b616374
1443551909.558916000    396 34ea1479149e2a5cf423b12dfd67074e1addf64c
1443551909.578919000    396 59babef0989f6d1d93e1d4b0a1ea0b9158b35afb
1443551909.599108000    396 b21ab22a2f6752adeb3e361abd11f1daf5470b5c
1443551909.618976000    396 f7f281e49a5ce985d82d673925ae9ab330c4a85c
1443551909.639034000    396 24189cfc1c5eeba440010b170427e9209095ddf0
1443551909.659074000    400 aa36b1a076700ffffb00285315c7eab7750bc842
1443551909.679138000    396 fac43db931d5f1c0c3da4f0385c48b7c8628dc9d
1443551909.699131000    396 5166842142f9158b2e8e6edc4519746e24450bda
1443551909.719057000    396 0b288ea408da2e067077fad49ef92a86b3cd6ff5
1443551909.739156000    396 d78ac96ed3bf9cfaca0b6bd4394a1c06ac232190
1443551909.759183000    396 6d67ce00900b4f6d140d49d3839c9c8c2d3f8e00
1443551909.779088000    396 2a05cf78b3acc6b70e66aff0334640741bfd9d96
1443551909.799151000    396 af7df23563ba5a6fd9503fd693b205951127e617
1443551909.819151000    396 0f87a1f16b4280ded3ac404ec860e6e90623ee86
1443551909.839242000    396 4f3763cbea1dabc6bb37bf70409da74d3481750f
1443551909.859459000    400 c1317e95a771ca9927d2036a74f5af5afa629827
1443551909.879293000    396 79b45309f92164efd9910f2cf2968478a5278fb1
1443551909.899329000    280 5ffefe6ce347bca7a4f787ce6a0b194f5cf214ba
1443551909.909272000    352 391546697f7de8e852344647e1a5887d16396943
1443551909.929403000    396 218901b5e3ec6b4349651e7357cb3c277acd684b
1443551909.949458000    396 d1ae989be2b1e7cf3368812b5ff580ffa5fdd0d6
1443551909.969456000    396 19c94c1febf7bc682fedf740682d6bc2fbecc36a
1443551909.989472000    400 b8d1cef7dec5b3af6df43a250236c0d9c779bd31
1443551910.009506000    400 deb9796d794e735b6d6324cb4ec5d927ed4e0dc5
1443551910.029642000    396 1c758aa5b830d2359c203880ed8a02f35bb26915
1443551910.049910000    400 04c42a80df27bea324b62795068fe21f8feb5ac1
1443551910.069853000    396 8eca364187b51d862e7b3fd4a910cb32ba7347ae
1443551910.089852000    400 7c06f79ec029955e6fd927ff7e5a3a9e164df72c
1443551910.110033000    396 6246c056b1ba3dfa37d92c4cee5a99eb29899365
1443551910.130042000    400 60800940a58a240d196f5c09a2505e2e12cc87f3
1443551910.150105000    396 05d7d1d9ff6141a6a4a87a3ecc761c8bb18f60ac
1443551910.170170000    396 7c6f75283e57cee09cd5a6d936007639fed36527
1443551910.190062000    396 554fc13cfa8826b9f695181aa3dc8c2bbd3bb741
1443551910.210078000    396 a2cec4cbf359f3bee07500ad853572e7ffd9f514
1443551910.230173000    396 91fae63cf1e87917e67f4bbd22f6ee883322cc9f
1443551910.250019000    396 080da9290dd85aa9c0a5a8a3e7d8a477428d4282
1443551910.270115000    396 6a9c37a718318db3848e0fb367b4f20636a4fae5
1443551910.290418000    396 6a29fdf68756036eebf8ec8680b88eb7c6fccc6c
1443551910.310391000    400 c4c25ea8f0fdaff8a73509c8ffbd3f7bf180c69c
1443551910.330317000    396 0148617e23376e7ff75f09b6cabc7ebef25db120
1443551910.350254000    396 83a089e694c1a0889d239c83248cf62ecd108fb2
1443551910.370403000    396 b8886a978a289697132926230c14505964d706ea
1443551910.390669000    400 709540fd69fa224264142e3ad5fe7097ceebc74a
1443551910.410668000    400 2bf496b0e24d1c4cb1132c319f561c688ec8c6f0
1443551910.430718000    400 6bf2f5d4c8631118b1ce031b1d5f9efa488f16a8
1443551910.450820000    396 d55d9a248f725e2dfc0c1cfe2a524d86b665f31d
1443551910.471015000    400 4abf895315581ca5ffef498021102572562d2e7b
1443551910.491488000    400 cb8c0d071b71b88ad16655d2669b915bb5842623
1443551910.511252000    396 024da081c52c4d8e549cfe5c3596f06cab8b1347
1443551910.531231000    396 951b9731419b490f56a262b3feb69f892767874e
1443551910.551411000    400 20fd683c9b6ba8275ba726eb5795afb700625dce
1443551910.571294000    396 d0adac8b3013ae44a783ff1eb6a85fe6899706cd
1443551910.594191000    396 e46709dcaf0e7d60c9beaca45aa233328e473067
1443551910.611408000    396 56cf968071f233f0fbd7581863fb4e34b62c6fb2
1443551910.631568000    396 1c7e6c7c3a285d341eea3867e63bb7e8f3c04623
1443551910.651491000    400 a5325c1430a637144f8cf4acf52bb7045cbb8fba
1443551910.671661000    400 1695b0d55760d0889859a838b0af48f38a5ee476
1443551910.691828000    400 15bd3a3804d122aeb638430d95610df5e0a1e90a
1443551910.712021000    400 680f978a33fae98786947541820e703e75214e47
1443551910.732195000    400 2224be3cd896ab11f72028aac3c2806baa5f69a2
1443551910.752350000    400 ce1c7eda3f6f36ad63dbcb43cd6a11b01655612d
1443551910.772511000    400 5ce6ff0afdf1df141a69037017dcbeddb8d07895
1443551910.792681000    400 0af34bd0b6659a3c02bbaf63683f0076016f3e3c
1443551910.812863000    400 addd66db2743112779dc37e58ba1740b2ab90fc3
1443551910.832977000    396 dfe8ccc6dfe5c95cff7b65e4e2605f12d390ac5a
1443551910.852938000    396 24d7aa8bddb17ed7c3ae62a91ba7a85b6b9be361
1443551910.873137000    400 6e536dbb94f442d8abc0ab9c0ed21dff8b89a1f3
1443551910.893373000    400 a6c9908418c493d0336906b0b692c16e6e250b73
1443551910.913424000    396 6865add63f72d83ccc289ccda5d0002dfaca70d7
1443551910.933286000    396 afaedb58296a377eeead9c576355f2e4eebf08e4
1443551910.953320000    396 e1af21be74fc97057a55e8e47287c4b32430223c
1443551910.973269000    396 9fbca261da517c0ad2ad26ce32d21cea6f953829
1443551910.993230000    396 acbe7e5602c0cfe4da19c0f4677d0f8c0d505979
1443551911.013364000    396 347debccd5e92957ec7fe15d18f6540e026f0656
1443551911.033370000    400 2c32cf3be456b11eb93052749cab0d3a4433efb8
1443551911.053492000    396 de4d2bf1ae6860a2496896fdf98c39257546617f
1443551911.073531000    396 70ffbd3d1faf02f18b8310c3a1f4023d2acfd8cd
1443551911.093519000    396 6bd5237c3b8893fe3a085f26d7b7896f24ce9f00
1443551911.113707000    400 bebbf8d48b6ce15cc77478d3259b37bb769b0d58
1443551911.133598000    396 9109afd910cdafb74800b7ef0bd3230edb0b5f59
1443551911.153646000    396 2cf3820b3dbe3adefd83dff15e5d42a999d882b5
1443551911.173769000    400 de8c3b45e167a86970e06a222d4c05a41cc392a7
1443551911.193784000    396 2b13a80bcfbc9747fffcd9eea47fbfdf21c9e660
1443551911.213919000    396 8ed0d1a5379b9128bf4ba7a6b0d9ff60bc21c52d
1443551911.233721000    396 aa2785a7de7c9da5f8fee7b62c3497ce28de8b3d
1443551911.253827000    396 e619f5924e528693ed9efeb83491475155935264
1443551911.273874000    396 54d1048f4d9cb6bbb97927e33302f5bcf18c5d0e
1443551911.293762000    396 6db883db3ee1b36a50f9652f9509673ab8ddd3ae
1443551911.313808000    396 be50009f6ed88f3ece6faaabc73f7248b2ad38e0
1443551911.333777000    396 3cc626277d7517275f00e7b34656f3085920b95b
1443551911.353827000    396 0d5345e67d63563018cc7a07d186d6afd81f3e46
1443551911.373737000    396 65e48e1b7d50d6bfce94dc232e78edd609b5cf4f
1443551911.393787000    396 23c3165019ffb69a2295c15c5b6742c495596469
1443551911.413866000    400 bc1633265e2fb4a1e4c5fd2f6a6e77ca1232a8ab
1443551911.433927000    396 3ac9dac5936cb317ae7caa56404221891afc3921
1443551911.454031000    396 050ced87701bfdabce510cd15845ffc8ca66c357
1443551911.473902000    396 e5a67151acfc9520dfac1ab59f849c55654a3775
1443551911.494022000    396 8f28c8ba9648f8535e4c89d5a2bff76816978b47
1443551911.514073000    400 226db165ea491cc6054cc2dcf95c00c49491c173
1443551911.534091000    396 b718ba01d296b8b87d8d97b310925b9e100f3621
1443551911.554066000    396 db11d37fa50e2722b7590f037c67ac7cec7c364d
1443551911.574120000    396 e04e78c2de5140941370a97d471a3da5fad6bb8c
1443551911.594274000    400 15b10b22cb873223ca45c8751295cb026ff7ad2e
1443551911.614446000    396 a0fd3a496bae3fdf9550c2a9edbcc9576f304b32
1443551911.634469000    400 b343eaf9cd051d779a71e6b8f3d1358d70c0f44c
1443551911.654457000    396 ff34c3b815bdaf5fd34d01a045d799c68af5b40f
1443551911.674393000    396 3106d8885d2ed77756ffe446e295ac2ab27c2ec2
1443551911.694434000    396 f1375310fbbd18705a59d25dd87ae633e305493a
1443551911.714523000    396 f96d54636cba3af8c061dec96819bd6475f72a7f
1443551911.734447000    396 5ceeb0dd71946995b1050b7180ddda9a29fd9f69
1443551911.754649000    400 70bec88142c4bc9a35de399222965963285945a0
1443551911.774716000    400 d9d148c753fb2fc8e1840fd60feb83f0df3494ee
1443551911.794794000    396 9d632ec6121c2b1be3d39ce96607caadd6a4d144
1443551911.814938000    400 3a7df3d1ee0f7c4c1ce650c0c4699a3e367b0ffd
1443551911.835075000    400 8174d303764a942dc4aac95954c208b73d8859b0
1443551911.855277000    400 97516fa474d293c958e03fe665f13d17f0f1dce9
1443551911.875441000    400 2f79848a858a5f46e22499f1e81691a968606125
1443551911.895601000    400 1433771e1452f870c52ccb2101d4c7ab549f79cb
1443551911.915908000    400 068237aa3c44bb07b652d3346bdd6417c2bea013
1443551911.935886000    396 f5345111c4afe5367e4791cf1fbf4631b12e36b2
1443551911.955989000    396 e79b5e729d997dfb6ae939432de862df980670f9
1443551911.975827000    396 ab1e91107f5a93fc4ca13cd8ea1c0061eaf0d2bb
1443551911.995893000    400 1bd4e73c7e45040bf0359720cb82b6175fa8cbe4
1443551912.015910000    396 bbb992780eed5373e26b35ee3d5a1b28a0fdb2aa
1443551912.036194000    396 d2988f82aafaec02c85081c6b71aade155f7a4df
1443551912.056007000    400 fc1907b49baf7d497f82e67b44ad8b51597114d1
1443551912.076150000    400 87afca7a88a67902558124721b2fda74219a3b7b
1443551912.096310000    396 1d68e75350c8708b99f4cb38a51c71f34ad44575
1443551912.116277000    396 91d9b058f405dafaca10b1d2db296c22571bf5a5
1443551912.136232000    396 c81f16baf125b9e0c42b8b8196cffb6af8a8be3c
1443551912.156368000    400 747547976f09df0893550a897e48866b954e327e
1443551912.176528000    400 fc9eef2a26c0e096294d259102632cedcc8223e6
1443551912.196601000    396 44295312ae35ab2d9891f4a509be8ed39645ba04
1443551912.216750000    400 2fcf3eb3250e743db90ed2f2cd630a5ada156ec6
1443551912.236864000    400 ad3abd4e4fff8e4692d6499b95ce8d11d9810be7
1443551912.257006000    400 588f219e387334b229f6e95c6cf3d96bb7d5e033
1443551912.277115000    396 c6ad32c02be106fde8e81219e86a1c141116372c
1443551912.297345000    400 8b47f13c0ec285fd8bac7ad7633f0aef56d58da9
1443551912.317261000    396 4d09b137b1c1fee461ddca6774a8960b33f4cfb6
1443551912.337227000    396 f126cdc17c0976c1b11f23777b79f94509ed9dfa
1443551912.357345000    400 15f31bab18083fff5b546c77e2f9b6921f41c831
1443551912.377536000    400 86be92e4951b6da40fcc89c9eae482f426fdaa1e
1443551912.397539000    396 9bdfa3d0b3ed86013756e10c7e01303dc72f1a15
1443551912.417731000    400 8de5f47b3977750322509fe9d9ca2ea5426142d8
1443551912.437747000    396 ed1747009b7e36d47ea4813f5a8b04b8e41e076e
1443551912.457920000    400 1a14681ec2c003b17011da6d2c724fb283ade03b
1443551912.478104000    400 168f2a1aafc0a37a900d68d30c9a60e4c3165e92
1443551912.498283000    400 f7ef4309fa968783c0b582bad1b1519e1b5e20d5
1443551912.518466000    400 a4bfdcccdd58db9b7704ac0502d8f3a478dea725
1443551912.538651000    400 0cf717fb1b6908e4a7341572fda3325f0e042a12
1443551912.558784000    400 6a9ddce638fb41471b369d5c49c089fe0d123b82
1443551912.578905000    400 79e3351e6cb9df6f737ccd480f86e5c3feffdf5d
1443551912.598865000    396 47b0d745af99196901cfd5bed5d1b16523e6f1be
1443551912.618946000    396 9cc2de39da2cabc7bba84377d798db10fc1a895d
1443551912.638909000    396 19f2c61dd5184bbfcb17c6f4d28879df3febcd2c
1443551912.659035000    400 25fde385461ab5818a9481ff12f1589360e2bb69
1443551912.679074000    396 18a8b21b452debac9724f80003b8058a0d65d1e3
1443551912.699065000    396 bc2de51281d57e417a4dc3f201c0e5fe39f3c731
1443551912.719048000    396 51fd3a4faefeffb50d16d62030ad429ed3fac6de
1443551912.739058000    396 de3aa698d051f7c91f8af98cb7873d439de939ad
1443551912.759224000    400 6917247a8846aa5543a66c0a3314e2b09d3bda44
1443551912.779354000    400 e2a4c99cb7410d6825405118c99baefaf0a04e13
1443551912.799509000    400 215923bfdec5ffffd9ab25a5bc0ed79f3dc70079
1443551912.819741000    400 33c9de4d346032d1c42ff9cf0d99c183e5764cff
1443551912.839818000    400 3bbb641d44d6097fec78553dbe5f5e780709c568
1443551912.859977000    396 21137f5e95176007b5481702142a301c956b496d
1443551912.879922000    396 b459d9b14969753bd3f6058715d37d4f13874d47
1443551912.900062000    400 5a10342eda73554346f0ac5b3ee00c8788900df6
1443551912.920254000    400 8d9a45e00a673a3c56edf2d3e095efff8e57a253
1443551912.940220000    396 c305505567020a849e9eda95f23b216e1f60733e
1443551912.960679000    400 a2819ee0d465a5af471b3530940e44a9057c84e0
1443551912.980511000    396 9657201a7aa1a4b423c81bacb375b9c5f773f190
1443551913.000483000    396 47297fd640fe7f6cc0d63d3ac8d668b74c63de4a
1443551913.020447000    396 48140dd17d9bb9bc6edcb0436077a4662fb6478d
1443551913.040615000    400 8d5abeb4d41ab0c0726a03b0b62e0c0cc2abfcc9
1443551913.060775000    400 65834d92b0896d8d3cbb904be24fcc5098273e30
1443551913.080668000    396 9071a991d1cd681933ccc05389f3bc374f0e9725
1443551913.100824000    400 d88af4f54c56e8771b168d1b70f8bf05fa040aa6
1443551913.121018000    396 8bfdb6e9c0bb5e05b5fbec9070fd4920cc702753
1443551913.141142000    400 40df899e60222de31df4e5776ea6abb7e610ad74
1443551913.161279000    400 0a5e28908e495a6400305087fca526ebe6e1416c
1443551913.181534000    400 303eb9069c3cd14a73821f9779f8c1437be9fa17
1443551913.201562000    396 7d139423cfe10f763e5abc0e9f3f1509f70ae989
1443551913.221514000    396 267024f583433c61fbf54016dcb12f03bb6f7185
1443551913.241452000    396 3e7ba4ee95538e5f7e580ca8ed24c05533f4d831
1443551913.261649000    400 367cf71dd89759ddd8082e7941a7c488d9587743
1443551913.281636000    396 7370eca277776d18666437277af1da8768c71566
1443551913.301624000    396 bf81e2cc2653208cf8aaa3c565e8e9835f9f9b44
1443551913.321812000    400 6db385a06aa0871781b688a6db36beb4a1436acc
1443551913.341814000    396 8147e7fdb58bb9591552c35433c25504a1edbc07
1443551913.361817000    400 beb97ae8a09659c421e23b5995079b2bac59a5b5
1443551913.381978000    396 91b4ab36098805d7f000938ca687edebf6890cd2
1443551913.402005000    396 397e09cf87e84316aaaa6af256dafe9322202495
1443551913.422008000    400 01c6dc33af9bc214cb7810584528845339ca914c
1443551913.442184000    400 6af26bb45e5d48e4ecead1b0bcebcae7bb9caa01
1443551913.462340000    400 36f21b2072ea3d6540dc2c2b3e7e669de3543e1b
1443551913.482506000    400 95a86c48c8e1e8d96f377a846a55d1418946b288
1443551913.502699000    400 c081d0c43bcd5ed7deee7b780bacebb9f7de45ff
1443551913.522812000    396 3e866398300e5bff336b4cdae562cee887c125b5
1443551913.542777000    396 b375a6b2132d50ce0beef256a6c84f646a59d693
1443551913.562955000    400 a26b0a9181ff4c3a7081f3b0d2cf889fb3e94c2a
1443551913.583119000    400 f95c81e70f6722ea387a78f2a2ca148c4cc39bb1
1443551913.603282000    400 ace6c6fbd2fc32860c09d24c2b723eceb822025e
1443551913.623508000    400 ba415052988b8600c18362c07df76a47456589c6
1443551913.643729000    400 f37d90337b8c13ac8c84b2777aa6328603f4a218
1443551913.663725000    400 10cd44bbd2c40758dd7f4162c0e10bf98679fdf3
1443551913.683859000    400 7b22d33a068daaf784ddd672fa08a22c16f41f11
1443551913.704036000    400 bf00cdf42ca2ad16c91185371e4f317cae26f267
1443551913.724224000    400 51cd337b631369905fcd457138f7c5e08ec9f86b
1443551913.744378000    400 348f2518710d9a6552feced8d1bf4f0932e1f04d
1443551913.764500000    400 f386d79bddf6985fa3fe51b80c3f4afa5bd6d6c1
1443551913.784663000    400 43999878de32baa6b54f73d895a443ff658f6638
1443551913.804871000    400 ec867a0189f8361d8cbda6343b7ef570f4702d52
1443551913.825034000    400 e96726c6344237579438edfdb278e2cbd9064ea2
1443551913.845209000    400 d88d0d25e7b45ef5ec9c2470b4e8bf0b64356c21
1443551913.865252000    396 8d1ed401cc25a7ba31ca1540f1cbccd329d3c698
1443551913.885428000    400 ecc603b04dca35a70e3cfdaa5485dfa772e32c33
1443551913.905597000    400 a8e2bfbc6fd9d4ecf8ea69818c4ee39e37c688db
1443551913.925788000    400 31fb62ca29e1e10d375e780dcdd7648f18b8b383
1443551913.945904000    400 51abfe43de90e14cc742b668c337ecc24ae4fa2c
1443551913.966054000    400 be50d7292c89e65cde96e4d9013c1f4a9edd5865
1443551913.986066000    396 47402277a9bfd6ea497e3515ce377b8209e17fd5
1443551914.006089000    396 47560a44090b007b6265fad857d402eccb12217c
1443551914.026252000    400 7fdb2c7529e4ca8855c5730ac5fcc9c6f8c087df
1443551914.046443000    400 416a4e580ae63aa368f498999f2cd8d6cf9f1a66
1443551914.066626000    400 0df02b78703a530e13635004a415da9cbd7c8c36
1443551914.086792000    400 b7c5f2b7624d89de6504954ab772a602cb881d51
1443551914.106974000    400 aa71e541813c62462af94abe84fcbb2356bf393a
1443551914.127164000    400 75047ed901accd40a7223b70476d3a6db3fe0930
1443551914.147318000    400 e649609ad52c01d5f07fff5cc07d4554351621c2
1443551914.167488000    400 4a4a8c1673da2a1b00c0650bdede950839f1cb72
1443551914.187467000    396 40e0e04d31b4240429c6f4bbc67e89f35ab0a36f
1443551914.207642000    400 31759be4abf3bcc82715180ec3cd879f510c8074
1443551914.227793000    400 8914dc4d535cdc87e8f4fb45e3f1c275d40a49c1
1443551914.247982000    400 bf584a1e774db1087f3dfe550e478aa1f685b505
1443551914.268126000    400 70420af381637a471978761280072040b7223df2
1443551914.288286000    400 fb23650101fc7af51fac7bb3f3f56fe3853c09f3
1443551914.308447000    400 bdedce4a38ad3069893ef7839022f05b685da6e8
1443551914.328565000    400 3984e038bfeacb14cc586bee64ebf9e8fc4b68ab
1443551914.348760000    400 4581cc90b7478b5ba2c25a26e9dc9557687425b7
1443551914.368866000    400 ee7bb7160001b0bd943b3ba41ab197f60a055ecf
1443551914.388982000    396 821dfccdede39c5e76ff302d0e7b5b4c74042f30
1443551914.408861000    396 8e01fe3e549a8b950eb97424a8e6b182c501b499
1443551914.429091000    400 2b21a05041845aeb88a63bbabbe23d44284dbef9
1443551914.449200000    400 5f43bf9263fa4ecc0c8d8a03e240125a1b6fa401
1443551914.469389000    400 440044451a053bf5352545009c3c3a1975d208e2
1443551914.489647000    400 2055a472642b509cc8f097badb02ec86867a89af
1443551914.509568000    396 e8cf75903ef82fecc4ac846f95ae8e92e6e157e6
1443551914.529678000    400 022d8616f445d6edc6c381ed64a603814dcbc68b
1443551914.549833000    400 4defcb43e49323b29049c550b7b97beee28f0b9d
1443551914.570044000    400 dc0b52510db24d4d13b918060e128b1671fe4732
1443551914.590164000    400 ca35bc7e258589b8efb26bceae49fe9f18c60724
1443551914.610322000    400 c1544d6719df87fe160047f57cb72fd7156c8461
1443551914.630799000    400 75d7b3837e530e474254be67b1643e98a8bb0e12
1443551914.650909000    404 425772fc825f7df19579cfb5a9b94a19b0c7258a
1443551914.671088000    396 15a1450070d3a05dd0367dbea7b6f51a99e3b27d
1443551914.691297000    404 07a90c0ffc685d01e97dd5b60478130575bb4061
1443551914.711493000    400 47b3424e0080ac4e8f6906b3cdc593b4e12bfdd2
1443551914.731668000    400 d3d69946b7ecc297e71ff67d2f7ba16d9a52e163
1443551914.752095000    400 01521a6ba7459798af060d3b0aa920a533948d68
1443551914.772237000    400 d199930256b5d690f9bb1ad2dfe392c1b162e146
1443551914.792300000    400 90333d2e23d1a07e22c5f8a13cc85c824b788a7c
1443551914.812283000    400 80b957d1dff44d918ab1808d6e962c0a1860c019
1443551914.832378000    396 ac784151dc221a156e65ab9c42311d92ae185114
1443551914.852564000    400 c9a9b3df59449b0559bfcdc9f569993795f531dd
1443551914.872563000    396 cbb97ee5a42314283c56542c41f32b4ef80ee27f
1443551914.892519000    400 7e5a9cc1750d5c14e52e9c523d3c30555e5dd414
1443551914.912649000    396 c1b00462156e266f36c9bd4d2f74cbd8141c327f
1443551914.932825000    400 577cfea32657987af2ca6043ede3e4906526b129
1443551914.952844000    396 48fa4d417be3c47fb1304d473b61785be5b397ce
1443551914.972857000    400 dfdc1e1724741c9d67f02a1c61a4e9390dbeced9
1443551914.993033000    400 99e8e4076e73b04df7763d862317519fa30b2143
1443551915.013230000    380 a7e875bb44caf41522cf9b33b3d8202b8a74b4fb
1443551915.033372000    420 10812fdb94e79327f0a5fec14584de9ed7f0a78d
1443551915.053563000    400 673a74bf1d38e42cb0d78190843bcf46626e23b6
1443551915.073731000    400 56c2c59be4a92c4a27b3839cf2b1af51b8bd7b37
1443551915.093917000    400 db13d1c907c520c5f58e0bb4e92c22aef21ea47e
1443551915.114097000    400 0fb7a49471d91d585e0b82e8f9055b9ab410d83a
1443551915.134402000    400 665297b050c81205cfb06338b2b66d18195e2a38
1443551915.154315000    396 244bb0574543f33742a93c1b8986c47b20d96c7b
1443551915.174313000    396 453b236d07897837fa1495b7a37226742c87ad16
1443551915.194304000    396 2ba68ad89a30ff102306256026abddd287986b93
1443551915.214465000    400 5abc5e195fa5f8e6e082f5d956384e87ac9490ed
1443551915.234514000    400 801310bd2be4447972e9ab2808c9c6b425b229b0
1443551915.254881000    396 b893a68adff2be03845728dce11e67f4359861c6
1443551915.274815000    396 7ba5691aeaad6cbdac84719e39834eb9e81a85ed
1443551915.294604000    396 e5a8cb4541bf943e9ccbe95eb930f49ced5bba0d
1443551915.314673000    396 1f62940c6ff58b7a1adebd34bb975ad3d88f1041
1443551915.334705000    400 65d444bde60d1505b5c22576969d82bf99bd41d3
1443551915.354853000    376 b69a223c0833dd9b4098a6aae5abe717d2c0fbc7
1443551915.375010000    420 f706203ba39e909729c1f5a1ac47afd2ad810bee
1443551915.394887000    396 fc35c6c4e8f9b061cfc1f44128243091b9997ccb
1443551915.414802000    396 87b6cf5cbdcd8d187833ecf4add788bac52766b9
1443551915.434844000    396 5caf0bf8c017d0d6ed57746a55424ddfc07ab58f
1443551915.454735000    396 54af282b3357328c0dacfc32f6a774058a8614e0
1443551915.474786000    396 c728f8d5a950ca40aa395bb581d8759571fb521f
1443551915.494827000    396 0c1c0de326c7c87ba6731c7eb09e524a9ad852e1
1443551915.514884000    400 103924bef7805f3298f575f23abc5a1bde8c9749
1443551915.534947000    396 76308bd3eb3e4f954079b9c43ad599d73b590e08
1443551915.554995000    396 8cb120b743c27631dbbc1d4e31c4aa570cda3d11
1443551915.574889000    396 2451a93d4c9ea529e37398ea5896ac6750adb0bd
1443551915.594941000    396 0347eae4617dae1fd91b4494368eaa480be64f33
1443551915.615169000    400 f21aef48fe09a9728aed4eca3c3dda7cf2786e5c
1443551915.635217000    400 c983bc3baa169852a5a394645d0357c97918e4bc
1443551915.655253000    396 64b0c2f54a7014cee5ecec3b1726b97e37e994fd
1443551915.675398000    400 2ba201f24e84730e80042908b09d9cde6210edeb
1443551915.695606000    388 bf7c842c3c265d6f6f2eacdaa4f3485114dc1182
1443551915.715799000    412 d57c3ac46883940a44bd06fa8fc916ba29163205
1443551915.735778000    396 e2d3bad8fd81a8a55cdb677412611ff4b4577319
1443551915.755945000    400 d0e93eabe083dc7dc1690d86b16907a9da26b0d8
1443551915.776131000    400 6c22339dd50e851d4c15cc8cf8e79444c23e3b18
1443551915.796134000    396 39ff623d4a8a206ddea208649cff3d31075ef601
1443551915.816151000    400 7aca1693f40361a72ef03a2afbf63e08f21cf37c
1443551915.836351000    400 3734a4687b4cf5850d5864fc5299e6214d9d67ee
1443551915.856492000    400 41528fdbd24f46398dba7fd5582ba34bd434166c
1443551915.876658000    400 f631ee5de98b7740dae739de4fde68f093122ab7
1443551915.896875000    400 e503506292eb26c943902708de3354a21d7417d4
1443551915.917022000    400 13c375b8217733cde4f72f39fb90931cc5840a05
1443551915.937179000    400 8ce7387b27908cc26480d245c26fc291f44d67d4
1443551915.957369000    400 0171b96a56f721c38dcb6995964945833b891234
1443551915.977546000    400 427bf10834b07f5f884636d083d838b2ca9bb2b6
1443551915.997551000    396 677bc93aede1694fc1a2989d39db1b164ecfd40b
1443551916.017702000    400 0c7b35c6719b0c1e5f6eb280d94ee5bbb8a1a0f8
1443551916.037888000    368 88a2f6bb5413a639d5e88b9ea471a3601cf34b8a
1443551916.058037000    428 c80aeed7c1f59da93ffbdf85f8fd48b8b654e3e3
1443551916.078172000    400 22a8c10fa51a66fb86192a4d9e02e977a5ff06bd
1443551916.098321000    400 c7b07b64ed94552f9c1648ccaee47374407bcb53
1443551916.118497000    400 4ae0b6d06dff4744d903f3290397244cab9103c9
1443551916.138695000    396 b3c216cd25cc5abb8dd3608e8d284a5275c98ddc
1443551916.158799000    400 5d41e0d98d2d209a6d009459e67b2c97885f3c90
1443551916.178896000    400 63082dfe806f602fe146d8dcdc3e50eb4b65e946
1443551916.199071000    400 b76d355fea9138c3ed9fc5c80831ad9839f5bdf4
1443551916.219219000    400 659b0209d8a29290274672376e4c648dbeac3e7c
1443551916.239208000    396 d69907e334a2b42532a8a34a6868c37c3b77bdf7
1443551916.259391000    400 ecdc3ccd2214b661a75eefcea5fa3a8c0c09162d
1443551916.279377000    396 096eed841d7bf5584dbd2b5ebe3419c773d8cbe9
1443551916.299388000    396 142619fe6bdaf24f704d192e1f47e08a998ed22c
1443551916.319500000    400 6f53324d12270ee6c02c258021e3f5eddffd5b28
1443551916.339639000    396 45007afd89373a58c9b5f636bc21dbf2014616ae
1443551916.359636000    396 273302267e4220f70c728a4976e0bc5fc5903651
1443551916.379659000    364 517906df723da290e4456ece3f01b7950ebba791
1443551916.399836000    436 5234d6ca92062588eada25ac0de3f99f02d63284
1443551916.420011000    400 4cc3647300dafba2b631bea8d8f79590b13a9d6f
1443551916.440182000    400 c633197fc83ed54b8421f1c6c2ea5523ee3b5998
1443551916.460391000    400 62e5f5b9437b57eeed9739a7fefb948f1847c17e
1443551916.480360000    396 019f260dbfa0ff68cfcace07ae24b76a531a893b
1443551916.500538000    400 75d62140274e17627be3265c45b3b1d3df520ca1
1443551916.520686000    400 3ae7ef079c7cebecf0ead34f375d58553354a1ae
1443551916.540841000    400 1d5941a827a77667cf2b7a03aa81e260a3c71d3b
1443551916.560952000    396 51d0eb5cb6931675aedccc24c053913b113286f9
1443551916.581134000    400 231f588b40a9e71482fcf4dbded1a26a06711b8a
1443551916.601246000    400 a1e7f39f4ab55c14c6d2401a4a14096bbfb4f5f7
1443551916.621394000    400 ba9baa8994036172eb1a7dd8d2dd600abc7e6693
1443551916.641518000    400 f465538d1e3fd31e76549886b93fe480fc13cde4
1443551916.661657000    396 ee5844ac602479a0d4c14fe12d0fbc684980e798
1443551916.681661000    396 dc56b5dd677a276e42921dc1e65a11948aa1cc7f
1443551916.701735000    400 afc60a715ec5457ee7c05950f7bbc3a266102aec
1443551916.721848000    348 953a785dfa6b2902dfff827b941ee53e4270d31b
1443551916.731920000    288 5877f1ba19f6bf268b79937e3bba8cb9bf196cf2
1443551916.751977000    396 cf6a2b952ffb5ee0a2828b59d3bc5f7bd79f1edc
1443551916.771953000    396 3504578efba387da28563432813cc0ed20e1dda6
1443551916.792062000    400 fd0d8a3e21ec62b67cc6fb60974c4f1047322446
1443551916.812074000    396 00aa80aca5bff776f3ab89716e7e30da46675aa7
1443551916.832237000    396 5cf782dfe815115e7b9d49bccf2bce7eeb98a7e6
1443551916.852143000    396 5a6a7b8eae4791a4e90d417fe3b1af26c3455f2e
1443551916.872267000    400 0bd651623f2b806b8d20c84758d6479d3dc522dc
1443551916.892292000    396 a1db49eed4eb1f1979fd21cbb36cad4237e360df
1443551916.912428000    396 2742c5b0d69d1a96e9423f2634ffdde038714d29
1443551916.932476000    400 8ddbfc92661a0081ca1d1d3bf80e6e27dd7fc822
1443551916.952711000    400 1e759dea648e695ad0d4782129d4a46ae6937960
1443551916.972629000    396 25955e44009c834aadb58f09b22ad69bd701f9f5
1443551916.992713000    400 335428166661c73242bc8e9a9c5f9003308d9043
1443551917.012781000    396 3f87f8cff59052cba5fb7ca2f84fd9bf4ec0e80f
1443551917.033017000    400 43e14f46914aa091d3eff546eaf73628cf4053ad
1443551917.052942000    396 9d7c80c5dfaa18209c709b215e12a5c3cb87a967
1443551917.073028000    400 e851166ab14aad74ecb4023ed77801e5534580a2
1443551917.093114000    396 49f149b36e758e5db56113bbb148023ceab976b9
1443551917.113100000    396 527f3559cb0e43c24e3fed2ec3965ce3116a56cb
1443551917.133258000    396 75a12afe08759141245db1807000952faf821fe0
1443551917.153075000    396 77324210f9ee780d2a9a7f1b921ee71fc620ec2c
1443551917.173193000    396 bd0a39f98f91d3ee1b29fa7e05128005ee6a848e
1443551917.193264000    400 1ec09b254ae063731a19f856f66f4e136adfec16
1443551917.213326000    396 893b1e65bf4aa1c91b5113a820d7af633c03bfed
1443551917.233379000    396 925efe9b573cbe270c7fbe74924f863b971a7ffb
1443551917.253262000    396 45fa88d7433a44fbe3df12c0f89682802e0f8283
1443551917.273411000    396 0a11d8d9bb38756b4d666d909530713addc5275e
1443551917.293425000    400 6d0906463a6db59c6d512cb7e38cd07a497e8703
