1451215403.022505000    586 22adb8251447e7e5d463b75426936c39115b26a8
1451215403.052536000    586 403aa7b4d5686ba65461fe28e0a3c4127225ff4b
1451215403.092519000    586 439aea3eb00dea54e24d26b0329cb7cbd0994759
1451215403.122511000    586 d3ff8937628f4916d8c8735a1c6451ade6fe33ed
1451215403.152602000    586 419c55b5101d93526770b60d49060c4eb7768e0a
1451215403.162577000    191 c322b07e5e2d24f79df0411b8767bf43dc7bd2fc
1451215403.182524000    586 dfe5635154bee780d76ae652fdc57ef233e27aaa
1451215403.212568000    586 bd0241517d7e88d8833eb9f3a1bcdba9d2e3e0bc
1451215403.252594000    586 7a100ef4673880f2e1c59f35690f9300cad5c677
1451215403.283620000    586 07454b04ceada00ba238df5549a16212fce1becd
1451215403.312567000    586 c0de2ee55a9cb8e4e873fa206b477f0bb269e76f
1451215403.342588000    586 220b87dff5a04b3fcdb6282da4a9087b19c9d365
1451215403.372621000    586 f5a4a812c4e8eed543a818b31a8471c1cc27caa9
1451215403.412578000    586 d1fd95c52282d1174c787c776662a715b22a895b
1451215403.442543000    586 0903827f9a6a577054ffd90040fb42d6d60e93b2
1451215403.472493000    586 eb41cea096550e99a5825dd7359b71de3f6188bb
1451215403.502516000    586 14be4a5c6b793fe5062b94342193acb3721e28b4
1451215403.532487000    586 3277e93f5a31252c182cf61efcebe5fba9afc912
1451215403.572665000    586 037746bfeea0bef3ce95614eeb965ef12c30a0f0
1451215403.602596000    586 1052dbe0b3e701c0f025689ec269ea2c43c863a9
1451215403.632614000    586 6d18792a8ba8fa8e1b8219f662fb72a5a0f57c63
1451215403.662633000    586 5d18dd2f51b7a621dfcd6a85c75e7be527438742
1451215403.692588000    586 d0cd88ce3e80ce45dadbf0f7db914d73bd0d6cfc
1451215403.732566000    586 e422600f78b5f6760a4688c103a9d8a5b8117e73
1451215403.763607000    586 6b764952686c41e4bbe05516355eb89661f583a9
1451215403.792582000    586 119fbff2196edc480385ba8c414489640f8d6ce3
1451215403.822592000    586 ecac6d4812e20eee589dfa639c6763f101bc228b
1451215403.852617000    586 f6c3b04791604b755dbe770c1d5cb4083a38dadd
1451215403.892726000    586 ae54b13d1200a38c66c27a11e4749607c2e459be
1451215403.922571000    586 7a5890829eef193d3bdf2152bb3042ded2ac61a4
1451215403.952554000    586 16751aceec320da89176378fe803ef898f92c4e1
1451215403.962518000    191 26d4b7bfd6a00973929db776b040df466f0a75fd
1451215403.982608000    586 bb00aa29472f6f8d49a0587d67930f84c4df84b2
1451215404.012549000    586 ad1a73160344050849a270b426170ae035a6c54b
1451215404.052566000    586 f54710681fb8340bfe61aea0fc6c4d808fa0a71d
1451215404.082507000    586 ae92d322c80c6ed32183f0dacacff2386f57f5c2
1451215404.112503000    586 a08e77df430585bf3e8bcb9ac37a14237cfc5cee
1451215404.142504000    586 7a8fba95efa5914761633f6d739327d3fea6da3b
1451215404.172602000    586 73418379e2c3f61ed89a57f813391b8077697dce
1451215404.212627000    586 497befac2349b8fff27810ee74ee2346ac3d774c
1451215404.243623000    586 a8c9d115a9455ee76d916cc9a84ba870b2bead07
1451215404.272624000    586 14ae9a5a4d72c4439edc750cd7b85df5ae0ddf32
1451215404.302643000    586 01fe6814c4785d5283c89d3cabe989ba44d2f62b
1451215404.332615000    586 e36983a2e41038635a484761c1c0223c7716b50f
1451215404.372621000    586 0ac12abd15e6ecc0446feddd2de18f7688161e79
1451215404.402670000    586 abf3f341c2b74df78d72b486f405d985f50649d7
1451215404.432657000    586 c112417ed4957e264bcb67e7d9938c9e8ccec7a9
1451215404.462623000    586 91eee54148213f48ffd9c29d24ed8f0078c237ac
1451215404.492662000    586 1b9b3a42e55c054a02655a75307724b43698b3fd
1451215404.532505000    586 405748b3690c78245e687b7c83c6a8f370d997c9
1451215404.562533000    586 518cc8189ca20d06b44dd9ff3aea47a09ffe5c65
1451215404.592544000    586 4a0d23f9fbad4d5f182c223140d94c1d67620a2b
1451215404.622657000    586 8a11fac605131022f6de11ee4223e84f9ead7eb7
1451215404.652638000    586 585d2e464e17632861fa465d46bf147aecba69ec
1451215404.692755000    586 9e7ee1679fc203688a0e2a6413050247b728f3be
1451215404.723611000    586 e5b681b4c16f92fdc1f0e0d5dd5595710c2f7a95
1451215404.752624000    586 755d74af29c139fc183ec3d77da9ff062fe5c2e6
1451215404.762645000    191 cdf6d487f8e88dba0a2b74df3bdbca77a89a7393
1451215404.782616000    586 6c22be55af005f84eee3a6652a29c43166f3c1a5
1451215404.812695000    586 54cff56bf94bffa7fcf548e619243c548e70aedf
1451215404.852647000    586 130375eddbadd2ce4b30e5393280a03151c00266
1451215404.882630000    586 6d4c7450448c40be38829cd3b49e1008f1a82ac3
1451215404.912635000    586 7533c2ffaeb16f683d746185a798dec86a8911a5
1451215404.942658000    586 1bd4bd5d2f46368d675416103c1e2977a6db765f
1451215404.972640000    586 44d2422f8b307f72d4c3625723eec32405af9f84
1451215405.012657000    586 6c777724d5568c39d6edabe375d04e7856a0b5ae
1451215405.042637000    586 b6baf086c6e152c9a1b6500d65ea405df2e7b07c
1451215405.072667000    586 3dfa2c5019add3f5908b7b1edcdbdeeecbe43e8f
1451215405.102617000    586 9d6520168517e166229afb9dc8b4b4f65d3ce047
1451215405.132613000    586 0844f5e165860d64d42badd0dcfb736e5fa5a144
1451215405.172624000    586 35a2c47802a58c1e52975de2310fefe517a595b7
1451215405.203590000    586 94de4f6f0ed474f7aa068cab4c9cd53eae923037
1451215405.232641000    586 13b04b059df222bb7098560c7732768f5dfe9689
1451215405.262634000    586 a38e7aa90c054045e792de0063c3cc07a44a32e3
1451215405.292814000    586 36503d34c9da2c72375707fc54f88089699cd4ce
1451215405.332652000    586 10ce9575d9f201c4acaf1d5b290b4e914570ccdf
1451215405.362561000    586 798a6f5a266cf4cd42c7005c250f0e51881c0eb3
1451215405.392567000    586 b3128af708c08dd0a77d7c07f5279e5a165e85ae
1451215405.422540000    586 76717922108794c5f228605c8d81cda09360d9d6
1451215405.452691000    586 434d2a6b65f39da37eb544618c4543ca47cab9e5
1451215405.492532000    586 04919f11e994167cf8af049a3993573239887307
1451215405.522545000    586 db2a208939753ab4489704d6032b212741629526
1451215405.552504000    586 b3eb676120ac0ffb8438565f47d8e26325a311b9
1451215405.562523000    191 e2a50ac94f1ef76cbdd259df64b1ab86b19aa882
1451215405.582657000    586 9375a9eb2b622afc5163edb885ce3383b2ba3a05
1451215405.612539000    586 91296b7cc9d93002ceac221f827d05d930cf4b1c
1451215405.652676000    586 d7bc223fe6fc4ec8f322808167c1dceef1c0c7d1
1451215405.683600000    586 ecf0a01165443943226f506577386ea8985f6433
1451215405.712556000    586 a6a4cc399020f2843f40db6bd29a929e03964443
1451215405.742570000    586 669e08ec5c2087b8a511714f4c665ea349efcdaf
1451215405.772569000    586 300e4d0e21a43f25fe8430f062bde1d1711c4b97
1451215405.812555000    586 df82fe69a323dbb1d1bf97ce5e0fa91a38ed7c4a
1451215405.843021000    586 2256c7e6538a187b23c49c2dfdc0e87e2c32c104
1451215405.872582000    586 043bd46824f3a2a0a44e428518cae8af422cd5aa
1451215405.902572000    586 3d5215b49a8c07fd6f05556737593121a851ea57
1451215405.932708000    586 353e675d53751251f3f775da307d7bd358696d58
1451215405.972675000    586 deb1ed2c66fd10dc596bb6db0bd2c5d951c21a2e
1451215406.002723000    586 d4b786abd467e99dd2c4ddba576a63744f5ff152
1451215406.032675000    586 3eee0e7d59420406a2befd95998d31a27c0dc9d1
1451215406.062695000    586 e26ff4666b0625b4520a25455c4da4c33b61abd1
1451215406.092733000    586 064abf59b4627652ee6245153e729b583b160db7
1451215406.132705000    586 e5fde516877bae5053cfe5525d488a4a75a61c74
1451215406.163694000    586 785b47788f14b4d0750055deb518aabac950b49f
1451215406.192804000    586 3f3c72ecc80c9cdf9bc55d933154eb286374b404
1451215406.222754000    586 97cd504c1c914c0d69299dc3231a1e683403925b
1451215406.252681000    586 c33fa7fdd6eb69c830aa1c392764b3831b00b0e2
1451215406.292812000    586 4bfe2e1b259edaf061542a418edbd335b1e7b387
1451215406.322770000    586 c43967d13bc625ac5b0b952d7a83a4670cbc7cd1
1451215406.352660000    586 7a8712c1e8978e6f6c4fa679e47fa866fe029754
1451215406.362539000    191 a282f3f2803373a8d371a598aa39b1ce10707db1
1451215406.382588000    586 fb7663431d3e24992d224d3f39e21c2a541e1cd4
1451215406.412537000    586 276cd1e780eee3079740fd2ca4db7ceb0c6156a4
1451215406.452533000    586 27a67c20fb991b4a6a63eddb8c0e8463130adda6
1451215406.482604000    586 4201ee022b093ef5cb00e34be374a91d1f101d68
1451215406.512553000    586 4644b1c32c3824b87eed1c3a531344332e376422
1451215406.542637000    586 1552fcec60d2a170223460c7fc1bdc42f5e0cb8a
1451215406.572571000    586 68f2290f843ab65d755eacc4202702474dcfa154
1451215406.612596000    586 0c7fced8e7d6ecc763154e15fd5ae4ae8ce51073
1451215406.643540000    586 40dae6386dbb1b3292137c63f5db3829b94db2ca
1451215406.672709000    586 6b33c316fde26d4e932eccaa66ae8de01034d606
1451215406.702649000    586 d4c0e0fc09d6f41e8a03b5bbf5e5bf6d36a39123
1451215406.732725000    586 ea56eed7f6a17dfe38b2cd165deb46e512902b62
1451215406.772690000    586 b7d9708be093cd97da97a62b0d26f6899eb3f065
1451215406.802785000    586 326cd902fd5edc684631d1e1e8e59dd77ee81437
1451215406.832683000    586 e0d0291b95ccbc7873a5e4e4c4c788db5ff135f4
1451215406.862700000    586 4679ec6e87d65c322aae57678a6ee9c38b5622c7
1451215406.892686000    586 1403e1e53be9f77b88a9a24a5d843a08a3bd68b6
1451215406.932702000    586 56a322d378b89c3e4bb5de57d484ae66d155c1a5
1451215406.962733000    586 dbb02d6d7aba1e74d4f423ae9512b7996ae61ec1
1451215406.992747000    586 4c9fac3f34a56c00c9ef930960acf9b8f8fc0c61
1451215407.022725000    586 2eb8f00a62e953270ac56bbce04c74f55ab1cf45
1451215407.052711000    586 d1d44857d6a658f79cbe387f7a2ebcc94cac1488
1451215407.092715000    586 09baa2873cf2cf047edbad00c6a52b780e22e386
1451215407.123739000    586 387a4b310fcd42ec7b58d44cb795319d7fa161dd
1451215407.152699000    586 0174062f15f0ac2e53edd9d792a55747dabf3e31
1451215407.162674000    191 dc960c2a918f5393f97d85458fd5f99794f576f7
1451215407.182690000    586 c4c854e1259f1725480b22dc9d5305f54145423b
1451215407.212621000    586 59b2e4c946195df9863c889942cf342481a12351
1451215407.252621000    586 bce72bd0c640ffeb4a5c18fc29b1aa31b6a1f44b
1451215407.282727000    586 dc9c4485992d9509f32ec0dd4b0be6a483cb0a9d
1451215407.312686000    586 1dcf3ff08ee2b65288b1d5e492c7fdc169bde8af
1451215407.342738000    586 ede3965531cbeb8090c80ce1da40b24179c8019e
1451215407.372663000    586 aab7060958b73366b87219edb67915e5cd8d824d
1451215407.412623000    586 8a21c7ae7c033b0406b8e21d03435d421492c59a
1451215407.442581000    586 53b88a0edf3cab8a6a7a4980b05fad8ec7eddebb
1451215407.472661000    586 8469512f833a6e9fc7439e3d69b96633cf4c2c65
1451215407.502571000    586 afd1152434ec4d0d04bf9c1ec002e952012352a9
1451215407.532596000    586 0415533e06f5bec2f7abe66e991b037b4efa74a7
1451215407.572613000    586 7e4f84ec69b22927b2e7e0d380e4f12260ddafb2
1451215407.602645000    586 b74e96fbcec461868c49e01f8ed7cb74edb72e81
1451215407.632584000    586 61602c3f52f46f8f8d59d12e513e7f425c7fccc3
1451215407.662668000    586 0b3062bae28a8390035f773745867dab25691eb2
1451215407.692621000    586 4b63235dcc948caa9615866de29138659d3dc316
1451215407.732771000    586 fbadfb0a82b0d2c02631a1f65e39842c838195e1
1451215407.762663000    586 6eceeea9b8e3e81bba068337047e637f8f5c0781
1451215407.792658000    586 ee69d20532ca2b42cc408281562af8c17c52e431
1451215407.822697000    586 e2bcd642f50629bcd5a4f8aadef197b28b78b923
1451215407.852628000    586 894a12e6a36eb819c05b958f53513eedff4b3a41
1451215407.892672000    586 8a283c53b0c4d7d0f5b935d02b8f0595903841a2
1451215407.922768000    586 c95d47d4581f7779ae53cf090327ad4b8b52d540
1451215407.952747000    586 c3759faab6e53a47fe12b6a7c336793a2ce20898
1451215407.962715000    191 36c245fb3ae142facded6ee94bd7a28983b426bd
1451215407.982799000    586 cb37f7f926863a07b64ef77c207c4451a48a53f3
1451215408.012773000    586 93df24b58fb966bad03493cd6e6eba969ab5e265
1451215408.052785000    586 0286f27f0754e29e72a5d6cf3a392b18ac3c2bf1
1451215408.083740000    586 35d6f8f49b2828d02b924ee69362627279da5a54
1451215408.112731000    586 aa305459a14c71de90053c0c63e559beefb7785b
1451215408.142734000    586 178925b55c1fdb0f2befcc62a914edb4295c764b
1451215408.172711000    586 ff9cf6ad86cc87ee4f22128f95269de96dd56efe
1451215408.212765000    586 e88ae4b873e5833ecff0a7628710481bbe848500
1451215408.242750000    586 a214e00c0644f465f04f7ef108e19cd7032f4168
1451215408.272673000    586 042ad1956079e58acf9893c4c2f3d23cc41d0957
1451215408.302719000    586 c22433bbd5658277bdb74c660e3e8d5fb6466d06
1451215408.332676000    586 fcc344b8a664b6b634ff0a7626122de5998bd784
1451215408.372667000    586 c357e8a0503d2042a99d5a81528eb6565eec73e0
1451215408.402642000    586 9f89bd3e6dacd55db19abc913147a25b8bb293f9
1451215408.432629000    586 470f6d67a4399b5dc99a4677690aa031262a3492
1451215408.462616000    586 1d487b9b38be1510b2c79fda3e5a1c6f9b31f177
1451215408.492654000    586 4b7ea5d6d55c7599fee2086bc8e9221ffe5f2947
1451215408.532628000    586 545349d4a0f3d9bf4817e5917d3d27d18a119fc3
1451215408.562641000    586 f78f4ec6b14f5ef1ec4309d400c0e0da2fa5431c
1451215408.592641000    586 aa2c03fb347489a9aa82c2d1d769f43f964a082e
1451215408.622615000    586 a7235ad9a64d9555b5e5d3a0d7f7cec8b064754e
1451215408.652601000    586 b6dcf596c9cab31e33ebc07c9fe110c7999911bb
1451215408.692818000    586 71c65e1dd1299a324cdb6d309fde90db87580412
1451215408.722686000    586 1b133e6830edbc385ed692ce4f109478c12a7e45
1451215408.752788000    586 699a0f1aee9a18538e52796c37d8ddbe9c71eb6c
1451215408.762688000    191 944ec922a90d92555ce83effa4b58b56bba6bdc4
1451215408.782756000    586 ee369e555495d3171e46f8371c111a09743a9d0c
1451215408.812759000    586 d5eddb73b8b1cdaf527d2601e2aada939f7e9082
1451215408.852645000    586 e8afc74ec5071323c1d7e94baef5968438f007eb
1451215408.882678000    586 561fca30681792030000f633e32f752c9dfdbd2a
1451215408.912808000    586 81ba45dbb65a6d7f77398b002c150c3e15278944
1451215408.942767000    586 c6e73a0005826a43a3c97388dff50bc2458e5195
1451215408.972826000    586 689be59d5e28d5fc5d2db35874f3c16167576a7f
1451215409.012812000    586 9e18e8c1bd1a32cbf66f0a71dd4cf71a688b2389
1451215409.043788000    586 fff58ce1d2db799e166533119e51f85560345ddb
1451215409.072780000    586 4285e78c2e467d0169650ea15bc59d297832612d
1451215409.102829000    586 9917a33e1d8ac167c074af4762bf4ad927c068b8
1451215409.132789000    586 0fbabe22fb793961b93536c317579f2a8c0b0e04
1451215409.172804000    586 e4ef882dab30600cb83b9658269bfe8494c82a21
1451215409.202919000    586 efa2b0c995139057b71dcf9aae4530f3a47ebd5a
1451215409.232814000    586 757dae1a7f9c8d80b1d02f8fc69aeac2f4a5e5f4
1451215409.262788000    586 1635f6b86f57701e3a2819d478e02f12809fb1f1
1451215409.292831000    586 0c0f5c205a56dc132a6168caefbb2caff275269e
1451215409.332852000    586 b8f86a6c033406484147bb2ef5583d95ce51d7f1
1451215409.362842000    586 5b463bcdc95cc3a21362cc7c5c047a56a3307fe7
1451215409.392725000    586 66d369e8832d7e18e5f0b3b9b99058433860f736
1451215409.422653000    586 728fe67a36c993d57aeba5c823213b866bd11cba
1451215409.452642000    586 5825f0220fec89a1cbbbf1054b4473f03f720627
1451215409.492667000    586 51e3d2f641ceb08b1bd2299776e16e54de7d7ced
1451215409.522630000    586 4a8fdb99e3236f276d56b56371242cb9f7f3d4df
1451215409.552710000    586 208cb771277884da1f7fd24e5e6b92eabb0d8b7d
1451215409.562641000    191 f14d4fad8cd09768b2915f01c2bbe5444ef59302
1451215409.582713000    586 9f5932071e243e3248ed696303eb37452de4c635
1451215409.612675000    586 c77c3450ed588ac4df0e97ba227c6f568adae4a3
1451215409.652679000    586 109749a59a65ef9f6cb383f618c653006ba8a463
1451215409.682689000    586 0753346f73eabe8992a88abe4306e054e9bc0da3
1451215409.712656000    586 94631f139c2fb05c404ad4ae4598723ca0191efa
1451215409.742919000    586 cb13fc9cd5d22372526bd559f9f5e3e59ecdafda
1451215409.772839000    586 bd3559086f6448ecbdb136b06580e8061c516893
1451215409.812780000    586 bc9906050c1c9039b187f490dc6157fbcbeebed9
1451215409.842800000    586 aa2b9c49f1144467b4d82e32270c93236989381f
1451215409.872789000    586 2e7faa82a7d3adb8358e141eeb656db253855c47
1451215409.902818000    586 29da96449c1f703caabd9da34f0ece4e615e1a4e
1451215409.932810000    586 3b618eaa2193a0bb0c9dbd3e1dd994495222f6ea
1451215409.972790000    586 a52fd867fa2dab5d599de4eddf4fa7e0c7b074fe
1451215410.002717000    586 b60c0bc241b433a81d9e535e390914d411bf1f0a
1451215410.032749000    586 1f95b623a37d38c8f97ade75dddc8a08d0dfdc2e
1451215410.062701000    586 e84ef501e13b9e17ef5928ec3bd4fdbe4e41c287
1451215410.092783000    586 89289d857375d11ce84e683fedbcdb5a6ea98071
1451215410.132803000    586 558a5298d180b75bad27a5bc28bb5f879ad98b17
1451215410.162795000    586 870d59f5f8e47432499fd9d8486fbad6c8259e82
1451215410.192885000    586 e773e231abce77563d4be405980c84669841cfca
1451215410.222860000    586 85bb840ab69b176719036605bdd436420460d8a8
1451215410.252861000    586 4bec53fd32b0fb45150bcf68362c44f4ad656301
1451215410.292806000    586 b30e89691724328a16d4ebb1b93c68a72f564605
1451215410.322773000    586 ae54d79c9241643754526496c0e679c98c17f2bc
1451215410.352803000    586 3f4e91639eb5eb6e8417a58e9100396e247bd8aa
1451215410.362786000    191 7dc9f829103c7c38ceb9c49cb51b0727566cf96e
1451215410.382733000    586 f7c78fe1341e7928719fea4000076586a3124b33
1451215410.412715000    586 0eb6a413a878bd4b90d752e11cb81511673e0509
1451215410.452719000    586 1afa6a1b1d41f0cb9bb45cf65af5fe0ccaad4583
1451215410.482726000    586 e43c6c435d04e3c5c6e9fa61d4716795da69a8b7
1451215410.512657000    586 a2cb4185625fa5781dfb8ac22bf42e88e6f9991c
1451215410.542659000    586 36589ef7b699eaa0faa46c8cc4f08b47220cf71b
1451215410.572719000    586 65abe5f94f36060bb41e5cecf3b765a4322267b0
1451215410.612705000    586 b638e4044a7fae17494a6c6ffd2495aeae37c974
1451215410.642703000    586 a4f298793bbcb4602a1c497af8bfc3749e610d64
1451215410.672845000    586 098a2bf5c676051aafac84ff7ea32ad44418bf16
1451215410.702678000    586 7f15cec2846b4e6560f55ad4504904240a216972
1451215410.732830000    586 24fca6412611f6073b0dd6ae900b519bf340b82d
1451215410.772802000    586 393d5b6e07a9aac191dd35b53bab47fb0ed4fa18
