1443552361.880455000   1484 49b44617483f73a0fdaaaa40cbf0d6fe1d5ea648
1443552361.880673000   1484 9fa4d70a7d547c21d13b8507f2620f6e77197f88
