1443552044.435073000    188 0f01adef36c36423a2b7937c8c3ecb2106f6d748
1443552044.453450000    188 d4cd886fa0f1ca1bd52694adb1559a5fc8a393fb
1443552044.453481000    188 1389b0fe74329da896f42b97cc2d8f310a5a7671
1443552044.453495000    188 2e5eb6480db9e7ed7654fdbb732f726141e301b6
1443552044.453509000    188 8fb495d45439decbb22cdd3f5e192d8e519363b3
1443552044.453522000    188 3b9a6dd4fb4e85883109c8f48ece65b70daa9909
1443552044.453535000    188 2a70eddccf547a07bb340cf924492f26228e0b27
1443552044.453561000    188 22abdebe58048f3be5227da00206b7303fce8eee
1443552044.453566000    188 c4142102fdb240eef9a14855361385ec36361024
1443552044.453579000    188 25d9f42f0a27256635ab138f2030b3a90104a93a
1443552044.453584000    188 b43a377c8c4deb82381190af7bc14e78fb832e50
1443552044.453604000    188 5eebf5be55997e876e8765dfc61f5490e75fecc4
1443552044.453609000    188 cb5a6400eafa89738698279d6e6b5bea4d0b87e9
1443552044.453636000    188 30c2febcf66104f30826af3efdbbb09beafebf49
1443552044.453641000    188 0d11830885656b85f900b5b096def2ce0dada3cf
1443552044.453654000    188 a6fe83cd84b20b4c290c966e5e6741d3026f9eb9
1443552044.453659000    188 f198c7f3969d1f30520d54225e434fc4951e1716
1443552044.453680000    188 b6895604c82d10903ab8748d777142cbf2bca123
1443552044.453685000    188 235cfca1c7cbe485044bfdaee51f1b55b6eeed26
1443552044.453713000    188 cec1261076481fa657444e1d10abbb355139bebe
1443552044.453718000    188 5c0b3438a0909af11c3ecb4c3e6c39f136519bed
1443552044.453730000    188 99fabdbb8438d98f3af0adb9e2d37ce35c84ae67
1443552044.453735000    188 08c5b2f3a9802a6bf8ca71c91f3536cdd276a110
1443552044.453741000    188 053b42d112340d0923e0b290bed9ef7395402558
1443552044.453761000    188 1f07e877786d1bbaf21691b48dc25c803cba3ed4
1443552044.453768000    188 3666eb73b1121dbd27d9f258f40f404fa7a0c2fc
1443552044.453773000    188 859d6b5a8e800e761f1091183c496db1d4bc4f1e
1443552044.453796000    188 e4fb47d700895dd05569e9e29fb1967d07b005a1
1443552044.453800000    188 ceb25fceb1ed253c2427ffd45e62714e15820dd2
1443552044.453805000    188 077941f768f061a16cd2aa4344657c2020f77e82
1443552044.453814000    188 18b3ef36ea4b26f5530fc71645df27680f8fb780
1443552044.453819000    188 c27558e3267fe88c6027a2d995ec22af40ea9419
1443552044.453824000    188 eea8e6bcfd7e417e66d508c1adb2d1919c3a64aa
1443552044.453841000    188 bac6f4b22f73ce9d8b74028e226ad6abd85d2da5
1443552044.453850000    188 ae15b1983d33c71bc3b7734c56b54c838cfb8c51
1443552044.453855000    188 2d4493b0dc916d35d3de9bb5df891f18989f3ca1
1443552044.453875000    188 6a36eb62dde808fb3629c069b7d8a1364412bd14
1443552044.453882000    188 acccf9d2e28b5835128a6fdb0221915d9ebd81b2
1443552044.453887000    188 707778e24aed6888a31243b834e68d621db8d503
1443552044.453892000    188 2afbc5eeb69f7fd256cc626ec9497bc6723b7860
1443552044.453900000    188 181bc29c0ae80690e8f15e2d17e4142e73503b82
1443552044.453905000    188 982eda522d63aedd996914a4079d51f28b1598ba
1443552044.453910000    188 3f9841cc475838493760c899e318e4c79752709c
1443552044.453927000    188 536304a565bb8633735edc65f9e6a2f73a995b8b
1443552044.453936000    188 8dd175c98e6996a921fc7343ded6ad464acbca3e
1443552044.453941000    188 895e11235832f89d3286ec8702ab5c2f5c1135ed
1443552044.453963000    188 d31bd2722e0474f2dc56a1c7a75ede3bc884f4f5
1443552044.453968000    188 ec75b95d3fbb0aa6a7df54aef95d5e402a0334e0
1443552044.453972000    188 42efb780b8758d05a4ae9519da69b70ec15a0388
1443552044.453977000    188 3694508a3b75caab65a0a22d2229eebaf2ffe05b
1443552044.453999000    188 f1648269c62fcbb09fbbafe547004b623d074de3
1443552044.454004000    188 b608df3969249e8e3e4cc38a9dc7303b5755ab2d
1443552044.454009000    188 6fbd359ee0978f35777130a574dee32395667007
1443552044.454031000    188 139afee1f4d13b81b1710c25999e8f51916bb103
1443552044.454036000    188 2fc086dece2c87fb9863b112bf4858a1306f31c4
1443552044.454041000    188 989483d1e736fc1c2c042a06f6ba9c9c72f3a137
1443552044.454049000    188 8a8c176a8a6bfb92014d11020ab30a1d4eb6afad
1443552044.454054000    188 589406c65a547bd6ec1350f9832073516ba8432a
1443552044.454060000    188 d317c934f2bc520ca44bfd329ac3f759e492e940
1443552044.454081000    188 c3e30e2a61a4b93e03816d7fbf7afe399fad5808
1443552044.454087000    188 16b82b57f5b8e968f7b133cc8001577396cdb876
1443552044.454092000    188 c5a8272ffe2adb4febf2e18b67ddc4cc57f742b5
1443552044.454109000    188 8652b16bd55a455f1813eb4c7902150d7f2a4f0d
1443552044.454118000    188 7827071cb2a721c3c2a41ba12c0f7aa5a4d4dfad
1443552044.454123000    188 36a2f4d5522af5dbbd4f9703fba31ad7adde2bd9
1443552044.454128000    188 9860653b320fa5d61e3611e35d866d515f8351bd
1443552044.454150000    188 dc054198e1837b11e057748b774cc6d465dbd275
1443552044.454155000    188 2e6901236bb7ef07e093c0d0e6e46fa31d248ff7
1443552044.454160000    188 f5857d2fded5dc57547796631c491368edd0a9eb
1443552044.454168000    188 dbe7874eb2d625381e4f1038fb7b5591f490cb5c
1443552044.454173000    188 a9c471f5c9466a974f1726ee403cbeadcf5f652c
1443552044.454178000    188 c9a143e3094dd583101f7bf586ba818da450da1c
1443552044.454195000    188 90306c8c3e04153c8ad76fc1a2ec063a12864231
1443552044.454204000    188 061c6d2ad508a7e6420ed2c1240d528579df406d
1443552044.454209000    188 d99d385627b435e55f9ae43e4e7c943e357cd801
1443552044.454231000    188 ef3d0a256048705f0bf31bca921f1dffe95b28d4
1443552044.454236000    188 2183fb525de21ed2332d5d36e933fb7f9642ede6
1443552044.454240000    188 56d9356b7bff9b19dd157a808175fdcfd2caac0b
1443552044.454245000    188 9c23deebba44414ac538d01b252ad50c5ddf7a0a
1443552044.454277000    188 ad228e5ff4536f2bd3f6357b765484a9b2b72d51
1443552044.454287000    188 77a6bcccc5eee18b750b0e455168abd55366c91f
1443552044.454292000    188 2631dcef1e28896378106d22b18f18e10fe4ff6f
1443552044.454333000    188 a09dfaa05e1658e379205eccbabc35c805583fb6
1443552044.454341000    188 154cdc3ee538cff89948bfc078a64217bdd150f0
1443552044.454346000    188 50bd48139ef063d3e12bcd7dda15089c2b87f451
1443552044.454356000    188 539ca074317943b662ece32b7e6faaf0185ac585
1443552044.454362000    188 ea58627f6d30fe1e1c9dbda4ffdf78288d06a83b
1443552044.454390000    188 7771d5a5a0781fef9ccebe10921fe54fd6e13407
1443552044.454395000    188 d40160f9c5980166bce8451d49f825d61bcf158a
1443552044.454405000    188 66e59a8e1770bc2ee4e6500703539e7d9fb7f69f
1443552044.454411000    188 bece6c1f08bb1b280d2255e1bb6c7b96e2ed0837
1443552044.454439000    188 7176b714b9851f06cea5fd803294bff2f906586f
1443552044.454444000    188 fdea4294a333a0e2b5520d65a07a1c87c296e42a
1443552044.454454000    188 f7854d4144c7041277b234165f2df0c38ab5060e
1443552044.454460000    188 480b0ed3774f37ca5a72e3bb1650e1645af55c2d
1443552044.454484000    188 e3d76bd64b7b5ae74d58124027abe0efeed5cee8
1443552044.454492000    188 4f9efd7d0f3fe1339a70ab702ae4116522da226f
1443552044.454498000    188 18d4ec73e1e1ff021ec848424845b5fccf9ac530
1443552044.454507000    188 d5ec740de6d08ea21e02f3af3ee05fc7d5c5654f
1443552044.454513000    188 28c35f77ed09816b091fd07ddb3d3f615a043469
1443552044.454542000    188 8b13d8651afe8425d7bceb0e85cf9d81198d9361
1443552044.454547000    188 9c26e2e28b548665c1d8498bec07d9ef127a16ae
1443552044.454613000    188 0b7ab6ae7b4b3255d2feae749a253aa453f0ebd1
1443552044.454632000    188 86cc82f2b8b57b19bd2b98d374a6cf5a179c9290
1443552044.454647000    188 17c7ab149c41a6240e989f8b52931f37b71b0ed6
1443552044.454681000    188 a0b7ece4a3ace71afd795a1d9b79fdd746a5d96b
1443552044.454689000    188 0f832580af4f78600063d11da5ca8d9e4356ed3e
1443552044.454693000    188 f37ffb672117d085e2b720df547d8aaf0963d395
1443552044.454697000    188 f2c20bcf411590cb6a2240018d3f5139708d306e
1443552044.454735000    188 e001426ed53d919c7eda43f89f323da0eba69a5f
1443552044.454739000    188 4208c88c7e6bed5eae8f8331b83c9f683402c769
1443552044.454743000    188 82d73e4425e68d9f6b9913487dcfd111b8497f99
1443552044.454747000    188 d3a66530d38ea765f5dddc6c44dda5dcee3da330
1443552044.454787000    188 ca0f32137946bc09912f59093a7ab876c6c09871
1443552044.454791000    188 361ee63657baac70044d72db56b335c7709aaaf5
1443552044.454795000    188 771efbf251b185c4d83405e4b37f219e3f676dc4
1443552044.454799000    188 558475df4422310a3615675f7f13adda8dd7cedb
1443552044.454808000    188 4fb311953cc84ec73453ddd99db7e9469ba9bc0d
1443552044.454812000    188 191408ff429e4fa3bbb9a15ff1bc9b76f9bf0f0c
1443552044.454817000    188 4d76cc74c01854173b200fe8eff4a984986f0dd9
1443552044.454856000    188 38bc4401c16ef5724f644c71bccdd3c256f91826
1443552044.454860000    188 0b7f636a2d79680f0e9d8405b88cc2d77980fbca
1443552044.454864000    188 d9e080fd5a5e2399faf507480d02a8894c285ed9
1443552044.454885000    188 5d0a07eed964dd1f5c5c101e79c7a9286b119340
1443552044.454906000    188 4d5a4761c3b21f81a18a28efe573dd7ae3bef854
1443552044.454911000    188 28da9c598ab9571ddb8e96b443481f890580dcdb
1443552044.454915000    188 d29acd623a95178b10facb77c9c379c7f05b19b4
1443552044.454921000    188 08bc1ea832f008357bc7ee26c6da6e17cb880c82
1443552044.454927000    188 88dfc4d37c17c9289f15a88ef829d3bf2f2e9d4c
1443552044.454932000    188 5d11df6ebb2f032629030a9e167be506d3c31a7b
1443552044.454971000    188 030874d72175007eef11988ad94b27a0e3b1a963
1443552044.454975000    188 015f5213e2b5eb3aa8e94bb65052cdd2557b83ef
1443552044.454979000    188 307a1b7f05cc872a715fb8b1d5493d2528cd0ee1
1443552044.454983000    188 ea542f3e56ec1c6e188aa0eeef19dcbb07668d79
1443552044.454992000    188 55123b43a33dd1f4a9862a4246e0a1dd6f709ef8
1443552044.454996000    188 124e8b006f13ff70160460524a427688408ec425
1443552044.455000000    188 b99b2cf5d3c7f40b967fb3d4078b53bf61c4ccd7
1443552044.455008000    188 30a8f72b32fe4c0e774346ed72bebc9d5e45b964
1443552044.455013000    188 2f4056ae3bc3a6c7516227c75c5aa7cf39d0d3d2
1443552044.455017000    188 4810dbf33610d086421a6dd7bece6b541d59e062
1443552044.455026000    188 fc5de2c21c3e519b54ba2346ac4cf48cc33dc9f6
1443552044.455030000    188 079c258a1014568c6eaa50a8d0ad7b10cc4338a1
1443552044.455035000    188 5a0fcf1e18a1a70e2da3068a533968cfc1080371
1443552044.455043000    188 38b1e827316d493632e37a410d9121ca165b4439
1443552044.455048000    188 cdb936168b3770f675c7a400edf5eedc6ca2f909
1443552044.455052000    188 5600d3f1efc5343bbc39634cf992e4f023bea1d4
1443552044.455061000    188 4dee553f714dea2a11f196422588521018849356
1443552044.455074000    188 08ca5b5e7cc0540b92af44cbd27fcb43f3d8ab93
1443552044.455091000    188 518127da3c669620e871f007a9131280faade60a
1443552044.455107000    188 c8f7dd19cff2677302aaf71365f817c64c586400
1443552044.455124000    188 34c87916be0e2199a04f5d9476e3a8638f74c9b2
1443552044.455140000    188 b7b62cb293072e8d9da2ece0582a65d70209fff6
1443552044.455157000    188 678d868ca3f40ae2f4ec6f1303ce489ea03d399e
1443552044.455174000    188 ffec9886697a1ffc8dd513af9a4541b0c44ebc61
1443552044.455191000    188 e84cd1f5845458e9e660e0dbd33d1fb1d5f05f5e
1443552044.455208000    188 c80b322a5047df8792422592503823ee44da8f1a
1443552044.455224000    188 32bf592364def0ad3e2d14c70b413ded186f5cdc
1443552044.455241000    188 122acc870b2ee56d183016953c6203c9ea6db640
1443552044.455258000    188 53952a9f5d42aae2a5cd81e1972b82f61fcb6f80
1443552044.455275000    188 492490ea6a780a0ad1421124b9e4d654c02ad0a8
1443552044.455291000    188 8a1c8b6cf83e7ef91842094f2a75c9157cbda7f2
1443552044.455308000    188 bdef6f0c084d4152562c552e3d0543c22ca6486a
1443552044.455325000    188 683f2ce94e76a7427bcb0cb8a84e52fd19024ff6
1443552044.455342000    188 a271517699c65bfe60e71ba5ad60ea92a6f58da4
1443552044.455359000    188 61ebe6f246016f5939dea29e4c16649cd662c432
1443552044.455375000    188 adaffafca89fb8bce5d8120c4d26ebe6e430acaa
1443552044.455392000    188 44d3eb34eaec40e6d410e2be08acba4075ac61ec
1443552044.455409000    188 dbe49fbc6d9d7d089db02cb44cae4b4e55d819db
1443552044.455426000    188 df93c8b5cff5143ef0b6addca609601b8dd72cfa
1443552044.455442000    188 623c1962a952c0d4b8f96257e32777028258c6d9
1443552044.455459000    188 b67fc6b14b66570a70b9ce39d38388be24361774
1443552044.455477000    188 a168cbd4570f27594752bf1226e01017959ccb29
1443552044.455495000    188 5fd241a52cd0b2d94f0c4b52cdcf1fa4a859eda6
1443552044.455545000    188 e831ed6e515391b66b1a86c1f68f1bf83b604f70
1443552044.455546000    188 80d5f467d7b8928abe2fbf467118b7517d2849ec
1443552044.455546000    188 ff66e5ed0346f60100d5270e2ca77b00e1f33ff6
1443552044.455568000    188 c16f54a5cec1632d74dd66117c6c04462e88a360
1443552044.455580000    188 36f6dd3b21999cb0259d35ec708a5b365d48adb1
1443552044.455597000    188 5c5c9130d8b8644fd539b78dd2027dd25af340ce
1443552044.455614000    188 f63efacd2b1dfd9d9bbfd183eb5fa28c8ac56423
1443552044.455628000    188 0032d8a0d861ad2457654a037462b1c4f98ec0bf
1443552044.455645000    188 3a1ab8e53a21e3ff34fa95be5ae307a3f64a6c92
1443552044.455662000    188 39fd6192e0db0076b110d52c41c3bd08a6ebe314
1443552044.455679000    188 e67bfe122a789ce75d409b92f2b2852c77d3596f
1443552044.455696000    188 cc47f13b5db82f091d568d2606b0c93a97df20fd
1443552044.455712000    188 20815bbe0e76d2b44bdb4c121a38556099ebc5f6
1443552044.455729000    188 48abe189b8058fc66d3c2e72e896250456f10d31
1443552044.455746000    188 c14ce5592d1796c20fe814018df7a5d6e59bcc95
1443552044.455763000    188 0e3a73fcc78dd371cbb1799ebeeea18d0e44651c
1443552044.455779000    188 3036fbcf811bdad8da75d078abcecfbd8f85a6bc
1443552044.455796000    188 d66b68828aa2902194970939cff186d432affe54
1443552044.455813000    188 a089c46da9ba27b487d76f2166aacded5e447a40
1443552044.455830000    188 627006afdabf3b3fb73f3647bb4651b851c579d2
1443552044.455846000    188 3e6f10ab1c27314fbfc3277105b1c6b69d2a9869
1443552044.455863000    188 2d80a132c7faf19848e27530aefb84e67b8c7efc
1443552044.455880000    188 94bab2ab6a64dffcf12f72df2cdf2aeb0724a3e4
1443552044.455897000    188 4cf4be24d497c20b1d6180d2ee4d4a0237c4142e
1443552044.455914000    188 121798c43b949f02c7123ad21f9756248659b3cc
1443552044.455930000    188 4a48b6d7d25b97cf42429c89d80388b3f7dfb77f
1443552044.455947000    188 e1b9258ad7f2a24bc1baa103041c7982082f42fa
1443552044.455964000    188 a26c6b67cc7eada22a746c5ca6237763f99c9e7a
1443552044.455981000    188 af256638c6d87190d30ab0454652d897e814d0c1
1443552044.455998000    188 839cda8aab0d57aed2a2e81b1c624b62f4a048b2
1443552044.456014000    188 233dac37a157cb1e755c1181cbac8b1856176a09
1443552044.456031000    188 df97a4cd017576e6e9854c0ea80b4ce6475ca6a9
1443552044.456048000    188 6562ef5e35138cd7dd5ae46b28da3d01e7508164
1443552044.456065000    188 aec679cdce57d2bbee7d6097d36da5e5fc78f2a2
1443552044.456082000    188 5f180b5be21d281082a43ec9f87e13071635f9dd
1443552044.456098000    188 901c88c46071b4a82248918b9f5544aebf243291
1443552044.456115000    188 02f69c50b9ea8963949648ed4bb027df6e600625
1443552044.456133000    188 a9038a7fdc0786de5d8efbd187fb056a58379bf6
1443552044.456149000    188 d06b42b5589190f82a48e63a4550d5199a002921
1443552044.456166000    188 44adb6d4328b3d8075e80d7a2cc9c443569eaf4f
1443552044.456182000    188 a5594baba7a759a2a4a62cd59e12bfa17426568e
1443552044.456199000    188 e83fdba8b40fb6fbe79834b9ce38b887f954918a
1443552044.456216000    188 0c2df30178b0071d68171a7ab540542ef906106e
1443552044.456233000    188 402bcebcf0311f6774e66f5fdaa776d7567c0833
1443552044.456250000    188 ed1a82795234ad3a22142b1cff14d7a4cd2449cc
1443552044.456266000    188 8b20144fa5b7fc8d81663a87169f395fb077658d
1443552044.456283000    188 e03eb244e44ca26adb6fb83b85294b4dcad97055
1443552044.456300000    188 a86c372186f061535b6e4ddf0179ebf80fd0d709
1443552044.456317000    188 5c7eee68e591d341013c59e4d2e3e6f52a86492f
1443552044.456334000    188 908a2ca3f4bd7b0b864fd808d8f0832728575338
1443552044.456351000    188 8fa0ba7323512e855e2d77bce5c33080242269f5
1443552044.456367000    188 93bf59a85d1daebb1a99d56a225c6f90c3e139fb
1443552044.456384000    188 df4a15d1cd7fb6faa106e1a22780a8280e8cc885
1443552044.456401000    188 57993cb9e910f6fb5cc021bcc0615ee86dc078db
1443552044.456418000    188 78a3e8b0cd6244419817e2676682b4de82cef376
1443552044.456434000    188 a6a8e733abbf19d3c4b0a77e0453dfd8eb6d3e2d
1443552044.456451000    188 56e1165aa0ad86f976348ec5d8c2e49263cb50d2
1443552044.456468000    188 b47a704c834eb81586ef4a2b310fe678bd3d660f
1443552044.456485000    188 cf4d51e918ab9bc36a7bb68bfe24de4e1008568f
1443552044.456501000    188 f1e013571ac05b0eb5218d9c32ad5dcdda95c7f5
1443552044.456518000    188 fed7498ac4a84c618edde28a7dfcb2c99b862d0b
1443552044.456535000    188 c7ea475732b39fb9596077240d7ba8373962ac3c
1443552044.456552000    188 633d392fa47bf61f5781151920cb319e768b26a8
1443552044.456569000    188 8c69f9d390a7879d433eb16964311b04cd259172
1443552044.456586000    188 131de76a366766323cf2cc864eedf3a6786f1774
1443552044.456602000    188 d0b4305a12276f6bbabc8401f4e08be8b2d3c4a5
1443552044.456619000    188 55c2d64f45b08ff68e675b1c7d4dd499301e0024
1443552044.456636000    188 07dddab9d12a8c6dc79643b946a1d768fe30e7a8
1443552044.456653000    188 7d4db5cd2beda8a2d808392c4db68bc2118a1076
1443552044.456670000    188 5c2f259475a647bdcc3bf3a9bea06d7c592f8208
1443552044.456686000    188 4c458c2e60b0df9abc65bf3d28eac680367edccb
1443552044.456703000    188 9f86e908f2a3fe331bcaeaa2add934738b5c8de8
1443552044.456720000    188 7cf134cc09fee72901f6158812e0e0e105aab2c9
1443552044.456737000    188 3f7024344cda668c1c985e9631524c08a30462ad
1443552044.456754000    188 48a554dbacf14ef06f94c412f7feda6b2a31188b
1443552044.456770000    188 ccdb60e11d528b583fd2e8b93932617a835f356a
1443552044.456787000    188 aef7ed2178b71b30e95dec5774040632ceba2999
1443552044.456804000    188 ccfa9bd951bf35d1a8d54c3c383632d64f34f2af
1443552044.456821000    188 296b17a05b6b0d90fa081b4766737a526e8e5bd7
1443552044.456838000    188 9cbd2cb68aa4614c74951eff5febb467a97ecbc7
1443552044.456854000    188 96d33c9fe9e00f18433d0e3d2ba81c3899480da9
1443552044.456871000    188 15b1a2a605b73c18e8249e380cedafd81367dbbb
1443552044.456888000    188 d6f8b2a7aa10684f7c270a894878276676ce4073
1443552044.456905000    188 0393472f108547d311a9cde89e854bb365ffedd8
1443552044.456922000    188 772e91a4e98364f91ce6c073cbb59cb5490464bf
1443552044.456938000    188 2a0ed1efb922f8a65a858e812849545db2cdf191
1443552044.456955000    188 c35daebde6bcc7a00a41fb83a83ef2e0ec823f84
1443552044.456972000    188 cfae9d92115a1d235e8a41af7f25e7b9b70cebd3
1443552044.456989000    188 7b86bdf9a9e5d60ca3f5753e4597329810ca94ec
1443552044.457006000    188 e0d37a782f91f419d5a7864561f76b451c3a5ec4
1443552044.457022000    188 ae2ca5c49306bf1b134deba32e012a0c8d7020df
1443552044.457039000    188 3a2600ea4b7ec9d1c08fcfb8ae58fdb1bfbf0b3f
1443552044.457056000    188 9ea52d67a800e57c2f0bc2ba17c89e0f438b304a
1443552044.457073000    188 2f7016d1b333d92be3a91fb4021c35c44784c47e
1443552044.457090000    188 03156fe6217a04be420ef5ebb95d11e5fccba9dd
1443552044.457107000    188 b3478cd3a3c69547d25506688c2b8c3aaba736aa
1443552044.457123000    188 2332ffb4c10f5519b04264714cf5dac20261b693
1443552044.457140000    188 508b48dd0144ebd969027db84c796cd4babe4374
1443552044.457157000    188 71c928c9929f1b01501b1854c391e912fd6ef282
1443552044.457174000    188 886a7a22d8c28afc4a56f305e2078c060dd4add8
1443552044.457191000    188 4c9412c4770e94b64f4cfa37439a8ae529a873e7
1443552044.457207000    188 cfbf2709652de71065b7a9dfb2b44410650d08b4
1443552044.457224000    188 357d26f17a1fe241d44f09b8646673eb4c38c5cd
1443552044.457241000    188 998a1ac28a64a31aa30e06ed937bc0c05e9a71b9
1443552044.457258000    188 caad6c50ffaa9a18fe62b1babfb70c49bbd3fdf3
1443552044.457275000    188 43f7d4c484e307fb63ce313658cd1f0302b3505e
1443552044.457291000    188 0a393898e542e4b56a46bf90048a4cd2f0b80ca2
1443552044.457308000    188 62fad0265dc4f88f1214d67cc73d395c14f468ce
1443552044.457325000    188 9220a0139d2451f7e369b4bca61ce9f4ec6c8d5c
1443552044.457342000    188 afe6842af11631039d7e3f79e0d057fcda9275ed
1443552044.457358000    188 ef2c586435b0ef20e2e347054bba4ad67180c025
1443552044.457375000    188 ecb8ba788161ac2e2e9e94f2fbaa22d6424cd8a6
1443552044.457392000    188 8adc6797caac315d55972e358a3652cf27ac47b9
1443552044.457409000    188 386c057d1b03eef40e5f0952a02a0274a39b45d4
