1524663069.572577000    110 d0bc96930f1f6b52d3a907f47d475ccf90eb8e8a
