1382694132.393411000     60 4dc0576c4b5b0fe3ff810492bc3ef41375321fc1
1382694162.400006000     60 4dc0576c4b5b0fe3ff810492bc3ef41375321fc1
