1416929635.793870000    114 b2725222f4dc001d09ebb26c0b707e1414fdff3b
1416929636.436762000    106 381de03dabb5b21b981da46984a8b645caed915f
1416929643.206037000    102 b23624dfff4d6bf5b44c54c837bb83a924142afa
1416929643.702992000    106 6d33c1493d150441733ad200db657d3b51f8fdfc
1416929643.715972000    118 b83014bd98e419a516d0e620749e6908897ee271
