1423310436.845960084     94 072b48492495a94ecf0e10f9c30c2cb144ace9fc
1423310436.845993705     74 c5d59b8f2ee6ce4afa61ec11506dcc59aefb8e06
1423310436.846258844     74 764f8cc53d38757b5f66b980164cf9a68719fd8a
1423310436.846292692     74 b991e7f71f312592b7ba39843222042902af8e81
1423310436.846327945     66 e7ca09ac5c418f7060caeb533e9b286920b52d0a
1423310436.846528408    583 760f0bb11978691c53ef7b51e35fa09f9ff0722f
1423310436.846555196     66 35c781926eca7ade2a1de634550fe477a33e1ec7
1423310436.848020094    917 cde1e3172faa2f4a398aa84bfdb4a915d3fb02db
1423310436.848044830     66 f5d5163b1fac66bc62d6f8cbaeb60c4a9f0f786f
1423310436.848678822    192 a04f2a24a0c3e17bdd0692f933aad74bf3593985
1423310436.849103655    117 13fd4ebd81a63935f16b290220712fea0fba2036
1423310436.849503829    119 a1d12bbcabab9ef2548ea4ab77b76c1e58ce86b9
1423310436.849524535    110 077f38b2e7710e56997233792f29e77e701c38bb
1423310436.849728557    157 14096d8509ac889cf2cf582cba505323a7b73fe6
1423310436.849808408    104 db6c69ab97a2b4f21be8df9d96c2ca47fe2ab6bf
1423310436.849849701     66 ec2e0770a3d3751c108cc58440d38d62115b0a25
1423310436.890064309    318 d038941a0d698508b58d903715c21b9f56bd471f
1423310436.890226054    112 e80d3f8f083622dfb038852799c25813f1f3705d
1423310436.890281911     97 648c1fe68a5366915290feb81108fca12e5ea5bc
1423310436.890327346     66 b4ba8f8b93e547c7e86dd89bdb90f066b548cf45
1423310436.890391014     97 6109adfc0b2c78ed73df6e545b5961a057768c0b
1423310436.890480072     66 10ea2cde3b3964e801a94f68f53ebc44ac5faef2
1423310436.890573365     66 bbf5a300af20571c4aa31c5145a2db5f99e2eb41
1423310436.890592493     66 9ca1d0ef85140136c8b151c7c900e5c96de517bc
