1522204661.967378239    383 a0ebd5fc14c2fc2a87a54fd5fea0f444fb827fff
1522204661.967689393     83 57f949732ee51ec99a14129a4f01f93a828c180c
1522204661.967716751    104 2fb97d82ac7eb8d4816e800d0748de0c48085f39
1522204661.967757552    103 d2c826b870bb4d544d8d5523656d764fd9d9d153
1522204661.967785804     68 0cb9f20293a579b9325ee6d960729a4394f5d806
1522204671.161561022    392 2faba6ee66a8cce7742f22c00883c7cc769bed81
1522204671.161904836     86 427feae5b9f4a2327a359e2d3094132141dab390
1522204671.161970136    104 a691995e61bca1981df1fa029273e82a55ca0964
1522204671.162005286    103 59fefe2861e1533f27c670428fd320134ae1a9cd
1522204671.162025991     81 aebbd8e799ad804d5c7266c5f55dacae99e34cc9
1522204671.162052145     68 fd56c3b1d4a0774abd78f56b9a85bd9d7d58241a
1522204671.166123391    386 38ada1e7b00a5cbbf74c2cc968d4e377c2c520d6
1522204671.166343680     86 e0007f64c155c2acdee91cec1f75ac4e9871d660
1522204671.166379721    104 55620b6c59eda6f3af467b6ed62da6c2e71aabec
1522204671.166412928    103 2e024b4ad1051efce05f325d1c03e5e0e133d89a
1522204671.166434124     79 37e22d0f77bab6aefc3c80dde85eb6d918ff6846
1522204671.166453149     68 35d7235a44718c3a3dd5633a2b618ffe584d152d
1522204671.176039867    383 1c9a333b365750e26c0046c45f167e4eed9e6496
1522204671.176291115     83 a3d459c34d233cc7892bbc712a83776d24f910e9
1522204671.176327503    104 6d40c9cf2dd0d1ce3adbeee1c560d92b58f9cd7b
1522204671.176359037    103 15f4b5efc31f67f8021b5436298068c5fb59bf90
1522204671.176379027     68 30007f8a8b96a55801c1912c80ec3e05dd9e733a
1522257191.627423423    402 8692f410fceb93773c93bb21b9dbd32d691ab79d
1522257191.627808998     86 0fb5e8b751c5ed84f779c1ace0faccfa2fbda082
1522257191.627837619    104 d06a63d38cbbf081068b3fbe250d1d1a1b32a26f
1522257191.627869818    103 83bb689daec821e7fadfccc134f7d9f91c61a297
1522257191.627890233     84 f2c3075652625870281ac13aa4556de26bf0ea22
1522257191.627908874     68 94a8d59abf0e523ae24d8ed8aadf5a66cce0388e
1522257191.635937777    392 3b97de205dfade6264e9cb3a2d0ceea909dad92c
1522257191.636322987     86 b823c49e0e0e150191fc2a767ccf7d5ea31762c3
1522257191.636358753    104 d3fb58e8bd4566f3e855824161e3174a83b2dae1
1522257191.636391839    103 9c740cf2688f9f113aaaa6a89bb9b9485ecef796
1522257191.636412701     79 d6b6018e3adbfec32ad597b01bb037cc390c5fb3
1522257191.636439175     68 a9b2a43ee8a535fd7901ef5ad676cbb98ef72915
1522257191.644539990    383 8ac80f0566ebe5d3cfcf260f3da478c50a6bddbc
1522257191.644972446     83 03402f0704bfad4135d031e4eef449a6821296d8
1522257191.645000928    104 bf8be5e52f53b808e9f217abd0d1321891b1f3b4
1522257191.645071742    103 9ea1b4d7f7e4d08096f626036031b0f2a1a1e95c
1522257191.645111217     68 77883ff6881b91cc3ff7e64e5bf174d8c9116dce
1522257217.796175828    402 147ebd96bed7f674aa0b976c94db66e3950a3136
1522257217.796570312     86 5ee6f1486884a0fb6001da9d5bd0d7b8b1c0351e
1522257217.796600906    104 44278022f3e0e3baad957fa8962cb6d802fdb361
1522257217.796641318    103 a3b79555526a5a25ed39fb6dbf22f63d93404932
1522257217.796662143     84 1912c3373106c55f64bb518efccb28cbb3e567f8
1522257217.796681111     68 fe1fe05c189c7cc0597d6b61db1c3dbef7171b41
1522257217.800702385    392 467f0504e62385258edd0d03dd5e7063a686d0b7
1522257217.801003660     86 b00fde772dce7f85a4a75e60286aaf4c29d41263
1522257217.801029826    104 e37732e2dc021d7f52f1a04f10c5c63ba51bf88a
1522257217.801097155    103 13f59c86d764c21c12116ae537338b675d55aa10
1522257217.801118268     79 3c54fbb3b1a00e96bd02ffc19b7acd00f03c4a58
1522257217.801137291     68 7d0f2fb1cea8087da7c6e92f1666cf87c298a3d3
1522257217.807014426    383 9beadf475c6ec6c3328c5811ac9e85e9938542b0
1522257217.807584707     83 ebcf1ead71da0871541f4d384377ce3970673762
1522257217.807827785    104 8c512cbb0004596c4f82346d310add6b7a829ad8
1522257217.807868155    103 72161fa69b87e8a44b9cd539f74a617a1226a805
1522257217.807889593     68 a4d81a9482fa26185eac2fbe1a77a8036ffba7c3
1522257505.347215471    392 aa3e8c063e2261233d74d8edea828f43bcfb5c4e
1522257505.347511327     86 2639bec80f3621d3af97553ee0be88a9cafc0b8f
1522257505.347546532    104 87405538c81502cdfa1b3424870c0563b73b5577
1522257505.347595839    103 f04f7b51903cbce02f84e1071b3371ffb93ff23c
1522257505.347628122     81 1d908961ae127fadcb7c80b67227b646bb3d6902
1522257505.347650211     68 3d282d174e36bdae0b71ca21350a2b920ee21204
1522257510.793553051    383 bc5498fb3f82452cb67304f4dbb640958cbd6a00
1522257510.793852743     83 0a773bec85c873654a69042b492b634b8274f4c2
1522257510.793890824    104 d5b888b425f72b3c64e921788f8dff10ca07ae04
1522257510.793944631    103 011e92e30e3e6617ecfb926073a3c75192b304e7
1522257510.793976377     68 3c8c531d30fbc9785ed32a02f7fb34aebded0c78
1522257555.024374597    401 eb50bdaf0731020452fddba1ee1030b1da5b3a44
1522257555.024765000     86 72a40f4513fdf5b75d5f62e4004e6f71d21b82d3
1522257555.024793690    104 e2f7f4d82e40e762109faa41b84cc93d23338460
1522257555.024826940    103 1ebd6f225dcbe8fd6e49217ee4b45073e8b65c2d
1522257555.024848127     81 7079216c138640ad1fc81ddd0cddb1fdb356caa9
1522257555.024867032     68 811d6273ec4b56e700ce1166b6d8c4051bfe7abd
1522257560.252349528    399 d21e8007aa52309a9d9506c946b895c389373c6a
1522257560.253023877     86 c15735dbc3ffee38bcfcbaab7deadc30f9c444cb
1522257560.253058096    104 c116357bace488e304095faaa2251dc0f9d026d8
1522257560.253094791    103 fd8665d6fed1fad4327d00a5fe0c3214648c2c8e
1522257560.253118169     79 0391d0d97cfe8cccd9952d151efef210b059cec7
1522257560.253139599     68 77d80bea2f78f3a27a468b8561a20d31fe9d6e45
1522257560.266552909    388 3a43246782e1b7d83dfd16731db0ed5b6c67624b
1522257560.269159133     86 25d657d7e14bcd5083753b59556b8cb95c9df141
1522257560.269484776    104 a2959eefe29313bb40d6082c0a7a3b586466b793
1522257560.269525422    103 2f77dc3abfbdaeba8de44b6fdc12f3ce877b0ee0
1522257560.269548996     79 18a11f2a33bdff931ca1e7421d8a7342f2390946
1522257560.269570431     68 eb8f3c8e9e71b078a6841943cd62b7051b2950a8
1522257560.276504081    383 10d145b2d401ab91e5babef11583b74b9de32306
1522257560.276880095     83 fd2a4016a70d8f912f42357470507a1a0225ca84
1522257560.276915916    104 d0954947712775dcc16ebe1f5e5f33740ea131f4
1522257560.276971153    103 614d40a6cf46cd1ed7a547f252412770f9dee69c
1522257560.277000317     68 f60d3d8bbc58545abd3d31b81b1f95a9488e589b
1522257572.237613624    401 1e27214882b757b92b655cc6166a5c2add90e372
1522257572.237898608     86 09e0bc02ee67ffd8c2910379a7927b9f85c40aa7
1522257572.237933702    104 5f83b591f37db45873c2e1a7e5d1fc5c0aa43361
1522257572.237967504    103 9c91317e014311d9a26320bd3c83f9e5e352d51e
1522257572.237995459     81 e8c89562996c2e22a7f42e328fd7a88d047caaa3
1522257572.238015246     68 ebdb9381381d0ef5b844ef6a1f9877d69b850fcd
1522257572.242297733    388 cd131f268bf192f85eb9326b7918d26e72b2e07a
1522257572.242572630     86 d66ef9163e45503d582818cf5bf1d1cef13d8e8c
1522257572.242602577    104 8848f64b5556f26cabac5525c6032d9872c2c2ef
1522257572.242635633    103 234796d215119aca2cd146be3be0451422d59792
1522257572.242655994     79 6259986103c4462d9078ed5014f53994c6bb6575
1522257572.242674504     68 72b58274567b007b82a8905568feae361da224bd
1522257572.244575029    383 a275a31b968053d9d0ec192370ddbdcf17f6759c
1522257572.244793821     83 04ac4bc46adbae615e7a2eabf9fae53840315d2f
1522257572.244826762    104 243033f9beefdc1d3ac39de49b95d664e984a6fd
1522257572.244859242    103 60397122f9fa1b3e5b02514bfdf691572392fe2e
1522257572.244879938     68 af94f2bf60ceb27b44cd125bf395d480b5347137
1522257578.801109494    400 1018cf568121a8be05e6f075bfed56b3fd8ff0c3
1522257578.801448063     86 7f3d765e520389917296762ffc7ee6a1419bc458
1522257578.801489899    104 20f15d1443b2096548b9031703a2bb23f169f433
1522257578.801524638    103 42a6a701c3d92528bbf82c98554a52b5cbe0e84d
1522257578.801546044     80 a9bdcedc97c4b2d18611063d30182d7eecc657a3
1522257578.801572844     68 e99e6c5213d39c6ff359d614ce408c0a90af7597
1522257578.829303829    389 7135aa047b82c6fcb5dfb7cd9ec48fd5b2a542f7
1522257578.829738197     86 ce5c91244f0b2f7532d0a152d968339a4d94f59e
1522257578.829817125    104 6c8e7bcf7773a684139d89f139915c32be185372
1522257578.829862920    103 6e7d9af1c095341da386cc805ea9c3d61c5c5205
1522257578.829888045     79 f2aa4a66f194289d76e955dd4149882a8ad6fe3d
1522257578.829910253     68 e5e10a3f8b42be6800e82ab488fa27d126b4b008
1522257578.846411513    383 c7dce0d945551d637998ff64a32937fa9f8ff688
1522257578.846646829     83 d4999e3898bf591dc099990970309cf343fe9637
1522257578.846682979    104 ea7cd453fec77332fc862c09bdf5ec3e6c9e2ff7
1522257578.846719603    103 1ec2f659cb3f5f80cf2e100bd8e3213229c0f29d
1522257578.846742636     68 50358438bb71bdb0ba820e9013359bedf61e3143
1522257584.682735815    400 a171902a3e70c7a79dd32772c3a2a9b9574f6223
1522257584.683056051     86 4437cfe3cdbb3f724dc3462284b36051093497e7
1522257584.683091874    104 9a341ca69527517fa5d70f0eaf447d0922ff2321
1522257584.683125683    103 86f5f9ab5d1e8a7f94dabc3222f78f0557d8f730
1522257584.683146327     80 fb9dcede3cbda792ed6b013fcf61fbe1f570be47
1522257584.683172701     68 47cacc9b1c85a27cd952fe2619f931fe60e68102
1522257584.691315194    384 fd4682dab681d5ac95037a5a78e2a412e76e7698
1522257584.691721241     86 58eda6cf2981e06f5580e130962bc5b286229142
1522257584.691758247    104 7a0fdb14a1ebe949a2e92572fa7dfdc78c986d17
1522257584.691792395    103 5a206859d324ef4b512dfec3e0c3dcb24fa91aa8
1522257584.691813104     79 120fc9bbcbc9dcb90cd19a3a260b821b13433d40
1522257584.691831770     68 2022c02cb411f0e92b037d880661838f45dd54c5
1522257584.718256891    383 01d36844b649e2158e1736808b684eb256fd0e68
1522257584.718492376     83 9b82da13cc4f3b289c4bf3bfc10f273250a50f8a
1522257584.718558532    104 d9f0da8d4691caf7c935da276882dc24e3e96bb2
1522257584.718594802    103 4b902682be0b8cf1f77769b63a173ee096ca24cf
1522257584.718625577     68 10352d6b86b95d38c8eaad047e5ce6e3420af439
1522257590.727541365    401 8a39600239e056d671916993a21822a616bf5888
1522257590.728094554     86 10850a040f8464efd12bd59b43d2de2227618fcf
1522257590.728129418    104 61092279586b2e5b308245accbfdc77794471585
1522257590.728178994    103 e3b3160ebedee77c2c1b6fdced949119fc754e0c
1522257590.728207034     81 fc6ff9d331f95a0cced68d4e669455e2ae3b1d9c
1522257590.728226620     68 452695cb0a05f6dbf01b40103a032928de4522ad
1522257614.436848770    400 c711af9e2e37557f86d1d1962d0f018fdf210e94
1522257614.437085104     86 637ccf18bba675e11e7606de6c0f3190b5e0dbef
1522257614.437120295    104 94feffcf029052b8fe7d619cbccfe878dedf0ea1
1522257614.437153748    103 d1df457d084f3a9d3efa2ed699b5847022102fc2
1522257614.437175100     80 8058cb759c7c8be76f997d8e916178c472b3b358
1522257614.437194090     68 e4921fedcae956679985ba6485b50ebb919a503f
1522257614.445106727    392 8cec05dd6ec56c966c54bfe9c28f7d833e78b049
1522257614.445438224     86 26993c629d0ea8659c1fe3d7cfd25d4cf5ec89e8
1522257614.445472433    104 c9b3a2a565937d5eb3c31004e2ebe24f40d94258
1522257614.445506506    103 02696abb17eeca00690f0b686262ce801a391c70
1522257614.445527608     79 b8247e16c71ff2b0a1067b402fcd4315526e0004
1522257614.445547081     68 9574d4eb4a7e7b47f46ec7d22c1069e2384005cb
1522257614.455202359    383 736fd43a49cb7b48103276754a64210e31c065ad
1522257614.455454537     83 3a293d44e36d5ed32c35c57787fdfeb652bdf6fa
1522257614.455487899    104 f26f92afc160ed34facace31d362bad8fd4fd36b
1522257614.455520182    103 85ce37673807e7ab6d482a4816359f0723355418
1522257614.455540822     68 3b2c83338b586619fb702e42a6ed9b4fc206737e
1522257623.652260991    401 089f656a41973e50201d7fea0c9820f25262ec72
1522257623.652700045     86 dd6487c4c6944f13e45042a5bb4649f0adc95e10
1522257623.652735304    104 5f0b0145e6b45d3be25cf4a5ae7941635467e9aa
1522257623.652786669    103 57c6be9930e1d718a899194cfecb546513373222
1522257623.652815649     81 34c5ee4e465b48fe282176a6a68ab0a2c22fd421
1522257623.652834951     68 d46ea43dfbe596d62068a55c8f2a5873d0636378
1522257623.655524488    390 a248fca3ec703956d4b4607403467738c11d7ff2
1522257623.657948992     86 19ea83d7eb91f068511aa298132cd25c2316205f
1522257623.657999359    104 ab1274b293e384e10025f8402af5c61817f213be
1522257623.658033544    103 42a78e8184d8f7b206ac658aafff38fd9de30f85
1522257623.658062163     79 98ea0eb07964bc6a1a4d3c0933b5fc40d403f92d
1522257623.658078472     68 8c35332b303ceea5050e08c92a81d14f5d8a4b43
1522257623.666474650    383 5255240615b74b80a3785c6dd80df200fd34ea0a
1522257623.666849489     83 e5f474c0cc099a5e8c62d852d7d498e04ac59e98
1522257623.666907057    104 6ceea0a346c740fa79632e14f269932cd3d6de99
1522257623.666937873    103 190b53e9148873bcef671de75e08677be573a5f8
1522257623.666968530     68 51940710e69f19db4022c65f36359c1eaad99152
1522257634.698567473    398 904ac9843f26f7933a9ccaf075b7f7a563bf090e
1522257634.698812280     86 73b5f5cba53a82fa2bc96a5cbcdf8166a37561ff
1522257634.698850233    104 bb82652b7e1d6b086cc6c23d7bb1782fb16c44b8
1522257634.698886005    103 f2eebae1db7b15b6c6b6e072086f1aaf379f400e
1522257634.698916323     79 5441e8839ecee802f352f3ee79748d990120af20
1522257634.698963803     68 eb7be55589a03626ee71383ca817e26bb105da2e
1522257634.717330266    383 70e471537e512e946601cdf9bc595882efbf9475
1522257634.717629469     83 c260dc134821baec130f4ab4abfa0f0aba4a8dd4
1522257634.717665032    104 e1ebecdb75ec4557a46c859363051cdbf0c9c6eb
1522257634.717701354    103 4af96adee32d530efeb80ea6515c49a12db45ab6
1522257634.717732767     68 3ba642c6eb7218b2dd45266aac28ced8224263e6
1522257641.519438996    399 1ae9995df45099508ad17170529ae61d2d8cd368
1522257641.520740450     86 1b583144f20895449de20d0e4a227ee79578fd0f
1522257641.520778728    104 e47a7537884eba76a6daf3c71bb24f86738e8d6f
1522257641.520822673    103 63af35a4d08e122bdcd453d972cfa8f5de31bec1
1522257641.520853542     79 147421eea003e2ba62e90b4258f37edc4f7091c1
1522257641.520875528     68 5d2f3e334509bcb27b3cb125ac89861905cd9db7
1522257641.546325409    388 5e3703518fc6ee2616d591d5762db48fef45cd96
1522257641.548854257     86 b1d77668f7b6db0ecbbe64dbdad081a3ba6baecf
1522257641.548892408    104 41544f7c5fb9cb418d9c3c775db89a27e238d1df
1522257641.548959979    103 c1d04f6a8d56549deed64ee1cb8bdc8257f949db
1522257641.548983813     79 02d8050980a62b481e0ef50077c20f377bce5fb8
1522257641.549002734     68 f423b830a4e2eb73315ab87abd5c7be9d48503b3
1522257641.554241492    383 4ca5f3fb0578592296aa8d749e04b7fbe986cd9e
1522257641.555643839     83 bd6ee2ed660ff8f80a99e5a8424cc7b86bf294d8
1522257641.555686339    104 ddfc2420a6d6c1d9f41eadc1ca9a6d81fb638849
1522257641.555721418    103 1668276fb63b6f1af474c411779e74691897e444
1522257641.555750599     68 06d2b21ef6ddbffa416992bdd2967f1f87efcf60
1522257655.504963221    401 d044ca0ce9d05a68d2b27c6b040735e80bb0ef2f
1522257655.505514825     86 0a768b2484d0c330d27283d2a5fdfdb1d0004cb5
1522257655.505554856    104 2a42775563893b7acddcf45e73ea6c8ca1f7cb42
1522257655.505606411    103 cfdfde2fa249cc364503ded82738f9fd89b75808
1522257655.505629065     81 018936e941e753b4b749189c1c886887ad1447e2
1522257655.505649155     68 d2edd40149e68f6c60cf17c4f666cadca4755a98
1522257655.518991917    390 1d4b9e4141dcd2f336675a7aedcf6931f112f774
1522257655.520067112     86 e6a15eff43406d4aa568fd85b3fa8a202be84856
1522257655.520106565    104 969d7d506a86ead3868e47db00658a472fbf0e96
1522257655.520143950    103 43ddbbaf1ed2e5fdb159fcba0c01ff0b82678e1a
1522257655.520174446     79 fca44676f142de8fbe7600191e07f92154b84c4e
1522257655.520192460     68 981f184c97b261bb7ded2cf998c70ed19c736730
1522257655.540705940    383 a05bcd54c03a0e3e7d638eb8c493137a447f86c7
1522257655.541229556     83 32a5dc4e7ecc2d5c752d53536e83e79f91e7fde5
1522257655.541286658    104 4129f13154e9c3ec26d4c314a978d3fb28f5dcc5
1522257655.541327783    103 9de7f115c631875e8002d0bcddaa6161713386da
1522257655.541351154     68 c42062c727442f8352978aaa349c6988a16f54c9
1522257664.900990022    400 146b88b3268b24f0ce7517aeb060471f51b6e83b
1522257664.901345047     86 9a7f79ffa6aff21a82728385e1ae86981e3abfda
1522257664.901377995    104 6903b918567f921076dbee8c840752553d5ec239
1522257664.901418194    103 7b103efcc324fa41221b873ab917b0c707bc3cbc
1522257664.901444461     79 8f0c7ccca5e9b051c526bf2bec46e665d21ae464
1522257664.901459683     68 b18a7beee1521b76640bfbc141b734cc28e7b16f
1522257664.934244283    383 2ec9cc675083dfdbbf3eacfbb0773fa2b2e6c735
1522257664.934576383     83 6b27a6c4a81b2bc6516f3d2364f15ada17595325
1522257664.934612122    104 d98e0bce5b042d3307be553eacd32565b0e55ec3
1522257664.934647838    103 9541cdc0c4b9aaf594cc3ed28ae148fbf3cf1019
1522257664.934670610     68 5fcd412a225ba9c53cdc8c3c58a0740ff711482b
1522257668.908902599    401 b69582c57e708157fafd5c075f049eabfc6d0391
1522257668.909334943     86 1fbc999ea23a02ec42b1a861f09ed791b8bbfa76
1522257668.909366520    104 79dddf6c820aa0f483e32fa6cf77e55c8a91e88b
1522257668.909403094    103 2059fc999518aaab4bb53918c1e0019208522dd4
1522257668.909426244     79 bcdd24d50fa11156b1f5ce66a270e0f5f6ea857e
1522257668.909447660     68 5858a5fffd6166ae4dbb412a995b7baf0da3b022
1522257668.929313624    388 4428b255683b7348960d1f5e5a13ce5a0c169790
1522257668.929745962     86 c6eb8c8abcca0953285440a44b3cf678a4d249ee
1522257668.929777232    104 2008360ce7f195ceb98f712b0915f92190e45cf5
1522257668.930095403    103 8b68976937c671c32ca4c4655ee21514d9dfd154
1522257668.930121153     79 e9e451bce597485a0465c24431bc9ff7a06bede3
1522257668.930142977     68 5f5569ec72ffb3ef9377b10e433144d1aec77125
1522257668.939185845    383 abcbb9c7899fb2702515401b199ee81841863d13
1522257668.939505955     83 caaf9f95497d7d7e11e8edd2184a4632523d0933
1522257668.939538244    104 ee783dfc0ebf1e2663da11527c1f5f1249d7f94e
1522257668.939576216    103 fb4593d8849409a32fb508666a94e2f16a214486
1522257668.939636985     68 4d693057575492fb8e940e68daf7f77afbff3513
1522257680.474418931    403 f20a3c7b935f364d0db4435391d0a7bed95a082c
1522257680.474801959     86 da03cb60f5a257b2ad74f2316f73446d26cf3f07
1522257680.474834756    104 bb0ef3ee4078e56e1385ffb76b2600d5c248980e
1522257680.474867569    103 f8aacf9dbbfec7fbd5837dfaac35a7420ba7c548
1522257680.474887248     79 57f5c641a4a618cd4f55e5cfe0690703fbb356e3
1522257680.474912550     68 ab637493814856a1f27d4a4981a4fc13ce4f70a5
1522257680.482342436    388 b4e3220b546363a2cb73210d6ce8895919d699c9
1522257680.483616948     86 6da2c644cfbcd4929ad799af5c21a46fd039cada
1522257680.483660595    104 e8c9efc717e52ec2e7e0452f7726a4c9f50839f5
1522257680.483694077    103 22c35d85fb1c94d59a013a59e77bf0626ec600fe
1522257680.483721263     79 76b8b7b96ba763000fcf04d47194b1c969e37996
1522257680.483740778     68 959876351c506d37e3035613b87d4ab9417b3b41
1522257680.496376339    383 c8013fa1b451a3f9ca2f1e371f5ccbebd60fe9e4
1522257680.496926469     83 893c77f46ace992abf7798a1f58112a65dcfe29d
1522257680.496962954    104 9070089fed05bc887d4afe90142690d98cfde83c
1522257680.496998777    103 e5c5c786172c9d37087058ee9bfbc52bb81b7437
1522257680.497028405     68 533aa17bb393495834c62433fecedfd9e3e82286
