1427295834.904253000    178 3ada5c54a539739462222343477c12392b6fc4f4
