1422629911.712404236     74 cc3d5adda585fd2242cc5a5a0e6c67f080964e60
2961276382.689380336     74 4f80275a5743b3793b90a0d406396d1ffd5abb62
1422629911.712468266     66 8c1bd730978b3c4863592cd7dcebacccbaf64a2f
1422629911.798249934    187 9b6ab3abfe97652c7061ab667b3ae839d7f89936
1422629911.798283041     66 197f11dfc27c25c591cec443c80bc5268b2bfab0
1422629911.798329916     80 3a1733fc510ec968f5cb316e15b8a84a91f8cffa
1422629911.798337618     66 ff86a1fb38793745c210f1985883c2028aca60ac
1422629911.841709519    230 1644ea5a88301d308b33c2d93774021f56e631cd
1422629911.841776888     78 a75265f886d126bc41b9245421b0aa480161e08c
1422629911.841812946     66 67df74704289b3f7229387a33af8eaf2dbdc0960
1422629911.884601214     99 8653f794d1ae799993a6413b12d069cef3a645d0
1422629911.884776000    428 c36c8f3c06dd7c51367547d7fb780bceb97f86e8
1422629911.884794715     66 f94d9ae41ea6183f1fc2e1618a096f1ba9d2a7e5
1422629911.936170399   1454 40d1ed0472ce4a7a722ce4e3f5605f9162908dda
1422629911.936259194     66 7479730c949e567f7eac4daa0d9536790adceb2b
1422629911.941515568    224 19857e31c948373a3458c35e371fbc810b45dd78
1422629911.941537873     66 9285932363b28dea8bd97acda2bfedc55aafc85b
1422629911.986859926    292 bfb500ced32e14b23775b4e0299194a81ea2655a
1422629912.026006833     66 d4e00c1128e8f656dee091fa8622f62a65d367b2
1422629916.353159925    111 1fffbcca449415de81ad9e73f78c6af4c56442f2
1422629916.353191728     66 9210df3520a921fe0b734ec19c0cec2ee55717a6
1422629916.397138341    253 c8cd549adb51d2f92ec10a3804ff23ec72ad5285
1422629916.397155697     66 cfd1f8621394a7026e538f8d56b6c6b97fede4ad
1422629917.801257374    467 53e538cf8229a87db8e2388db6523bcff0c6804b
1422629917.801290349     66 36aecca35de2d3219f0af2e474ec232966f37b9a
1422629917.894641524   1574 ad973692c64dcbe9078aa9b1e2a477085c129de8
1422629917.894673076     66 840df00f5a529dc634bcf0c5e34c9ae82078e1d9
1422629917.901182916    272 a68f90ca09fbbf24a449d9dbe9ade9f0e4b54eb1
1422629917.901197926     66 9608762b0d205195f7a6bc08a9ccb45c489f7420
1422629917.947365746    340 c98a6d73fc2ef7dde9c0fa2b0577dae1bc4067bd
1422629917.986028156     66 7d0650ecaa8e15e92a973c90426a72807c071c0f
1422629921.745265366    111 6bda5dbde9251e08d18cd50b8e809ba5a90f2d4f
1422629921.745302290     66 344f54ecc8231a23a3750fb16232d68f81f59509
1422629921.789596646    253 c5256dacb2744f3f3a7b9f432213cf4624e8f653
1422629921.789614396     66 563721f45029a614493d0caa9e3a8ef99d9ce1ac
1422629923.017303543     97 e6db71f41f22f2379170646b5197306f5280598b
1422629923.017335206     66 1607089b20621b8eeb969a52cf56cd822b62cd17
1422629923.017372162     66 ad78b67e87ab01f6f1872d4f4f7883853114c191
1422629923.056039708     66 82c6de73e0a3ff37bd5009e5955a4d7b65878696
1422629923.062108519     97 3f17e87e8948737c86cd258fd72687f8270efb79
1422629923.062147699     54 e49b8fb7546f49c1b50074b1efb11953b54801f4
