1422673532.664962000     94 cb927690aaf5756eb9089c4e5eb8b41ead999c77
1422673532.664978000     94 300ac37363827f05798ec7ea8f90cf2f83ea9a54
1422673532.665018000     86 231974546ab94da12af18c13e609f5a662a87857
1422673532.665359000    117 94534b34ad33e92dc02e3a1e5d9bc5273b8f8726
1422673532.665380000     86 f92a9e88e34c3803347c3d2ce6ab77baaaf3a684
1422673532.665469000    100 9730340cd6d1b0bdfa7adac4af8a65381107f61a
1422673532.665481000     86 8f81cf4cce70bc59ded190abb234fc51c66994a4
1422673538.043492000    203 9e2e809a32efe222c272d3b8781837114fd21a7f
1422673538.043742000    172 f76cd2d8fbf1a3b903583fa43ece0b05782932dd
1422673538.043767000     86 87cea1e00305c0be0519aaedccfeb7e20f9fc397
1422673538.043777000    615 65cd5dbf3ec6d11ec1294886125b0c1c0ee6f220
1422673538.043789000     86 a92c76ab6e68c5b9b98d964832476ecbe181ae1d
1422673538.043797000     95 26a6456600c74aef919eddea0bd1e53c9cf2df88
1422673538.043806000     86 254c5ff835ab65e07e29eaf6a099d7dfc5f4815b
1422673538.044671000    225 3e7a3f3dcb3fceca41013d40832c67dc11111356
1422673538.045389000     92 4cf94af1bf88573f0c490671132e939f19d9e79d
1422673538.045744000    219 d149fbb61aeb5756b2cda4f96602591414f72bb5
1422673538.047022000     86 a9e6a527a5b590e06ba9d7b2706e83ffb33b6f02
1422673538.047102000     92 70b8ad154b9cb44b9189a17eb524246acf6011c1
1422673538.047187000    267 5a6399603a73e6b12349d9c644dbe28a0246dd30
1422673538.047217000     86 337969fcd46ed5b1fd7ba80d60dd8b5cfdbc0d36
1422673554.150626000    427 9eb4d13e57a13609d21ddb80b9c095b45798b32c
1422673554.151037000    315 71b180e70c3bc13e736d092f0e1cc72204842d7a
1422673554.151119000    235 0498b95392c208586571ebc3e7455a7df97eacf9
1422673554.151251000     86 de484d9592c6ca8483bf3406b50b42371ad9a484
1422673554.213526000    155 01588e70cfd99d3e6131afa5d077b03a988e9634
1422673554.213724000    571 683d2769a11595caaf7e673d0c2d822a62124361
1422673554.253419000     86 58365eee696f448f7c4ca7f0c7f94100659d034c
1422673558.482409000    603 0efbfaf4db90105488aebd0c71c7f45fe549798f
1422673558.482911000    251 1ba218884bf03aa3342f9a11004ba25de5b34864
1422673558.482944000     86 1a63cf87bd558efe04b8b7ecfe6a17089b81518e
1422673558.483873000    155 8b121ba06be81e3adb2e6ac055e2c33d38cf7644
1422673558.484098000    283 06ef7234a7c9bb81657384f58a5fa5c3d980a987
1422673558.484126000     86 098b651b8e80a1967b1b0cef99a90bb20e8befd0
1422673558.484447000    315 a17364f1e4ed7e766a92a50c8f0705acef9bd050
1422673558.484474000     74 5b84b03cfa5951465897442f5977f689b56744e6
