1474031310.507760000   1506 77d4a0f767bf6c8b7a612439a8692af9885baea5
1474031310.687364000     70 6f04468c296f9c942bba4bffda76e47b55a0b2e4
1474031310.687776000     76 affdb4ca159070d58aaf64603385ace150ba1803
1474031310.851233000     77 e8139ff70890c77349b041de3c4dcafbb3515605
1474031310.854912000     70 be59816a0621a795ec2cb4c90eee015954f04547
1474031311.022324000     60 625db818d4b196997e178a34c9d846d53473b53f
1474031311.034751000    152 bcf4efded95edc59cc555f24707c2a655366a4d8
1474031311.035011000     49 113a114a4f1f3c06cce5cc60a0cafe1383d03b97
1474031311.046488000    162 96643ef217c0ad54acdeb0383e449706043e2bfd
1474031311.046668000     58 727807f0d9907ef68868831e766712cb465da7f8
1474031311.068441000   1498 9bebac3e7a7fb13c2767c5300214f07281ee4491
1474031311.218874000     60 a15fae5b78f9486b8600ac25afc6d778afb28c17
1474031311.219380000   1498 586e4eea2f6bc8ebeced3e602f2a0b715cac3611
1474031311.219690000     78 c66d41d74f424f51cfa4c056292a91a606e44e69
1474031311.219700000     60 15062fa700d4ce59a63d827cd24a736a3d696fd6
1474031311.219708000     60 f47d7d0f4f7b180cdb17cd21cbd14c8fede7d228
1474031311.219714000     66 fc11be96889c1a406c24e9f88e361a85d7c01589
1474031311.220033000   1498 aa6ac88e4e00fbec71326b5ec73d95e6e2353cd2
1474031311.220715000     52 3865cc7be0611bbcd252a35f743e94580d69af29
1474031311.220968000     49 353ee6bdd6cab44262e4a56714b2d870453774fa
1474031311.247380000     60 09eb04d10c2dd565a77f5f9a01917d4bc401e2a8
1474031311.247778000    737 d419a2807fcaacb70f48decbabdbaa57e9097b00
1474031311.397360000     60 cfe7237b98ea09514c4dfea7d103593d2045fea5
1474031311.398144000     60 75af2d6990313abc1a6fb85dcbdcd48610371494
1474031311.410515000     60 095e171fda9aa7d3c334775614f99763792b2d72
1474031311.472755000    256 2306d456d61f8fc556cd9c24365af0f36638829b
1474031311.473140000     49 86b6df39b4eba64460e49af4b6fa00a80590ff82
1474031311.506760000     83 a1d5c73778abcedff8a9f4e08ac20516d2214480
1474031311.671901000     60 fdd1f9b525645fecf64f6a465058c96c55c8fb9e
1474031316.048827000     58 1a52aed59f7342c3de94fdbcbce696fc9da72417
1474031316.234160000     60 e1816af4543bf82b0f7dcf891cedbba208a66ab6
1474031316.509696000     61 41abcf295d83b96ffdccccc7c74faeb6e0e61ea6
1474031316.678331000     60 915d6a73fb209da8fb5e47588a267b64816a2b75
1474031321.059993000     58 4aed5a83215121973918cd79d8f1975f2ede940c
1474031321.215834000     60 286de815e271474cf82b1ec5645246d437140f04
1474031321.514199000     61 1a4bc94181226cb23263133094b55ba0631cc60d
1474031321.673740000     60 5a02344c8d91c6869eedc17416f84479a40b5154
1474031326.064092000     58 9bdafd109b100c12f1911926af5f36a3cea38215
1474031326.255686000     60 60fc9c7f32825184e1ad859925d6da26e45e1b2a
1474031326.520272000     61 3c551a60b0edfe5d111e27fad4195a73343ce5df
1474031326.713573000     60 321e751e3cc63574baa05bc219c9e6ee1ae35a67
1474031331.071114000     58 e17d5c234a977c5c3952f6f954090076ff116f32
1474031331.232886000     60 915230e33a2bd4561acd64b0d6c9a72595939b92
1474031331.530864000     61 ce0c7350c38d3519c1fa4bbe5a9a3a9e86cc7510
1474031331.698004000     60 89d00d2e0db33aec8553dcb6c12cc057ba757daf
1474031336.075694000     58 6b004fa22a4681194dbfec2016e6f32bda73c722
1474031336.275557000     60 285e1f37c36403309505e5d256ac41ee40a37fe0
1474031336.541115000     61 8a287e23ba2d3ca9af9460accd890ab0443e875c
1474031336.737516000     60 d5a5287ff50d56e9ea27ad357d25ac2ed7b538ef
1474031341.086867000     58 032a2137ed360fcd237756549b9895741789e980
1474031341.271357000     60 aac7404474950cc55f2d150115dc8bb71df73968
1474031341.546457000     61 690808d02b8e0a8e68051015d793ca0a8d337c43
1474031341.705312000     60 e9ed9a0ffde13c4632e181826415951d6ad0c874
1474031346.088994000     58 71850c0b0c7017e1b8c953032162a90780555822
1474031346.271909000     60 cc57e49250d4568b1e89c57762c6cd774f6ff470
1474031346.548113000     61 e892d3249d9b09db7db3d435de7fb05603fed94d
1474031346.731940000     60 514437048e3b11bb0f6775357797d510334b38a7
1474031351.095982000     58 692f4a95498233732dd0923d1a5edd6a17f1bcad
1474031351.252013000     60 144f66d19408054e1ccd03167b63dd7c1b855929
1474031351.550994000     61 34a7aea7436e656efe7f2b45b65c927891cfbba2
1474031351.706929000     60 0776214b137309b3a99c2b25f732f64969a7c250
1474031356.102715000     58 1abebcff62d9d5c9518d917ff551a2a1551d2a33
1474031356.284399000     60 fbd777e414a6c2fcc7831f3a7405306b4f0c2835
1474031356.562407000     61 efe01750726827c5eedbc56ba313312647eee0a2
1474031356.742863000     60 4086fad6bed2a606a59cecf1a070ccf723cfc653
1474031361.112000000     58 11b24611504557e85f84a68f7e7a1f02413b72dd
1474031361.267783000     60 9a7f5a39ab925d4effa11172e3f62599c52f23bc
1474031361.565523000     61 b46776537642bad60698e9d4bad5cc2eebad43ed
1474031361.722991000     60 8069bdaff9fae0db66615c270716f6782791637c
1474031366.122167000     58 0f4cf5791843f524b72a5c635f1026566d5da603
1474031366.303419000     60 483f61f285224762ca87de0c528c4f635e2b111b
1474031366.569283000     61 ffd5f69f9d24a36836c7143ccc44bf88374092fa
1474031366.749651000     60 9e17da6a2aacdf18e3c4e2000b1a09e7a2bd2f45
1474031371.126638000     58 ffef79e79e708bfbb508e85a89e5c7fb8faf04c7
1474031371.308195000     60 03ee86434e535f04d481b8e19cbf79e294bd9c3f
1474031371.572606000     61 4cedd4ead2276f2807fb66fb4661573e2b16fc60
1474031371.767968000     60 7cfd3896d91902c9a40eef902b501ef7afc85880
1474031376.132414000     58 548defe9c6bfb47425d66ec8d5a043a6652e62af
1474031376.289085000     60 f988e196bba4408adb338e63decc12afff3b394c
1474031376.576925000     61 9a92218fe802637c0f9891cc21616b6ff5f0a90e
1474031376.758196000     60 0573f7f73f6d04cb0c7cd7eec9ee795d67f60066
1474031381.136069000     58 f9a48a00dbc7f820ece0e76f822d8e930154a151
1474031381.294110000     60 0ec8691e13adb8f7de4ddc1055552cd286e81f5f
1474031381.582194000     61 a612e1e6f2f1fa5b3bf9285d4a4ed343161583be
1474031381.741337000     60 04dfa7e913e3aee96f7915c2539ff7634cc5ae20
1474031386.137600000     58 876f5f5e3b514db0c920eb7572ff9a2f0cdb4043
1474031386.324356000     60 c3ac4d3fbda0a291b35912e888d0cb8644e5cbf1
1474031386.588635000     61 71cc117a92fc7b0d720a3efb7160abd0fd0a726a
1474031386.751593000     60 aa2e99962cf5c6c00bfe7f7c7c1c6b6979377559
1474031391.141904000     58 fea558a8c7032f4e65e3c86b5d9efa6684258176
1474031391.299584000     60 151bee6e81323f015c20b020d505aed1c95f55e1
1474031391.598047000     61 961f31b93e24fc713243c96a4af0c26e5a73c43f
1474031391.753906000     60 896dfad769fad045df8ed82666200b1e904ef2ab
1474031396.150629000     58 0d9d37cbcbfda488117d70497c4150494d537804
1474031396.333410000     60 adb61a396d9c5b87c8359ea0bd35ca95ff69372d
1474031396.599353000     61 9f82fe5f7da89f5e604e46044b8368e15f26248d
1474031396.779885000     60 e229c8d669a721adc0982e15ecc4346afb7b7e3d
1474031401.157653000     58 e07162d4487042ee42a4695afd46ca657f072b60
1474031401.319257000     60 0a028f702419a274f15dc44f3f9354e9a1008199
1474031401.608296000     61 267f786c06d65a9374cb8208a619268041a941bb
1474031401.768097000     60 da078b0de4dac3e7fdea195f5df9a358a01cafa3
1474031406.158842000     58 da3cc12c400778ec4b860b607a082a38d64c1fa8
1474031406.340639000     60 60806c536ac7718eb3ad23bd0edaba76c0cd0546
1474031406.617471000     61 f9b97476f2197711f57d87fce1913420f3166748
1474031406.806076000     60 c68a4253edd58373caafc5d5c6897c7119a2b8e1
1474031411.162854000     58 751d515efae3eccafaa524115190665b40fc7bee
1474031411.359340000     60 02e2103550b51983b4f0dc774c0443c6b3d41489
1474031411.624150000     61 8674c1285f92c33ee95ff5f9269cdc9108362ab6
1474031411.798804000     60 44829a5b1005af018c21ce26484f43207ff4ae6d
1474031416.163751000     58 0a833e1a7fb16ae800080147b8f8e826267b5f3d
1474031416.345137000     60 78ced131b5f8fa41a36c804a2680868b1b7018b7
1474031416.632354000     61 5d1f889e19410d9d03b0e15dcad68de2bdbdb24b
1474031416.825542000     60 9c47c1be414d3cb352999c7a5ef7047b0fca67cd
1474031421.171392000     58 2389aac5f3112fbea96a2ec4bb6a0a28ca400e36
1474031421.328512000     60 406ec64383e175cac0e00a0aefb0f5134ce884e0
1474031421.637809000     61 c380037b83728055d002c420108c2cb845e37727
1474031421.800134000     60 b028438410b4f22c91dd5750d875e67cfdbfcc0a
1474031426.180818000     58 77467173d944da663640e9d023b7e715cea0db6e
1474031426.336240000     60 b2f7ad292dba741e0747de487d87a458df352975
1474031426.645061000     61 141bbe8d2d08a3da952118cd625612adf685cbac
