1422705251.430405350     74 fe86e827f7ccd405740d7d6eb90ee2d9bf2c8441
1422705251.430656177     74 575579aaf549a65f0615a646a42360cf141a0dbf
1422705251.430715003     66 99d436e23cdf49c22e1e9c7faec317ba013f1f06
1422705251.431751381    169 6f11e18b64ca23efb8224c366dc5a915fa322cbb
1422705251.431855109     66 da6ee912e28e3a5160f3670f890d62670d44b5a0
1422705251.435064090    102 1fcd7f072e08fe4fc0ac67fa6c938ee27ad9f17e
1422705251.435254972     66 86c8c663a1acb2db19d88b1f3e4069e6c6e1931d
1422705251.438133908    427 b4ed6cdd0b5f7960e72d1f18ef0098c0b24ed760
1422705251.438344170     66 6127bb660ebbb73824338397d1b6e126ff54f929
1422705251.441684249   1261 c212e7fbb152d89bb397af05136fc1e2668786dc
1422705251.443011926    212 9518e21388b00c668efb7a1a9280b97000714f1a
1422705251.443870385    300 c403375e465cfa864125300cc59e98a4bd9fe891
1422705251.444199099    220 fa0067398f4c5fd25c9b5ba3e94f508aac55a2a2
1422705251.444771873    140 9ac0a51081db0af12e813c1f49007c11fe14db83
1422705251.444895235    172 d401d7592f6b7f729ab885982f37d68367849af6
1422705251.445464194    220 7be9250204fd2079d59681cb9b1150fa69fbb975
1422705251.445619628    156 4ae7e100b4ebc1e1dae603fc0c401b84555357c5
1422705251.446159232    476 6b1061f91022adbe7bee169f48ffd8cd627c1a2b
1422705251.446501376    156 492b578516cb7db756bff45e74bf9deefd9bd12b
1422705251.448976305   1514 dbe10ddc1dee442623d57be2a96330c00586ff4a
1422705251.448977390     78 4bdc9e6a9f5a6b5d6e99ba910ddd2d4b343a6aee
1422705251.449020998   1514 d2be06ee70db7be1a4dd9f709b697c204743a61f
1422705251.449026749     66 f89e15465538cd80a744541f2347788f841dc9c3
1422705251.449047302   1514 a8aa90980f84a8f0752f755f050745cce160a4dd
1422705251.449048514     90 7c1631706cd63b070f862da583e165efa45d4506
1422705251.449078332     66 d65963529b339d5fec7200b1a27bba8cf8c6add9
1422705251.449113373   1514 431100e9ee4ab5f7f27941d4b53bf91316960c74
1422705251.449131648   1514 6de8cf6841dfc158256767f8f9dd4bfc664204a9
1422705251.449132608   1514 366f0088a0bbb5f19214ad4e9fb69acde155ed0b
1422705251.449149912     66 357a576c676822f711593bb588f9b4a772e49c10
1422705251.449133250    102 1855c7c8bfe14db2729adf0d2df900a31d8befac
1422705251.449163637     66 0d37917ca2cb4530d94a57c118b2fe1028a14e9d
1422705251.449301353   1514 a8e855a9a5861328c089c9d92cc80df330cffc67
1422705251.449304670   1514 df29c24fca7bbe257d96f1a922118b7b1991efdc
1422705251.449305566   1514 044a7630cf92602d36c86d0d8d3505e1ac1e29b9
1422705251.449306337    860 38f983d3348a810a7fb5822481c48d559491c9be
1422705251.449356870     66 70a1106130464a395dbce60a3ebc20505e267ff9
1422705251.449371202     66 29e775315a6cf9f9c4ff5023d5b47fc837439c6f
1422705251.452924287    140 132f09793337d38174d17efde831d3cf6e478d86
1422705251.452953810     66 1f9d471b8dced19de3a9348e9559a91692f78227
1422705251.453692826     66 f23475d899bac1b9ffbea2eb92f2290ac835e0eb
1422705251.453737693     66 d864bd0761556c6264d33c57f9e96f5c1eedc9b4
