1422527998.578402281     74 dfe728c6869a4ec8a62d8e61c1272ca35af82585
2894531997.938836488     74 5e40a34054da632aba2f20af0414ff8ade2e3e03
1422527998.578455857     66 ba5009ad7c826c8adfd0874e9a5280120cc6ed7d
1422527998.630872889    169 5ee0373c267a99461d8fce8bce6d8fde2a726da9
1422527998.630964557     66 50c4f3fbbcb232c8ff39f641070711ae0e9eed3d
1422527998.635979866    102 3d5acb79b96337f9b8b492e7029c068aff1add2d
1422527998.635994480     66 239c4f6924a5d372d07a98bd052ef9155f271bf1
1422527998.639932680    427 b83297d47c92c2e647471dd685a875114f16449e
1422527998.639944035     66 c53b00ae7f3802707428307e10e2235de8ba389c
1422527998.695385161   1261 7ce081953e7c6b9b1cbd52a67c2bdb98963e41af
1422527998.695452550     66 4f6ad52ba7c32b527388e4c4f9333ec68a8c23ae
1422527998.696717461    212 4925a12642932e32dc1fbab779927cf0693f6265
1422527998.696728351     66 d4a67f0f334c76a5a9d826e0a396225c2441d5f0
1422527998.743275898    300 db3b719f490cbd21ac888b658f6a320e3bc7cd28
1422527998.743557097    220 e6dc9ec9be5700f7a8c9e503757d3239d607b40e
1422527998.743575070     66 24f391ebbbe5b514b1f8da6ef64a84b40b54937b
1422527998.801249898    140 bc0e6c01ade8cf663f558a2f07ee504ea5174ab2
1422527998.801609547    172 95ddaeb116a52d7b6be64f35e5f8281baa233d48
1422527998.801633915     66 903f76b31cd26429d8097766532a2b1155872c7a
1422527998.848605687    220 f11c445d29029e723e4dc44027dffb796785bac0
1422527998.886133284     66 d9628686e2bbb78b9497925d3bf1f94effca9456
1422528004.147313580    156 c42d7483b0a6633adfd0875afbb97fdec1a8e3f8
1422528004.147347456     66 19c62ce825c5299762a7bfe8f9e57acad7b66a85
1422528004.194004258    204 2c887ef2c23458f8fe1a6bf2f560fb1d30fb0e3d
1422528004.194053328     66 27583a64d3baf2228bcf6ec25fd02433b46df387
1422528004.194162486    140 52cc950511b8ffcb4ef9a5027b17fc23d59dcf5c
1422528004.194171498     66 0525b0bc33c397f4c9ba429640d5d60bac2c5537
1422528004.239797694    204 461dd1d91e1f5418c9784aa924d3fb2a4c962fcc
1422528004.279540520     66 99f71c619bc80f7940e77083abfd2e69451f44bd
1422528007.270290524    156 ffd194e9417dded4788c1b3bbc3f58ad9168a44e
1422528007.270323414     66 fd4f20e9ba27b115ac24f856abeb034d55a25567
1422528007.318085062    204 57ae6d1eabca3ab96235eb21fd25a6c9a3cff0ef
1422528007.318134971     66 67ba3384c9de7cf9beddf21fd0c1aabb26818da4
1422528007.318223794    140 63425f67bc6a262cbabf599edf68ed87291a2ef2
1422528007.318230929     66 cdc35f45ab297f54cabcf1f1a651d5f3e3ae496d
1422528007.363944995    140 53a910102d27bbf7f57ff6e14247c849d49e45ff
1422528007.402823472     66 eb9f0e2da2913c2dfac27ba34344d3383b6b0ff0
1422528010.910727652    156 02b047d0356a6edc5f4935706b21d0d8c3d3b9bb
1422528010.910757737     66 c3664a826a1c5147632c412fbff2819e1fff09a2
1422528010.956817637    236 8c580adeb9807069755fd62b37abff5d0e007529
1422528010.956852697     66 24a3ea477f7a21e7bb3e6f992e15daf2c8137242
1422528019.110304344    172 7968fde3afd1b317ce9aa0b26b957904df410b91
1422528019.110338934     66 70266f58614598b4edf79ebc234c455a30463788
1422528019.161535142    140 96c35130187dc99addc1211baac7990df6f630e6
1422528019.161623736     66 13321b7b3225d4079515469b253027a16f52bccf
1422528027.013060334    172 f9b4f41dc1e5deaef992ad1a1f9383411017cc98
1422528027.013092031     66 8adcf7ee4ae48eb1b7e1ec16dfcc5112cffb8bab
1422528027.059551786    140 fb27fb6e483038ada9919140cb09d57b3a046d9b
1422528027.059603931     66 53f2ab0c8d727e3060689c44aecc442578b790e2
1422528030.426955665    156 11014c8a0d386a664a7b5b507c7a95cbcea5e1da
1422528030.426984712     66 2557aecb6edecabe91e0cf088daab7cdbcd0161c
1422528030.478807098    220 0ea43561702ee8f75908c0a814a42f20df980579
1422528030.478851640     66 ad625c3de1e819851b3e0a545c2ebf3e7fd0cca1
1422528033.045590785    140 91a086d7032b462a2de5e4a35a8f1458674bca0f
1422528033.045617200     66 c48ab401b85aa48a4ecb552666e1c3c3e00e4642
1422528033.045661987     66 1d9c6425dd225ff8098775f6b622ddd03b45aa39
1422528033.082842076     66 8d06808dcc2734d238e855bd59f8f4335815168d
1422528033.092163945     66 528d84b53c8b289b72a66ee95e255df233476931
1422528033.092194163     66 f6770f2d66ed6b8488d5cb0e8b27b98eab0b3ea9
