1358898732.330568000     84 65225b39e95f0bd01182d9fea4cb46fd6aa2eeca
1358898732.333757000     96 8cbb2535272b0bb3b0e358eafd5e41e3fd414fed
1358898732.335383000     92 043c704077a028afcc58d8d9322ff701f4978ae4
1358898732.336431000    184 0128a39d35c99dc3df83983333266da01c65fee4
1358898732.336441000    184 7ffa43123a8bc6482ee6a0eec2a167c52176367a
1358898732.336448000    110 7d98118d6b73432f63d72842b3d826c3c5b23c48
1358898732.336711000     92 fe361f0c59a883ce03c4031ce6efd808029a6c6f
1358898732.337988000     92 2d4f1cf662890f13d011a174ec1226b4292ac81e
1358898732.378586000    196 06f77d48db3862f017d51c62987eddc30b11ab28
1358898732.378606000    184 2180b968a9a0b1f6d5922c22b4bd0b797b1b5b51
1358898732.378613000    184 edec50ca3dcb9c92e6bef0096dff039bf9e6a7cf
1358898732.378618000    184 a7bdb3be4252ca347ceb1fbd5ac5cbd9b8f3afa3
1358898732.379093000     92 1ee53f8da2b87f9dbf9b000995a6715b735843ca
1358898732.379177000     92 17a0402603b2db70089667e2a091367c970d3c1d
1358898732.379261000     92 0822ed6b1edbe7bbc76329ce8a46ed74c287068a
1358898732.379345000     92 48dd761328d1341e593471830a7aa5490d8212df
1358898732.380332000    184 98cd69a8deb22f8d81bb2f8e00a5d4e40c9cfffe
1358898732.380342000    184 c7009b5453e1e1863019772811394bc4f96eeeb8
1358898732.380348000    184 706ea33eefe45bef0a698d58b48669ed8e269086
1358898732.380491000    184 88c70e9b5b97907548b2e8d60512e2f7e6c73141
1358898732.380620000     92 93c6eba273acdff53f896a388b78e88c699f7446
1358898732.380704000     92 da71b0949f6a652f093cdeda7c7f9dbbb1e8bd4d
1358898732.380789000     92 21dabb38940a5d25c584430b116d701e4c9c0a6b
1358898732.380873000     92 617adba2db39ffacd954f9aaa7eeae7eba359c69
1358898732.381367000    184 bfec9dd1cebf3853cb17d90ed8b2f474fd26354a
1358898732.381440000    184 c9afd2c3b6f68925c1598cc48de86562057c9696
1358898732.381544000    184 c86bee1d4b20aa75a0ab52dbe12067b2fc302f38
1358898732.381690000     92 4a539e3de74f2be575bd8ab4e7bbc18e42a14bdf
1358898732.381694000    184 750ff392cdf74e3eec36196efabd6bedf644b1d3
1358898732.381914000     92 f44795d72cc0ea0120f31145cddb9cfa1980071b
1358898732.381922000     92 da3da5053b3b6822ee4c43a686e8159faf12e3d5
1358898732.381992000    184 98116e11526c688d86ddd83b3cfffd79c2915c67
1358898732.382005000     92 e4c71000ecc03e037f9c669b1c2ca09f71e8a242
1358898732.382145000     92 0a2dd00fb6de25db318d661a50b02e0631a1721a
1358898732.382493000    184 0e5c2d11d1bead0137f47029b14eba3ddad6698b
1358898732.382501000    184 100b18366f2c77aff623a19593b10752fa20a656
1358898732.382508000    184 c6da75b03d3ccf171b12912b22437dfce1be739a
1358898732.382514000    184 64a7ea21080a8e0618c9258bc0a1bcccf0546dbb
1358898732.382748000     92 5b25c090a9acb0ddfd84d9aae744e0b65b840bae
1358898732.382833000     92 a64c1f23c4e426a99ff8551bb27b7fdd59e53c4a
1358898732.382916000     92 28daad710e6147ae9bae8ed8f5b6c79e90bbb464
1358898732.383234000    184 16ff99cec57dfb75ee53485a6d516574be5d05ab
1358898732.383242000    184 8d4cb6411961b907c46ea886460d1960c341607e
1358898732.383313000     92 1895392050be777d4cd074b8294a57c4e497cf36
1358898732.383392000    184 34c7d590e8c4a1aacf18100dfe52bbd66c5bf96d
1358898732.383460000     92 2cece4ee9d5bc2bfc139efa7fcd513a7b7665f4d
1358898732.383493000    184 22fb0b2697b2d617650b0c62ef353ab503894e9a
1358898732.383698000    184 b897a6264af3f9180368724394adf5b42e12481b
1358898732.383748000     92 4e9a56aa04e45d0818320f24a358bd05dd31d57c
1358898732.383962000    184 5553b291067368547a839f6987d6d39129ac7db5
1358898732.383993000     92 652e941b9333cc8f9f40104f3bf38d8068f69ab7
1358898732.384002000     92 48413d72d1e9bd0a47054308abf72b122da236bf
1358898732.384306000    184 e6e6bd8fec90d4ccffbfed7f5d06ecb411746f35
1358898732.384314000    184 699b49b25879ea171d2f6510501d700efa6227ad
1358898732.384388000     92 17795d299ae3379d34623dfb2c78e26a6a82ed0c
1358898732.384491000     92 a6492d6bd0c64b5218e00fcc4f406ad8cd2b9f0b
1358898732.384780000     92 b407c406dac6d71e46e25ad559ee6212cf4b824a
1358898732.386008000    184 45ffa8255c7484c12f29cdf51ac62b0f577092a8
1358898732.386018000    184 53af73ee4b573c7be97bd931c70f35b149ac7e55
1358898732.386024000    184 0f7ddd7dbe590d9cb99d275ea0b7e928add618e8
1358898732.390045000     92 bfb18ddb4a6151141400fa20ffe595593071d611
1358898732.390130000     92 33756c7a1eff647e5eb6615e795a9021dc24d694
1358898732.390215000     92 d7d187dde22abc7fa591c4ea675534cc9ade1b4d
1358898732.390493000     92 81202910fc99bd37f4579458fcdbb68c9b34398d
1358898732.390526000    184 af005f99838c7f291b06c0c52a8658c1608d37df
1358898732.390536000    184 2535c6347e69868dbf9ec91d77572adf3b6f7e29
1358898732.390829000    184 0915085c66a8e44dd056da8885ca0bd1461aa97f
1358898732.390837000    184 7afe5bbeaa3e29edb83f40091122ed35479dd410
1358898732.390918000     92 a48dc54ccfc602c4708c9bb03cdd3b752125ab37
1358898732.390927000     92 f4239e2174c55184f74d1ccd930ebeb269c7f272
1358898732.391080000    184 6dfd0752d99c089dbe5567d97b24d8bfdc4f2dc7
1358898732.391159000    126 91b9fc0b4e7fd257d18157969f92880ad1feec9d
1358898732.394497000     92 d532313e6e844cb504f9e610f7a0b853f02ebc39
1358898732.394751000     92 59d34c733789579a8fa3a7ade8c896beb1988dc4
1358898732.394834000     92 350c871ec0a3c26904be68b021a2f5ee7d3869bf
1358898732.492562000    196 40798c8be4dce8dbd1feab0e54972fdd92a618be
1358898732.492712000    184 2ac94734d88f6f54be0460d855aecb596fed16fd
1358898732.492741000    184 eebfe9e675a5d7cb94804db19ed1abffe4100fce
1358898732.492922000     92 141082bf86fa5ffc4b1c4d0f9d54519a82d2e1a3
1358898732.492966000    184 58ced5c5ba5f7a53ac9f52208bbd78f003760a41
1358898732.493149000     92 f7d08903170d44376b3f7bf719355c6c2a622e79
1358898732.493176000     92 45da1d63bdfdefc24e9c0398be6e0414ec5dc425
1358898732.493336000    184 7a9310dfe8243387de24dae459b140d2d9a54c63
1358898732.493414000    184 42ee7b07a8fa7a6229f21f14990c056e6743cdda
1358898732.493538000     92 e6d602546ce1f3491651ed4cb36c14a31813bda1
1358898732.493546000     92 b645f89d12ed36cfa5f4cc8ab8206a914ad12c9d
1358898732.493556000    184 2e6f1a2053d32da3a34865e1949b3f47325d3ae0
1358898732.493823000    184 f63326df2f09d6c284e3ceb5c307e03fdcd6072a
1358898732.493831000    184 154639d5a3396ad793e6981ec26f710f92890989
1358898732.493857000     92 fb2d739634834c78ee4dce97819f397a22d319c2
1358898732.493865000     92 95f567b21b91a607993a49475aa679c182193d3a
1358898732.494006000     92 0e4c92bc9f3661ca1becde7f460645c36f7593ad
1358898732.494377000    184 c8a749b4e6b9c93c473d4f8add6004c4839ef771
1358898732.494386000    184 2941e83d8b9a73a0d14f94f9beef9723e942105b
1358898732.494392000    184 702ad8b3490b6576038337c48403fe4670557206
1358898732.494507000     92 a39ec6a711d0e744890fe64b0fbad1fa1c1a10d1
1358898732.494737000     92 63c3c89a86860008147f3df9d3f8d13f48f10a4f
1358898732.494745000     92 e5e04abc17f446de133e78296320e5953559b7ac
1358898732.494951000    184 31b14591d84b1d5f88399d1a25287df529ddace7
1358898732.494959000    184 9a1ed0a7c7e0d411861b91d7e498c8c9bb79a967
1358898732.494975000    184 432bff64d993a0ad92635aca67d7e4c9fbec525e
1358898732.495054000     92 96f1a15d034756e545257209a3b6e1f995218b2f
1358898732.495276000     92 e289a30afde5300777f3550fe3edd300c852a3b9
1358898732.495284000     92 924904ae8fb05e14bc2eca27a855b27c47bc698b
1358898732.495310000     92 1df39e934f559f9eb70d342ffbd37c84ab8506ce
1358898732.495326000    184 5df521121afde685fdf38a9d8554bd5c9d859fe4
1358898732.495506000     92 94791358075379088a554f9df855320d247b41c6
1358898732.495510000    184 e746f15772b5a71e7ac112f69af79a4070a83aee
1358898732.495748000    184 46934ca7d61d8da1768dafe2c7b3e4b644837cb9
1358898732.495755000    184 540b3a3e80877778735c0723dfa064f6b177ffbe
1358898732.495838000    184 6820204b561c5ad2abbaa0f8615eae6f81dfad29
1358898732.495876000     92 ca1b9de766e1d7b02adfdc1f8a218ea21e6ae3ff
1358898732.496120000     92 34e1908664ad657b5934a14b403f7f6da61fea49
1358898732.496196000     92 d92e76e43f42ba37b18733adc5e82907e21d4ecd
1358898732.496334000     92 caa8b56bb529ebf2ac777519b52294520e1a266b
1358898732.496363000    184 859bede7b4b9b7390e35716a93b80cea2fd307a2
1358898732.496372000    184 4ffec2baa6ebf4fe57011512ef65477d2ca9cf00
1358898732.496508000    184 b6ac9c881ef5ffbd12d2de7e7ef1e94b7c07d9c9
1358898732.496582000    184 e640f692265f0a11b7cffbee669aa17bd202af37
1358898732.496659000     92 9cfb091e5c6bbad4d2ac749f905f6ca23d8d4bdc
1358898732.496881000     92 3cfe929f7915408040072995abd6c1eb417957c8
1358898732.496905000     92 c01f49312062872a1f1090c31d126e6755a3c2e0
1358898732.497008000    184 6765833193cb006a5383cc541b7d9719bd6f91e2
1358898732.497087000    184 d8918da34a2914bbacdf151092aff233643ac47c
1358898732.497512000    184 959659141023598be33cbcb5bf20cc16589165bb
1358898732.498487000     92 3fa14846dc51707d13e6445a57764d2ace82987d
1358898732.498573000     92 5020f7fdfa60a057aa9be4caa6b1b0e21495346f
1358898732.499506000    184 d830d7d4e9d4e774cf0a07f543319e84eef24869
1358898732.499514000    184 1daf6622a4b0c0fb55c7290584070aec79b82403
1358898732.527613000     92 6502bf143f5cf113b34d038e05311b55141eadcc
1358898732.527708000     92 55056bf8bd7847acaaf69ee851c7b26d6ea441ec
1358898732.527790000     92 2c10302ead371716d4264fc3381ec9f798fc622a
1358898732.528264000    107 7d78a1f4a538f2feffaaa93b601152822822aa8d
1358898732.529668000     92 51a55d897f56bb4bd23ba4c7bd9441191163ea8d
1358898732.531162000    196 edfdafa35bd05a1ae35acb0af4951cf967e360ab
1358898732.531248000    184 d1dab8eba0026f4ae4c98240a76bebc7dc742575
1358898732.531398000    184 6bf074865bb47692a86219ab55bb2dedcc19e2dd
1358898732.531415000    184 37075dd1c0274b4e3354c0c72df4b9bd5bd146d9
1358898732.531517000     92 c3c53ee008e731779e6f7acfd83b99f1052fcbd8
1358898732.531526000     92 caaf8fce22229a80d688942c4fe565c286cf9914
1358898732.531782000    184 6b8a1ca27c5c8f53725346a8c66f0b7fb7beea3c
1358898732.531791000    184 fd616d7d9a2cc0751b94954cfafa91a3aa7a3ace
1358898732.531825000     92 eb7eef350ea6c46a1adac4bb9a28e95a6fcaa55a
1358898732.531833000     92 e0707d7e57bf3518ee3551ba156588c64e0309ed
1358898732.532011000    184 9a240cd02a129d362376ab61b778e2ea9a45fe1a
1358898732.532085000    184 3ae888a3fdd4244ca9e0b17d930d9b13e813e9ab
1358898732.532129000     92 6cfba3117af8790d917f50133b9a7f9859e430fc
1358898732.532351000     92 c837054c7568b1b17c5fc5eff380b8869b40bbd5
1358898732.532359000     92 31507bab9c82e09ae9199c70d4e57d24265415b8
1358898732.532442000     92 95344fc37a138d5ba0725e15ab92cbe5916b007f
1358898732.532488000    184 5573033f4e42b2f399810e01b4bd64a8817325ad
1358898732.532724000    184 d42cda1c2a5e8d217249b965e66d6ac9e4f72a3d
1358898732.532732000    184 28606d65d9ff521a969ba25a0b9502f7f6a3822b
1358898732.532814000    184 13f6a8aa1d2445335daeb4bad7bf3715ea59c2ba
1358898732.532839000     92 feee3caab616b77beb78f9fe74162d13ee3042c1
1358898732.533011000    184 ff5f9d143f22cb76a5754ea388d5564fb7a7f0aa
1358898732.533058000     92 d65b77755d251cdc36e4213f9e787a2838816868
1358898732.533275000     92 f211b3f9c75851d51ea3718c7638ce476bbd45a8
1358898732.533283000     92 a2494eef2344de4ac6c8c9d13a5a0fc92cca4973
1358898732.533364000     92 d34373be35dccda7fbb6147ebd2e8471be6b4976
1358898732.533420000    184 eb21174fc84105ccd1e32b7bd73f33b57c0d94b9
1358898732.534411000    118 f71516e784eefec4366590e3a994957b188ef9d2
1358898732.535383000     92 d4f89f9f9e8ef2b00b5ff4f69c92aa9c186b8fcb
1358898732.535710000    196 ab03f451980521dfc900df4c4a41c0feacf2e89e
1358898732.535794000    184 9a5ae6801ca73befff8eb374f4f1da3a40e93bc6
1358898732.535956000    184 9afdb59f79fb36ad6b8c8020ac23ea4869d1da0c
1358898732.535965000    114 dd5107daae375a71a1950d1773cd72b4c454a62a
1358898732.536000000     92 29ced572b3c856afbd06e6ab8ab224932b4a0dbc
1358898732.536158000     92 2fbb823fa68c850e50dd9657b20a531f4b22c512
1358898732.536234000     92 938daae276b0de80a9c65d96437fdd3eb7a92199
1358898732.536992000    196 980c9b870897c01fcd619fec3685feea77b84259
1358898732.537078000    184 a9512576f16607ff4e88fbe74dcad85caaeab54a
1358898732.537202000     92 be366280b58c9b412849d1fd4e1209f225c00774
1358898732.537226000    166 1a86de64153f1f4c027d2f459ca12b82a17b4f56
1358898732.537360000     92 a2c4b69a4144a2aae6199fc95f08e8ed3faf4b8e
1358898732.538254000     92 42e384461908d3a0fc6a48aed23d2f14126e13e1
1358898734.948681000    174 4423ef0d30b988b022f1fe163498f71a2647fa16
1358898734.950597000     92 a59308bf4b4eae9f6da00fa698b89a749d58f3b9
1358898734.951221000    184 10cee43c7aef721d34441b9e23eb8ca0aa5636f1
1358898734.951304000    138 bc1f181ba857a4507fe60523bd7bb7206f4e5e72
1358898734.951911000     92 e3dc21481d260d7c2bf358ce282d905d753b28be
1358898734.990739000     92 138bfe2b963a6f5a2591b49a67f312a65d7b33a0
1358898739.776599000     84 6b5deb0210fccff9edfdd97fa29734f1af798641
1358898739.777940000     96 4707d4bba007772ec707b3c708dac29246b01354
1358898739.781287000     92 8457eb19b3324ef06f599cd3b62af6e0f5da01c1
1358898739.782710000    184 138065b512f0e714cb7376f4493c7d684d98fb43
1358898739.782726000    184 ad9974943ceffc27e86b22ce6455098f2bb0fe64
1358898739.782732000    110 f464e0df4c30bef0fe0c4d472f11cc334562cb97
1358898739.782877000     92 0b508259db26c52a5ecedd276e565785324d18a4
1358898739.783035000     92 f4c4cf6feac36f4e18ca7747c7385de5dc601fee
1358898739.830973000    196 b23b01e31b86583f0297a3b7a035157276269f65
1358898739.830998000    184 b23c08c3d1cc272da553051baba3469a37df3684
1358898739.831004000    184 f3653b2bf693530cb938a5c3dafa49e5db50b282
1358898739.831010000    184 27213f5860e42b73ba277371d1c894e7a748d065
1358898739.831583000     92 c22a5bdd48adbba8ea6d2f0a2a9c20e70b33cecb
1358898739.831853000     92 2da91db5d470c54d279a4df005f37cd6b315b529
1358898739.831862000     92 ec5d62496b73d4593d0119ee1f5cd1ea73f8073e
1358898739.831868000     92 588ba9e60a6de64a3881e101722da92ae1b5fba8
1358898739.831957000    184 c852da8a674dec36735e90f07a171d332ad063d5
1358898739.832118000    184 7da3fe6abde836f782c1cb4271781ef685d6cd84
1358898739.832346000    184 e03d332172e0cd4769ed7e8f134b96fa56b0194f
1358898739.832446000    184 7eb771897ed6d79cfd3829935169d5ebb206729c
1358898739.832464000     92 a2ea4ac61c6f7bbf6d6c2fc6340d48ce65c77bc3
1358898739.832708000     92 a158e2bbefdfda36a19f5b059f07db31167bd50e
1358898739.832753000    184 6116cf8278bc54bb46348a0af7f39f9afedde8b3
1358898739.832769000     92 f2035112c36391ab25467e6bf277ae15ddac2d5f
1358898739.833059000     92 8fc0ad74f181b9a824ed19ba7f6b536c0be4865e
1358898739.833068000     92 23f22993cc3988c609281d60d72c7fd3d78efb9d
1358898739.833357000    184 8955ffa4381c8c71d6ab71ab2455d2adf38deb67
1358898739.833366000    184 6aee75393d8587c28d91e6476a163f9233bfbbdd
1358898739.833372000    184 4b3aaf855d898ba9a96c5d536f6151b66fa8546f
1358898739.833378000    184 559783db1d1bcba4a7f3fa09cba4964e2414c978
1358898739.833573000     92 2b4d44a8339b16c4732175be08401b1b9781241d
1358898739.833803000    184 515e3af079fe4be32de4632c859ff4f4d1f082f7
1358898739.833871000     92 65f3c4bbffe75ed6445a4dbac377fe9edf636285
1358898739.833880000     92 f3c5efa7d5dbb9a8c564ed3be40fe31693dba601
1358898739.833886000     92 ea437839066f8b570c61a14db486acb17dd70166
1358898739.834439000     92 ffa907f019b5c5f40892a49aaa30ad205cd606d5
1358898739.834456000    184 8e54f8366371e7b86b93aa8a7290b2fa9d85beec
1358898739.834463000    184 e35b1ca06458bac1435a78fad0ca18f228e84385
1358898739.834468000    184 ee9bae12190954958b6d1d3d60a9c93e6c089f02
1358898739.834968000     92 3d5a7fb73cfb3b3b5a03c81fa19f21c1f334cfaa
1358898739.834986000    184 d50234cca84d5c5072c106ad4eb450bc5311556c
1358898739.835073000     92 8a7fc4e59bd8a26da5584125da519109e775cda9
1358898739.835206000     92 626e532854795e46e7d64f54f71cbcd31031357a
1358898739.835222000    184 3c75e1d1f0c7e20c29c9e9ee3a50bce18958315a
1358898739.835503000     92 03a7b6b6b2cdbe9f71b8b82dfaf11d8177de5bc4
1358898739.835512000     92 29c41d66c03e49cc3a510ad47f6e5d5450baafe1
1358898739.836442000    184 39972fd07a19b8a857696f19456f64fd11a0aea2
1358898739.836452000    184 ea3fdac22246f002675d39e9bf434f7b58ea072f
1358898739.836458000    184 6067658e5a0d931e314d1096d76c85c469808d7f
1358898739.836465000    184 1a5f732a59780244b007604d0757675177f72347
1358898739.836652000     92 0a4593663d5e4daec60b45e14ac4ad5a874f2755
1358898739.836737000     92 e997286de84bfcf15baedc3f5a72eddcc8e2f0b0
1358898739.836941000     92 b22e0d54aa96fe23de760b1b5f67b467887cf429
1358898739.836957000    184 48ab0f3972c34b634ca7d30ba8de290ab0ca24e4
1358898739.837132000    184 c8f1fabddfdc983f74e1fb747459898b4d429a6a
1358898739.837148000     92 3e7b56f5d93ae5b4a525ff0e8b3e3aa0e2c0ceb1
1358898739.837290000    184 7dfe855a8a9b379dbe5d7bedde4734706d4e5058
1358898739.837306000     92 dcdaf39991aaba7df34e741cd16e8717735d3e7e
1358898739.837941000    184 b91fda2c393a048f2b6556be2e5cc08e152019d5
1358898739.837949000    184 21c997f71b289306c32f1c226ac68a6365175070
1358898739.841748000     92 3682a0c8914d78c8d2d0107db502c1e5a334079b
1358898739.842013000     92 5e3c79a8480b006bc947857b2e839256b49d5cd6
1358898739.842022000     92 cc24a195b175421702802a252f0680c3fd821332
1358898739.842027000     92 20ee35ad2559ec52cb427dd9de90de507a4bfff4
1358898739.842425000    184 46fea2e3cf5aace42ab17c88c1cfdea8d931cf2f
1358898739.842434000    184 a9fcaf23291d5712aed092b88c4e9dc474bcf6a1
1358898739.842440000    184 58eab14b3be00117dc37093af66f1cbff6ee876e
1358898739.842446000    184 9f3239a38d259df2168e9217aa33c19352c90725
1358898739.842635000     92 2cac3016052292d16ccf8f416ab053bb93198527
1358898739.842864000    184 4b8c27aff77f493a43e1291a4eebc0e199e80d06
1358898739.842937000     92 acbba0c333aad9ea2f375a9f538997f817441fa1
1358898739.842946000     92 73546dc449144541122a657d9bbffead3e2561a7
1358898739.843371000     92 8700279a7df24cbb691172f67d4f2c4332d4d707
1358898739.843441000    126 9a60826f127b1f02c1ccc7468b58f3755dd939ed
1358898739.843571000     92 c5f71ce9c887eeb3c63f023402ba905bc79b149d
1358898739.934958000    196 3db22f5826f90c73347e85f9df4f06e5d5e43e9c
1358898739.935293000    184 db7e35d2b89325203bbaf99b81d6b758d1b689a5
1358898739.935303000    184 baa39fc2db4ae128ab38c6531420988f9879fe1f
1358898739.935311000    184 90081785d8818990739a51652a9faa26f4fdaa76
1358898739.935332000     92 857fcc9383db6183649642b3f4d81f2ea661c2f4
1358898739.935726000     92 e8f33d3b51edf33835b6ff3447398959dd140e04
1358898739.935735000     92 81963980bb0a45f78be749a763a5d7c92f888ae9
1358898739.935741000     92 0c407a788f1431014d8211c9b654be4966f98fb1
1358898739.935757000    184 39798777a6870cc6e174a16712cf63c7027334ac
1358898739.935948000    184 fe0a98d308440fe17c62786f87d4639f5bc76642
1358898739.936034000    184 64b10ccc285f29dc55e5b6a6073ecf15f8ce50a0
1358898739.936115000    184 9918317cd3efad4b4cebec281553e03fcd2e0084
1358898739.936347000     92 2bac663cfa28e67f26802f1785d2f33f43c0398b
1358898739.936427000     92 b4c992068c21e055ef40502f4037873948abd905
1358898739.936509000     92 09ed370b1fe2d15b7090b7d03419ee2cc813e8ea
1358898739.936590000     92 f919351ec45609774aac7df34b75b09f14caf4c6
1358898739.936855000    184 3f8d3ddb81350b02c10d7dd526589ab4c4727caa
1358898739.936935000    184 f6438c155b91e427a349e406ea1d9f68baeb0676
1358898739.937016000    184 0cac01e465c13ab0821895e75db7ccf35f7ddb63
1358898739.937095000    184 b5853f288175b1db7ea0721bc9dcdcb8cd2e21ce
1358898739.937314000     92 06cca206717802fb731b9efb4f7591f9ac9b05f7
1358898739.937395000     92 ac3949e6fa905fdadfa1820d07b9e8e830ccef10
1358898739.937511000     92 c4df6c6813f4ef9807b62a7b54b110b4ab1de656
1358898739.937592000     92 354627ee90f26f29b013a76777cf477a8ab44153
1358898739.937816000    184 c926729bd2c6adf3a9bdbe423fdefabfdd27fd21
1358898739.937895000    184 a490267242b1121f914236ae8b53d5f6cea1f0a9
1358898739.938022000    184 3a4414880633342b8209e272f5ce002707474f6f
1358898739.938177000    184 ff2465bd63fa0be8a7111f90bafb6c181c29f172
1358898739.938193000     92 5c6ea914ab0cf14d981c5d0304e6dfc6b6832ff7
1358898739.938414000    184 a24e45cc7eada1d786faa7fc7a9ac8a52d1fc310
1358898739.938446000     92 a382114b820fa448fb17ba91519a97d54307f73d
1358898739.938454000     92 fa4ef2d391ff5e380b476e0d8aefdaee20c368ec
1358898739.938560000     92 cae604166392d97bfbe6d697b2e2ead5bac9e2ef
1358898739.938718000     92 c245d0d5c2727321786f6aa0b2cbda95a85ac278
1358898739.938730000    184 8685490ce3f37d67c434b6cf012d84b2dffbbf70
1358898739.938952000    184 a758f6ccbbab63bcd5282abad2df84606303f1cb
1358898739.938953000     92 1fadb98f8450e13a3865013a2ac80690c59c85ad
1358898739.938960000    184 541761532865101ff2de9619553fd5bebf1b52b2
1358898739.939251000    184 340c960b961c5baac810bf6a0da0f7e1bb831800
1358898739.939259000    184 4c157a95c251458853dba0dbbedf4113eaac820d
1358898739.939276000     92 25991445e5ae3fab200af13b276ab4c78828fefc
1358898739.939283000     92 e8ca13345d5550419f5505d4126afee005d2d98f
1358898739.939569000    184 3e7cb3d4b216a6cd55fa9bbeaa7d2b76674d5eb6
1358898739.939571000     92 53a9e9e36b7dc7e25efe1daafa0c88313e385e4a
1358898739.939578000    184 4ea9f2f6fe21363f65e47e02c346fb91bba8f2fd
1358898739.939580000     92 2b252db6cfe8d4871479db95d4d6673994c71dc8
1358898739.939888000     92 5ddf4cdcfd5570b9be2461c1ba134cbec43bed90
1358898739.939904000    184 7aaddfcbdfb8030964aef2c992a7c00f551fba1e
1358898739.939911000    184 b4c7d8db30af65e9167cc78ec716bdab34bb0e8b
1358898739.940410000    184 4f7d21dff691fb5e3556443b03e9b8079a245daa
1358898739.941087000     92 d7ddb97549be75ba3b3e641c805a3372887a283b
1358898739.941170000     92 061e358fa98a38a27c25dc2c4dde7da942c76a82
1358898739.941739000    184 7495f041b6f96c00bf3821ba49e4b73eb5f6e7ba
1358898739.941747000    184 2c6fe9f1e08fe569f008652a13d64572f2ae7b8d
1358898739.970068000     92 71adad4a88622f07885b1f15d068236bbb82c995
1358898739.970181000     92 d765295c8ec7eb99c3a8fc7505b2bde6675da35a
1358898739.970293000     92 c4685f4aebc15b81bd194b77af817acc776fc726
1358898739.971467000     92 48cce0f45803b6a736ab44ca1a50f870346d5291
1358898739.971568000    105 daeb33464284a3c9d06635891712dbe2754db97b
1358898739.972807000    196 18bd5b6498c87119af2435b621f4cefca4f55303
1358898739.972962000    184 73c2a7583e83fe1405698a3325ab09866558aea8
1358898739.972971000    184 f0700a0e309b6235c1beeb9bbf725b5103691216
1358898739.972987000     92 ccdcbc50309cddaa4ec60be016340281116a9b33
1358898739.973232000    184 0a83bf5d5bc303f8832d690c5015cdcc083575a1
1358898739.973240000    184 a856a37f16f752e0a0da55b5b86de5a152da724e
1358898739.973256000     92 0482492bdbb43df97ad7ee92b5f8588b2254470c
1358898739.973263000     92 73f5122b1847a9b7c1b9a7241630a5e5f782b826
1358898739.973456000    184 83fb969a1013b9788e19ec0eb1017024fb75755e
1358898739.973472000     92 0b7f59eb638eee28ba75e04843a65870bcdf25aa
1358898739.973633000     92 5f3992d9a9a0c07da1a5ee0b188e7391574b6bb5
1358898739.973650000    184 5c2162ccfe60baff4065f104be51dee056a7c098
1358898739.973773000     92 fffb51418620df8fb63bed6a48895628c8dff70b
1358898739.973788000    184 101de8f2f3e08775f0d414ae628b730b42b4ec0a
1358898739.973906000    184 fffad84d59c5c1b3eee2b66187fa6d4b5adfc52a
1358898739.973923000     92 414de441d9ba3cc8705bb8853307dc175a920509
1358898739.974063000    184 a7983487acc6a7dd6ba821fa1e93a4faf53d5202
1358898739.974078000     92 b55371af79f9996cefa27e0a937520f6f2d9ce58
1358898739.974400000     92 4e4ae6d85f0192593d9364834f7aabe3d8f56109
1358898739.974409000     92 0d998f7450d2e115da504a1fe5e1827dd145013d
1358898739.974552000    184 3f48207ff74863d17d18d27a2956a73fc0fefed3
1358898739.974840000    184 68770eff16b0fc80fc17da73d70b5ec8d7e8ae93
1358898739.974848000    184 be62fad9d6b3a84b7f4df2a0dd5df626f160283a
1358898739.974854000    184 e8e044e344bd3648811d76491f292ecdcb5b93b7
1358898739.974870000     92 f117f5447aed7f46bec0fcb2174caff0b10ab966
1358898739.975005000     92 1b0bca5ee8d440e80695646c9ac5566386429b4e
1358898739.975089000     92 16390616a684bf58fa38489e9cfdf53372f6f71f
1358898739.975457000    118 ac8f8a404493164ec6151088b5ff7cd3f1c9c097
1358898739.976066000     92 8e03e98117db1549447b9a175d33bd2644c96981
1358898739.976414000    196 263d1b4813a74d50441f05e3c55c2535ceaeceed
1358898739.976535000    184 181c341b1b57bdce1e7564cf44ce4cdb44dd3a7e
1358898739.976704000    184 e130eadb60f7157397b0649ea8cd2e28a2fd3889
1358898739.976712000    114 367e25929e0b85dc8023bee1134846fdb9cacd8c
1358898739.976729000     92 92def114324389642dd5f936f1584bf9a9fa4daf
1358898739.976873000     92 daf26c01fd95dafc33f6afde5340adadcce35425
1358898739.976948000     92 86e484c55eb83057c2dd597363fe61be2e11ebe0
1358898739.977657000    196 0cc4bd85b0e6d50d13b2ddc20b52f48d6c4160d3
1358898739.977738000    184 37e119d7047b902b9c33d44842b30afd2bc161db
1358898739.977879000     92 e3e68e151d5ce9d5ccf998a7f121388a20a0c81f
1358898739.977912000    166 f22421d10fb76b4ef86bfdeb9f471147a2455c85
1358898739.978084000     92 9c0e101cabcf6fb9bd1a16a18f7cfbfb0c53fe50
1358898739.978925000     92 e961c378ef6640d893985b5dbe731e6436fbde27
1358898742.425801000    174 f868fe7280cec20f6fe12d5c7a5047cd828eb0f3
1358898742.427807000     92 60c08a2da27b5db26d5b32ee127e27f3d3595e44
1358898742.428039000    184 950bc8fb938cde4af9bfac260487e45ad8c231a0
1358898742.428295000    138 f76b1d1b6db275bc4a66ce79222c40cd95cb961b
1358898742.429103000     92 2cd46629cfaed4c2e13db43c5ffca1e640c14a6f
1358898742.477952000     92 8e6d25486a32dd7b04f8beaf83dda095b508c160
1358898744.322239000     95 5b19271d93ce9be3e92ef5b1ae0341e8562c3b6d
1358898745.471108000     95 e052cdb7180594bb15af1df20197853fb5693541
1358898745.935521000    167 b2580db76fb1314b3efee88b8359cec22856fc98
1358898745.936073000    167 4907055494b8e882df34316d1dab3b95891207fb
1358898746.937654000    167 00d5f60a7d42faeb50d89d7c49aa5f64d98951ef
1358898746.938044000    167 3dbb333c4867f52559740b8a06f74205fbb1aac2
1358898747.938840000    167 71d17db2a5ea058f7e2b8c8b20e961917f2a5eeb
1358898747.939291000    167 162a6462b8966b33516267352fbffbdbcfec44e2
1358898748.942510000    167 73eb57964f17fe617253cb5b0585982e5139b66f
1358898748.943112000    167 666e9d836d9c7444a6fdb014031178b9bff57484
1358898751.390325000    167 2f37f312e85bf64e4adaf3bf23349571f6684bd4
1358898751.390725000    167 27a2af35755eef20ea56ee266dec09f7cf386735
1358898751.391330000    167 8aa7aa354173276c5df12d97d0c229adc4811af5
1358898751.391543000    167 032a5fed851f55a078ecb9792fd32f7b004f9e13
1358898752.392381000    167 57c88a6da948191ec938e4692cec2384439eedf8
1358898752.392720000    167 70c5e2c0323a2aeb408a84f7b4985f6e1020e49b
1358898752.393046000    167 a187ac83fe765b9fa9e0e2e9365760e29140481c
1358898752.393268000    167 63e0e2b852684083c46f622659cfdd2dfa75c45a
1358898753.395004000    167 161b044ea5b687e2727c8ad55a8bf248ede01d85
1358898753.395528000    167 f60c60135ff9042ced57c51cc1c4df0fc1ece99d
1358898753.396062000    167 ca63813e7e118ddf7411a0086c4b9b98622dd5ff
1358898753.396355000    167 4d133a5914ecfb0d00465ca528e0dc30b686a472
1358898754.397084000    167 ae16e34c6d9f2b9d24e10c2ac4ed94ecee802fd3
1358898754.398050000    167 ca0f0e66f13adbbb81be666cc49d0579654cf10d
1358898754.398922000    167 1776c9647c2f69c6ac1d917cfd559759c1b68a27
1358898754.399506000    167 dab272d89a407ae1d6b26a594987f550dea87dc9
1358898761.825045000    167 68f4e03963d31feaa1de33c06f70bf18d545e2f4
1358898761.825951000    167 651c2d608acd4ee8e9019d28d47933fc70849fc8
1358898761.826770000    167 39bb29c5da57d0ca685dc600b85fa3280c65f413
1358898761.827363000    167 c848a5acd4aeb33029f3acd225b8d252fe8bb1c9
1358898762.828370000    167 92b27a83958615e7378a3e97a832cb9f788c801d
1358898762.829224000    167 2e3aea3c740e8e957fbab577ff8af08256e6b752
1358898762.830198000    167 74cd1a7f7d3df8e955b36f1c20a3f40c77d39235
1358898762.830902000    167 605c615200c2170a10009097207c268b8bc78291
1358898763.835237000    167 dc974729eacdce96aac18c06e94e6a3e8fb81654
1358898763.836062000    167 a1dff37b2e11d1aab6e9af52f1e17c3a1f3b511e
1358898763.836797000    167 48456c80af3683bf7c979b6bbea5568f9f00d6c7
1358898763.837500000    167 8ec07895ece285944a5b28ed4de29c1e2c9bacb6
1358898764.835741000    167 33826b07ccf463fce4c5e3146e6faa2aedfe0924
1358898764.836629000    167 cc07364ee9bbb6832955ae4778243be4e849cad1
1358898764.837616000    167 762af6ae454e8ae0a972c1e6cf46b97656022ff7
1358898764.838153000    167 3748998b2485d87b34aeef9a7d08dc15c47c43ae
1358898766.401756000    167 5bb556c56f5b261de466e717825e88bc9f777b2f
1358898766.402245000    167 c84981177c06695e9370f5bf04834a30eb35a575
1358898767.404842000    167 08b3524b7822799bfd00107a4e5c1e080309744d
1358898767.405743000    167 8e167ae10ba497cdf09a3d5627ebb5f01d8bbc24
1358898768.415489000    167 9990fba748e6bfa6b16745730910a7cc6ebc88eb
1358898768.415957000    167 341796070ff0122b16af233dec6641a645e8a067
1358898769.415443000    167 d454c2ab7322177364365c23467f4eaa1fca9b3d
1358898769.416443000    167 83d6d0b7f3bd6763bd133442bb87fa12121f8d02
1358898774.714825000     95 ca244f6178e2fe0f915326d8b5c293dde49cd44a
1358898774.715866000     95 83e067c65c385dcbcf07b8619b270f84c0642d7c
1358898775.610023000    167 52831d12e7a4786ef1743cd585728425089ad6b1
1358898775.610509000    167 08ce9bfe9ffec7638710fb23d360925e5845d485
1358898776.612650000    167 d9b17bd7e4d26b778df790c6f9a235b65a09b3a0
1358898776.613970000    167 14d9c29108a6652c1f783cf072f5aca223783850
1358898777.616344000    167 4918bf73463e44b304900ac0cad663ccafdc760c
1358898777.617293000    167 65acee035e2e2d11a3140a2971056a8eebeb395d
1358898778.621114000    167 0d36df26005765cb2337c26248a1618f09375192
1358898778.622163000    167 fb38e128816d5303f1c955fbb3cbad6c8051a170
1358898779.730196000     95 c4dc4f478dc5fccf7ec79f8fc8e83900d1e1a93d
1358898779.731232000     95 fc9fd737883a47fa98f5c0ae1b1844edaf67f615
1358898780.587953000    167 c15612e520bcb7e4b3f930232512d284ae8758fb
1358898780.588338000    167 45ebb7bb94358cb216d191efb5d4eb81e525d13d
1358898781.589727000    167 ef3082cf9689130b8f2184cb7610e40cda81333d
1358898781.590667000    167 7cbd92f73c3ac9dec7465bdc1d64b3dadcda1cba
1358898782.590048000    167 76114756259693c7380f410799ccda05c7bdf403
1358898782.590919000    167 eec2fddfadcee520164e11fc216541243f3e536b
1358898783.598006000    167 3eb5000b23f8a0d93c86f2f3864e31db2f6b8064
1358898783.599031000    167 149219a09a1b0825874469eac28bcfe5f18a349b
1358898788.998235000     95 058056d61090b1294f98adcc9632b493f3d79ba7
1358898788.999198000     95 204f7e0722af9c9f560a66ebe136876903507f15
1358898793.467073000     95 cc76b47681939717afea5483f880f804a3f39867
1358898793.467449000     95 8eb22e8d2a142d55dce803ce0484c3e05b023630
1358898799.638445000     95 b1f2e931b380dde6db98fcee0d27d8f56ad4d038
1358898799.639028000    123 defac8da963aa2173d15cfb3433c21e21600f17a
