1358897404.924607000     74 c99e1e864c103fc877417c2215f032e51b641ab3
1358897404.925578000     74 bd3ca1a1f80834982ff32a9110659122bef11765
1358897404.925740000     66 625a80983b81fc583fcbe4ebfbf07103cd75df35
1358897405.934226000    110 03580c79c43fb6ce4af2dca22bf9ddd41cc882ac
1358897405.938113000     66 3a1477ade7f1f9ddbd5c993448fcba73b17a8489
1358897405.940440000    122 e950e205b4f0710a213ad7cca31dbe6113a0d7fb
1358897405.940957000     66 2ebb5ec632c17a628e2cef33b5afcd85403b2586
1358897405.942251000    118 b577d3d480e0a592d11063d59b286ebd17864238
1358897405.980300000     66 3bbd63302dc8a08136df217fab4c21c82bdb50fe
1358897405.980495000    424 13c9cb908efed609ada3968cf302ffedce94e1c6
1358897405.980655000     66 7ffb56fddeb83b6062bf36ce50f79317509a70c2
1358897405.980976000    118 0095f28d4c045e73be26cd708cf5b8d77f9bf1a0
1358897406.017346000     66 51969f470950679eff743287a2b25c128ba3b15c
1358897406.017521000    118 cf1aa174dbea1488fc876e4ced3eac6c9f63dd59
1358897406.017622000     66 d621f3dbc977f0ed741bc3ca4635f0db8779039e
1358897406.031869000    222 9fb02469d4728935d39e37b84c7796977c95a417
1358897406.032031000     66 1ed235c7af2cb85001d79fbeb8282ee41fc48db5
1358897406.032185000    498 a42610fe974fc7e6b6786061df5abce4ba4a12da
1358897406.032290000     66 61d464dbaacdc1265e1c88067f1cce9df6d08817
1358897406.032686000    118 a9ce10ab04776d9365caef2e908b7b609bee97b3
1358897406.032853000    210 cf5cc2cb45339a1a259b58794314f3643f2e77f0
1358897406.033000000    174 2b3a94117e894941f37382105c757d07791f0bda
1358897406.033152000    210 aa68a77c400e27c438c976926633c4098010adf6
1358897406.033440000    118 523a3fc96cf687591f2b658ce0d6ed34c2b4f434
1358897406.033536000    354 e86fa3908a33d5fb0b7ab503ef8f9d59b2bb6013
1358897406.033825000    118 bf29bbe54bfad00a2dc004b331a6248e46ea9ad5
1358897406.033930000    210 a65c17c9d6284e9078f33ae35060753b9e9ece46
1358897406.034263000    170 dc335f45c696c26873488ea260c68f1467127b00
1358897406.034358000    210 930c246a4c8728076d342deec2799812156cb893
1358897406.034660000    118 721a9e173d256f59c2e2cd5f78b0e90060c89492
1358897406.034749000    354 fc1b4d52559fac04575d17307d43d5831532a6a2
1358897406.035063000    118 a6a7e8473a6327d248bbe45d6050f79f734f58d0
1358897406.035150000    210 7b38bcacad2fad8a9b1821c447654190f00f9cdc
1358897406.035583000    170 d4d4c1c3b3ecf4cdef9d473d0d9687be9f26bfd2
1358897406.035670000    210 9f2fc0cdc0f1f88738c8ec0d4e2b631aec988606
1358897406.036005000    118 ec30f576d0a08f75176549c87fc44d1dd5ba5ae3
1358897406.036091000    354 f890ba2d9e1ab0de88e0eaf6bb38555620489b9f
1358897406.036409000    118 9c03eb64aeab55410fd45e9732cc7bc3b20d073a
1358897406.036495000    210 d71a038a2064061f4351a5360db224087f636b2c
1358897406.036835000    170 c68e9364e94d6ff132116be553b4d29cd4560256
1358897406.036922000    210 0b10d27f5132bbe4f49619e08c7938e448e5da3b
1358897406.037255000    118 dba2fee84c061735793929b33bd8cddf074ea14c
1358897406.037644000    354 c203666cff9eee19992d48c278a2d0a20cf81302
1358897406.037922000    118 695bb85ccdc7897b0121354d868e48d22dfc87cb
1358897406.038013000    210 3153c77261e017e83353d57bb24af36ef97d65d4
1358897406.038430000    170 2fdfa100b8e73650d3c88e9d2e36a36d6fa647e7
1358897406.038520000    210 0d8862658c448cda82bfd4ccb9e70064b81d3eac
1358897406.038852000    118 0f4ed1b24ef60101df088a85c9d0564bd833f875
1358897406.038940000    354 5544c6c5c36298eebc8141ff606588151924de85
1358897406.039255000    118 8988d89b6789e5435a481b434d3f82da15e9cb25
1358897406.039341000    210 4ba582cf47cfc6a1cedf3faa0f3befac4fd47935
1358897406.039677000    170 e9103b1e192538f2e4ffa1dae862b5cafc0cdacb
1358897406.039765000    210 9682b512f88e4b6b4e5c2b1bd489e3538ee64f07
1358897406.043028000    118 4541829ab065aee98ca2a09fa00020b2468d7ba6
1358897406.043135000    354 c3e1aa91c3d44679382ed2687afcf337a1729f74
1358897406.043409000    118 5f8d4a5af7a8f3613cbc785829f454bdd521badb
1358897406.043496000    210 838fbe69c242050e0eb3e37e8fed008eedd2d1fc
1358897406.043847000    170 9a2decd0d3f8e7a99da9fdcfd1fbb6a33378f91a
1358897406.043933000    210 a6ab2d1b25eb4bcdd090dbf62504457c4d10ed2c
1358897406.044251000    118 499935f1227d97295def72427978de2df7b03aae
1358897406.044337000    354 0e260b2045ca47a6e4978aa4d2da4c35ccfb7729
1358897406.044652000    118 a4e4bb8e1b932d7acaa6ffa7d144e75ddaa2b929
1358897406.044754000    210 9e2d502229fab720d8383c2017fcc287e59064e6
1358897406.045550000    118 21a11c4cde6a149d2aecd80b96e8aa38625ac8ce
1358897406.045773000    152 35361b93d7f93266012a28b1c7881d0bd9273d0e
1358897406.045995000    170 536978f0cab263b30d3aa617be76c292c7f40b6e
1358897406.085206000     66 26eb2925ee22455e595e93606705a11664ddd9c5
1358897406.118594000    222 af55264d1ffb27eefcba6a97e910871213616ba9
1358897406.118864000     66 70f2b6406cd128beb6e172ab5920ed87ee725d1b
1358897406.119023000    118 dbe4d17f3c1d2689773b2e551a596c561c699de9
1358897406.119107000    498 6c522e7a028cc736d360e4be75f08746af00c797
1358897406.157764000     66 3bb13ae20f2ecf17d49c82be95a9f1e5c8f58c02
1358897406.157895000     66 b5f0cae1af73f0ba451e8efb6b52f62a7c48d059
1358897406.158340000    222 07cb3ff5726759e8c05ccebc5498a83553a52a00
1358897406.158429000    210 fea9408ba7e3459a3258ca1573e6da337267ffb1
1358897406.158805000     66 88e59be17fc2b604553955a888f303e288764f29
1358897406.159344000     66 de6e8bd9826792be0dc029abe1df7004a3f1caea
1358897406.159790000    210 a750512b19d51b2ca1baaf3318289fe1015766a5
1358897406.160104000     66 f7605c84584ed91281ca2aa993e15436ff9d1a4f
1358897406.160443000    118 f97835f0a94477b3166fb7dbeca4d065df985362
1358897406.160905000    354 bc86be0421615ba8627fd68bf2c3704aba27cdca
1358897406.197431000     66 8d1e024be638067171d3d2739aee2867ef641d09
1358897406.197957000    222 a517526c80ef361db014c6a177b561d01aa1bc19
1358897406.198341000    210 82b6fafb8ee2b7bdcbc630808ce0c771422e0ad7
1358897406.199103000    118 3300b2be162ee36a1426f17307bf44a6d5d52263
1358897406.199441000    498 2d35fd13cd2998d7c736bdc2491d85b1e8bb9797
1358897406.199998000    118 94df72471a7ee8aff5e478989f209fbd239cb063
1358897406.200502000    210 e9ae3056b9c55e700477edfa4b9f80abad1a374c
1358897406.200846000    170 1d66fb7cf8e7c9d047efa1355a6fb403ffdf70ec
1358897406.202187000    210 9704e3305d7e5d1f65e8dd56049e8e9612032023
1358897406.202604000    118 4752ebb1d304fa0c97a907b9b7426807a850ae99
1358897406.202960000    354 ce1b0208107f546dc3c6289550caa826d5637e60
1358897406.203256000    118 a199fce6f1660694e48cb0bd551d7d5209d2dd50
1358897406.203691000    210 8dccc468724bde11bba8c625f8670df5a38e18a0
1358897406.204082000    170 77a0c7edfa4c4573be1a6583ae908dccd36d6f82
1358897406.204643000    210 4cd1aa711b59fbc16103b11f150f7b7599305a77
1358897406.205120000    118 2a0d4b623fe6b14399e34a2a10a7d2cc5ecd95cc
1358897406.205672000    354 28f3b943731e779f357bd467c899929c4ff1cfa2
1358897406.206243000    118 2b200176e77c64ac049af6549d15bd94313ef42b
1358897406.206741000    210 702b7c73e3593959debeda871231af4138cc7910
1358897406.207108000    170 91ce7f0181fcacc60aff1a22517fe2d507eaf67e
1358897406.207560000    210 bb34149e84ab251a3c7ab22c8b09844c1d85036e
1358897406.208043000    118 09456980011f0540f68bfb87fc0004c56eac985e
1358897406.208368000    354 bab8cd4036cd6fb70afd12964321f28678e6e08a
1358897406.208704000    118 fac64a54f259e8549dcc8ad7ff997ba45512c4d7
1358897406.209249000    210 c7e78aec3ce7df01346c904e3de598d123ea2011
1358897406.209651000    118 354427b34f160e530f44e1aaaba01ebc11861eb3
1358897406.210743000    210 4d7a5556a446a68fdb31a9b4a9a9274be2a64ade
1358897406.215092000    118 c59cf1079b8886af8daad99538ca9d4754045fb0
1358897406.215730000    210 bf82687e4f840c9e5c2b423bbc21e7e1f4714919
1358897406.215896000    118 0443ffd5ecf2cd0fb39eef407a0ed05d77b581c1
1358897406.216222000    210 aad1568d27c7c101e24fb7dbf87bab230d422597
1358897406.256325000     66 5ccc2a7a62ddc74eef12bf7a3ce4b673c61ba775
1358897406.256728000    210 99172a47683e024419ceb13eb0b22834b6709dc7
1358897406.257749000    118 1a3284b25be584050a6303d6244afd9907533866
1358897406.258234000    133 a3970b735995cbe8cfcae0c1d2c5e8826a1936b5
1358897406.258320000    170 cb73869f3fdf5346d54e007c4d78e2529e585037
1358897406.297360000     66 01c91d11f963c32d298d5832ca8883c01e436b31
1358897406.297517000    706 cc4fda28894c8b9b9b44a7ac058f8bb99bf7d7fe
1358897406.297635000     66 6c68303c5178610cae4a84fbbde640cfdd4530f0
1358897406.297858000    118 0a4c26805eb8e969decb2afe2602b9954138aeaa
1358897406.298047000    210 c3d211b8aadb6dcd8abcc8e822beb4c66030ac7f
1358897406.298149000    126 bbc55e9993109868b7bda23c3beae5c8beb0c83d
1358897406.298321000    210 abfe60c92932918784de40423d6f1f1ec05f0482
1358897406.298430000    118 35a4f4e440a67235a5d9427fb0ebc4e15fb454b4
1358897406.298556000    354 7058ded13acf41fa81f43a39b2161b72c0fa3abe
1358897406.298664000    118 1e6252399c1770f234e1a68831ed638b4aef1f5f
1358897406.298824000    210 e959e27e76410c644185e2b3b543ac05f87ef0f2
1358897406.298992000    170 d9b8bb43ad87a36d8a0ef09b5363066adecb68ff
1358897406.299220000    210 2db7d8dcb9fa69e7e564f192b139507d80168985
1358897406.299467000    118 795f67d931fad1ce539abe341dc0b62f537b23e7
1358897406.299719000    354 2301af1455cb69fca678c004f09d71df66aeee0b
1358897406.299837000    118 e739da98d763dfdb8f3c20d8ab2c140f3e57ce3f
1358897406.299981000    210 69e09e816aa4d5e32f9e0133df4894c00a7ae011
1358897406.300082000    170 2e3439e0d4c4e797a2b3b4164e8e8c5803647ff4
1358897406.300179000    210 485f700f3d76a508d397f2d4d1a2d718d55bbd88
1358897406.300295000    118 e900db6f1e6f2ade18c914d45d7e31652e4cd2d9
1358897406.301180000    144 f3099dc7dc31cf432ed161dadc251bfb7e6ff6e6
1358897406.301344000    118 f29b7b059259da99899ac60f55d5347c1965177d
1358897406.338971000     66 052ece3e5a2782d98d083543ec3f5034862f103f
1358897406.339182000    584 7b613fc75564c6ba17441c8b13590abd4f39d267
1358897406.339545000     66 65d7389811295d3f4afa3c8af8bd1416c577fa07
1358897406.339691000    118 f101c6e7fe040700cc37fd7fa7565769219bf7e5
1358897406.382948000     66 69c6e2991c8920bc8286f6858e33105b81078fcb
1358897406.383424000    596 2d06bc925c1d44d08630e511e2f62517d5835c2d
1358897406.383984000     66 845073393d76315d64922a6274c4c6d8f9d43143
1358897406.386858000    118 16a1fda0364aec6dc960152859f5a23844493ab2
1358897406.424598000     66 2069510affde8b8a26f1e7a0bcc4e521655b9918
1358897406.425168000    122 aa1b0f7738188bfc5df0f5f7cf0c728252baec6d
1358897406.425716000     66 48b8c6d8f5d357ca9a6bbade80985e3dd04998a7
1358897408.615782000    200 44117512c7a629a21284ae6e53989b5e5f23cd32
1358897408.616505000     66 3fb175f472c82a23d04508a14fdff33ed8c47291
1358897408.618746000    118 3900cdf40c8f8c98ee22cdb3f9d156c6b2e789ec
1358897408.662391000     66 4bee09d7bda166814bd8a45a0f90c9f1f1af64a9
1358897408.662873000    308 26670f6e1c61b108d21dc2143e1e985004fd0c29
1358897408.663249000     66 21e3abbe5f3c8fe5d775a0cfe03b1d387508ffa1
1358897408.716943000    118 279f96795d398d55946f4a7f04dd7b166d5e9427
1358897408.756700000     66 7c7448d1e496b5007162d8f863ab6ce1f8005fde
1358897408.756869000    118 9d03e2dc2185cb23a6313755e1689279ec8ee39c
1358897408.756974000     66 4d137ac655babceac57a86df90cf30c90dbb1073
1358897410.898858000     74 d262e27dc70999ce84a25405e406ff69135bbc55
1358897410.899445000     74 9939113f1fc9348d980e574038e9f47b28c35924
1358897410.899652000     66 e06dd561e744f976713071a3f67e1bac6521c13d
1358897411.900775000    110 1b1029722bf7735033e45b980901763708df8b5e
1358897411.901438000     66 917d4f388a87b62307c845d27b1b87216b5dc30e
1358897411.902318000    122 2fa6bf7e21b1bbe592b70aa97dcb3db5274f8129
1358897411.902616000     66 65369276b255b878a3e9b4603b5da337f82303f4
1358897411.904604000    118 c2ca438b64a1d43e4991214ea5913cafab8f9aaf
1358897411.942260000     66 2dd4ea0a6af7e56ce4ac14041985b5503e18d108
1358897411.942631000    424 e35e8e7cf2473e9c8bec50ce364b49a248e3be3e
1358897411.942800000     66 f7c9c2c83234174b39a1d7f9ddb6d77d7ce91bb4
1358897411.943154000    118 49d0e489532615b97748895db5aaa21e53604db0
1358897411.986612000     66 aa202352099e9658769a75b4c82ebbce3c0c5153
1358897411.986772000    118 2c70b03c873c95a0deebda0a51b515fd1eeaa88d
1358897411.986896000     66 962fa0641bbaeaf713593c5acbce1002a0c47e5b
1358897411.999127000    222 2b428a35322de4da84e232cbd273267fc45c00de
1358897411.999227000     66 93d3db6aa30247b3da3228343853b3a3169805a6
1358897411.999639000    498 f20158ee5d55743d058e8c5189897fa3d3596796
1358897411.999656000    118 06409d94cef2b6dffea0d398d82007e2a4d23d28
1358897412.038049000     66 b12657a99b9185741b1c4679b98f69c4f6dcc12f
1358897412.038685000    174 f3b90fbc2540280edb6bd2830533b307d8b5ae19
1358897412.039294000    210 22dd6e286e028576a5295e01d8326e6ea4d7898c
1358897412.040066000    118 a07bf15e59fa4cdf8d30b958bd44981275c823ef
1358897412.040523000    498 b1cadbb716934b6895a56669e322085abdca40c5
1358897412.041526000    118 1946265bbafaf480aa132e0c3c676338cc8da85d
1358897412.041891000    210 fde7c369981f4439bdb975f7c42bb43b66715f71
1358897412.042597000    122 52710d3d10afae0cf0772f49e13448cc57eddb64
1358897412.042902000    210 75a214485715ef260033ce3950cd170c0e24945a
1358897412.043302000    118 7d3c73d486439089d862f1c977b24729a75232e0
1358897412.043667000    354 c9668c186f33a2741300e3cae98ac6fa71caab09
1358897412.044233000    118 f6ba4f4244da39fd3e5a82e617b11fc64556483d
1358897412.044603000    210 66435096bf1bb24d82ba05b23b6fe9fd1a697aca
1358897412.044969000    170 cf4304a365281fca1066969a34771de5f98734ae
1358897412.045293000    210 fc9bf5bb096015c794d14885caf1290dcc708594
1358897412.045724000    118 3d5489187ed8a6063533dec6910f27c8da57cda5
1358897412.046219000    354 923caddf5156134939461bdcf6511d9a3d13f5ea
1358897412.046645000    118 ab8d83c00855c1e8a304cd1ac5c71e270d27c01a
1358897412.046983000    210 1c867e241c01ba7bf4f4111e5c13a43acd623262
1358897412.047482000    118 0e0d0b505b65692cb24a9873247982abdf646d7d
1358897412.047917000    210 a88279bdaaa29f24a51e6edea384e6c82e7493fc
1358897412.048404000    170 3e9df62e26b90cb5a5f8d1cfeebdeba99a96fddc
1358897412.048848000    210 c253a4f5725337204a6d20cfb6e1780acdd9eaa9
1358897412.049341000    118 669ecff8c337e6c280da8126e40b6ab6a5611a51
1358897412.049820000    354 84213fda9ae3d0491437f31323cc7f831fe38ef4
1358897412.050215000    118 073bd4b7096c6da76c36c9b5719a97d394037e15
1358897412.050593000    210 6090c01c6a73cc295fb14e4893e19a3a52d05176
1358897412.051198000    170 b18dd3e07f13c2d0c86042324159de94220987ea
1358897412.052097000    210 cf13ad05aef4248f361366d816b29fa36b58a15d
1358897412.052523000    118 d45d734526fc718fdcc911918d4a0b7f2c5284e0
1358897412.052874000    354 0177c118de83448002e32e9181d98b3eb92b5326
1358897412.053266000    118 fdcf8b745224e0cb03da18cb2a92d3d6100436f8
1358897412.054158000    210 cfea9839e2091fe065aafd2e0ea4b47c09211b10
1358897412.063538000    118 157b601b5e0c06e55bfaa348674e634eefb1446e
1358897412.064011000    210 c0ea32043b1e30029c9c750557c194002fe84708
1358897412.064483000    170 10d4ee1cd49be1429abe106430cae6e065798e10
1358897412.064868000    210 ba54a48b4e72278572a464f414e08d032a5e4d86
1358897412.065227000    118 ce2d6f666460233315ab98512b35f5ca098a3e31
1358897412.065832000    354 cf630e5ea9bea1c4c64f4023ab716e374ebd4cef
1358897412.066207000    118 b76c955cce3bf9f11347ac27fa3458dc37fe1b7a
1358897412.066766000    210 277bfd5ec336cd457f28651ac148f861df764a5c
1358897412.066928000    170 e7237261d38d1c82a7beb5da3331b0cfe66df45b
1358897412.067229000    210 52679c56aa2c6a36fc622ce263aa25e6c5b8c25e
1358897412.067432000    118 fc41434f26a38925449eefc0245a35221a524a85
1358897412.067607000    296 b177302ef8df6c290b58d2383d0f43da413d2451
1358897412.068180000    118 c066e15d155721e1b824263ff64bbd000ccce45f
1358897412.105976000     66 86516dc3762b67b842b6cf42953b515c01f0a119
1358897412.153056000    118 fdc923f431bbd8b3df8ddaf5119e8acf9cffd9d5
1358897412.153315000     66 910f16034a54dd9a2c55ecdb59b101176895abc5
1358897412.153553000    654 9a8ef4cc8a637aaf61ce6283f1d3aa18f7aab8d2
1358897412.153862000     66 f5251e1c74064683a8027dde4559c98147d1a70f
1358897412.154221000    118 49d60ed56fc36cae811855472bef0a40048b15d9
1358897412.154487000    210 6879fe0681338ebb6e8ab5b8643b3573a6ebb0ef
1358897412.154590000    222 ca9e666b52641bd80a8643badf808b097164b64d
1358897412.154789000    210 959a79e52e31774bdde0ea95af6e85255ce4e7dd
1358897412.155048000    118 84a90cf023b62f95c86e88e583750482481e2ad1
1358897412.155144000    354 517b0ddb846b3360ae9f5b8bd0d8060cc9fefd68
1358897412.155231000    118 d55325b6ef6dbb4c7ea1e8604d7a49c9b819fa71
1358897412.155355000    210 9f0838324656e4107f8ddaa37f01eb2390657c71
1358897412.155458000    170 88c96a54b68148e09c5952340b94dd4bee34c723
1358897412.155572000    210 1c9dd2f3b5638c42f921b0a293b62c901bcc975f
1358897412.155768000    118 740052e946bce9d3a0dca01a7d80b275eb22f8f1
1358897412.155908000    354 103bc3a1bcfc995ba3f6bbfba573a8759a766dde
1358897412.156039000    118 c5219f8604e3594226cb40020de1e282f7edd014
1358897412.156193000    210 410facc8a2234f8c8a93b1d732d746ecfbb8a461
1358897412.156287000    170 4de1c418d173e52307da6b58972988aba3930a81
1358897412.156472000    210 0ca430ff57eb4c370a13cc7abf4ec4e5d02da2ba
1358897412.156635000    118 f3dfb78d3d845a5fefd2ce6ae35bc8f65d71281c
1358897412.156725000    354 47a4a37dad66cda1dea77ae2a3f6230d6a0f3df5
1358897412.156935000    118 602ebfc78e3a742a3c3bd845d0aa59039b4beee0
1358897412.157107000    210 5ae116a918427a6330722e437dba7dc3ea52a6e4
1358897412.157233000    170 496bec8d01422ae304ccc17cf5332ab8e679048b
1358897412.157373000    210 bbc1c7678b7a3634c7289c4ccaa76ea096e42ee8
1358897412.157522000    118 d868faed713c03f2e7d166e4e60191bb548103bb
1358897412.157674000    354 4e2b4220bb842a2a1ffdda5008474fb417cdce9f
1358897412.157777000    118 3fb5d3493b93c56d9fefe1f52c659c398cd401e1
1358897412.158009000    210 1abbfff0ac8a171dbb58bfda40983746f40a1596
1358897412.158151000    170 ede70aad564f22dd32190c39313bae0c01b83493
1358897412.158309000    210 e0960a3c24c5fdac1202b8ee718528535cc0a3c9
1358897412.158453000    118 d7b9b55dd9cd01210c1c58dd0794b011fb42f2f1
1358897412.158541000    354 71f3e509ad98a270d0a1183e3ae792822043ef89
1358897412.158647000    118 5dd090f3525302e2d58a76126166471bce3de781
1358897412.158741000    210 4d323e5560e88587341fde52b7d62832bbaebc8d
1358897412.159039000    118 91f35fd26ef71fbfdb34e51e70fe3ff25efdceb2
1358897412.159117000    210 928cd077254bc2c25631bfa7e27aec5d2b84aa20
1358897412.160321000    118 a7249dd82dc52f4f5dbcd1cac04c5a170dbaadd4
1358897412.161050000    210 a8ed87f1a8c514ecf22afa636c370d77759eb5b7
1358897412.161304000    118 051d804184b433fd5d97741eab06ce13916eb527
1358897412.161962000    210 03a90947f7bf7456dc78e36e3518444afbe30b86
1358897412.189481000    118 ef8a86b3824c31f40f1b72f427d9d924045923bb
1358897412.189716000    210 1b5ae8fa09bbf8e333d5c7c270900803ca54358b
1358897412.189884000    170 f370afea0438a6fd2ba6ab2400be74e147027895
1358897412.190197000    131 a1d520b3526dc0031f04596d5e80e549b37ff399
1358897412.191178000    118 27ae6c6aae099048e86a4f9ea819aad40398174c
1358897412.230565000     66 daae07be9c7dcd848753f98f1dff78f0ec3b3cd4
1358897412.230764000    654 312d24d14c0cbcaf4caf0f2c389fb0f2319dffbf
1358897412.230873000     66 23a55ae41cd2ed39541b89424a1dea6b21275af9
1358897412.231133000    118 3a5ad1376861e9fe1d35454fc48c6c00b19b64b6
1358897412.231413000    210 a5eb39374d2b528140e714076dcfe1c64f4f0703
1358897412.231533000    126 22c923a86f629621c4a6c0f00012664f7f6f3b0e
1358897412.231690000    210 e70030c693d1b8211b8da3b9d8aac05c9712b4b3
1358897412.231861000    118 389688be67e6a27d2dc0f4ba4f225264a19acea0
1358897412.231973000    354 232ca6a8fdce5a55f127acc60be894cd8bf0e6d1
1358897412.232178000    118 d27a049fbdf7268d37fe1cf3ca37ab323cef32fa
1358897412.232332000    210 d23d49afb682ba1ae8973c3d448d03af5539479b
1358897412.232467000    170 5279b446573828392148c20163feec70e15c5b09
1358897412.232603000    210 91b96fe31f08a301c14a8f7618b8b6323f2a271c
1358897412.232788000    118 1bd59007374252f3198c41561b573d005b884d4c
1358897412.232877000    354 692ddb4de2ed57b2e7723061606e95e5e3a87b4a
1358897412.232992000    118 1747c0c585e0f2bcdd891b55a2d375d7d1df21f1
1358897412.233213000    210 1c9b32a4c942abf0a6751299acbf62cf3d8139f3
1358897412.233346000    170 15ec20a6fe25de14561f9dcc686bffbfcecbe375
1358897412.233481000    210 9e3970e34e93d3b1aa69d394d454d05fd3fc68b5
1358897412.233640000    118 345746d7be8e2176857bfde699216575c6e9c59d
1358897412.234468000    144 a51de1979cbfb807ff84cc0a797151ab6e834921
1358897412.234602000    118 b21ef8fce19e291dfb9e3410a18fc1734ea16dd7
1358897412.273681000     66 dcc95eec1bfb1e70326c9ba420704ec4920881b4
1358897412.274172000    584 7e6890c5cf6bb3d05c7eedf5c55d8f011651251c
1358897412.274673000     66 7b90a3a0cf5fafc155ee467e719e87552bfb8a40
1358897412.274984000    118 8f2339971a0a8e3cf39aaa8fd40581af46b0b705
1358897412.319606000     66 2904fc8ce539ef1852531598c536d51341008af7
1358897412.320193000    596 66c3531039b701869d7042f36dfdaaafa90b18f9
1358897412.320930000     66 63573742ecfc2b09c814011d0eb67e7865b937f5
1358897412.324812000    118 af03367885941581a4253050becef3ec7b802264
1358897412.365971000     66 b325079e71e5ddc15c4f3c388287344704c8603e
1358897412.366304000    122 f9aa83097df7be0e58241abf5b52b80a8a15f0c1
1358897412.367318000     66 01396b22ebf583482fdee8a0adaa1f3159f46480
1358897414.491954000    200 05275a124e748b92138ba4e1215614457af98e19
1358897414.493132000     66 1645bb900cc352d985a2c1b60703cabbefcc5a74
1358897414.497215000    118 112e3437941862e98fdad6abde29c4e129f8f043
1358897414.542487000     66 f3edcdbb543ccdfd414b9c792268c4428f6aa0b0
1358897414.543093000    308 d13cefc00f02601b61145979e23124e09c5d91e8
1358897414.544211000     66 b991971eba4f3851ec97edace0b9b7baa580b704
1358897414.587298000    118 4cbadf1a707708322742772ece8d819f4468b31f
1358897414.625387000     66 4a6fbdaf9ae395384db5d8050c82ba77c1234d2e
1358897414.625532000    118 59f15610df397ea0bc3be5dacea69f339f275290
1358897414.625622000     66 d5456b6d2edfda149a1156fbc6e2501e37d3217e
1358897417.167432000    193 93530fc1b17d2c96dacbe51698ef62c811637e14
1358897417.167716000     66 db0cbf444c746cda38e1ef8fb9c03cedfbd8da99
1358897417.168046000    193 2bcc20868d71ad1884170e2dd391df1d96a58a81
1358897417.168341000     66 23df8ede6a58a30ac0026154f5052615074cfe18
1358897417.168801000    193 0550a587951bb31ce692fd0dcc10b8d0d95bb184
1358897417.168955000     66 5b5d9eca468eae933478043db5fa872ae120c9cf
1358897417.169207000    193 7d4d9b2a5fe3ae7624c409c54a1601a105629eae
1358897417.169319000     66 7335959128abb8c177d3d71e1122be642deac390
1358897418.168244000    193 854875e4a4ed89a2a16f5a68bb914b826fd37fbe
1358897418.169884000    193 a86f48260074acd4b15ac8c21970e95a43848f2b
1358897418.173047000    193 209cd4ed34381d7e8f6d014b276238f1ba96c028
1358897418.173382000     66 7d1f31ff7e5d860a4b8d5865749492c2b111045d
1358897418.173671000    193 6972756a986df422c2345c8bdd2539e321734f2d
1358897418.174213000     66 12742f7f905ff1a1ecb654f3147c1c281da450d1
1358897419.172515000    193 06767eb9e0a6e47bccaaa488150e72aea47239e1
1358897419.173675000    193 0929ceea888617b057011991829e8f4aa0360461
1358897419.178268000    193 7e5a451deb14fdf45a8e97eba48d01aca5883a47
1358897419.178583000     66 f8d5d40c6ba2c5c3f0058a6c149b4d89d389b15b
1358897419.178877000    193 da336b83dac593bd879bbf2c37d64d518eae2dc6
1358897419.179420000     66 6e49371d8fc0c4f468dcec7bd177a28e41476896
1358897420.178416000    193 4728edfdb3670bd9db7aff4196abc03d90e3e76b
1358897420.179767000    193 20cf828c5b150c9da5537a9328f4b5232270c1bf
1358897420.180632000    193 392b83e2efd0d9779a1e6706787d05eff9dce4a7
1358897420.180961000     66 cd4ca2cc1d0b27c6371e7f4ec43d9073c7b0d947
1358897420.181258000    193 0b7114c59a86db8eccf9e58cb0ce847cfbdad995
1358897420.181806000     66 379ae2bbe8675091616abe59c3b31e9b62b00a91
1358897423.888818000    193 d3ff13ba30814fc5d6072894196f0e2ef0f43e30
1358897423.889586000    193 7d94c184b8f7c5994f6e55efc514e29b7a3073bf
1358897423.889816000     66 3452b163431f8bab766fe7ef00ac7486776863f6
1358897424.889018000    193 02c652131702c4056897157ec398ab386e38e729
1358897424.890343000    193 a25581db419da662c3b1eae59981e7f4c0dce9c4
1358897424.893967000     66 2e9528fa289f170d176dc566d0c5d67dd99f27fc
1358897425.892859000    193 1640c04d056515c00ddf8116b7edaa370b9c7f7b
1358897425.894495000    193 c1e96b4fdba2bd932879d283ee43f3c86b2446d7
1358897425.895041000     66 29f9b2941f77b0ffc510eb96cfd3e0259619c64f
1358897426.896290000    193 f8487a09acec1f3fb8886c572a9b5ce834afc6ef
1358897426.897696000    193 b55bf08143b38f0c473360ce09d829f9a495dd10
1358897426.898312000     66 955ecc24f91d5827fcb74c66b58e5422ad43da0a
1358897429.725076000    121 c1ffb93609f8b19d08cc427b5fc33e3ba8368c1a
1358897429.725834000     66 63db7618528a7586f5290e2ea5d72e22166ae9b0
1358897429.726464000    121 deaceff848137d22f4aa00684792b996c1ac8513
1358897429.767951000     66 380b31aebb5a0451948dca2b4244ad1f1c222ede
1358897436.072429000    193 7bf66fb73aa7caedb4e94035717df58216a693be
1358897436.073007000    193 215ce9b8decb6d74ea60db1733b1262dc60a461e
1358897436.073212000     66 a621ae25a45ec57e6902bf86a2839d3a12b19a6d
1358897436.073463000    121 a796ed0d7a1b49233285023e1c953d9413f490e8
1358897436.116774000     66 ca150384acfeb588ac7b5ef9bd21947b682d8a08
1358897436.117465000     66 ead8024df3dee7cb6a44fb00fded9707a050d8a7
1358897436.118039000    193 cbc6db42777bd3e503e19570a50e5873970e4124
1358897436.118415000     66 66de76e0aef8939d706658a217f3b59c1e0ed1d7
1358897436.118951000    193 958b0b1a9bb7ee074e5e5e328d73921bcf7cacaf
1358897436.119442000     66 025f6407e3de640cddfd4db030f25833b2fbe104
1358897437.071688000    193 98433ba724c7e1703e8ad340bcc56db9bb8adfe7
1358897437.076824000     66 4afa1e2085f7d5f4c9229ffbaa3cbf578e3425cd
1358897437.077824000    193 df7b01c4e1eec79ccb71ece2388a68b187921904
1358897437.078672000    193 63c87f961150a40d9b6127b1518113a4a96e6c3c
1358897437.078992000     66 2b27db71b671322ebd2804da4623c86bf170a1db
1358897437.079348000    193 f3ea61c645de22d34b4d597aa687f0812dba30ed
1358897437.079670000     66 4b2cb78a4034f6ce90412689d3c09ff3dccd7215
1358897438.075734000    193 184f21fb239d48cb5c602b66682596580ad3ff54
1358897438.077465000    193 b40646bd0b55a088d8190380cf10a5cafb30fc4c
1358897438.078394000    193 fd7d7043b248da8e8c4102e4484849cfbae438bb
1358897438.078951000     66 55d6d86b2fb918d6dd37afa61a16792769e61af0
1358897438.082179000    193 390c89f392e9ecd14b05e05b7c2a4ae2afdcaca1
1358897438.082526000     66 dad463b1c6f255c31638cbade69223af6fe4a58c
1358897439.079154000    193 e2d785fa7da802f8ee959e311bd9e43a3bddf444
1358897439.080570000    193 6eabe87816386ae2e965108b58e450ffae6b3914
1358897439.081879000    193 e997e6a9d18d87f2551965f54c1a8bc66a1e1189
1358897439.087260000     66 078f101acadb15bfa1b8c58e2f33d9657b0a05dc
1358897439.087818000    193 a311a8f57fe5e6b0d95d45f6c2d8c7cdab5544ab
1358897439.088307000     66 a2ad50940f07d74354f6c5f123787e0fdb2c79eb
1358897440.820252000    193 2284513d37d6297e169a43ffac8fc83e2d3d9033
1358897440.821023000    193 d3852b3623d1425dd0f116306fed7f15eb5272ce
1358897440.821837000     66 9b3d9492e69912008bb852d1c4fff0cc38aef063
1358897441.822403000    193 f1bd460df35e5806963387c18b597e4f770185d7
1358897441.823587000    193 454b336a7b1e03e34892261aa8e44458fe3d0c13
1358897441.823968000     66 bfdbec8b730f30b71045316fbe6d331ddcc0d0de
1358897442.823177000    193 a2e28b2c43ee66cfe4d16b9f99e50d2ef2eb0229
1358897442.823639000    193 e937014669617a174d63192b94822e1fa7049bac
1358897442.823758000     66 18c0eb6bf6ef7666219d67cb8b8a3f443c47d078
1358897443.829075000    193 5ba6da39a42f87a6caa1f5b3dd4958eddff9d372
1358897443.830290000    193 65f8615a5ba616790775aa87c3e9afbdb60129a9
1358897443.830655000     66 498506f754a3c5048daae48fa75602df6452cb52
1358897448.869605000    121 25c9b7e1fb069e6e12074aedef6e8ab9fb43d17a
1358897448.912011000     66 dede2e2db85860a012b3ed367bf4c6cb26ac799e
1358897449.927682000    193 d5072dc4cdd3e2c6b50fc51fdbdb75d7517e27c7
1358897449.928147000     66 61144c5d0133762e7a9d54f3ad979aea34af5ce8
1358897449.928591000    193 c3390c27014bf91542b8251de6b3dcb5a45254a0
1358897449.938099000    121 483efb8966a75c8a3c0597640787355c67577739
1358897449.938621000     66 71a867df24c2f23e49f0890485bd536604ed2248
1358897449.968347000     66 01ba2adc7af5fae5eeb6c0a40208271375ed54d1
1358897450.930811000    193 8e3a0562b617bb64a744f7d28041cd5d41895513
1358897450.932198000    193 7b2a886d15c68f9ef79ce851cbf7086ffb6f2e89
1358897450.932758000     66 10d27f3870893c2c580b1b7fd3ca4ebd9465a71f
1358897451.935047000    193 d3dc36e42adcfd10e71b4cb6905bc87c883fab75
1358897451.935963000    193 6216b720119c9e3d1e334402b6f315768600bdf3
1358897451.936640000     66 fbca4c87d35337c233a54282b0a013c37e3e689c
1358897452.940937000    193 ff3d023e6b123d2cefc676854bc89d82dadb7419
1358897452.942256000    193 4ceb311e0cc9725c142de2274f326cbeb0500e74
1358897452.942818000     66 ced3fd9e19ddc18a7415d2be7b3e5305cd071bea
1358897455.227958000    193 64062230fc74f55d2928d49cbe680d462c3ecf81
1358897455.228237000     66 071caa76becb5089a35a5d365d52175d69cd844e
1358897455.228617000    193 63660815cc2e9284add44ff182b524e49c2e32eb
1358897455.228782000     66 2d025f991e545a6b56cd2df64abc2d13bd73d0a1
1358897456.229992000    193 873aa26595a5a8997b6ce8ebfaa84eca5b547e42
1358897456.230357000    193 3ca646e030608cf087756bca598ba6ca1570f85e
1358897456.230601000     66 c86fc062e031b2b0e3ec53a250e8abac21e8b105
1358897457.231071000    193 ddf992d2ae1ac31b5be663bb44e214d47f79d0fe
1358897457.232347000    193 1cd09931b67e2b4021e2db6b935b131dc61025e4
1358897457.232778000     66 027e463da5da6d914857174ef621c88a771804c6
1358897458.234778000    193 ec44970d7832d3e3590cc28a51d71ee681828aa6
1358897458.236056000    193 d3f6518ad6cd0031af779903b90cf73d4187e282
1358897458.236775000     66 ed74347fd8f43148c6dbe1cd2bc7a058312efe12
1358897462.361011000    121 57905d7c8fc01fa1c0926fcbe205b6de98acb829
1358897462.362084000    121 3a5de31eafb217196e843e475a5be2d6b858e647
1358897462.362483000     66 d0fffabcf223127a4e68a8ba2b8e385d0100b8b8
1358897464.605509000     66 4f44507d0d7484b89324c557d59bf7c1ba37a7b2
1358897464.606639000     66 c697a261e8eb50572ceb3956a76bdfa4956e56b5
1358897464.606841000     66 e0668cabfefbc5863f3dc0780300253ec07b05fa
1358897469.310451000     66 923b9a61cbd13b1fa4ba820445cbd152a47a4a88
1358897469.311153000     66 c87622a061d258e2d5da9768cb88b5b62014893a
1358897469.311575000     66 85d70a519d7cf612863de58e02b0e1fc266b9e07
