1481291750.025382575     74 ffa9cb4e3c1a8c0b32fb2b92568fb6f30ad1e2c1
1481291750.026998758     60 3b70f25f74428c9f75247078915397e6301df527
1481291750.027021184     54 4d3e87217bd52d4fd0fa737f194ad82c55d0438f
1481291750.027196366    266 2d239501d6d38b1db9d701ce3c32e2bacd35db17
1481291750.027391109     60 c0d03a8f6608d2e390d67ec16c51805731e669fe
1481291750.046477388     62 62cbb87d64c4969cc5cec2e717bb6940bb04ca76
1481291750.047870452     54 0654978dd98686394033935a92311180de395ed8
1481291750.047976950    266 098d28ea042542757bea92f033f9850e7836ab6c
1481291750.048195704     60 9ddb7e76cae4dac0e951c9c692734ee70dafe316
1481291750.049412450     95 5dbc7e350516f3e7db0df48c12732c6a9584f4ef
1481291750.049496995    218 a256a7822e289cf50608c780841d2c6cdc166663
1481291750.049652451     60 9b2cf396d8c9765b646785cd9e4f670b9383fa76
1481291750.050986989    181 119e57239a280e4fa0218e51d3a0350bf88bde8c
1481291750.051589711     92 7b0c7e360e67398bdc18e74223d8edeb67efadfc
1481291750.051785135     60 5faa18b1443a947dd1d6bfb6dbc2e495732aea90
1481291750.052461737    293 8e9050cdf2c6dffb1a87eedc71201d4bb5026a50
1481291750.052736369    136 7ff249d4bea7abff279d6e55806b2d9f4e1ec8fe
1481291750.052884872     60 68e327555a6234635755569a2930ca0870de5396
1481291750.054984691     80 4c8d049fdb069a26de85ea269527072086eb2628
1481291750.055490185    287 c4043b181fd3cd9757026877ab2992f12664f973
