1422668225.279219358     74 9d23b16889d20c8b1975c94cfa8d6781524be593
2999676323.518227676     74 cfd646f6de266a2577a60b5c060249a8b26673fb
1422668225.279278742     66 50e341a2afd3eae8af34f4d5f2856cfc6a288880
1422668225.279489368     74 22d1d93d729bd63052913daeaf4ebbbab324f37c
1422668225.279506496     66 353c221a3c19b3ab38c1fdc13563ccc592c649ee
1422668225.282353721     67 cfdd519512f1ee8d261f49a1f02396c9bfa8df8b
1422668225.282370939     66 26334175894273e5c86167a8a9e9d3269ac8fc8e
1422668225.287554466    428 95371e8390dd536403dc1f4fa0df50dae6aea1fc
1422668225.292918035   1379 86e79e1f287630cca737f405ef24e5d6b000e9ac
1422668225.292974484     66 bcde4ec0e62791995866f6884e590e9f19d6a969
1422668225.296801025    256 d5281cea382404b7b1badc0897b55c1ed3ca7a05
1422668225.298819505    292 750dd72f71aab18724bdd08332f8d80f7bf3ccf8
1422668225.298998450    173 d85783b3486ce03ba2a088f93f5fb8b455bda1b8
1422668225.300720141    108 45b7fc71fe135714a513aa514f2647406a49814d
1422668225.300813917    136 71973ebe9bf596e96fb87386b3fc38005ae7967d
1422668225.302741221    420 c3eaea4401111a4744234e87ce1700a6e729e194
1422668225.303017705    136 7c0ac5df5b16c48078d5e50832683242454aa17e
1422668225.303817314    110 4bf94f5bbe8f56fae62145a7d217372e3f2f65cd
1422668225.341491562     66 d4cadde111c16094c2870268672a1a6badacd86b
1422668241.363962937    126 27f5f2f0389082dc5e604696bd11ae09108f4fa9
1422668241.366606093    178 630c13db74280f402f969533745567076b1069f7
1422668241.366632742     66 b3a0675fced565582a61826bec7f9333dcdf61a9
1422668241.366684863    101 a3a7edd3729eea2c8d8de50bb586e9604e3a09e8
1422668241.366695677     66 b687636b89bb2a00900a193f09b19f2c784cd890
1422668248.910336970    131 59833c5f70c9a694e0a1f6ca91fd4d082d0d88e5
1422668248.914941152    119 8e9c6401ce295c18d3ae94610b970e742d20f903
1422668248.914966396     66 10447a05d9873980c1e4497313c3e59273052e7e
1422668266.981101631    138 20b6fcd58ca734cb9821a6815b103f4e129dcf88
1422668266.983562520    117 e5e0395069ca54d4563fca915c95e4271ab9dd0d
1422668266.983581744     66 fe6a5c6a2f985a1213c19177b551b36bcdc399be
1422668271.373660920    119 19454be03c6f9db70d9ac4344eeb584752f01457
1422668271.375255048    168 eda34a4926f08fafbb7351ab705e6d53b70c92a7
1422668271.375280766     66 f7f8c86d6c2e6832fd572e078e8270738b8538ce
1422668274.707083223    100 624d92abf68f06d28125e7841e96c780864801b2
1422668274.707138088     97 eac219338102c73dcc494de5c2361c2e8ab8abcb
1422668274.707190800     66 653a6ca0166d496ada83e045044c47aa968e5236
1422668274.707250220     66 0c66686578c4ce04279b96912a25757e5f019313
1422668274.708156163     97 58ecbcb1e51014225beaf40b4bc24a4b3b3f8a70
1422668274.708198280     54 9a69cb05654971d8a71430ef6b978601503e191e
