1422629341.890849939     74 de4f369e8e1a45ef771db169f5d57ec59c69f590
2960542174.640128585     74 4566db11485e17d74c7d8d6e14db51d7569e245c
1422629341.890932138     66 1d625c28b45975a64e90ceb8f33b89af10a949c5
1422629341.975036974     95 3fae215ead15e0aba489d291f9d882a33e06dd46
1422629341.975121953     66 1b7ac28e16c50a56cc615f4204c757e54c966688
1422629341.975168941     72 ca58a8048528aeb0404004c60668bc06ae24a2ec
1422629341.975184305     66 011bd45eaa0ea1761593a45fb73963c952c4991f
1422629342.017489312     98 97797a1074cd35d4a72a86c5df4d82229e290906
1422629342.017734299    428 6d26d906fad54f33efc2f16a6f58d290118a7d2a
1422629342.017751633     66 8a264aac164ac6b041b75a30341e4e120523d302
1422629342.066161295   1454 9878e4890a36874969707803cbd294dcdc257090
1422629342.066210166     66 4cb8d5dceac6f5d7c204b79e52afe84653f276f1
1422629342.072926712    224 810fbe6bbe60392a4c59c1abbac385787bee32a9
1422629342.072951847     66 f08b036ca47e6a6993f5610ae031f01b09f83d8e
1422629342.116923057    292 98db4d481689ab527281c043294955bfba59a8d8
1422629342.156053920     66 26ba70461d0e056d7792dc7c2249ac42375e90ff
1422629346.673723513    100 fb3d3bb7b6c7a3ef660148d42e5be37c4d629e9c
1422629346.673758453     66 4412bfec66e2d0b2b22087b530322731be305bbc
1422629346.716724981    178 53e446e531c9f045af3d6672851050f9db8f2eeb
1422629346.716737026     66 dd0f85d104a733e7f23874d24e6181687729a49a
1422629348.665874876    467 79c3a4436e3f0cd71137008793df7033c1acf3e3
1422629348.665903418     66 7a14d18ce89e71f2b55d7b5ae717a66716ff7066
1422629348.717043644   1574 c108a9b37409f5729a910c278fafc901efc3febf
1422629348.717083543     66 b442a61cd17d98769d2b9bb1ad1641b6dd7ed047
1422629348.724271909    272 815109fcf4a1bc98bdd9f9326a7a64abc27de9dc
1422629348.724288598     66 f287c7638ab82f8580814ffbdbbc5b6d425fc41d
1422629348.770430988    340 1059cc7afc343b310ed255092d3ae54ca4c59c1e
1422629348.809416105     66 2fdd18983f2aa56d751f51914e9e188d525c28ce
1422629351.817887678    100 d803a3dcb6dd7fbc812f2efdf9715a972b58eebf
1422629351.817929505     66 d2db438f1cfc90636ace7947feebdd2d4ac46044
1422629351.861179774    178 087919bff6bf2913b7221999627f8c7ee64b9a33
1422629351.861191427     66 0f060db0e6ba7a4bf3c441e1bdd318b7c34489f0
1422629353.601794691     97 6876e32984cedf61ed1024aef75522b9b9163b5d
1422629353.601827080     66 c500e702d5a33c97f3a1b51c07eb88e26e6f3f06
1422629353.601867143     66 38c1cf3d5f2d107ff06a9081db14baab15e7e0d5
1422629353.639436358     66 64bca338866a0e17fc8301456d46e494ddc3a767
1422629353.645666593     97 468a3126cc0f4d1ed36ed63e60a2dfe0556c9ca5
1422629353.645704037     54 c0edf39896ae2483227decf1b4bc8841dc059c02
