1440447766.440305000    119 ed90d73f9a529cca695f3541d9ea84c0e66f1ccb
1440447766.440868000    163 263ae83ef72fe0c6dc669f72d4f2263167a7166a
1440447766.441298000    149 f1ec42746b18cca754b189a5f060af3fb294d242
1440447767.446211000     76 73da32091377eaccb65b6dea75aa0cd22c6bbd97
1440447839.947454000    119 6588ae161e1a3541d1ff9c6eef908b8949abbcad
1440447839.947670000    163 3672c13c261f804e9d172bfca886ec0083eb9cd9
1440447839.947956000    149 8b461212034646301d18782a44e4ba5606617845
1440447839.948233000    134 81941a3a02ce71316571d4a43d46094264520fc5
1440447848.196115000    107 571119b7b59ef0263f2a3fe80cb5e67ca70ca1ba
1440447848.196390000    103 feca405bc77e11771c0871708c3e5c5babc382a7
1440447860.613743000    108 2a68244a84b84c06fbf2bed6c43c19f913debd3c
1440447860.614016000    103 1bc53912de4a3e1fdb22cdba8cd8f294c9438c93
1440447880.931272000    107 73666a5c24f15f167b7f94cb0c6c4ff037a728f3
1440447881.932731000     52 3c33f7634638ce2b3f6ac06030893917eb7bf3ef
1440447904.122012000    107 aa7cfacc86570886c2707af5c62adfc199406ecb
1440447909.126220000    107 a648ce9cc425371eee6025c13f784a20e7c3abf4
1440447914.130851000    107 c1a65790ab20c63c214858f4e66f54c9d7593ee0
1440448190.335333000    107 ab08ff27072dd88c992b484c82c02409781f17de
1440448190.335850000    103 086dfdac04f75974c0806861bebe24fdd1b356e3
