1536719673.355213765    954 d42c3a7dd4ac3971a68b2e818f8e952502de19e6
1536719673.356976893    954 e96f3ccc94e999cc48fde48b34469c2e5bb227eb
1536719673.357145406    954 6d534ace54426bd29e0693a8f256ccf3aa3d5a58
1536719674.357124518    954 d305b2e89abb917c5c7124720fde8429ec66e872
1536719674.941069016    854 d655e3bd94fd97c904d1496fec25eccae1f44706
1536719674.942055131     60 a9a737f840216629e9c1a6bfc674e17b2b0f0fa3
1536719674.942199863    106 9037d13551fb4b91cece3c3e9f554ec3212133e2
1536719674.942296462    110 07a56be978df96534e3006a4eacde2eb5114f852
1536719674.942377514    854 701e39c2bad0644f9804106bec4009da39c704ba
1536719674.942429944    854 9ab16378d0505fbf2a2d51d50943919aa424b0b7
1536719674.942444786    954 2aa3ba43294f8a619a81f905f22b3851286b575d
1536719674.942716027    110 9eb87bd9b5aa3ca54655f3b53a22227ee7f9687b
1536719674.942729597    110 845214aa54174f34857f78154a5b586c760473e5
1536719674.942732438    106 b1bb3231b7ea9a6b74371af697cbdfb6bb534485
1536719674.942812838    106 51e30859120bc34ddc11578028d0152c30a452a4
1536719675.357769590    954 b00e24be179528ab5c9be344fa6f7353ffad3070
1536719675.358366483     58 1410bf03cf566e80cec5fd1e03d7fd967c73c3ea
1536719675.358450776     58 4cea5e48c527fed317b6833b1f17b1ab79af834c
1536719675.358473660     58 0044d82b01bb76b9c9de8f67e6e2df5701b2ac9d
1536719675.358609008    106 3f05c8d7ee0b55b455af1a195f0f6db58123e225
1536719675.358623464    106 e8da11896175c124e06cf49307b595bd2077a99b
1536719675.358631301    106 d30c98412d168a376c82c90bd5c9e7f64c8ed307
1536719675.358686448    110 c051630a5b0e947fd3ee38a2a97e4bfad8ed384d
1536719675.358702434    110 ce08c25f8a68d774dbd04b801df2e63781404f98
1536719675.358715461    110 cebf1dceb1d114bca0e33b0a6285d868ec38108d
1536719675.358817264    854 dbb24078c5b8d3ac8f06408106c63a5d56bd2c0d
1536719675.358827099    110 c32c22fff5109d61c95e7a00844f8ff165138e55
1536719675.358918237    110 4a91784f9f3c1c1608ba9285fcbad216d1980112
1536719675.358942729    110 2a312cf2e3918edccddf48d0d9679b0e3c5935ba
1536719675.358954320    110 18badd150b5bdb8f5b56f51a265c9851890d4b7b
1536719675.359015633    110 0beeff77488b0e2c92a61b2eac15372858db93e0
1536719675.359040575    110 c005119b3a53cd1a4d70ad15ecfbd818b7aeba27
1536719675.359058695    110 918f66ca637782eb0e2a9510de3809f0d71870d3
1536719675.359062658    110 2dd664db5affd5484ae0f74e4600133f7fa7c071
1536719675.359116002    106 71f60d96ca44ac61cea45faf14146a1e556efc95
1536719675.359139439    106 ec5b72387ae467fb931a57f45741a50649079a8c
1536719675.359140994    110 ac4e21903bf75240a5f3aa44e666b5d88f5f4201
1536719675.359152314    106 ad2c180d1105d97b7783e4f6f4ad2b8fc191ae30
1536719675.359198124    106 3ac7fa7a1adc8bb8f0329cbda64e9bce8906aa5b
1536719675.359217233    106 c0823370e8e87d31a86c21577a097f1a6c010f98
1536719675.359227822    106 283a62298b514652bed04877ac42178167ab2979
1536719675.359231127    110 373f40ea0029497faeb986817f8a70a4f08c4e90
1536719675.359337934    110 b2ebaef8f3ec20c067776480e7b82e285d938dfc
1536719675.359491888    106 f1512c4b3f3e88357071bcbbe7915133cdb0991b
1536719675.359614208    106 6b12c4598a74ec5ef522a0be8acfb60da8ba6d2e
1536719675.359627668    106 6161d0f18e1a57a6da8d7d81887536013a6fedfa
1536719675.359702332    722 3c03c366502c45ad8298aee2d22a21daf7f0da2d
1536719675.359713732    722 6b16dd01313bafd58774c6493afa4a4f8b816702
1536719675.359721449    722 18bfc8d1a4c319abbd77fd6e91970028ff2d6966
1536719675.359821551   1514 8617ae30b6fec2250e3aac4652bc92a337bb111c
1536719675.359913547   1514 8ee186b3fcdab7910586c19722d6098109cd063d
1536719675.359917213    730 bf9a39d14e57901b22541b594a0dfc09bf5e61cc
1536719675.359918513   1514 4c9c1c881ee1b36fed4250089907610efd6eae3f
1536719675.359920790   1514 867ec3e85afdbed5893b1fd55c98ba9d04f0ba93
1536719675.359991403    730 aaed7658b6302f2e71a8c60cc458cc53715db241
1536719675.359996992   1514 1ed7a9e4566393fae936c36b3def11b995655983
1536719675.359999471   1514 9c374d5a0f220fdff63e63494ad05238d9301197
1536719675.360000927    730 a9ebf693b3fa0cefcbaa06cab203dd4281a567f6
1536719675.360002194    110 3ce03b5d9b5870324ae71f9a7dcb7010d6edafe3
1536719675.360002878    110 9ae98ed26c83d3434a6dc0a55b044e963eb5147a
1536719675.360003511    110 947156ce4181a1db7d6d66fa624b1df87028c0fb
1536719675.360004098    110 eb18ef85000201920e3c9f0cbc71525a698de1f2
1536719675.360004634    110 b6aac80792b4d79b0355317472a3ea6bab24322d
1536719675.360005279    110 14e7a28c322b20435f17dd07cd9742389c3dc1d9
1536719675.360092861    106 e110e0d4c07b5449ced896d0bc19f75be96c79fb
1536719675.360631131    106 a4b84fde1baa7758eed7eda2eca8ca24b3223dfe
1536719675.360642431    722 a2aea4eede753d3dc4651bcfe33ff93547255743
1536719675.360696137   1514 c11810c35212282fe54a34a2e36c9cef780b9d07
1536719675.360717268   1514 a806cbe387ecd67d1fc358f4a98d0c762a419efe
1536719675.360718509    718 476a386404db098ba902132b7dc33cc6a2ee34e3
1536719675.360851641    106 fde3b164b4985a75bf3d2979a793cf2a078bd7cb
1536719675.360874650    106 53b96b7d72dbd1ff840422cd5257a111f21b40a8
1536719675.360883024    106 b6de34454d14a9d6c4788a3087d856d9f2e86646
1536719675.361693255    106 ca1f6299e513df78d5acd8b3ea550ce31c87246e
1536719675.361740052    106 3659f98da650db9fe78684ba13807dca6b986c40
1536719675.361750161    106 44be3cbe190c68630bd846a81ff7b9d4218b18ed
1536719675.943244977    854 12fd6a7bf866004e70dfd76a0126fee8943c0251
1536719676.357257033    954 e8fd158f8e3d49579cc861f4cef537dec8b1d484
1536719676.944103751    854 b7486f3f63166f382550cc5b9dd68fd6b6692112
1536719677.358046455    954 02f7f489237d01b835a120d735e7dbe50db435eb
1536719677.944419229    854 4abd7fe10cfe1fa83c4e4f7a400e851168bd919d
1536719678.040658622   1514 83ae25aff56d566b297afac27ba987b58b43752d
1536719678.040691028    386 467a18727cf1cc5b8020c1b318df25a74c40bbf0
1536719678.359473924    954 899b589d4ce607e73a85ae1989ee44f22310e763
1536719678.944505959    854 f1bd0cbe9ab6653c0f03dc1d48142de1551062cf
1536719679.360478652    954 23692bd8640a02b9f343015cf14bdca02305d69b
1536719679.945438858    854 eaed37335ede75479f57605e67e3b7a6bc4ed2f1
1536719680.782307574   1514 5cca6902998c5c8046584b0a419ac9b2e8765d65
1536719680.782328440    342 02188bca5d13c02ee5f2eada03841a6e85843ddc
1536719680.782700353     58 2f6a0a299baafa2937b95490a139817f300364fb
1536719680.782749051     58 04137d44d21d7f4ecd12ee1ab95a7b9b294eea84
1536719680.782771496     58 9bbc661ea1f5a9e51a892b381dd35a46e0e54951
1536719680.791573727    110 8056aa925c2c987907c24e6fb35ba2344103a018
1536719680.791627077    110 2edce3e5f13c530403769a52d72f6dc20252ad01
1536719680.791643617    110 c83617084fb22e6f5633a30b1fe898a89f5d6efb
1536719680.791654898    158 9bfb0ed361bc11cadbdcc38fcb60fedc32c72d83
1536719680.791673637    158 4de3402ecfdf55c7635ed3288b2aca6b4d403321
1536719680.791681476    158 6f5a5c548ab1b40466d40c96c63e10530bec1672
1536719680.844476638    158 38b8dc60887523ed69ea89d82c360502fcd59635
1536719680.844572629    158 331fdb865eb8ea1dffca892b8fb3680f7bf79834
1536719680.844596104    158 f2263dae6816d8ca6c9fd23b5e5ab2b225fed33c
1536719680.894659614    158 8165e70b6ba49215fc5b640776a7d6230fcda925
1536719680.894712555    158 65dce6e22dae7a50ef1a1c97249a52b34ed02620
1536719680.894731845    158 375f7320a8b56258a0c08aaba306e820d985d9e6
1536719680.942938698    110 00852170ca733fb6d7efae0b31aefe2ecba48805
1536719680.942996307    110 040c3bfa6f62d685b25e4094a1182989e14f9114
1536719680.943006376    110 bd57355382778abb4e8e2f663288c9faddfb5d91
1536719680.943327320    106 8aa977f0ed74579ebd8145c36af4190dc85726fd
1536719680.945376032    158 7a27d2ff4fa43cf168201e30603f311606de871f
