1362667216.940904000     78 527fea0c0033ca7f4090f9118528210ffd2e4f52
1362676545.995099000    117 291a57448d8c84c08b44c33c9d81ca065b4cbc1b
1362679274.596956000     70 556a388fdaec2b5e4b3b1282f0b35e9934eca684
1362691639.539079000    122 a2e69886e420156d2cd09152ca2b16b036d00ffe
1362703335.197196000    146 5512b6df271dbaf241c37c0f5ca8f5195a15a44d
1362715052.545015000    102 bfb5acde6006a2714979579613a6b55ee659a6bd
1364223313.922276000    110 fb7426ce230308db2687151f005c766b9e13cc94
1364918875.296916000    126 c17131daa03ecaf64f2adf0bb32d135408f7ba30
1364926005.974259000    126 943650e6033aa6e4871d55eb41396378a315f058
1364954196.851415000     98 9c36493df0a3deca55a55d5cc80a9360b9cb47c0
1364991231.087690000    114 ed7e0af6b47751d3d01367fcfaf555f09c501d96
1364996636.840378000    134 e07fe9f592154e6e4526956dc1c8f90709640cd8
1365002920.969074000    134 263c1368a1540ac786e83b4ef93a027eb6155c83
1365007617.413422000    186 3b6070b8cfd72e24c37d525b7194942a19b7198b
1365011962.029514000    102 98de0ac317e06bc6a8948fd1f07d4317bda3f944
1365013600.353713000     90 1b8fdff8c1c19e323546b736e817dc9b31ea38d7
1365017136.932367000    134 3abb078ea6cb59481d472ed3b2e2c3b92ec270db
