1458121298.643011000    145 849ef61f9fb39512bd06ea1b69e6c27b6265c0d1
1458121299.624922000    190 d650fd7301810de690a1cc6e0ed012c3485e6105
1458121303.904831000     94 c9e54fa0256fc5f566533a8d60e97ab2275cab68
1458121304.654090000     94 e6df68ccbc34f6e45cc79eae111ac64628344125
1458121305.453914000     94 e6df68ccbc34f6e45cc79eae111ac64628344125
1458121306.253745000     94 e6df68ccbc34f6e45cc79eae111ac64628344125
1458121306.576434000     61 3ee74f6991ceff2a82d346d66aeafc987d120a82
1458121306.576464000     61 e3beecbd5d388bdf7c144bcadf43cc86bafd19a8
1458121306.576486000     94 a21868f471604150e9dadfebb6159dab170c9a52
1458121306.576510000     94 642624f1d1b466da7477923e96a178e0d039b005
1458121306.576533000     61 fb83c848c6837540d59a779457f23bdd75f072a3
1458121306.576552000     94 3f5ce66137f800be43bdbb111f8dfea5018e1531
1458121306.576670000    112 82852386079900a650617b20ba73cb4349ed7654
1458121307.053558000    207 7eb526ef4666acfb8505c0237b664073dc5caead
1458121307.063781000    112 82852386079900a650617b20ba73cb4349ed7654
1458121307.100691000     61 fb83c848c6837540d59a779457f23bdd75f072a3
1458121307.100717000     61 e3beecbd5d388bdf7c144bcadf43cc86bafd19a8
1458121307.100734000     61 3ee74f6991ceff2a82d346d66aeafc987d120a82
1458121307.344250000     94 a21868f471604150e9dadfebb6159dab170c9a52
1458121307.344279000     94 642624f1d1b466da7477923e96a178e0d039b005
1458121307.344296000     94 3f5ce66137f800be43bdbb111f8dfea5018e1531
1458121307.594500000    112 82852386079900a650617b20ba73cb4349ed7654
1458121307.684241000     61 fb83c848c6837540d59a779457f23bdd75f072a3
1458121307.684274000     61 e3beecbd5d388bdf7c144bcadf43cc86bafd19a8
1458121307.684291000     61 3ee74f6991ceff2a82d346d66aeafc987d120a82
1458121308.058311000    112 82852386079900a650617b20ba73cb4349ed7654
1458121308.116954000     94 a21868f471604150e9dadfebb6159dab170c9a52
1458121308.116980000     94 642624f1d1b466da7477923e96a178e0d039b005
1458121308.116997000     94 3f5ce66137f800be43bdbb111f8dfea5018e1531
1458121308.609719000    112 82852386079900a650617b20ba73cb4349ed7654
1458121308.955888000     94 a21868f471604150e9dadfebb6159dab170c9a52
1458121308.955915000     94 642624f1d1b466da7477923e96a178e0d039b005
1458121308.955933000     94 3f5ce66137f800be43bdbb111f8dfea5018e1531
1458121309.124081000     61 1c6e046629809d92877be45428dd782ce6edae58
1458121309.124134000     94 d1e55f1d871e66e8d73fbcd66087d470e427d341
1458121310.004127000     61 5c880c12ce2ec9eafe3f4da72e8963fb56671ee5
1458121310.006367000     61 1c6e046629809d92877be45428dd782ce6edae58
1458121310.027881000     94 d1e55f1d871e66e8d73fbcd66087d470e427d341
1458121310.485113000     61 5c880c12ce2ec9eafe3f4da72e8963fb56671ee5
1458121310.539924000     61 1c6e046629809d92877be45428dd782ce6edae58
1458121310.827543000     94 d1e55f1d871e66e8d73fbcd66087d470e427d341
1458121310.953761000    243 7cbb2aaa5bfbc1edcf8451ab09acfd8290124fa8
1458121311.024874000     61 5c880c12ce2ec9eafe3f4da72e8963fb56671ee5
1458121311.079725000     61 7f8c434c3f84a807a638ba804c89a865aca0908b
1458121311.564684000     94 d38f5c9661086fd21a867f2b79f319da1c37b511
1458121311.619469000     61 7f8c434c3f84a807a638ba804c89a865aca0908b
1458121311.627196000     94 d1e55f1d871e66e8d73fbcd66087d470e427d341
1458121312.159254000     61 7f8c434c3f84a807a638ba804c89a865aca0908b
1458121312.326907000     94 d38f5c9661086fd21a867f2b79f319da1c37b511
1458121312.426892000     94 4646d6141cec6705197bde25898196953c417f1f
1458121313.126599000     94 d38f5c9661086fd21a867f2b79f319da1c37b511
1458121313.226564000     94 4646d6141cec6705197bde25898196953c417f1f
1458121313.701230000    192 6e3efda254faf6167a9e647b5c0445f916cc9be7
1458121313.926301000     94 d38f5c9661086fd21a867f2b79f319da1c37b511
1458121314.026245000     94 4646d6141cec6705197bde25898196953c417f1f
1458121314.825957000     94 4646d6141cec6705197bde25898196953c417f1f
1458121316.625552000     94 4bc08bde376cf2ed7eb5d860db7610030a7064c6
1458121316.625603000     94 31ee8ad18a506c7b5a13d04ff74eb412ba244f44
1458121316.625653000    209 59b623e4f15283ef076a0518d6bf8da8d3dd7cba
1458121330.651429000    145 f6e01cf94fa2a87077e9cb0e305e38cc2360c6a1
1458121334.710544000     61 6b5545ef17117de62580356e9823d1c5eccdb5b3
1458121334.710572000     94 cf8830ca45aa57a4bd2bc069850cb009f58276db
1458121335.217969000     61 6b5545ef17117de62580356e9823d1c5eccdb5b3
1458121335.468594000     94 cf8830ca45aa57a4bd2bc069850cb009f58276db
1458121335.757828000     61 6b5545ef17117de62580356e9823d1c5eccdb5b3
1458121336.268488000     94 cf8830ca45aa57a4bd2bc069850cb009f58276db
1458121337.068965000     94 cf8830ca45aa57a4bd2bc069850cb009f58276db
1458121343.685332000    190 ffc53683989acd82601ca30101bb7e32c59e557d
1458121346.617821000    207 e73320029296172238fe22c8d8fb7f96e8ac9b3b
1458121354.945616000    211 744f80690ad53723a8f13886b0df6838ac02bdf4
1458121355.042854000    241 4a78b4ec3d2220e43b95e237ede9ea1030f39a64
1458121357.691222000    160 49ed391d70ca7a429ac8543d67fea8e6def6aed1
1458121357.735857000    190 f8fd60a287bb4486c83079332e2c0c8256eb574a
1458121359.327205000     90 e97185f3026903b0f56d1affb28f7ff4dc82d6b3
1458121359.327326000     54 b9f276a25587bb9a515491740769a1741afb4e07
1458121359.334101000     90 f651ba28b2b6e122ca6fd2f80006e11aaa8e91e6
1458121359.334207000     54 ed42faaa62b737ac92e0287c39dba97939f8f94e
1458121359.334372000     90 e97185f3026903b0f56d1affb28f7ff4dc82d6b3
1458121359.334386000     54 6fcbd9bc4baa8ffcea2979cf1ed45f8956e00f13
1458121359.334467000     90 f651ba28b2b6e122ca6fd2f80006e11aaa8e91e6
1458121359.334559000     54 62643d9ebcd5fe084e3773ced9094a65451391ed
1458121359.336884000     83 e90e48dafe133058eac1791b36c560d5e65cb2bf
1458121359.336941000     63 48520b68b77dd9198322839c2c9885e120fc0879
1458121359.701710000     54 0615182f7dc398cd8f25d871018baaaef72e8767
1458121359.701771000     90 f651ba28b2b6e122ca6fd2f80006e11aaa8e91e6
1458121359.748763000     83 e90e48dafe133058eac1791b36c560d5e65cb2bf
1458121359.748808000     63 d2357bba8a0966d3858ab22b91a0d39f16f0ae23
1458121367.743791000    243 3625e40a3dd6b17d27a8fafafe895ec3791ec779
1458121370.943169000    243 bcbcebde12556dc9ce4ac94f1977b3bedbaac9e4
1458121373.687634000    192 338b2f3663bfa2728fe46ddce507cc08767c46d9
1458121376.612109000    209 e96ef25af14bb1ee312684a96664ce4407bdef40
1458121393.009767000     61 0aa68b6fa04a14652a60dafb6825fc59b2b2dff7
1458121393.009795000     94 c338e29dd8987b58eefcebed0f0172609b1f6d2b
1458121393.021360000    156 7bc10c087c81de7ed8e5d348aba851a1e507b4db
1458121393.021392000     94 2438f19a6f3de03be290d1991300d31911acc512
1458121393.570432000     61 0aa68b6fa04a14652a60dafb6825fc59b2b2dff7
1458121393.732649000     94 c338e29dd8987b58eefcebed0f0172609b1f6d2b
1458121394.170341000     61 0aa68b6fa04a14652a60dafb6825fc59b2b2dff7
1458121394.532450000     94 c338e29dd8987b58eefcebed0f0172609b1f6d2b
1458121394.532478000     94 e97106686ba786766688d4bf9e2a387f888da2f7
1458121395.332271000     94 c338e29dd8987b58eefcebed0f0172609b1f6d2b
1458121398.039482000    112 6266ad712d2eab5283fb38e8dac21dd189922b8b
1458121398.039537000    112 814e05e0b66b762bc1efe293234d5173a58e3f08
1458121398.039537000     61 18aa53328281577efec0b00d57725c5aa1803631
1458121398.039582000     94 e6ecff9b6074f20672a6c88d085724b09cff093d
1458121398.039582000     61 0da9c539803bd8a05457c69ce5f697a75b257d40
1458121398.039622000     17 8dcc8f9874f326e08cbed1eaf803fae37ba8796f
1458121398.039623000     94 44010ee702a0ae6c52f2d6695dc9ef4381837a7b
1458121398.039665000     17 aab25c75c2afdf00fdefd783133284425c6e80a6
1458121398.039665000    100 aa4bbe5dfdaf0ac5f3099d15a11b42aea84d7ef5
1458121398.039706000     18 92a54d1c9787ae17a65e9b83d33050f1fae453d2
1458121398.039709000    100 d3dd34d949b65f9fb507f70a316d4bd2f4fd8788
1458121398.039752000     62 bcf43cfb9b414e8dcd5184878e0af08e83b4d5f9
1458121398.039752000     18 570cb741c4dbe908e22bb1d52d99f8900f3e21a0
1458121398.039794000     32 fee3fa439c63e44b931de1e7f41b1466510b54fc
1458121398.039793000     62 24ddd77a381ed69699539cba127c8374e09077b7
1458121398.039841000     32 03c59fcabb7d53d348427e9d78afea26e62f667f
1458121398.039841000    218 67319fd313014c9771646e2c963b94d4aa3e79d4
1458121398.039867000     18 d3b954d8c653ee6c9ae8492ff6b635cce190fb6e
1458121398.039897000     18 56ac342c24b3c68338591b1562153b635961fb7e
1458121398.039933000     32 06507ffa883f5d295ff42f78f769e29dcff4791e
1458121398.039981000    113 b55cda33b91bdb06af5db1f00614df8da7267549
1458121398.040005000     18 faeecff5f42cd8637f294a1386aa34a19299defe
1458121398.047139000     17 f023e4583a1595b4f2dd448046c388055b4656df
1458121398.047184000     17 aab25c75c2afdf00fdefd783133284425c6e80a6
1458121398.047249000    167 d542b78f20dafdb5cdc8b1268367a7daaed2d4c7
1458121398.047316000     97 e8decba8991db885d0fd8e948c6a97cabd0bf151
1458121398.047692000    139 a34fd9f6930cc63a051a99f30025bc30ec49eb73
1458121398.047765000    138 23a700cb1127bb350140e43c64e3ad8262e42067
1458121398.047915000     85 6a20a960ca90f512d875800125cc7d94a025d7b9
1458121398.047962000     85 02a572820a648472acda71b9c7811c6514ab038e
1458121400.049459000     79 1f84419c2e420357f9640ab47d64008ddb9fdd6a
1458121400.049530000     79 92529a428459c31fe1ef4d25aceae17c93db0f21
1458121403.672157000    190 ffc53683989acd82601ca30101bb7e32c59e557d
1458121406.591515000    207 7eb526ef4666acfb8505c0237b664073dc5caead
1458121427.956373000    192 338b2f3663bfa2728fe46ddce507cc08767c46d9
1458121430.926093000    241 762b526aaf20b605a908feacb7759e3275a1ce51
1458121433.725471000    207 611be41bda8c348701023b63b21f17b925d0520b
1458121433.893568000     94 79d857e4f0aaaebe719e9da1d2b7482e19ba5885
1458121433.893634000     94 28c2ff6cb973e12196dec22e2cdecd8d3ad046dd
1458121433.893704000    209 41af82051c21c81d0256f213c641fa5a59aa01e3
1458121435.723971000    190 bfba8ea45abef182d3206ea4acca48fd1d6af272
1458121436.513157000    243 67d537adbcba671cb09ac30832ce03212cf7e63b
1458121464.090115000    207 7eb526ef4666acfb8505c0237b664073dc5caead
1458121468.559690000    190 ffc53683989acd82601ca30101bb7e32c59e557d
1458121483.584075000    241 6adcdd26abb12a10372f5eb21aa0fe934593646f
1458121490.004963000    209 41af82051c21c81d0256f213c641fa5a59aa01e3
1458121494.837281000    207 6b6851bdf53b68d01db05244a82a648f2992249a
1458121495.689232000    192 ce99e9cb5d734ece9cf39d4d4388b542851e6465
1458121501.561791000    190 48b0137824a26b416c6ebb23f60aea6aa7dda8eb
1458121505.608066000    246 a5f3b56634843fe46fea2ebbcbaeddf16989e17c
1458121543.561066000    243 6d87961b899f72d5a8c94a2229150cbe8c528bae
1458121554.818548000     94 79d857e4f0aaaebe719e9da1d2b7482e19ba5885
1458121554.818599000     94 28c2ff6cb973e12196dec22e2cdecd8d3ad046dd
1458121554.818646000    209 70c9fbcb7d0fd6177d56c40c4ebbb3cc9e4e1e5e
1458121561.537066000    192 4bbde204154840a0b20b3494c1bf36d5b85d89f2
1458121564.618462000     94 dafc0b3b003494e62c1e9a60d28bdcb819798353
1458121564.642816000    209 15b087b1e2a36a24881a762fe09490b7c45b1ae6
1458121564.642843000    192 2b28e759b8f46a366eed9562647683c5df5f4475
1458121564.642868000    243 f2185c1c670764438ac73d07fba7727a1f938d91
1458121564.642894000     94 8e3b1a8a81176bbf77e5566d4e88a4273baf47d5
1458121564.642916000     94 8ac969665f35fcbdde435a96d2427960efb9cefa
1458121564.642941000     94 aecffdfaab6f0f13b5a5bff2d3362f0a1a743b8d
1458121564.642960000     94 4ee4c99c67c141d8d4db33b481ee149f5015b979
1458121564.642978000     94 a21fc9f86bf945648134e766b32f8c9ca48170a3
1458121564.644749000     94 00391b453bc43eae8af650decf62b1673cc9936f
1458121567.908868000     61 3ee74f6991ceff2a82d346d66aeafc987d120a82
1458121567.908908000     61 e3beecbd5d388bdf7c144bcadf43cc86bafd19a8
1458121567.908939000     94 e63082988d8e0fa6f42679814b160440a0fc2e95
1458121567.908979000     94 54906b60a038e89aa94897e54c3b245fd06b3cf6
1458121567.909012000     61 fb83c848c6837540d59a779457f23bdd75f072a3
1458121567.909040000     94 05767689138b2c01aecdb22cedcd986598880722
1458121567.909195000    112 82852386079900a650617b20ba73cb4349ed7654
1458121568.366296000    112 82852386079900a650617b20ba73cb4349ed7654
1458121568.413467000     61 fb83c848c6837540d59a779457f23bdd75f072a3
1458121568.413491000     61 e3beecbd5d388bdf7c144bcadf43cc86bafd19a8
1458121568.413508000     61 3ee74f6991ceff2a82d346d66aeafc987d120a82
1458121568.643133000     94 e63082988d8e0fa6f42679814b160440a0fc2e95
1458121568.643170000     94 54906b60a038e89aa94897e54c3b245fd06b3cf6
1458121568.643187000     94 05767689138b2c01aecdb22cedcd986598880722
1458121568.897350000    112 82852386079900a650617b20ba73cb4349ed7654
1458121568.967084000     61 fb83c848c6837540d59a779457f23bdd75f072a3
1458121568.967110000     61 e3beecbd5d388bdf7c144bcadf43cc86bafd19a8
1458121568.967126000     61 3ee74f6991ceff2a82d346d66aeafc987d120a82
1458121569.426555000    112 82852386079900a650617b20ba73cb4349ed7654
1458121569.498550000     94 e63082988d8e0fa6f42679814b160440a0fc2e95
1458121569.498576000     94 54906b60a038e89aa94897e54c3b245fd06b3cf6
1458121569.498593000     94 05767689138b2c01aecdb22cedcd986598880722
1458121569.876432000    112 82852386079900a650617b20ba73cb4349ed7654
1458121570.270670000     94 e63082988d8e0fa6f42679814b160440a0fc2e95
1458121570.270707000     94 54906b60a038e89aa94897e54c3b245fd06b3cf6
1458121570.270724000     94 05767689138b2c01aecdb22cedcd986598880722
1458121570.399257000     61 1c6e046629809d92877be45428dd782ce6edae58
1458121570.399304000     94 167a85cfc2f91435390cd428f07de43c852a56cc
1458121571.258645000     61 1c6e046629809d92877be45428dd782ce6edae58
1458121571.290767000     61 5c880c12ce2ec9eafe3f4da72e8963fb56671ee5
1458121571.376739000     94 167a85cfc2f91435390cd428f07de43c852a56cc
1458121571.816578000     61 5c880c12ce2ec9eafe3f4da72e8963fb56671ee5
1458121571.816611000     61 1c6e046629809d92877be45428dd782ce6edae58
1458121572.176423000     94 167a85cfc2f91435390cd428f07de43c852a56cc
1458121572.276397000    243 7cbb2aaa5bfbc1edcf8451ab09acfd8290124fa8
1458121572.356337000     61 5c880c12ce2ec9eafe3f4da72e8963fb56671ee5
1458121572.356389000     61 7f8c434c3f84a807a638ba804c89a865aca0908b
1458121572.897825000     61 7f8c434c3f84a807a638ba804c89a865aca0908b
1458121572.897902000     94 06b8e859574e9b89c28dba1834d2ac5ab770f065
1458121572.976075000     94 167a85cfc2f91435390cd428f07de43c852a56cc
1458121573.439317000     61 7f8c434c3f84a807a638ba804c89a865aca0908b
1458121573.675796000     94 06b8e859574e9b89c28dba1834d2ac5ab770f065
1458121573.775758000     94 0a4ad0a40a72441539157b21d1070f62e1994659
1458121574.475474000     94 06b8e859574e9b89c28dba1834d2ac5ab770f065
1458121574.575424000     94 0a4ad0a40a72441539157b21d1070f62e1994659
1458121574.979560000    192 6e3efda254faf6167a9e647b5c0445f916cc9be7
1458121575.275169000     94 06b8e859574e9b89c28dba1834d2ac5ab770f065
1458121575.375127000     94 0a4ad0a40a72441539157b21d1070f62e1994659
1458121576.174819000     94 0a4ad0a40a72441539157b21d1070f62e1994659
1458121577.974424000     94 30579650a788a03b1c25d7b67a3e273e2afa10d9
1458121577.974478000     94 28c2ff6cb973e12196dec22e2cdecd8d3ad046dd
1458121577.974530000    209 f926418f8ebd01f3d1cc56183f1359543762402c
1458121579.085937000     61 6b5545ef17117de62580356e9823d1c5eccdb5b3
1458121579.085966000     94 62ddf2178274b299e4b6f4315a53d0c00a9599ad
1458121579.602030000     61 6b5545ef17117de62580356e9823d1c5eccdb5b3
1458121579.873974000     94 62ddf2178274b299e4b6f4315a53d0c00a9599ad
1458121580.141892000     61 6b5545ef17117de62580356e9823d1c5eccdb5b3
1458121580.673792000     94 62ddf2178274b299e4b6f4315a53d0c00a9599ad
1458121581.473634000     94 62ddf2178274b299e4b6f4315a53d0c00a9599ad
1458121604.967162000    190 25871eda993299ac6f66389447e3ec8e3a8bf17d
1458121607.966483000    207 4cd64f4d686a714bd539bbae103dbb16b850e2a1
1458121616.265821000    211 744f80690ad53723a8f13886b0df6838ac02bdf4
1458121616.376369000    241 2b7acea08f2861149149fa394bc3d6bdf03ee56b
1458121618.969503000    160 49ed391d70ca7a429ac8543d67fea8e6def6aed1
1458121619.018856000    190 e07a514e61e987e90442240937cab6cf3a761403
1458121621.964543000    177 ac5ef137912af8162d6feb513533044a00a23f16
1458121622.015500000    207 1f69247e807e5834c8075966ef1ceeac8c28a98c
1458121629.066379000    243 3625e40a3dd6b17d27a8fafafe895ec3791ec779
1458121632.262224000    243 bcbcebde12556dc9ce4ac94f1977b3bedbaac9e4
1458121634.965902000    192 338b2f3663bfa2728fe46ddce507cc08767c46d9
1458121637.960953000    209 6a9d85212cf9f9ae98024952b06cf0f703362594
1458121659.514401000     90 e97185f3026903b0f56d1affb28f7ff4dc82d6b3
1458121659.514425000     54 41ae5e69d2caeb28d9c1528fd9924d2e92cb92ab
1458121659.530284000     90 f651ba28b2b6e122ca6fd2f80006e11aaa8e91e6
1458121659.530416000     54 d959ae6108b0001bfbafdb33f1384ba0c98e2210
1458121659.530559000     90 e97185f3026903b0f56d1affb28f7ff4dc82d6b3
1458121659.530589000     54 3b05ebf66906c7ba1eb123ed281e3c8c0093bdd2
1458121659.530699000     90 f651ba28b2b6e122ca6fd2f80006e11aaa8e91e6
1458121659.530788000     54 6fa3944d985d5d5e7871243b796556080e95557d
1458121659.532255000     83 159da4c3137b5232cdf39ee50cb5278169adfc95
1458121659.532311000     63 80259f701200bc6370722b36d48265fa04c019eb
1458121659.700878000     54 059c09aa5fd500533316648ac571bd242c53df5d
1458121659.700938000     90 f651ba28b2b6e122ca6fd2f80006e11aaa8e91e6
1458121659.947546000     83 159da4c3137b5232cdf39ee50cb5278169adfc95
1458121659.947586000     63 ad4ea2b09b89f74ece3c5dc047187ed845f03af6
1458121664.953695000    190 25871eda993299ac6f66389447e3ec8e3a8bf17d
1458121667.953014000    207 4cd64f4d686a714bd539bbae103dbb16b850e2a1
1458121689.243329000    192 338b2f3663bfa2728fe46ddce507cc08767c46d9
1458121692.247538000    241 fd273acf21b556134609a7b3b4f72bd7308a80f8
1458121694.654879000    145 5c8788000ad968490f26e4c8e82e4182c41f26d9
1458121695.242430000     94 cc39613b222ce568a8e87c669ecf4ba4241126d3
1458121695.242486000     94 31ee8ad18a506c7b5a13d04ff74eb412ba244f44
1458121695.242534000    209 6a9d85212cf9f9ae98024952b06cf0f703362594
1458121695.655534000    145 5c8788000ad968490f26e4c8e82e4182c41f26d9
1458121696.656345000    145 ec5fc6f5ffb4ee97b7430cece9319992eee6471a
1458121697.823177000    243 67d537adbcba671cb09ac30832ce03212cf7e63b
1458121698.658522000    145 e125f3be4d5a70d3db12e2d0c37526f85789254d
1458121702.663972000    145 0a3e90efe945edd1924453ac0edeff9eaeeb8c31
1458121710.672558000    145 3fde3b64e152ffea45294f7f84e7765910f6ebbf
1458121714.779848000    112 2cf66a9ec21bdbc62158bca0aa5cbde07868f63b
1458121714.779880000     61 7418a9539b1abcce2cde27d022c057bd7bbaf2a4
1458121714.779902000     94 ad2c65ab7bfc7e15e2b29f7bb52a4fcbbb43f5db
1458121714.779923000     61 c2bc6c70beb340643684aaaa8519e0b381fffb75
1458121714.779945000    112 09192cc5c0c50b8872c0960b2767aa5709d45015
1458121714.779972000     94 6e2b803e79c24bfafaf114d3216231d9d205fb1a
1458121714.780357000     17 8dcc8f9874f326e08cbed1eaf803fae37ba8796f
1458121714.780378000    100 0096dc2ed95e3d3bd21773379416281d5b9abbaa
1458121714.780398000    218 561a228b35db3f3c295aa07165cd58330073b3f2
1458121714.780401000     17 aab25c75c2afdf00fdefd783133284425c6e80a6
1458121714.780427000     18 92a54d1c9787ae17a65e9b83d33050f1fae453d2
1458121714.780444000    100 ff71e2a492bbe9112384a445cc082c31924741a6
1458121714.780474000     18 570cb741c4dbe908e22bb1d52d99f8900f3e21a0
1458121714.780520000    113 56186aa22e8080b67d7cf4483ca55e1c93308f7f
1458121714.796030000     32 989d2816b4b91ec8c5811c3d3e795739c20f00c4
1458121714.796080000     62 b85052dc422544e89d868013ffe9c71fbf474021
1458121714.796087000     32 a79453aa62dcf4e37c1b66be946250cdca5f0488
1458121714.796111000     18 d3b954d8c653ee6c9ae8492ff6b635cce190fb6e
1458121714.796146000     32 cd756f8dd46af2e1e9873fece82b0d11c4fca074
1458121714.796148000     62 b3a8530da8c192c0bb5a3c342d81d5d409386c21
1458121714.796171000     18 56ac342c24b3c68338591b1562153b635961fb7e
1458121714.796202000     18 faeecff5f42cd8637f294a1386aa34a19299defe
1458121714.796246000     17 f023e4583a1595b4f2dd448046c388055b4656df
1458121714.796309000     17 aab25c75c2afdf00fdefd783133284425c6e80a6
1458121714.796381000    167 aa952e073ba34cbfc7a33936d8d8a55f5e4a9bee
1458121714.796444000     97 b0526407fd7d34f293d8424355f2709ef99ca33d
1458121714.811644000    139 e1f8e9b629728653978c4c5947156f3473eb1200
1458121714.811704000    167 b4ffe8628dc6b070bb1185d34db186975e838992
1458121714.827067000     85 fe36d69fcca7cc195dcd943d041abc76d7d78245
1458121714.827126000     85 3aa27c01cd4a50ce1595a3ec8cb0cb7ed670de8b
1458121716.021129000     79 1fec7c4a363357eace53ad4e736638d9f2fa545d
1458121716.021195000     79 e4f8061aa648cdc72aa9c1d4f407a2bdc5ff72c8
1458121716.891689000    112 3a442e77987e6a445842fef8ea5e64574f0562e2
1458121716.891723000     61 a56c1a39f439e071cc5bf77d8aa4695cd9afa539
1458121716.891747000    100 1d326515d9f440deb5d56eb0ee5b5a27575e84b1
1458121716.891749000    112 9ada3a633287dabac140d99b3a5aed1a4d2fd5c3
1458121716.891781000    218 f516397a73a50bb6de82bacebc6a656e4ccf1d75
1458121716.891798000     61 d1006a615e5816d3dd0a5f68d266d1f68ea5dd1a
1458121716.891817000    100 5dc31bbfa432b440fd21c15ca4864577e98a3c8e
1458121716.891871000    113 e401ec1c77a09cf0f89bb3903b623ebfbd77688c
1458121716.897340000     17 8dcc8f9874f326e08cbed1eaf803fae37ba8796f
1458121716.897359000     62 f2b58ca0ad39f25fadc7e12ab0cfe77c76674301
1458121716.897388000    148 fad75d718663ebab6e5755f826c134a6de3cde75
1458121716.897388000     17 aab25c75c2afdf00fdefd783133284425c6e80a6
1458121716.897410000     62 129bb648b37a2dbce6b2e7e4f956482563164141
1458121716.897426000     18 92a54d1c9787ae17a65e9b83d33050f1fae453d2
1458121716.897449000     18 570cb741c4dbe908e22bb1d52d99f8900f3e21a0
1458121716.897493000     89 a16786bfd376c721a8a2c1cd32762b67cb2477ac
1458121716.912953000     32 8336ca348163117c2233dcd837c3636c9e7f0c63
1458121716.912992000     32 723a38c07342be4848fdd09fa258e6ac0ae12e24
1458121716.913009000     18 d3b954d8c653ee6c9ae8492ff6b635cce190fb6e
1458121716.913039000     32 dfea2e1c6a58379adfc53b7d8862e298a8e79a5b
1458121716.913056000     18 56ac342c24b3c68338591b1562153b635961fb7e
1458121716.913082000     18 faeecff5f42cd8637f294a1386aa34a19299defe
1458121716.913113000     17 f023e4583a1595b4f2dd448046c388055b4656df
1458121716.913148000     17 aab25c75c2afdf00fdefd783133284425c6e80a6
1458121726.004190000    112 8dd9e3c30da9e6286c8f3e0c03633a499cfa3df3
1458121726.004222000     61 d875acefa49209069ff52709efc8d80461b37385
1458121726.004246000    100 3dd651971f461e66c254c0e9025d7bb464592452
1458121726.004270000     61 8e2320a899bd2f11c161ed75c7346d75109b4257
1458121726.004291000    112 a654814c55f21985f1930c171809b4fe1eed8f6d
1458121726.004321000    100 fae44741217b4f8942b6363ecdc8f0d0082075cd
1458121726.016821000     17 8dcc8f9874f326e08cbed1eaf803fae37ba8796f
1458121726.016840000     62 a52d891c7902bbc17a73be1c62dfbf016c4cd30f
1458121726.016860000    218 c7e5da350cad8803403ada5bd238f7daaa80dff1
1458121726.016881000     17 aab25c75c2afdf00fdefd783133284425c6e80a6
1458121726.016899000     62 98281e174829a36711df8319300b716611482ad2
1458121726.016945000    113 282bd25dbd859d7e6bd39b750918850db1b1eccc
1458121726.032443000     18 92a54d1c9787ae17a65e9b83d33050f1fae453d2
1458121726.032490000     18 570cb741c4dbe908e22bb1d52d99f8900f3e21a0
1458121726.032529000    170 531f0f16dcd6c27143e045c00eca606f51dedb40
1458121726.032547000     32 3eeb09ee581ff1c35e85d8f72f1b4a0bdda8819a
1458121726.032573000     32 ded1b233ed6223bcd53461657ccf6e3613339f73
1458121726.032590000     18 d3b954d8c653ee6c9ae8492ff6b635cce190fb6e
1458121726.032701000     96 45935016361125985f5bf5017b520f3cbcfb8da6
1458121726.048105000     18 56ac342c24b3c68338591b1562153b635961fb7e
1458121726.048139000     32 8020c966b52f1ccf3aed9c4f41cd3297dd711603
1458121726.048175000     18 faeecff5f42cd8637f294a1386aa34a19299defe
1458121726.048236000     88 9df89a11006cdc10c690e753fcd63f5f04c51282
1458121726.048258000     17 f023e4583a1595b4f2dd448046c388055b4656df
1458121726.048285000     17 aab25c75c2afdf00fdefd783133284425c6e80a6
1458121726.048316000     88 5ec58c9fb9c610cdbca67921d4e807d0420fc955
1458121726.083457000     88 7d8776ea595ccfb81ed99437a3a16bdf437f009d
1458121726.083530000     88 946e3faf435498263b46c960ac1214d092437374
1458121726.096392000     88 e1a288799fc3f0830811a788ceb4a4b85aacc479
1458121726.096458000     88 a5d25b607e40c7547bec588337c46cb6f48d7fd4
1458121726.111279000     88 564dc8b2dc4412e476386b261f44b8cee5a7f3e0
1458121726.111350000     88 d6e21f3ac6422b91e877e031e23d8e70ea05918b
1458121726.126334000     88 f9005354b78d3dd2f801823d41b4a1b71f6cdb63
1458121726.126385000     88 071a27106fe5ebb482fb02f433f3789601b7f031
1458121726.141981000     88 4e3cce482867c803561a523189180b48ea9fa8f4
1458121726.142038000     88 a8ec4f2d0a38bc976342c243d165fb5e3ccd245a
1458121726.157911000     88 8b74cc31a0c634476831a1c6a6714baaaa1dd16c
1458121726.157975000     88 dfa9ef3c5cd54ac0f9b1db8a1a5f20f1378cfb78
1458121726.173220000     88 0035a2d06e41195cf9e45a9c5480f579906f60f2
1458121726.173269000     88 1a95e3088637f6fff9dafbc75c25f1101f6cddfd
1458121726.188923000     88 64b93fe2b734820aa784f66af8131d1be28c788e
1458121726.188980000     88 a355f3f2dce3f8f35efcc3c02929493c8e75086f
1458121726.208127000     88 64b04da2176351c093a81c7dd06a55e46c5bce85
1458121726.208168000     88 b864ff6d98d2ffdb062b355e32a5215a85657484
1458121726.219967000    101 1b058076f45b6940d9a21fd723314bfaeda65951
1458121726.220083000    213 e90b102f78f37def946246f398a62e1248fec2ca
1458121726.235585000    109 85a04359d9bf3078a3ad51633fbd989c7e04ef89
1458121726.235662000     79 6eaef15c3da2e7ab79829c76704b3c7387912cbd
1458121726.263910000     79 fed52a10f9af6d2ddfe16db187b200dedfbddf81
1458121726.263999000     89 e0a326c9bad7426aa56b44a367aed672e00e05ee
1458121726.266931000     79 9ca5a90a5692c227e8d0075cbd09e54492f4e145
1458121726.267015000     89 d2ac85b1c5b1a3e0eb5956fed91dc80c7816a72c
1458121726.282634000     88 f0209bf0fe0d01c2a95f7426fe03f820baa37dac
1458121726.282696000     88 00bbf4a8d087e25c17cdde286bd8ac95b7bb2f76
1458121726.302008000     88 b8d608b70a01d6b5cfacc045080c9ac7ef6d8c8e
1458121726.302073000     88 d62fc7e7d5fd42f33a48b3d4a0a3406e05f5c451
1458121726.673099000    145 bc84b04953fb2a0e53deb0e44d89fa709462a0e8
1458121730.207733000    120 7be1138daa17eea6f91f4e1622e6b3d87b979a7e
1458121730.207855000    109 87eddf20219618b672f47a76ee10ab686b99d132
1458121730.208373000     85 f19a968cef631338b0eaaf322f3b0e5fd909888c
1458121730.208465000     79 92acf1489af29c3fa265178a1c6340e87536be90
1458121730.208591000    122 39de955afd2d5f697b42ca06137575b4c646e6d0
1458121730.208680000     79 c43a86d2c9b11e2f28f3353f704e8e5aa1596c45
1458121730.227362000    120 d455904ff89c0e984139054a7951fbda1292fe74
1458121730.227471000    109 7a44de5674c413df8460f2ddce89615c88eda6b8
1458121730.239651000     95 2cb7f733b952dad37444adc98110daa9d871bcd7
1458121730.239965000    135 fcfdcb776b3c7c23258f33f0dda18d6dc1117c61
1458121730.255238000     85 ce378176655e729262f4842c1f0fdea644f05096
1458121730.255304000     79 927d6a43e31e831f3279ac78917e0c695a8e6c89
1458121746.794542000    192 338b2f3663bfa2728fe46ddce507cc08767c46d9
1458121751.353830000    209 6a9d85212cf9f9ae98024952b06cf0f703362594
1458121758.673357000    145 9075f30aa0573b8709ae6d9e97623a9ae099fb6f
1458121759.014621000    243 67d537adbcba671cb09ac30832ce03212cf7e63b
1458121762.511221000    207 f2968cfa85d995b30bedabeb20c8d95d1c012755
1458121801.346210000    192 338b2f3663bfa2728fe46ddce507cc08767c46d9
1458121806.334540000    190 dafc25d112cdd9686df0eeb591ad926e52815c20
1458121822.483762000     94 cc39613b222ce568a8e87c669ecf4ba4241126d3
1458121822.483808000     94 28c2ff6cb973e12196dec22e2cdecd8d3ad046dd
1458121822.483845000    209 7eba5a59af772e9d51b1eeb12e6db8c5dae8c41f
1458121825.822449000    243 67d537adbcba671cb09ac30832ce03212cf7e63b
1458121866.333918000    192 f90a35ba6547920a9fc8782a6a8f83e36a35a707
1458121876.209993000    209 43853bca5638d3b70d22230b8b1d51f4e0602abf
1458121880.009325000    243 740c07c4a0c923b59cfe7549f03c0a50fbbb47cd
1458121886.995553000    243 907b2914680df5918403b54093110929a7ed1c64
1458121902.538139000    207 4cd64f4d686a714bd539bbae103dbb16b850e2a1
