1112048393.129282000     60 f8a619de9689bd62d8a4340a688be8caa38408ec
1112048393.129320000     60 39c24235b2765b688107f6a47847f120530fa2c5
1112048527.695158000    253 0a0e7b530174347c0f014a0914abd8ea002804eb
1112048628.854794000    221 af9d3768097b9a0a77291506133f576bc4ae5aa1
1112048628.855234000    243 238eadefe82cf5cf81fec021612cd62c7ca44bf8
1112048630.375312000    221 165f356400548d660fcebf0081376a505d4b09cf
1112048630.375724000    243 1dff537193ead02a5ac232e56e30d65f3f5e8a2d
1112048631.867668000    221 fb1623e9cdf2bbe6f328db6c0555e9208babc432
1112048631.868088000    243 d242f145bce9964c6cf4ec28de246f7f189861b3
1112048632.602090000    243 a0170a3b464c2a6c988542329cd3c98e9c742904
1112048633.367706000    221 625c77156401f50a2a380b8db13a2d43bd566cb5
1112048633.368110000    243 0b789e753db806a0d19fc9c29c10c4c64e138386
1112048634.867766000    233 79e8057ecd290bcd21a854813a45cad6f509db05
1112048634.977386000    235 f397f24cff1dbcf6fbac8393f40843be865c4c8d
1112048635.867806000    233 3b5e305f9d69922c1802c63a4cdb283df822d1c9
1112048635.883644000    235 f34b2b4a28e67fafbc0f75c5a4a696d42309329d
1112048636.867850000    233 241a4543a8d06d3caf337803fcdf45ed6e8a29ca
1112048636.961822000    235 dedd8ecb7e32097ea53e3247a90a58424ff10c43
1112048637.867900000    233 ec56ab26a67edd3bc752acda43d71bc0eedcdf2b
1112048637.899292000    235 e136b82f78b43d155dcf66174e4a5187df8d225f
1112048638.870950000    110 aebaa91de9c06b29b0b353cbbc19a542ffbe05ce
1112048638.871160000     60 50bcebe029c45ea45430c798c7da346e950d7cc5
1112048638.871194000     60 0f6310661ba48fef5fc848d65a43ec1d3f4f9e53
1112048638.871294000    104 3a98ba29fcb5c1cf2093e89c167b14dea68b9450
1112048638.872120000     92 3b89e78c90b035c9fefa994f23c1417041a035eb
1112048638.872278000    116 b7607176810eaf37459758808ba3f4c90447c214
1112048638.872370000     92 376c5f5adea309563f89de97c821199c1cb68f1a
1112048638.872558000    307 a02c6dc694496379a69b065e1456ffcab8ae22c0
1112048638.899318000    235 f60b45a8c1ef2f7ed0dff18922f855424f154a14
1112048639.899340000    235 fddf4d1afef190a5c037196cbb77ace444af49dd
1112048640.899366000    235 658176f081d3dd0b1affc226cb2bd2cc436cf90c
1112048641.899434000    243 7a1eb56d59cfb270e506a3f944def260b6369b83
1112048938.884136000    221 6e779811c9a380c7b60fef9934755196e7583a56
1112048938.884572000    243 192f2fb32320a723af09cf103ee361f7b38a9a40
1112048940.405282000    221 8277270d4eef4b978d6ed1f94f381953e199d825
1112048940.405694000    243 915bd294c5b7d03c076529a79673bd98748cf4d0
1112048941.897026000    221 aedcfc31f5cd247f7f9a6cab5130c7482954cad3
1112048941.897432000    243 6dde8a6cb6ae7604c71fd97fbee936d6f77ff7c0
1112048943.397096000    221 d5fda5581e868b674b5d461bddcafcea5c1fcff0
1112048943.397498000    243 225888782a8ae3a7f208ab9eb0b8c835da2b9686
1112048944.897168000    233 2c800931e371b946960f39ed7df1b4fd3d210ad9
1112048944.997216000    235 a2f207ba8a0bac1106e14602c48a6951d66c4fa1
1112048945.897250000    233 3a4e6e337ee93886d49155026bd322f90081e631
1112048945.950350000    235 2ca869302eb7b2c8e6d034233e0565830fc2b911
1112048946.897254000    233 9fa198afd97080b8cc20bd8e3f0f5e5bdf7d9b97
1112048946.981618000    235 f9067bfd89fe905a5bf46905701aa1b3356913eb
1112048947.897294000    233 84002c00a7d427123e3fe338e1958c9025d7eaa9
1112048947.950372000    235 1e6e7d6f2c641031eb80345a3fd3e2749c476b1f
1112048948.900184000    110 bf62aa39e9c106c9b3bd793c7b118c7bd1ea480f
1112048948.900392000     60 f76e201c06d5bb92bed6d1ed69b612ae84bbd7c2
1112048948.900424000     60 80b48eef28477417bbaa3f27f8d1627b98842815
1112048948.900526000    104 28eb34255e2e728034ac4e66c7391ffde30fe2b6
1112048948.950398000    235 ce4ee2f54933c4d7a64b50805f0bcf80ff66f565
1112048949.950428000    235 547651e47dacbd8da73aac5f9a6e1b7a1418ced2
1112048950.950432000    235 e6dae12deff61312585d01a303fa627ecfeebab9
1112048951.950520000    243 b2ccf239750d6de91b320a01d35de85446389c7b
1112049248.913436000    221 63c8ba4f82c8e6aa3fa2930e429d2a452b52d4ff
1112049248.913874000    243 8e9fd3949753902f3a54b6f9fee9999393a9d9d4
1112049250.434660000    221 a5eff5ee97642f4966f82dc44174333fd61c0ac9
1112049250.435068000    243 873b3941a76c5b9d354393862e4fae0513983338
1112049251.926412000    221 43119e3d7d73a47d092ea0942776df861629bc1e
1112049251.926814000    243 a62b70b7a039acdf2c966724b15e2178f65996f2
1112049253.426466000    221 47e0d2fd0428f124ff8895ae8b79aca2020944b6
1112049253.426882000    243 9f64872cdc18a34856b55c0638f4bfcb32f5ccbd
1112049254.926546000    233 9cc0b62951a6bad0f7282a308ee4ad2bb5104b09
1112049255.032678000    235 cbe76bc22e18ca66360a03286d4a09d2b9af7461
1112049255.926586000    233 88dfac63b11a5224b07664707c12b0767d4e71c9
1112049255.938938000    235 0ad5a1e34dc2ec0a083150b98ca995d07df609bd
1112049256.926672000    233 90b24ca1d6a2fe0eca906aede8048df8d532a4c1
1112049256.938956000    235 056ef6702efb1b68e5b0323d364e37243817cea4
1112049257.926674000    233 2424a72167695a85fb7e29b54f4709cd866c8167
1112049257.970216000    235 8c4fa68768496ad48f119cc6cc4802dca1f046c4
1112049258.929558000    110 0e587934f5af76def0521b09321d3b965aa4ed07
1112049258.929764000     60 cec16760d333eb7b4fd8015a16e74e0bb5771625
1112049258.929798000     60 094841f5f21c28febb5d4ea637723f2ff627b2bc
1112049258.929896000    104 f840c19321fb1fd907151c4891d53490444eaeb8
1112049258.970238000    235 3c0a39eb3c59140fa50293d4ca5c851238aedda1
1112049259.970262000    235 99411860b2bbe9797ee64f521eeeb7c225cd7ba7
1112049260.970292000    235 09f29b850291da595227568ca8522d535a2ff771
1112049261.970366000    243 cc5c2fd97eb2e3a1942bc75dd6274467e08c5217
1112049313.744170000    216 e2cf18dabf69f089baeae90fa9150b753692972a
1112049313.744488000     92 9ea397aa5478d410a95ea194663725cdb55e209e
1112049313.746048000     92 efc9f7e9036ede105a535bca2ec2df2e14ce2303
1112049314.486542000     92 f0b65264be26e0126b428dfa608dd9e18bdb1d2c
1112049314.491662000     92 636f85e28eeabb2241b6672bec1ffdea2ba137f3
1112049315.236534000     92 f3860c295609c4b231cd8db2b73d27f6317d749d
1112049315.241690000     92 b2a26c491fbacd2c34bc7cf2d663b47dd06f82db
1112049317.992134000    216 d2aac6d884cb74b1ae0f15c23c2ad828ef456b97
1112049317.992262000     92 d08647c613120e8de280402efea384e3bfcc21bd
1112049317.992478000     92 968afa84087a77a14d4bf7e30fe60b409c19f684
1112049318.736604000     92 0bfc39e4d0cb95075f14f7084c0171bed9cd2193
1112049318.741848000     92 f42a3d6ed1c84d6d6c022410f5fa5f14bad5d719
1112049319.486604000     92 d2c95bba78abe07ead58d95f49ebf3ea9c8151ff
1112049319.491876000     92 ceb1d2f19dbb659328ca3a0d999bbd3d9a5308fb
1112049322.242164000    216 5dafc1618b1d5871bbf2b036be8491ed50d211bc
1112049322.242294000     92 467ee5362ca4bb3dcb827ece1523c6f0b0cc5f80
1112049322.242494000     92 b28b8a28c423bf3329ded74e22c90d539947008e
1112049322.986656000     92 69bb6786c7e30390ae2b2dc03f666726fa3a45f2
1112049322.992116000     92 8d45de35d692ee77856296bd293c749916e91b43
1112049323.736674000     92 4561724a76cd526e2568589da1077b8349f2c7bc
1112049323.742070000     92 1ddb15caea01726f640a42b9a817e46531bef3ed
1112049326.492326000    225 06c0eccd73cca351e2419bd02a32488641dd2015
1112049326.596168000    235 5cfd103a68b73e4488f7fd2a5e6a581d3ad1a2a1
1112049327.596192000    235 3625be062faf5269bc1cb5b9928b4f9014245c93
1112049328.596214000    235 69dcfab0778cf40fca4de5524546100e6d335559
1112049329.001660000    233 ca0d9286f09782236e41b4d21e77d689841fce4e
1112049329.096182000    235 6544f2a3ab1f345811dd539908bba0727ba9b125
1112049329.992476000    233 3a2b297fffc18c3d0e671ef4cc91b47b2378500b
1112049330.049322000    235 262ea17a1d07c3591a4986376dd5d3f82072e766
1112049330.992538000    233 4efd558e436d41242bc54d73be8d97a4e0812133
1112049331.049336000    235 87a209aec4aea634d56eebf23c6ae9e29dd72931
1112049331.992570000    233 cf8f1c39e8360ce75f8261754653a3e0d308e3e4
1112049332.080606000    235 6753986c6059c0f18d803eabbe0e80e8d79fa0e5
1112049332.995792000    110 56b7afd409a34b202502f8134cbffb18e7cbf17f
1112049332.995984000    104 a46ab0d16094bacc1fea0fc35cb38b49d8078b4c
1112049333.080624000    235 1aa048254532b953237edff5a4679be1575f577c
1112049334.080650000    235 366aecfd218b49c09b28171ebccff7ce32ec5678
1112049335.080662000    235 34a64f628b682117e55296f329e4b6ec95f04ae1
1112049336.080756000    243 4f2a68349c35eed148f062db1ba81f82955a5f2b
1112049351.134026000    243 086366ce1bf9de28fc645e94b7486ca7a70955af
1112049427.707338000    253 00e375070882fb7cdcd2b01ec534471149c6e3a0
1112049633.008924000    221 d1156ea352176d774d04dd93b456f190c0642bbe
1112049633.009352000    243 4ac6a551a98694c694fb2c4048719526ccacbdc1
1112049634.530092000    221 ddcd9fb669162ddcb677f3bc52d6726dbf49b827
1112049634.530502000    243 ff0a5a2813b9620f5f3936f21897e4927eff33ab
1112049636.021582000    221 45c2268d176453be612ebdcbc398ae742c3499b1
1112049636.021992000    243 afea5543dc50a82f2445f5c2faca134ff0a46537
1112049637.521650000    221 ef9455e579844d13afa655d1cc75cc07cfb6be0c
1112049637.522064000    243 edaa1aac91dde26b9744cd8fedbfc3a7e2b4beab
1112049639.021762000    233 35049d9b8179743a17d3f46433536ad9d654427a
1112049639.116050000    235 244e553ef6b313ffc6a3bfca797f51318f7428be
1112049640.021794000    233 3c4b5ef2b360087e46ee5761a3076a48ca4210fd
1112049640.069174000    235 4f0dd8a789dce80a1624b31f88374c5044fd7b86
1112049641.021804000    233 e0c9ab624c287e698247d2682df40b614bfd07da
1112049641.069186000    235 b1e6568da906b8b877b1e5cb39149adf2358e4b3
1112049642.021848000    233 0b5bd457540f2882b507d128e97c0d13e491eb71
1112049642.069200000    235 ed00d6935cb2376ffc7392bf5dd4356feb14370d
1112049643.024894000    110 5cebb9131b4c95b6ee1f9dd614474d72014a4b6a
1112049643.025096000     60 057e06fc0a5c2a6f92d737ef00b1be963b1c7ac2
1112049643.025128000     60 ec7dc06c10cdc7b77a265fb628c8fb94823daf9b
1112049643.025226000    104 cf38c11cbd232db73428f42001adc837b4303cd2
1112049643.069218000    235 918a5c8ab73e4c565db35a0a22b71e35f1733a2c
1112049644.069254000    235 7796be9ffe9dd714bf5f521bec0dbf88eab04a3f
1112049645.069266000    235 eb4f539dc162d3c6a1b56d459e8ad673057bf2c0
1112049646.069346000    243 f08a2b4e66b3005df07fbe022a8c5b9681102e11
1112049943.038156000    221 eb46c2e0206c2d2b24adcca99dcc41456bcf76e5
1112049943.038586000    243 90ca5ef3a560dd50d8c7a7887517a57d00399591
1112049944.558644000    221 b1b9bb0d0148a609f419a72df9a51f171470887c
1112049944.559054000    243 767a05a8bf8b28d8223014a7f60c4918eaaed3b3
1112049946.050952000    221 8b12eeedb9237fa1e446d59bb4d64f703bfdc9bf
1112049946.051356000    243 63bfbc147c7f5e3eb8b6a4f028dce4c66d269179
1112049947.551030000    221 b610c2179992bf2566b70531865be053e0e80c84
1112049947.551444000    243 d35561796104f062652375e25d98794d30ef3db3
1112049949.051092000    233 b75f58fba407a07c91314c39b82a20ef4b4b489a
1112049949.151534000    235 734438e2964dd594adbf0045e37d9adf036b0f6f
1112049950.051122000    233 8a10d0e0245a6d951664f6528d6d381aa3bd3287
1112049950.089032000    235 6706458c52ce128e60ec8a21b5cc32efb1f6f8f0
1112049951.051164000    233 cd91583c5df1e691b6978db9ddbd3edc2c7eb3d2
1112049951.104666000    235 16e4bc43652bb68c3256be713ee311331f03ac3e
1112049952.051212000    233 a67fd7a3fc5fa6f1c2fc5cc8d07ae7aa2aa5b539
1112049952.120314000    235 ee2f276e0860b2bbfc816fe683fc074126136c39
1112049953.054200000    110 4c619176b230d2f6190f2903a908b8abb34f26c1
1112049953.054400000     60 0007a1ab33bd3d9fd6fb77f528697df6ebcce208
1112049953.054432000     60 81ee013ddbf05bf1d8b2f7f7ac07bc5000ce27b5
1112049953.054532000    104 4a37707e49a2b18c2f666d5e7f51b80521116734
1112049953.055532000     92 70a704ba4a8f6da05d96bd21c3f61442e31535fc
1112049953.055694000    116 e952f042271d7c9fc09fb0b70b12498919b27249
1112049953.055782000     92 6ab5bb3a39f86e3f9d71a331db25eee52b1dd4b7
1112049953.055966000    307 573b0108ac34683ae5ef2a97b590a7eda225eef1
1112049953.120332000    235 70d5b5643c6f2cf5a1921365d126834be5fb9b51
1112049954.120366000    235 14bc3350ef06bf536e46d0663ea75675bd0489ed
1112049955.120376000    235 8ff33b1599ca563b4c23925750c402ae4b36f48c
1112049956.120460000    243 3a6da90336625ad97bd45778bd54b11d9795c548
1112050070.970358000    243 30a2934357db279ec7220d7b0cc48330ff8e8e5b
1112050253.067332000    221 615e6b1d00d2a864ef495e0887d995b2d0ff2e1d
1112050253.067766000    243 4bcda496f5a58704873199d1f1b639f8ca89001d
1112050254.587496000    221 07ad6105b71a48cdc72b8e93a98fbcfaba869ad0
1112050254.587906000    243 2e6f8ed0fe370e8e3bc60b4d80d73a95e9588577
1112050256.080310000    221 b8414ed3f41269725aa0c2a0b56e56e990f087ee
1112050256.080714000    243 99987d97a19fe8b773894bceada51ed1835455cc
1112050257.580416000    221 f0d822a765d88ca4e32c68a3eaa87b7679ff0c87
1112050257.580880000    243 aec45e988cda65197ec5add1b04c84e5f54aec64
1112050259.080456000    233 85a2506731d08d403b80c1e777ca52a3a138f200
1112050259.187012000    235 d2a52a3a6469cf0e28de10a737b7187471768c12
1112050260.080500000    233 70e32fd2aa8cc9b188ea679c27ad600936cf2746
1112050260.171398000    235 4e91985fbb8fb5371a792b2bb12efe6bef96b646
1112050261.080572000    233 8450990aca6c45c7d72c62fba1a1236f1c5f642a
1112050261.171400000    235 f5722cf1989eb4041c4a06f16bf83978e2af07b1
1112050262.080580000    233 b87e156c0951203001749fc68574ffd4720f3cdc
1112050262.140170000    235 c2f18f3ab92aeee01a64f9b3ba7917ad5e9315a7
1112050263.083476000    110 7c5d9f526e85bef03a0894e0b027397f48eaa799
1112050263.083676000     60 c9531d8c294718ce274bb583b4340ce19da71d98
1112050263.083710000     60 3b2f7953dcf29d4658ea37b2ce8fd7d6d9b6264f
1112050263.083810000    104 d0856489209d06ad29980979acdd7e8e682381ca
1112050263.140186000    235 b53dd75c6e14bbdd18c2b54bdcecbaa473a88f5b
1112050264.140222000    235 43e6f3bdd538c13ca25eec36d8698670c6266e43
1112050265.140230000    235 48eae119f289b0ecaa3ba5fe0ece930962ae00bf
1112050266.140316000    243 82a054da70ed7f17a9d3de14d9ec2be5d0e21908
1112050327.719616000    253 af3ed7b100c3aa4a3587fcdb11441f5a2403f090
1112050563.096746000    221 5d5eb222e7b78e126a99034c0128ee61749e8b12
1112050563.097180000    243 fc9937461d36ef46a194367bc42afdce30e2b1ba
1112050564.618374000    221 1697ddfb32728b315a1eeab9cb822e1d0ac1e315
1112050564.618792000    243 3193a433c64cdc72210875d602fcce2c620f1573
1112050566.109652000    221 e5402367c47dc2e2adf82c1f9b6c1d08d12ac1f6
1112050566.110066000    243 831fef2ba7cdf3908288c1b0980b72f02371ebbe
1112050567.609716000    221 3ca3fc8f49127c69b64368bc113adfb84de838fd
1112050567.610128000    243 13f8838454c56e34632de004a618523cb2d9bb8b
1112050569.109798000    233 795c3d0b66690f9eb7d7588d9ebf032d668da528
1112050569.206874000    235 96c73ce1519646eb350aef44ec547ef8c5b30a78
1112050570.109830000    233 74f22d779c99de0a9b485caa7ada24b3f1e3d1ba
1112050570.175626000    235 cf814883b6054a99464882c6f0a510351595737c
1112050571.109894000    233 cd929d03e5733c9609e0f5aef46e0124a15cc8b8
1112050571.128762000    235 bf01bcbe244cdc42f068ce6a3d85b0bc116fcdd0
1112050572.109918000    233 1258ac296e234006e6b1f5f4ce8483b25cefd622
1112050572.128788000    235 0ebdd7561218dcb00cf016fa39c171242aa3d0af
1112050573.112812000    110 1b8e8a4d1020361bfe61cfde7cfba463cb2dd15f
1112050573.113022000     60 7a8fad93ceefc8cd52ada0a94517ce3e48c1b3b3
1112050573.113054000     60 3578b79861ec6306cf95dd6d43bf0e01908029b0
1112050573.113154000    104 ac393a8c13e8dd46588a859ba114aabcfa5bd61b
1112050573.128800000    235 66bba98467821170fd4da06b85141d40efd4b1a1
1112050574.128828000    235 2629fba4e68a62cf8573df72f34361080d710678
1112050575.128842000    235 d5239329aeec621210af7e6232c1280c0e23cd18
1112050576.128922000    243 4fab7a6e6c5cd0cfd6f6ba704c6751f04d708b0e
