1422617502.005931161     74 115ac76a30bc26440eed531561a1f1ebf66f74d8
2945286597.877637596     74 e7d8c9c367a13d0cb71eb90078ece153b26189a3
1422617502.005986514     66 07d27deb38589e3d82d20aa5a3cc82b435587ec1
1422617502.089792668    133 b90a674c472da67f1697d33885354761fc99a3f4
1422617502.089848584     66 09a01adbd851f42c96eb9bd8b0bd6e5d5a57c73d
1422617502.089907126     91 1a01242b7885ce9251c42fb6a39ca7482eff5b08
1422617502.089920928     66 3dbf8bdf2f09923d4c629ee041cbb68bf974a958
1422617502.132738669    179 725a0b4cc73b7f518d6f96eb324b760cc81771ee
1422617502.132824682     76 9093cc7d634b73dd61e196bda7ba7b240c065d20
1422617502.132849615     66 400d8fb67b4acfd2439eedf1325f159cd173386c
1422617502.212018596     84 461b938dd43f12d21b27de36359415907c938417
1422617502.212198509    428 041d8fc6457bd0de2e24605912121718fe5cfc70
1422617502.212216488     66 fe76525eb23593c1f474694833566c4c44779e12
1422617502.274381813   1939 bdc0ef4a2b506ff08560dce6e7cfc1c154c6c458
1422617502.274412244     66 7c69ce43578598f244ae1856f94500af15cca342
1422617502.309131087    424 5d00a6fe7eb2cd4a558d065e4757349c987dbf2a
1422617502.309151638     66 401da28aa23da9b623086160b5cd69664843937c
1422617502.368360012     72 67ad9effa87fe526cd9a5c4169cc9530d777c2a2
1422617502.407276994     66 38eacb0d15a95eda19a9766262714e5f8ff9b946
1422617502.450190060    343 ea0d526efc7a5f06738a6fd1a020b8dbb161f19a
1422617502.450227803     66 7f477905959777d0c59c186a3e4631adb32c89c0
1422617518.289584646    151 9bdeb1b60b3eb4b88b22e81c4669c48764472e31
1422617518.289619383     66 e907f80f9d9facd2d5f7b5c6e4cc21cb792e52f2
1422617518.335111822    423 f64c536916a9d5949432abf95d690ed0fe1d89b7
1422617518.335129514     66 636c32ffae96ef46651a35b66f15d3864e6c2cb4
1422617549.474216240    167 6d52a35c13fa3ac99034bb1a7f007119b1d4b61a
1422617549.474250029     66 f4ed11858cf9d8c5c78ff3fe814b251342cdfda8
1422617549.517521196    263 71e48f808fff23b1ed9b120077f94edddb856bfa
1422617549.517538470     66 45b2cfa663e2ec6605164bc4c4d7290f77033fc2
1422617560.938311391    503 2113524864b06f781f48290d3b84886d5152669e
1422617560.938340359     66 ef21c402aec45f7f0203be37a4c76453766cec7d
1422617561.025503019    343 20cfe9030d9126749cf9aee4ab8ef76c9eb47ee5
1422617561.025552478     66 60ea1c4e177070a4bd3c45e394cde5988312b3d3
1422617561.025576815     66 6a86ffdb8563e8ce17a24e57657b250a27eb9ccb
1422617561.025669837    135 269fb9927d4e0b920057e135cf9f069867e22352
1422617561.025685694     66 a015b672c898bbe736cd3c5186580d1d3d2951af
1422617561.025758246     66 6c7e6f71eb68b850621294c27cd57b3d897108ec
1422617561.025768841     66 238078e4f70b5e857f03f42b648acf6ed6ef8b4f
