1422654808.667714265     74 f044e616338448ec2e70cddfcef515a54990ad62
2982389148.338527255     74 3d06350a579a6db258e3820179ccc76213bb5b29
1422654808.667759288     66 e900de118b5105a15e4baf087c3c62e90b37b137
1422654808.710666030    133 a50cbd697b305e82c8b920f3a9cbda4ec4baa6cd
1422654808.710702304     66 8b56e039ce55b5351ce2f3153faa8383bd40146c
1422654808.710752320     91 4efe23c2a1e1b6d294706c2e813fc660cb12e9e6
1422654808.710760339     66 019f9d852fc900dd8c1be5dee9b3897a2de02fc3
1422654808.711642572    179 cac1ea47feac3eafcaa320570837889331b5fec9
1422654808.711705187     76 ed34dea6c16675ce2347483c1c9c0fbc66f12869
1422654808.749466030     66 818274d18ea8f4791908156301ab8c76d13f986f
1422654808.751596052     84 ca4a295e2a0f83bdad2ffa28f66c9fc904342249
1422654808.751755947    428 93cda8922b5d50bb45529beb73bd2fd0101263cf
1422654808.751774558     66 bbf4dd0231545004c85569003c77a8217fa52647
1422654808.768660226   1939 5c584712c8bf4980d5c6fd32f3099eef862780f4
1422654808.768746500     66 6faaf448b457d7853eda9f96495217f0abe1a7d4
1422654808.796208118    424 4f3ac8cc2af5ccea0456292779e5397b42ed0604
1422654808.810918627     72 77cae5cb7f5d4044a42691becc5d47fbe88a8f50
1422654808.810994505    359 a28ed9e972197fa688276800a785e133e5011359
1422654808.811021995     66 c7c679dbb0160d69b691b1c6ba9bb573d44a89f1
1422654815.483159133    151 430be1cfd1dba65f74db9a765bd24bd79755db9f
1422654815.484331625    327 f0592c881fcfa7f894f766bc5ccdbd84ea0380a1
1422654815.522897356     66 040cd41d26875e0dd5c661d9e49d85b48b01eafa
1422654822.991416406    167 02a7f4f9f7336b63a2697d9bc644cf57163d6540
1422654822.992690733    167 1deba3c2cbcdca00eebd1f34da9041aa9b9a0f87
1422654822.992716689     66 ff43dc426159d9e018f317cc40e09b51c9dd26c5
1422654825.757645261    135 c921ca784da5c515594d87db450d3b7f9a6e9d6c
1422654825.758814126    167 3628bf640aae07111c93d947bee64086ad44268b
1422654825.758846506     66 829a7a06e4dbdfa6649365254520a0f15793cdf7
1422654825.758902640    359 fd0e7032c27653a880187949cd364b9d79bf7943
1422654825.758928198     66 ece19c4163db6ffb24ed896ed7f75e4e3b414847
1422654828.217656023    503 9de30b1fb7e0d63d5e1c65f0746807ed3f678baa
1422654828.219059473    183 60d6c70f50ad806295e9649e93beb0738ac7233c
1422654828.219128779     66 416aa138f82f6b46e390c042de9edc2dcfd2b1db
1422654828.219199289    135 a75cc2434c5d37189b55a86f410665236a4e554e
1422654828.219274400     66 c1f3f2b99e6fadabf6d1ad8f52b52e09a01489a1
1422654828.220269261     66 882bc8ff675c369140eeb16f097174e0d24d5885
1422654828.220305000     66 60de48fc7c9beea7d1649857f228359829cc3aff
