1380580130.677441000     66 14930a5196037c6c9c4562339588a931366b5b35
1380580130.677533000     66 c76fbec5845841b9e0dcf5ea459f6ff2ae350459
1380580130.677546000     66 e3fd7b24def5edbace303fe4ae94104d61589ad4
1380580131.851887000     74 f6ff2946f47f90b0cfd4a075b889e8bc11a71a3b
1380580131.851944000     74 58d1dc1334de4b0c22d03782dbe3b067045d716b
1380580131.851956000     66 f06b788bbc83003172f1135283612f2c1c8b821f
1380580133.698570000     74 de2eded1545e206061b57d50ff04846d36370ebc
1380580133.698616000     74 6ef72c4c1c6e79c03fa7a30af9d45b3f48e678f1
1380580133.698628000     66 f7d0c8cefb668368228cfe832b621920e601d985
1380580133.698914000     75 2612d5b59b81d60e4932220c2ce062d478363bac
1380580133.698927000     66 7a807567407ea3d2514e8b3ea1d6896cd83a8e4a
1380580133.699401000     75 f7d3160523d0078d86002fa7c7a2ff66e52be4bc
1380580133.699419000     66 7d187c42fc274cb865ccf486ae265178b02433c2
1380580135.230595000     66 b02a343a5ef6b3b928367ba81060d3329322666f
1380580135.230635000     66 6a35a0f68d557e704bf74c28bd0578b310006adb
1380580135.230723000     66 4d74456f892b9060844e6b318268895eff083b95
1380580135.230736000     66 e278bb68877b0de2e7d35f5eee59e7671c55a18a
1380580135.267930000     66 60c12984036c208482e7fa1ed70e3760e8425e91
1380580135.556000000     72 8826ea90014927156dcd4938aa45168edc9517cc
1380580135.556154000     54 f3ca0e9094ee6828f4bf3fb746846bd2811c8369
1380580136.236237000     74 62a6630b654c5b3ebaf4ddd814bfc457bd355dd6
1380580136.236280000     74 713b6aadfbc45434322523d6e518c37e11bde025
1380580136.236292000     66 2d464cc0fe7ef5e8814be981e49cab60d9946a06
1380580141.736750000     74 c7c92a23c62ffe81e9bd8650430ef588b5758272
1380580141.736794000     74 4f6945c4584e2bc8d22844d5dfaf2d5de4b89373
1380580141.736806000     66 262d43cb59ec53e3f1b854bf2fdf9eb99446f762
1380580141.736894000     75 aa67ac96b6e391033e93b814dcfe2c60c6010d0c
1380580141.736903000     66 724d06a1dad8f3eccf7ba1610c8e9f0c7e3e1152
1380580141.737519000     75 dd47b8d09b5abf82dd55dcc984131115badf65e0
1380580141.737532000     66 8ebfa3634b66bd15cc430515e804b481e0292a5c
1380580141.737664000     77 caf1076766300470cf685f4b9b9afa1b48c08d02
1380580141.775725000     66 3de30fc97f7b13acfb169694d86cbf21bef7eab8
1380580142.362768000     95 5e0906d6ba3f9b5afcaf2332e0cbc625e0b1ed9f
1380580142.362823000     66 3027db021cbad7cbc4ef2bd7931dc7be9ab67577
1380580142.362894000     95 0399670f42958a07d3fed2736c4920b093e739e3
1380580142.362914000     66 2391a2ca647c99340119987cf3dcf7e5ff34d590
1380580142.472622000     95 80638875d0e78423fc6f1dbd3b08e9119b6fc0d7
1380580142.472668000     66 52d77987961a720236310f8042b705b79ee7984b
1380580142.472707000     95 6d81772ec97e89ca1cd3a83f535d0ccfd1ee797d
1380580142.472716000     66 0e16083dddbb7ede6ca999f69c726ae93d839cd7
1380580142.582921000     95 c07785b2975fc85a8f30210c58d704d224c9bf95
1380580142.582944000     66 43daa9ca71aad6a9b37d55d292bf1df32757b753
1380580142.582974000     95 da101db1f19345d12799773be70ec023ed2a510f
1380580142.582983000     66 3768db0c0e953737f94507637c8b71115d9f985a
1380580142.694161000     95 46e29490ecd4ecbe2ed20e48b6c12556a17b73dd
1380580142.694180000     66 62b6662f9fbbadd9e29760517a41dc8e5e07469b
1380580142.694283000     95 d1bae804f948af8e062e902d5fc738fc2a94b1f4
1380580142.694291000     66 f7906c64b0133cacc02867a661dceaf6aa89f65c
1380580142.803770000     95 05f63f59045b0a77b32995b07a11d637867d915d
1380580142.803802000     66 a5b126ff9b796092a4df549d3d6e3fb816d05717
1380580142.803945000     95 47b108e5dbe0d22f959146e86f6221f209b218ea
1380580142.803954000     66 b4c08f303a8c279549263af61c313f8e6aca94a9
1380580142.913657000     95 d31c76efe66ee8c7cb4a81605e8c09e53ec1fc0a
1380580142.913708000     66 d4b72f3ae3620bf503a83e3c3e61cc7b98e30611
1380580142.913763000     95 6d5fc9256af467edef96dbc823d103a715217ba9
1380580142.913770000     66 e7cad6a24410bd4c06441a828f092aee9f51e6a3
1380580145.535852000     95 3e336b08766cb5c634e15ac8720dcda6f24f0e05
1380580145.535885000     66 a7556bf0feae5fcf6ddc1f667bc40d798f433cb4
1380580145.535948000     95 facb63e99e3c0e92dd507db871564e81054f16e5
1380580145.535953000     66 b960ea8c29627580acf428e777827fa618726afb
1380580145.645397000     95 6df946075c73ac31a0299510ca97eb0b9dc830b6
1380580145.645431000     66 881672f4cadb5c4e26cef11b88d111ff5038b794
1380580145.645640000     95 364b4031ff54b922a966cbacf300d58d6f0bc6d8
1380580145.645657000     66 f1af319259acf981c4f06afc3dbd15e9357ca16e
1380580145.754944000     95 f85eada2ca5a80f04ab2ac3f324fcfa3253988b7
1380580145.754981000     66 504046cc051f0867a8c9873643ce7c3423609386
1380580145.759865000     95 6d200b5e87c8c5ef56acb9d7e74df0e7e06635a8
1380580145.759884000     66 35c43b4f9428396552d88236b8e991e4cc8880c5
1380580145.868698000     95 478450dd9b9d0155f2b353245985b7a0eade43cf
1380580145.868732000     66 a2463f47e40beb144a638b27f48eab3e7129ddb6
1380580145.869013000     95 91e4844ef16e5a5d421c40de5815a69af4d6d40d
1380580145.869020000     66 25aee86886d28f1d3a498289dbca2e6f95b56e71
1380580145.977805000     95 57b11dc8ecc83f957bee983bab33ff0ead021cd9
1380580145.977825000     66 dbd95d25cf5183f70717a0009dcdeee0b877f79b
1380580145.978077000     95 98983100fa5295b04ac5e12e6dd61a4151cf8583
1380580145.978084000     66 66943596bc58a27357ad2474bdfd06f9e660c969
1380580146.086832000     95 92c1b3a2ca6b9a72f41623796fa1282159f1f50c
1380580146.086863000     66 a6ce21dbe6577eca55ea7b7786cad7d178f7f8d8
1380580146.087125000     95 00b7ce3c5138b7d6bce96e781aaba9726f3e644f
1380580146.087138000     66 bf8390dbc371de654bd3a41ae2e69cd326448aec
1380580149.385612000     91 44c48bccdae9b8b389e37ccdd60cb2d3854788e8
1380580149.385633000     66 a3e57d074c7f515f5bf3386adf2c4b96bbb528d2
1380580149.385748000     91 bad8496d7392dd7b08fa3fda12c77a6f4b1e68fa
1380580149.385754000     66 520e6bef0683451d01a40c87d345a8b17fcba729
1380580152.506647000     82 7277f70fe2ddb0c0999d925240a472fadba2995e
1380580152.506672000     66 12a6966600b5b92ad65838b5035395c9a2397fa2
1380580152.506717000     82 f8986ee47f93809e86c8e3ac2415a8f0413011f6
1380580152.506722000     66 48ee4b890b30292c30c089a98fc7589c1ee5d194
1380580152.597396000     90 4483fc86c8eff4a9db0debeeabf2e3d211260204
1380580152.597411000     66 559ef6433e32fad24264500f0a0455d90ee50565
1380580152.597452000     90 fe98dcb23f8ea26d950fa06e6bdbb2d706fd0bc8
1380580152.597458000     66 4e56341ced0ee1870fbc333b0ec42117c7971f7a
1380580153.299570000     78 a4b1f8cc9d9ca1c82bd197406d87ebebf97e4579
1380580153.335688000     66 2c9f192c41e8b94d70664e2333c1a97171bf0f09
1380580153.751905000    302 ad5b9fcef9d6f79ceebfd2d29a735c6b0353b20a
1380580153.751952000     66 771eab71e5655989b69e357c8916b088f279c887
1380580155.866109000     82 6f6b81833ce1be5d2f6ffbc655123edda3e77593
1380580155.866150000     66 7ca703e1304b6e97e4ee8befb48b40759f9c8c29
1380580155.866238000     82 3e8cfc1ea07dc55d6e957392f05cc2180d907d70
1380580155.866253000     66 129e7083302c00fe99521eba76def4f656219664
1380580156.700400000    288 be5bc76e9c77ba977ac58e517dc3918371d1ee93
1380580156.700436000     66 750fa240235aade1d4245d88fc7ac3272ae43313
1380580156.700485000    288 5db884aa43d60ba794f9d353b080b7bce78ea05c
1380580156.700493000     66 92c0e613d63a0641b5d37fc48a0d16125f7f6ae4
1380580156.870275000    111 6720372859504bbb10251173e5c0c265e2c414a4
1380580156.870313000     66 d0d0441bc3522fe97b969a94faf49c8c97560853
1380580156.870346000    111 d61b34052bab6bb9d4aeb56f8121a39d03ae7b16
1380580156.870368000     66 70f79eb2807f571c702158f0aedda95632cecfcb
1380580156.880280000    303 0692b2c2230aa9808a41c3d7f077baad8ebaa5a0
1380580156.880354000     66 23b0266e57c1dd70ae2943241f99096c02a27114
1380580157.718147000     72 dcf35b7f7975910daf8a7cf80bba457cf3a996f5
1380580157.718506000     66 637358c7f29feb07716bdd91f1b5f90ec5bf00a3
1380580157.755732000     66 d45ae4e1672433d61701800ea41fd5aa6bf6466e
1380580159.445422000     82 477b47e8d6606ca387060b68eb349e56bbcb70c2
1380580159.445465000     66 ee90d29ccb82ea32ce813c9da93134f5d9223cbb
1380580159.445495000     82 97591bcf8115022c3a4e5555f8cb09edbc1bf158
1380580159.445506000     66 01e0376f4d57c254b2529efebcf3e66a461687d9
1380580159.718279000     66 bfcc6477c2d27d24e757a868e8246a191e90660f
1380580159.718312000     66 c2b8b8dbb985f7195349ed3171ce868e42b4c245
1380580160.815905000    298 f47c67c48d05f3768c33716fb35217b1d09a9fa8
1380580160.815925000     66 e201283346a51c1022e9f8456b4df9c2a5f20626
