1535972516.881928000     60 406f8556f3f06e9796c4ff481c019106d8a8fdda
1535972516.882095000     60 23c1da46b328090469bec0e3569a7cb6a42370dc
1535972516.882096000     60 8f42b7c459890c7003d557f088465b543b948645
1535972516.882096000     60 c97d63d613523355f3e7e806316a10e21b06dd54
1535972516.885944000     60 6573f68bafc87fbf61841feca075564bad361a3f
1535972516.886103000     60 d19ab6ecf062478cd23a35b54843c2b7256081e1
1535972516.886104000     60 2c69802676a7188780f05ce34147c88db30242f1
1535972516.886104000     60 6b74ba3ed10a1daeeb83a06ba9e19bf6b0b47119
1535972516.886346000     60 4d2f2e86928ad33b0cf3bcd87d3a3cd81ef00b3e
1535972516.886504000     60 d321e0c59388cff5cb6022649976914f5fc886bc
1535972516.886504000     60 48a12d0080d291673a836c7724c76f1908bf94e8
1535972516.886504000     60 b802af1525416b89b4259c49a22b974f22a1875b
