1338898338.983629000     60 2f86aa1edc5c1e0b1b5bb3916641a4c6b5b5e144
1338898339.884963000     60 3818fa6d135ba9bfd6f240b846ecb800e47547fb
1338898339.983676000     60 2f86aa1edc5c1e0b1b5bb3916641a4c6b5b5e144
1338898340.884875000     60 3818fa6d135ba9bfd6f240b846ecb800e47547fb
1338898340.983606000     60 2f86aa1edc5c1e0b1b5bb3916641a4c6b5b5e144
1338898341.884858000     60 3818fa6d135ba9bfd6f240b846ecb800e47547fb
1338898341.983615000     60 2f86aa1edc5c1e0b1b5bb3916641a4c6b5b5e144
1338898342.884807000     60 3818fa6d135ba9bfd6f240b846ecb800e47547fb
1338898342.983548000     60 2f86aa1edc5c1e0b1b5bb3916641a4c6b5b5e144
1338898343.884785000     60 3818fa6d135ba9bfd6f240b846ecb800e47547fb
1338898343.983561000     60 2f86aa1edc5c1e0b1b5bb3916641a4c6b5b5e144
1338898344.884753000     60 3818fa6d135ba9bfd6f240b846ecb800e47547fb
1338898344.983480000     60 2f86aa1edc5c1e0b1b5bb3916641a4c6b5b5e144
1338898345.884767000     60 3818fa6d135ba9bfd6f240b846ecb800e47547fb
1338898345.983482000     60 2f86aa1edc5c1e0b1b5bb3916641a4c6b5b5e144
