1527230471.076136000    483 97004369b4e840de7fd2e9a9c3720ef4410498c5
1527230472.381394000     98 10468e3bd741c511794b4b8377ac614a0013de89
1527230472.392868000    491 d589696545e107fef4136d0a4378ca6729e508c7
1527230474.919456000    499 bfd842fd3a5c78999808947827bc1ed4b8f4db6b
1527230474.922046000    255 2a0a044180bc64bbccb424b205a19d001f1ea48f
1527230474.922869000     87 8aa51c82870a96da455b81f4cad705315f5ff2da
1527230475.471104000    252 0accc9ca333af256e9ba1f0091e3abb1af03d4c0
1527230475.708825000     76 de21ca6b6871f3cc24acd146ab05b908da36eeda
1527230475.709060000    115 ea49946726f5e01f77bd18868545813a83eafb6f
1527230476.983055000     76 5cf21c95b7f90e0a979490980e8df5878b9661bb
1527230476.984157000    115 a2f4da4eec4b9ae08a7a4ba9622ddd04f871dc51
1527230477.082736000    115 ec56a9693e765254900f119063e0a95b42fa1601
1527230477.089386000    129 adf771cb0a4440177def31aec466d34a55668771
1527230477.094208000    129 c9dd02d62c0c4e9c26f76dc8a388d0cd7879b6db
1527230477.105619000    115 28ae2f0fd37bd585de3e2ffcac7a9e454acf5af4
1527230477.854155000     93 bd4f11254a8f63ebd15a46fd44d2dbcf480b19c2
1527230477.913160000     93 139cab09b03e9b12ce745bbdf70eafa015bf4419
