1527230477.996912000    483 977cc38728218971f5dcc9bb9d82f2ce1b7ec55f
1527230479.689988000     98 30f79f6e88c5a703004d20f7d4a2cba9f2ba5783
1527230479.749790000    491 f8e7744aed7bb2a07f69dbd953438d088fd313b5
1527230482.262848000    499 3a900c8bb723874b403d07a9f7b17c397d453132
1527230482.265410000    255 9e61b2ff4293d75682c4d768fb4abed1c4b09fbd
1527230482.266237000     87 8aa51c82870a96da455b81f4cad705315f5ff2da
1527230482.710893000    252 ab97d5b443b0820bb421d7a5530cc517c620125e
1527230482.947325000     76 de21ca6b6871f3cc24acd146ab05b908da36eeda
1527230482.948648000    115 db8a4cc76e9ce64f03ff0ed46c4c1f796b2a7bfb
1527230484.220493000     76 5cf21c95b7f90e0a979490980e8df5878b9661bb
1527230484.221588000    115 51673beade77bd6b944b125c47fae249e44150b3
1527230484.274339000    120 3f92a73cc16dee649283725830ae1b4e8832e75c
1527230484.277555000    160 6d5d56bb1f23ac451e66ae9521dde1411d43f7e6
1527230484.279629000    120 b863359c0ab008ae98b9b8a78c32866d1474587c
1527230484.281084000    112 4b6fa4de6a312f4a02b12bee4d1d91b9e20eb62d
1527230484.283774000    160 35ba75260af90c85c96cf05ceb4178c788019541
1527230484.289781000    120 ecdadb38e9479adaab781d3f0feecbdf1aa81ca9
1527230484.549167000    105 c0634729ff8808232874da5f295624826a99c979
1527230484.629524000    105 93616a021355e3b8d4b5fcdba2c8740e9d7b800a
1527230484.631623000    203 db82a686299c97d3cefc70044a111ac38bb29c7d
1527230484.710270000    105 35c3f7405ccbc56840d236db574d77b89568f1b7
1527230484.812003000    145 0fed003c265f64cc2c0d8a065b8ffd90f7a408b9
1527230484.813327000    145 6c8095e6635a1b657f611ee35cc4932aee58620b
1527230486.348870000    160 cc7f113f1d40f54211a9493cc41ead876fd968c7
1527230486.971525000    145 63aa8eec7fb51ee7ec09a1895e60e7541c548cbe
1527230492.945882000    120 cb70b51ecb867182664e55a1c218c7287fd80d55
1527230493.085040000    109 8713db27f006a8aad5241938681d058cdaca4136
1527230495.528182000    187 9939e16602ae2e9c29bb9eecca624c7dbdf87ca5
1527230495.966520000    145 04a84fde5befd6aadbb32977a01c79233020ef3e
1527230496.053185000    120 01c307366b5176eeef0dbd7a479a6af3677b7c87
1527230496.099789000    149 b4414ac60616af9370b6cd156cff4085946e477e
1527230507.996401000    120 80ec8ea70f93f85e143d7ab9ab6afba5deeebf53
1527230508.124720000    109 bca2fa90498f81ac6f72d99d213d672b41183668
1527230523.111377000    120 7767c132754b31c3c7ee135a4093e238e4b96299
1527230523.239574000    109 1261aa6fab8404bea10904536f39623eb19de3f8
1527230527.298837000    112 4fea586b9957d4e601cdfe06abec39bb190332e1
1527230527.299081000    120 cc574d81768cf2367d328900e75b6f0cb434d8f0
1527230527.346553000    203 f42108ee8150508d7f26d3fec88b43159ecbb094
1527230527.389642000    105 009d65875c0cb77d0417d3153ba32835c2693249
1527230538.161693000    120 705e370913345e6ac766f67a30e5252f17173865
