1470520334.957540336     54 0785c020421b707d7db2b2ba7da354ae9ee380e2
1470520335.293541101     54 0785c020421b707d7db2b2ba7da354ae9ee380e2
1470520349.359079199     82 d6c750f18d7e0bdc0f658fb5dc91e4ef2070e9b7
1470520349.359536029     42 2304ca0c7212f6cf4cb15ebafcee04759e7c6d69
1470520350.357536873     42 2304ca0c7212f6cf4cb15ebafcee04759e7c6d69
1470520350.860532845     82 bf0d784465df4b3cf487c9c0eb82c1d1249dc7a7
1470520351.357537518     42 2304ca0c7212f6cf4cb15ebafcee04759e7c6d69
1470520352.361578188     82 0ff4e528b5f31053a0cd2de09f6a38e645d60a08
1470520353.863095834     82 8ec94b528f8c9005b05cdb6f4d4d04e21e09461f
1470520354.364632893     42 2304ca0c7212f6cf4cb15ebafcee04759e7c6d69
1470520355.361539221     42 2304ca0c7212f6cf4cb15ebafcee04759e7c6d69
1470520355.364606324     82 65bf37477afa2d15e818535a351570f6cc1607c9
1470520356.361536755     42 2304ca0c7212f6cf4cb15ebafcee04759e7c6d69
1470520356.866125004     82 8e94c3b175561fdf127034d6035f4362cb2f2f29
1470520358.367633817     82 02c60d990514f26be4d85201c68929d61975a20d
1470520359.470085780    101 307cce5a278a140147d5dce9ecbbbf170a57aa67
1470520359.470128695     81 713428f184d4dc5826981a25addb3ca88d23fc1d
1470520359.470250817    100 dfc433808b818b1725846ebcbc81474cf0d534f0
1470520359.470405665    102 ace73c65794ec2682ba1f2740354c09ed6838cb5
1470520359.477533777     54 1119811c835893558709a3611dda4ef59118c782
1470520359.868051571     66 0d5d303811424dde64700405d73cadcd4e203deb
1470520359.879320109     82 9f7b8e35ebc140dcc003ec22608ba3da861cd547
1470520359.898103519     82 97051a9c325f0ee83df4d8d2b231598d20364ef4
1470520359.928174730     82 ea761abfcd68575d6f34725c6eea60ba6ca80590
1470520359.958493180     82 501a6d7766d330bcfb1519494f85631a54cc6c5e
1470520359.988555587     82 40ed79410230d9fe3521979b70581dcca3686853
1470520360.018616562     82 142039322d02dff473488b4e67fe7d6258dc3863
1470520360.049291462     82 81e2abc7f1d7e675b294f95a19d09431ec5d96db
1470520360.079351264     82 c4516d34734e5e712b7cf663e9a35294ac385dc5
1470520360.109414624     82 58b7463ae800ed09e3cf4dcf5f23146b0a8a6a74
1470520360.139472865     82 718347f90cfc6299091c70e23c16421266be8272
1470520360.169541471     82 906a04f29100e1edbfa3ce87e3a91ea224f74128
1470520360.199598087     82 8214fa77d935312de7e79637ab97fec9922a773d
1470520360.229659811     82 0ac5895c3693266d6b99a832bb9aeaf7b4b26b61
1470520360.259774596    102 eab8a8f800205af8e9ddb60acf5b9fa0a85a96c7
1470520360.259925102     74 f2926089592a2b27bd7a04da73ea17aee64f446e
1470520360.293935430   1366 4d9370b67b6f19eabc24f8b7f6fe442fa34851ba
1470520360.296546469   1366 38b72fd4051db015ae311796ad590aafa8ee5a34
1470520360.306726508   1366 e23565aebf6e2d6e73393427102ffcc3f06733f6
1470520360.317276690   1366 8afea8436eca225b0cbaf9dcfa0b368eb276ed48
1470520360.327870482   1366 da16d9cc09491c8835acdc4705b7bced7c2d0415
1470520360.337545694     54 1119811c835893558709a3611dda4ef59118c782
1470520360.338698751   1366 c1539ae83b0129cffa45bb593302b9400f31886c
1470520360.348944109   1366 40a1aff4edd24972a0b9f663e32c1fa16a472f07
1470520360.359502433   1366 bad3e6be0734387e3db97bdcbafd5d11055cf1d7
1470520360.370059939   1366 c099d9ff60824b8faf67a20fbeccc3990331f8bc
1470520360.380615260   1366 5ca72a75e1c106cb18218733b291048f76b72bf6
1470520360.391198808   1366 9d9d55feb57c788a94e8f392658c5d4c11b7ebf0
1470520360.401761270   1366 3267dcf6677a192b4ad09614a9306040edfb3ecd
1470520360.412296046   1366 f6015380416ec92a716cdf2fb2070f2e0b2e3e2e
1470520360.422855966   1366 794b433df93f297f68059524b5de8b6c2fce6ef3
1470520360.433418179   1366 c6cbf1e9677c20acb3fdfe8cb3eef2d107784bb7
1470520360.443981602   1366 27be7dca343646885c0c6f6cc7ba8b05370342ba
1470520360.454541908   1366 7df34fea35e978ef1b8aa008a2a96733962320c4
1470520360.465102816   1366 9d0312437a8dccc710ee3e72a29417a017c4b14c
1470520360.475665158   1366 b7f51db27461514ba2c9093efe7e0ef8a3489e8d
1470520360.486225919   1366 4c1b587e10dba022b54e25083c8cb6c295f7e93d
1470520360.496791144   1366 9a74d6a41d9a65b552f51ba5fa4f8c9f4adf149f
1470520360.507354681   1366 b921b08a85c15c45ca607126b7a3a3956c14710b
1470520360.517913945   1366 d83136e7bd941018b1ce35d59794c3af9b7ae08a
1470520360.528475970   1366 b37d8264f4ef2a9783972e5e5d7917682411ad85
1470520360.539036836   1366 e4305096992b576c80a8dae9d82ab3b3db23e626
1470520360.549598471   1366 b8968a11fc72cbae94dc07bcc03c187d5192e657
1470520360.560166362   1366 fa54a27ba7f0ab895c6d2930ad0510b9a4482586
1470520360.570735480   1366 c333e3f27414a1da3da0d6ce09480d43ccdb4d3b
1470520360.581286339   1366 a915e5a6a8f9d516769b58214f07cb14e11a8fa3
1470520360.591846942   1366 b14a5b79d06cccf356cfc4a189fca65323c728d9
1470520360.602409879   1366 ee88739a4746002d7d83de2bc046fe12082802fc
1470520360.612973138   1366 77d9fd7cb876a7a55c8000a18d56425fe5ddfe91
1470520360.623538016   1366 14df7d9ce06ea3e44f9d0a0ef6b5a764498a21ef
1470520360.634102697   1366 beec723a5222df7c034afc0adba7452632f58cc5
1470520360.644660634   1366 5333dced917f6059055886d4c7b33aa551fc2efa
1470520360.655220300   1366 c174d8c870f46458550aec8597c5eece707e0c41
1470520360.665780087   1366 8d2ceac0fe1ad9dc77f51be5da9436faf1d1ce80
1470520360.676343938   1366 698483f2a5585c326a902e3adf643949506491bf
1470520360.686905877   1366 54a85616b37ccb644e850df9d74dcc150782b191
1470520360.697467940   1366 760b82b2899af3342f369ba798072a4fceca3284
1470520360.708029932   1366 1c4d97f11fe8fb44d4e1d89bc3e155a6bf1a4e7c
1470520360.718591633   1366 bc0c2b4320cb935346d962fb987c6947812080bd
1470520360.729154008   1366 02a66fd9e364820088aa1c6174d375fb98f337b4
1470520360.739715500   1366 fa3351f0d103678eecc67437d5249b73b599bbf1
1470520360.750279441   1366 d4f72de9b7d14724a6a78177e9271882909dccba
1470520360.760860848   1366 cc869cd98fbcfe1d332146c5bb52a9040cae2f15
1470520360.771457431   1366 76f75ad61bfd4c3ba967bee7c4c8b7bb65c5c654
1470520360.782016135   1366 a04e4d5c3bd6d85384baced73ba162d4a77395f0
1470520360.792559642   1366 2537f325ff49f9d893127a90b44d6fa1d4424810
1470520360.803103306   1366 ab152890387a1f8a881219a9c8e3624e0901576e
1470520360.813672837   1366 d04156e363782ab44da1755dcb124e4226eb9b6d
1470520360.824223648   1366 3ab3212b743f2d068bd19fbfadaf465f9654a2ce
1470520360.834787517   1366 0685a1106b51d2fd75cd006e47bf17917d9026a4
1470520360.845351596   1366 e65ca2c04251e96ce487520035cd41b8b7692283
1470520360.855905889   1366 0d80e8aa08dca231865b84c37b475ee52c4e67a0
1470520360.866470334   1366 8c0cbdede59d2aae28435e1e3dd178e7ee64130b
1470520360.877033329   1366 6e57b034044d06d365f08f7cd2e537c9892839c4
1470520360.887586152   1366 431fe3849b3b822ce7d8a2a1aa1e3175b851b67e
1470520360.898148823   1366 0f96068456f0dd27015b8d23427ee77860f0c755
1470520360.908710611   1366 b35c755cbab024f184c42085d24571417064e67b
1470520360.919269893   1366 474110ffde9fbf24bbe1485599d5f8cb4de75a52
1470520360.929830220   1366 86aa67c4b3bead6300b09cc99e877e9d7bbd6c6c
1470520360.940393634   1366 e01e5a79f634efab0a63e1a07f8875d27c3fb312
1470520360.950960084   1366 13b13e91d90fc7251deb7acbfa822a58b4c76e2f
1470520360.961518657   1366 66bf56207c4df7257f8c3553e75e06a7afdffa4e
1470520360.972084286   1366 50a40ff98717278b35b1582eccc9fd754cdcc69e
1470520360.982641505   1366 ee2541a251386c3a4e8fe29bfe43d4ad869d0c39
1470520360.993203141   1366 ac3cbd11ff986a81ca50a7e12f40848e0a4b8737
1470520361.003764596   1366 844bacc4ac6dd928eca284f958b9ed7b29b8a804
1470520361.014328669   1366 533bf5a5697afb9625466b5ede028df900d3548b
1470520361.024891439   1366 a8c323a4d7061e66e71fc9428a5937c7e202f3f0
1470520361.035451521   1366 4cd1975e481aa65c4fd6fac6183ea1a057b8f87e
1470520361.046013773   1366 b65b1bde1cb77c9d818f5725d6f54610378e6623
1470520361.056576843   1366 5559b5827c174f5e0fd2cb09d9ea844ca6ebef18
1470520361.067142727   1366 d472a77eec9990a7ff9e8a3b7ec4056a4ef06e58
1470520361.077708690   1366 8ac5cf40f50d60bc7d9c07084d46e53b533c6232
1470520361.088262453   1366 a1cc6ede2037afc0a1febb5bda6b4fbe47c77bce
1470520361.098824933   1366 3b48043f0fabd1bea160c5a272e6a598e051c8a8
1470520361.109387410   1366 174790c1a1e47dbec4c2921f26968076205c14da
1470520361.119954618   1366 fcb23e079708cda2c8cbb10f2f7b1b4bea68f71b
1470520361.130517367   1366 2d342d85cc37a36bcd6a273ee7284138a37d04eb
1470520361.141074053   1366 48609789916cbeee804827ffcdc4f47bc3c22d76
1470520361.151632421   1366 b7bdbb782f9be4e4309eddc72c82a662234be973
1470520361.162195371   1366 2d7612b8fb13a33986461218ea7463c3dd6b5828
1470520361.172757318   1366 32f5ed3ef2ad23c246bfdb0b73df6f1f550f9508
1470520361.183319603   1366 b1e86eaada8e69195cdb314aa9934eb2a585f85b
1470520361.193880278   1366 8df10e5924d81bb8428c0c72bf33ab46db95a585
1470520361.204444668   1366 bb67fc3e0fb95d21837715d7616986c220348c53
1470520361.215008445   1366 a702a525db1e06fbc38d0ea2c3aea166ac09719f
1470520361.225538636   1366 031d67ae9320c95972056efa80b307695e097c9a
1470520361.236129727   1366 00c6d3c7573d1ada2064352cfc0281c133a9f2d0
1470520361.246693168   1366 07ab28e7c3aaf3735b8692f4e88859254a50b6f2
1470520361.257255223   1366 ec2fa3516e766ff195f4425ab3caaec03dcf268d
1470520361.267839301   1366 fc503d73aa86f4b47e4cb8d51f621e72f647626c
1470520361.280128541   1366 76c46749255ebddc66325bfc76843cadb559b145
1470520361.288983802   1366 998fb817e14880bc0d14b5884ec74ce077c07924
1470520361.299523270   1366 82452777c01970eb5865f2460a091b4570964fda
1470520361.310081031   1366 ff50f7e6b1272b5a25beaca7df1ad441c34d88b5
1470520361.320648676   1366 f704aa2b567072e81f911291ad06f67d6a9ad714
1470520361.331212015   1366 4be019b5515601261c7cbf33293f633f3db9a63d
1470520361.341760449   1366 5f9260d8e712beaa36bd68c8422f567c06f8a7a1
1470520361.352323072   1366 662840df8a21fb47bd3f63c3458414b76bdf961f
1470520361.362886133   1366 daf80dbc191a60d19281cec8dfcb122a27b3aee0
1470520361.373446942   1366 ce321f73bbbe6fa75d617b64af7e0d007ec8ef3f
1470520361.384003774   1366 c97706410a2f4f3e9ea5475730c52a8746d064ad
1470520361.394561760   1366 0d7920739960e1cd6b95218bc6470a14e60e4ca3
1470520361.405123239   1366 83e88ab9efe133df96f2e2ec635abe9d7effa960
1470520361.415685815   1366 4ac1e792f25e6817016180b40bce3081c88acbdb
1470520361.426245908   1366 fa15c3d7ba96d636798cf981dd55032db8f5348f
1470520361.436806909   1366 47614ac9991ace59a70a94fe981b5d8e8f95a022
1470520361.447371117   1366 8fb585457b3e9de23d1a18744922224ea4b98544
1470520361.457931566   1366 bc4fda1daeb9b1cde287d3e2c127d9806ded348a
1470520361.468493558   1366 cd6baf480da93a83746c3cbf302afd80d84f074c
1470520361.479056125   1366 39f2416626a63656d5b59cda1fc00c02f9f0755a
1470520361.489615224   1366 3a595e614fc526a20333951f4c5fab6b4f560d30
1470520361.500179842   1366 cfe64485560d4349f8180667ca705e384b4fd2fe
1470520361.510743292   1366 b97b99486b3af64288d5c4309a611abe0df20d40
1470520361.521302559   1366 a631c7147649ddea5b3ff03645d47ecbd4602ad8
1470520361.531866551   1366 3847e9a8928122cf3787b4a883d7adb398a6a371
1470520361.542428013   1366 1c095e0156c347ef4677638577f4d5647b19a132
1470520361.552990753   1366 055f52cc47a121c402dfa647b60bbf1f0e95d1f5
1470520361.563559737   1366 7d2e3c2fba4c107471f5fc9e78ee7cb1527fbcbe
1470520361.574123866   1366 ce4f24fe9ff8a3bc1f3d1f13d25f26272dfbb092
1470520361.584676480   1366 d68187d543dbd837505ed572998253a7bea6e225
1470520361.595235962   1366 0f78c182af0dba191eb3a486ff99bd2b2c0b9612
1470520361.605798759   1366 d0bf13d31d32247a653cf73178ed8e6b885e3135
1470520361.616364084   1366 377f1af281f3424a9b548f0f4509d84cd3f6bffc
1470520361.626926986   1366 e37c8f9bf534e3b343b2c78dc2601c67edd0c99a
1470520361.637491756   1366 d80dd27b6e680a8b7c3f120736597d2248c74ec3
1470520361.648049377   1366 d256a78309e8d2d2c31e51b33e181c532de0e09b
1470520361.658609533   1366 d0e54fdacb94d520ec24274b9bd7ebbd25956c01
1470520361.669170240   1366 d3870e49204b9dc8bac2024c1e46c8324d654c8b
1470520361.679734214   1366 f4484158eea291cd4fc95d6295bfb5291245588e
1470520361.690294769   1366 6591a8c44504a8ed40783483f7f06f9c29ceece0
1470520361.700858437   1366 07b3d0346d3dc12aded653ce3cd2b57f16c42a71
1470520361.711486245   1366 95ba3efc257bfcc5dda08e4529dff52a29794974
1470520361.721981843   1366 607578b43147e9cf77921edefa3f8e9c4dd3d6fb
1470520361.732544275   1366 7ce5ed8114e5b1ba8af9e661c092149cdb43de76
1470520361.743105919   1366 7437e51dce69ccb0fc03b117048f646f7043aa53
1470520361.753667540   1366 2462b4aab9bb0b43f363a1129d3d167e6ca1525a
1470520361.764239095   1366 706e343b518ae9326f33aceb4d18fb6e97b290e0
1470520361.774832863   1366 2b8f6ab6f629cdc50ff2f974ef18a4fdf01bcce0
1470520361.785409617   1366 722e58dea0ed705f3f919eb70fea30ab2e522a1c
1470520361.795957868   1366 f727c45d25928172efa578bea37f91fdf2d883d1
1470520361.806530993   1366 10c0b8005e863e48d98655284f838c832da47fc3
1470520361.817056235   1366 18fbd3ebf3cbd886b6719e3047d466e58adf2497
1470520361.827614086   1366 88a4c0a87004e1ef11204ac7e1591fcdaf4ab4ec
1470520361.838179967   1366 3327f0bfa0787d2e70e9ef8965716208571a8efe
1470520361.848737048   1366 3a3f2a3e5bbfd355df32f66f052bbec45d4b3ccd
1470520361.859299938   1366 909d6ac72ce84e37d3143f1fb31f54887fb5c5ec
1470520361.869861412   1366 fd20657146ac7c5760ec5a5790543cf3de556eb1
1470520361.880422128   1366 c4c19af6299c1313e99dbb744b0ccad7ce8df236
1470520361.890993043   1366 9e1be95c171ac9f7de6d1a835926bbcbef77abf8
1470520361.901545639   1366 bf769270ec734994b32db909515d7b4913de1fed
1470520361.912102929   1366 b5a8c8f4a33a9bf0048d292a28680279e3b38aaf
1470520361.922660265   1366 ca75ca3d3b3555998d4e929a92b5b156bd8032c0
1470520361.933221205   1366 9cb7963ae91b8d7c35b75c34c0e7a5c44eded535
1470520361.943787847   1366 c26db4f01916ca887b14880c659044f534f03622
1470520361.954346773   1366 5daa0784f5094e741f87cbac3864050051b134ee
1470520361.964906908   1366 aec9f10e78d5bb928a71a53d7a24e3faa2b7dc3c
1470520361.975471190   1366 0c4c4528bba25e5ae08b5212abdedd537d1ed207
1470520361.986029942   1366 e7f465138aa57f4ab6644bf642ba16f6017e909b
1470520361.996592530   1366 dc8a829ecf8dba5a6a6a6ea70866d0a8bdb69baa
1470520362.007156818   1366 3e03aa97037602da4f1704a53e96bd1dec73fcf1
1470520362.017718933   1366 8812b2834ba936909c7845349a81e60acebf68f1
1470520362.028281023   1366 ef7d735193ebc84bbd34d235ea124fd696cf40da
1470520362.038840419   1366 143dda40dbf03e1b8ba9a51e559c13eda7a0a653
1470520362.049404396   1366 7657483f6622da09ac0f5333c472f4f7ac0f9dd3
1470520362.059967280   1366 b1e23f253830e05fa5a7e23881506197c61602db
1470520362.070537740   1366 63922f66e0e1d6b1ff2d39e9a5d4d3b6cfc5be87
1470520362.081104317   1366 cdada27a73bffda463b590965eab36240f6da160
1470520362.091651621   1366 3c0fe329e0ef5166eb69de9ecaf67a8b0b0f2679
1470520362.102214451   1366 c7f91a07ab954c897479a690b673f710fb1f9f2d
1470520362.112777075   1366 3296b4978d4c1c3515883091a84c16d441a94d42
1470520362.123344732   1366 7f36203d3c7d52ed237d8684013bb41c30577f06
1470520362.133908356   1366 dc22a453bd2dd0bfb2187fc90a0ee759e8bfab95
1470520362.144466047   1366 91fa0b41ddd888fa0ddd5a9b82ccb390cd5381ea
1470520362.155025886   1366 89d278b6a4296f1c73ee9b91613b887e16e80c2c
1470520362.165585452   1366 1807c1748f17c2a4bfdf9c30d15adfb009eaa8b5
1470520362.176148693   1366 5cc5abb901e232c2e81876c167a1eb39f273e2b0
1470520362.186708487   1366 9b45cae2791986bf0b36c3aa08fa7f82c813b44e
1470520362.197270640   1366 5c243cfcee4fac922156fd8f5df160898c2a34cd
1470520362.207835665   1366 001c8e164b36f891310cdb95f47f4cdb0acefd1a
1470520362.218398445   1366 222d38342027b78c9eacc7bd300f45eb1e819007
1470520362.228957457   1366 389afe8dca50d1eae5d62ed7acd49af98fd8ac9a
1470520362.239519991   1366 76456a28937d9ba85c27fc379a18f73d21b03640
1470520362.250080881   1366 5995ca068e0e6db6a24c90bc433a9057c322f89c
1470520362.260645684   1366 ec38ac303727b29efb52b487f4c0e538b10c6904
1470520362.271228424   1366 3249cca93b5e4d4d6180888c24c402332af89a22
1470520362.281818581   1366 e655848668a13a2bbf0a625251a8ff5acd4f5783
1470520362.292384337   1366 8f4d444f21490652cad9d6c5c01293a02b20f22b
1470520362.302931345   1366 bdbfba7fc797d17d87ed210396959b1ff5498024
1470520362.313479038   1366 bae155bc598b324baa8d88f9f0fdb9de7380e0ea
1470520362.324037134   1366 acbfc077ba83fc45c08c62b821ed4a7a77e4c477
1470520362.334590559   1366 3b7e2213fb42fc2453a8f7e029c68d6130f073c3
1470520362.345159579   1366 f129271b19fad2951ecbe4392e3c191b00e5a0b3
1470520362.355714767   1366 51bbe5ef437692ee2dbb7c2c70c6ad69ba20fad7
1470520362.366270082   1366 383ef002bb0544b431326945cd944c4ef399b9e3
1470520362.376839909   1366 5bce3762b4ffe25c9aec6a155f51b62ee68508b3
1470520362.387395940   1366 0398494f0613c8aa1d2c0a782c066ceac6aed4fc
1470520362.397956617   1366 f94d5a2c3eec369e142303ed89ab59b61df67752
1470520362.408515336   1366 58f669d568d8de8c85916e316c5a74b5f1d31439
1470520362.419074043   1366 3173826a514bd5d1eb098f930729bea0fea51286
1470520362.429634930   1366 b202e2e80cea7ec63178750ec6adc55be73b8cf2
1470520362.440200952   1366 81e491bf5072d1c129b0234f9ac21b1e98d457b5
1470520362.450759569   1366 78a10f5bdd4bd4d950a2355c5a1de106b0a1222e
1470520362.461321681   1366 4163f10bf4429ce6c8a5299bc60e096aa1c2068d
1470520362.471884331   1366 db54c303b2db224037603c552f1c5a4116579372
1470520362.482445353   1366 a1baea07a0caa1aa867438add733178697fef0d8
1470520362.493007162   1366 8fc6724012e07546955c4b05c629f39600906333
1470520362.503570058   1366 027f428542f807fb5fd05151d0bbaeb8542f0808
1470520362.514134107   1366 ef9c6c69bc0e3a43022b417dc13343cd9c161c2d
1470520362.524696242   1366 469fcf903834555533a15821613e440b09faae37
1470520362.535257222   1366 80efa80bc90963a0684d0a6c23d009c39901a506
1470520362.545816504    362 a32d111cbd8512e982d618e71ffed11440bfba6b
1470520362.545853781     70 39f20a839cce63937b98915990e1ed13f9c5f42c
1470520362.546646477     66 b235fbdf093f2ece677ca980d4d3b23c9b447cbc
1470520362.567281217     70 e9ede00665dfa856b4b7a73b0509b99c4e880cc6
1470520362.567363673     66 dfa8d11d36e55809efda8bb6bcd069bdd18c5560
1470520362.577967490     66 a71a21ab042b25e96612e2c04dd538c3abaf5035
1470520362.585535034     54 3dc806d47078f46781daf4e1e2b79ed73a316a55
1470520362.821542821     54 3dc806d47078f46781daf4e1e2b79ed73a316a55
1470520364.485535432     42 27dcebf9dec919933f1efa6ab8888993b0876216
1470520364.485557027     42 2d1608fc34bbdfd29219db1c6f2b3c0e307e5cf3
