1470519923.667246483    122 b8b855eb32233e6c891ab70a177d93767466433c
1470519923.667323917     98 b8654887f5919bd93c7da961d55374c6cc1d7a1f
1470519923.673540859     54 4a42461693e0d2fb430ade0406d6ab25f8208304
1470519923.829543148     54 4a42461693e0d2fb430ade0406d6ab25f8208304
1470519926.171707034     66 56cc1eba5983ac5b84d0a5ec953220687117051e
1470519926.185409479    122 3e30911a6fe94bc45b7f675666fbfff605aa233a
1470519928.677536225     42 27dcebf9dec919933f1efa6ab8888993b0876216
1470519928.677558368     42 2d1608fc34bbdfd29219db1c6f2b3c0e307e5cf3
1470519928.687982704    122 f0b745b2de73fa686487fd229cb0a0fab13a2102
1470519931.189868747    122 6c54fbbf0b182940d44a885fd7fca35a487bd806
1470519933.690217808    386 e9bad171b6e01c2c5215b0551f427f3e3c87e5f2
1470519933.690364038     78 8a05b908e9a606b1f7c510e25beb1ae71d7e5bf0
1470519933.730378956   1514 99638fb786b25539e84f12adbcfbf1cc9c1b2dc4
1470519933.730402393   1514 42dfa5c1b6571719c49fc17ce00cd3b7e9a5c7b7
1470519933.738547125   1514 2b6c8d612f3cbf8850c34b1ab836541ae6ed0a88
1470519933.750197367   1514 0206a6e38c5e3063d78ff388ab2588c44822805f
1470519933.761939854   1514 dc55824278ab1782768b9e91679b82233a34c738
1470519933.773727005   1514 7c0981ad0fb48a7f1f1dd096a549d4d5ae1389dd
1470519933.785330424   1514 3d1e0a26811d0e81eca69ced6d275ed857a9a047
1470519933.797047282   1514 4494bf944f052416566f32c67898fb142dca14c4
1470519933.808767006   1514 ef6045f8943d8eb170301940fa48b98e85ae8084
1470519933.820482723   1514 f49d889929d7df4a5ebee22eabce2c14e1f1a7d8
1470519933.832199195   1514 8635818c144db8eb8a07e9fcc3abd587cd4e932d
1470519933.844017652   1514 e0175149c224210770599aa5256acbda0c8754d9
1470519933.855637190   1514 0429d246e3295bdd114f6d5910cb2eaac5ac7273
1470519933.867353063   1514 4825a4dbf60d7d70e7f1cb9b227afd5ed2eda979
1470519933.879069769   1514 3e001d2098c91ad4733cb077e107c18d44c00cc0
1470519933.890787157   1514 ab66a0b332a7f080c97e2ce46e762e822055b9f6
1470519933.902506063   1514 b8b359c6ab942ba382be681fdb2cca82311bc22f
1470519933.914226700   1514 b75b63c5db7cba8be0df9f99ebf02f3eef2179c0
1470519933.925943528   1514 3be556f2f5f4f9651e1032017078c3131126c460
1470519933.937660587   1514 9dd5d73bbd019282ef87f6168fb49c8e6cc5e05d
1470519933.949379305   1514 b61c488f2fb4ce11c8e056b332ac7c256d4ba034
1470519933.961097247   1514 686602d7b9b9de9150b51290e967f0e0b2dcd817
1470519933.972815045   1514 636e9aa7ba4a7b31e404be1d63324ccf19b208a9
1470519933.984532592   1514 79b3386ff47772194b393e5b594889de41726184
1470519933.996249651   1514 454defbbe4ea34428a9375b780a6fd3bfe0a2d15
1470519934.007969608   1514 1fcc847dc63e86d5942b04ac3d43a9f08bcac677
1470519934.019688350   1514 9952fc52ef10ad4fb0345c2117198fb41b292024
1470519934.031404540   1514 7ac58626dc09e20d9197fa49b805599344bbaeff
1470519934.043123102   1514 30f93412db2a9a01c07f15d7ce00bcb6755d7a5a
1470519934.054840334   1514 f6dc2608e612ae4792cf87046043eaebf25afd2d
1470519934.066559468   1514 77e9a879580db469f5286ffd05c20baf638baf57
1470519934.078275185   1514 c0753d1405a0671013f70913a3328170195a96f3
1470519934.089993197   1514 b20d46138ee60067308501602684309d1a262360
1470519934.101712345   1514 f873f0c8a0388f33debd0c1058a4185d70bdc9bb
1470519934.113524460   1514 2e042ca090f04a29bad292762a77e8b361a20e32
1470519934.125353011   1514 d7f9b06bc4193f6c9313ed89de1c0f5a0803f743
1470519934.136875591   1514 e67996014be6e94942827e50f09c20e1ee8a51a4
1470519934.148586545   1514 a9597d45a390fef580716d5cb914fa6c662ab4c1
1470519934.160303933   1514 8a44b2e6ace3b51d466fb0424217722746627b12
1470519934.172020740   1514 8bfc263dd59f85617bf4feac675f214cd5681d61
1470519934.183738775   1514 c3d8f3bc1ca2efa6d261e55253d7650bd3314124
1470519934.195456415   1514 ee34f035e139f3c475af177c510bb068e0ce8eae
1470519934.207176693   1514 fcc69094ed9b59aa5edf863a24fc445877d81e9a
1470519934.218894575   1514 07b0054602cbb246c70b9a75454933b85fc1326c
1470519934.230610583   1514 41156b7f9382daa6c692c91d19ac4a4e2a96ca1e
1470519934.242328812   1514 477adb85b3ddbe6a398b5eab5dec1250a07c1b70
1470519934.254045176   1514 a3ef88132c6e626be2a70638a4407071d222a90f
1470519934.265763849   1514 43e115fdb2067199e151848be93125c7f243cfd7
1470519934.277482821   1514 50b0831276533237b0195758f06816f0cf4878fb
1470519934.289200212   1514 7b3847dd95e9c2b8126a05901a7a5b23c6d97bb7
1470519934.300918774   1514 795b772f7759fcd4766c63e6383bafd54388c80a
1470519934.312639486   1514 8ccad02f52c81dd23b9ee83697139b93aea961c6
1470519934.324357796   1514 612276cf98ad0091bb70e3e6322b47f10a0e1e74
1470519934.336073708   1514 9ffb427de3d27dfef2952fcd803960390fd72638
1470519934.347791590   1514 fea20b7d8722aee034c909313c660d09dbd91427
1470519934.359531763   1514 fb24d51a60cc4cd34c731ee374e099d948f3d9ec
1470519934.371282131   1514 0c5626b7ed59218afa6225696fe37fcb3a496465
1470519934.382992701   1514 1f24bf16ebfde626716d48b1947623d41714416c
1470519934.394710379   1514 9c435d8107e4b4c858c1a85516d3e3af5ffdcb77
1470519934.406432807   1514 36070156b595a5827b4f7bfdf09ee9a62f737439
1470519934.418149398   1514 44ef1e12ab6db1d4b2f46f5c56126133e201efb2
1470519934.429852824   1514 7e695ad2c970d79a94ad5f92aa534791581f4065
1470519934.441549398   1514 07b365005ac9e9d8a62adce8705669a39e53bb57
1470519934.453271697   1514 53f317e7e84fbfb4f03033961ac82739387c1d50
1470519934.464982048   1514 cd562874d6b6e13c4614adaae21d180d82e5d823
1470519934.476700951   1514 ba3fd5c3eb3ad5e21c53b69e18a242e4ed195db1
1470519934.488415600   1514 164ad4a31993a4d76b1f915b618edf104aaa9c64
1470519934.500081596   1514 b868067135c5ad0332315ea648df32504548366a
1470519934.511845337   1514 754535bcdc8f66233a5d3f8713876171c8582df0
1470519934.523561285   1514 3ac3d7f1a538dcc4a9816b3e5f5901c2bc409ad1
1470519934.535278691   1514 060cc8694c70dbc547caaca4de9302ad807315f2
1470519934.546996133   1514 bf063ef123c4191346cabbdb4a5bf52817af62c3
1470519934.558713152   1514 867956e981a9d0e4023f11e7631320c85cd977f3
1470519934.570431442   1514 c4a7a601e7968bde5b4fbd7acfd4e82944338489
1470519934.582148306   1514 66a4a0e962a951f00d6f4eac14984f25639ff6c8
1470519934.593866952   1514 31c0c7b1c4b71df217da1083660a067fdaeb4774
1470519934.605586334   1514 4d2a9167b1d5e08149d2a297db96e69d01bbc28b
1470519934.617305603   1514 8a6325b2a0c803491cedd0ede1782cf077754f33
1470519934.629031540   1514 c84b88fb3022701e50cec2d03b7bd1a65cb9e13b
1470519934.640846122   1514 f1c14a970f2581de47beddaf95cd654e380b9374
1470519934.652460588   1514 c6a451b1dc7377087b8674a554ec46326080d24c
1470519934.664183441   1514 f462d01d20b745250115d79df3e16ce2596d01ed
1470519934.675907081   1514 02f21542718c59fcbdddee8372bc2dff2368583d
1470519934.687614013   1514 4c8bee01ee0bf396f835d4fbd839a6bd528fa786
1470519934.699329706   1514 20332013b2002c701203b38eb797b29b3f619dd0
1470519934.711049206   1514 cf97fa6c91c4255611607d14b9d98976e6a90daf
1470519934.722767519   1514 4f9e58d793a43189f1f2905f08e965b8d518ee83
1470519934.734485057   1514 30abc03644f3b62219b80ca373bb0dbf09e81a9b
1470519934.746204984   1514 1c8d5b9e3a308906f0a532899b110667cce9b72b
1470519934.757923189   1514 dafbd133cf2343649cec1af80806d44120632ab9
1470519934.769638394   1514 b9a82a68a2abcc99907fc2c2c25134b16865c664
1470519934.781357095   1514 6c3fce94d1bc2e61135468690d82247ca7b8c99f
1470519934.793076564   1514 722c1e11a40ba0e8db2de635a5395761f8b5328c
1470519934.804794580   1514 8dcbab655230db7164e1bde316024ed647342d1e
1470519934.816512621   1514 2e0a070ed489f6c4322a876c8e5c36903ba963b9
1470519934.828230668   1514 f0485b5a57547f6ac58e7e586b24ff58563b34f4
1470519934.839947886   1514 00732009ddff0e82d254fa61c527ced4cc7cd08e
1470519934.851664348   1514 b73f0b72f331214861b7e4fb15dab4b3f5791f09
1470519934.863402518   1514 346f87df0013f3ea1f6725aad23ce80bcf4f8795
1470519934.875151805   1514 226bd4787556c345abc916d51d3f175f5e9f34b3
1470519934.886868082   1514 12def365955545a9c446c2e17e1dfd5762e59a89
1470519934.898570528   1514 c7b1366e311bc0ad7c89707804f3f9ad230a8080
1470519934.910277532   1514 9365e72215925ae1853fd2ee674ef1b47e243cf5
1470519934.922015686   1514 036cb53a7b951d5e3e8a23fd797ad449f7a46dcf
1470519934.933724172   1514 2a573499d8d2c37647322656d5a0ba78da6eb2e6
1470519934.945424184   1514 ff9f65c622523019ece4078b89ac1888d5272003
1470519934.957142626   1514 d4ae1cbec7dc949968f9e369e57eb720b89134d3
1470519934.968859265   1514 8982c97232ab5e0f247dbea344ffe8cc9b647347
1470519934.980571165   1514 e098171d1ec23ef86eeb865d3ced0be3fa0fc727
1470519934.992287059   1514 9b1d1ce7bafe0aa853272aada9dd14e4945d0736
1470519935.004002812   1514 ba6ad0d8efe4b8442a9bc6c7e550ebc7a76d434f
1470519935.015721526   1514 3f74c3df26a00563c835857c077f4838f3716a0c
1470519935.027437001   1514 ee0743e1f02f2c26c6e96d4ceb5a498a2b8c55a5
1470519935.039153668   1514 767a1c17aa8e31a092873c5c4b1d28bce538eacd
1470519935.050870284   1514 a9a6764a35ae6743f5b0dab62ae37f099b0cc9ee
1470519935.062589169   1514 d3e057b68b8d6ee022f5b7d32640d190fe0d989d
1470519935.074305991   1514 647f77d3f84be6f262c1f1c135de724b1917a4b4
1470519935.086022972   1514 7e9236f84db21471ab11e425759e72149b1b33a1
1470519935.097741267   1514 39bc81ef6c57226d7a69d266549a5b0dddf87dfb
1470519935.109462198   1514 101758a1fd847eaf6ef852eb18dca345da4342fa
1470519935.121185688   1514 b37ac6fb2737c58fb0525d60fa4799dd969fbb7a
1470519935.132905205   1514 ddd7af18462eb7fde5c037e18d3d78a64ef54e08
1470519935.144632960   1514 9251c2ca685c2ab27f3aab9300f23f524baf8b4a
1470519935.156358469   1514 9de0e812f762434ccdc386ec16769570ddc145e3
1470519935.168059200   1514 de9c5c241473fc77fc22c384cee64f7d660d6f8e
1470519935.179780708   1514 42dbbd42893b5a3498c991c5b3d2b7b30a038eec
1470519935.191554944   1514 a27720afe51b9ce3875d255d66ccc4c560384f17
1470519935.203206516   1514 b302947310349835a1fdf71a881e0916f39e8e79
1470519935.214923790   1514 5ac75fc8a5483bcc9c44eecb91912ca33f54112b
1470519935.226641298   1514 36144b477e45aa25b72bb897302b472bcf91114e
1470519935.238358806   1514 2571e821398379f824a729cc2ae9df277fad88e3
1470519935.250074994   1514 ecdd9b6e5dc94ef8b243220c1c908bea94092cfd
1470519935.261807225   1514 81dca439ad09bbedd17127c2f75ea9db95b5c0a1
1470519935.273542178   1514 f36dd7da85e6eaf2e716f058c4c5e97b2fd48883
1470519935.285231709   1514 b2efcefaed8388e0f1a30efb301901ee57aec9e3
1470519935.296948591   1514 79fd5a7a1c761eb8e28b2835dab8788ae92a3d62
1470519935.308668091   1514 f3978b80925316c9f1bd34dc0fb22b5da7a98780
1470519935.320386326   1514 e70bc3992f424740aee6ced5d2e75de433398f47
1470519935.332106161   1514 cb83c817ae580193d364ad61153ff140645d3fb9
1470519935.343821219   1514 6e4e7c8a0c0b63a50452c18858d4ad5f44d7ba23
1470519935.355538712   1514 e5127fe7b826b27e9d85027d897c29822d3da4c5
1470519935.367275656   1514 693c362ea78170cd38f54fd2b0e46879250e5995
1470519935.379025752   1514 a4521812d621e63cb4ae0a602742f73ed6080038
1470519935.390741856   1514 378d0ce9542cb4e5a25c7d224935f059611f4e86
1470519935.402449090   1514 535e8723c5596c5eb3ab03a2acefad959c56bbf2
1470519935.414164924   1514 3e1733dfcb42ed856d23e680dc57a2b79d953840
1470519935.425887735   1514 f45bcbfe6bed1ccceef97fa8411ece3225128d7f
1470519935.437600108   1514 83c34ce149b86aeb2c296fb161651c9788903c9e
1470519935.449305330   1514 a91f8271c5cff9da4dbbce4ce61715d0dbbc7470
1470519935.461016507   1514 e7f4d421d312096991f0a8d5d4279e9e5185788e
1470519935.472727577   1514 05fa8066dda4e02ea0c4c460ba0c8722de2c2869
1470519935.484439105   1514 c7a7f5fc91fd9d09d2de1638db4652d5b1cbfd54
1470519935.496153200   1514 d37c749ec7e62bd12954aeb55a5fec279b0d434e
1470519935.507867543   1514 55c5c75ca97dca81e0f630af3ecff460c5dc520e
1470519935.519584823   1514 ed857cdbdec1bc3f03fa065758db310f23caee48
1470519935.531302735   1514 e57f7b2b1e4a6ddefc1264a1c22d2cfd3cf8c646
1470519935.543019872   1514 45627584121cea2fd4c519033d6662ca63025b9d
1470519935.554735960   1514 1f9ea21e29abdd9ee0d9d7afe3944fff2ce4b948
1470519935.566454282   1514 6d106de7402fe68149a71fe56bb90ac684706e3d
1470519935.578172045   1514 035bdba2719ef33ec7ceb498f71cd66b66b4c3c4
1470519935.589889676   1514 b78d378f06d6639a8128a9cfd0a85dcd7c11a235
1470519935.601608175   1514 53939678aea8e4732d34e1d45b7c7ccdbfc5dfc9
1470519935.613328752   1514 60adcd75d00d2fc9b23628c9aaa4deb4b50543cf
1470519935.625050922   1514 9f759d93514ef900c33d1bc6234f24c901cb8db2
1470519935.636769954   1514 c429f5616f3419360cc1a9589d5d4e4aeaa861df
1470519935.648482662   1514 2266f00e5411e63ff26619593fdf01f013409a1e
1470519935.660199721   1514 60a694f92e27850c349a5cb7cc49e50bd2a5ebf7
1470519935.671923544   1514 f57868159ccea7e9e146f2e726d0b1816908c03c
1470519935.683645300   1514 67688482dc048181417358348b3c45d23c8448fe
1470519935.695355409   1514 afb33fbd8a8c94aa3f635788bfe5c9f74ee4b535
1470519935.707072486   1514 6c7e7b46ce912bab0e43c7b7f7f1223bacd8e1cb
1470519935.718789653   1514 f96dff94f11e30ebdf8850a568aee4bc4952d1b9
1470519935.730507640   1514 3693086805479f7bf0a48e8637289558c558a148
1470519935.742239886   1514 68be8379ba6bbcf2ec13224c24af45e2ac240dc9
1470519935.753951974   1514 79cd2b1dbbb4a39468f9db41d121d7504670cd0b
1470519935.765671644   1514 7abaac95f89ce9d1726513502ea93cc16caf3358
1470519935.777388658   1514 1c16ac2c0e1d0fb6f3d57c2552b8c102d7be7130
1470519935.789109930   1514 cd06eeef7022176a6d2dd0f27ac31a81923991c6
1470519935.800824314   1514 f0a44a9ffa9b8e4c691bb2311ba9076d9969d94b
1470519935.812544128   1514 538fb3011b7c5c12071f0604a5d7ef819bf9d47b
1470519935.824260866   1514 70fe3e4f2017f58bc8bd97c25dcff00ed3fa6b43
1470519935.835978826   1514 fc02476b823622926a11132c05201f48a34400f7
1470519935.847696778   1514 9f0689f36f986b76b49fa93f3834269d63dfe749
1470519935.859412117   1514 28fa4251b9fbc779889d1597a149b4c8c0185c1a
1470519935.871149424   1514 6a4712522de0978f3bc8cc1278ad26d0cef28c83
1470519935.882898199   1514 3259cba570229766fedb8f9cd75510b11065ceb7
1470519935.894616563   1514 75e34484bdf1f5eae4229b1d1ac79afb52b4ac7a
1470519935.906329427   1514 e522ace87257a892141df7d7c3fba3fc37d04107
1470519935.918045399   1514 0408efc75a2d476493aaefad4ff62d77941b2e88
1470519935.929758969   1514 5d032ba66e3dfa86accc4347ef12bc6d999cd095
1470519935.941463745   1514 7f0983890b29fa4a62429beec0c300cf0ce2da6c
1470519935.953170275   1514 0fa5a040e654c87167f0f57b583eeb6bfb50655e
1470519935.964884092   1318 8d4fe55a6182670b25eb108b1eeae933c29bbba9
1470519935.964921117     70 8bfe44221ecb9e53fcea3ec8f6a04f93d5913396
1470519935.965000809     66 50d9db0d10e5cda623f2792934c37b5fa8028284
1470519935.977689310     70 da86f35f2e4667cfc2906c1f8f3255d71fb5025c
1470519935.977780581     66 9137676d59ea76060065b05c6c8cd3cdf1c0d97a
1470519935.989544598     70 61f311e0a3cba92615e271b7783dcd8ade6a3822
1470519935.997534766     54 e2b9c48e18af52ff4458bdd7ed13b583ee24cc37
1470519936.321541219     54 e2b9c48e18af52ff4458bdd7ed13b583ee24cc37
