1422626164.364817785     74 d17005bac5d8365d522477bf7d17b9411d0fc2aa
1422626164.465432709     74 48033eba501ebc4eb8e1ff7b236edcba7e2372ce
1422626164.465511218     66 27a6d8861916fb04f92da0aa32ab2daab0f5140f
1422626164.466491113    195 14c00bad5204b1d476accf791b78861a518e2b49
1422626164.567440373     66 dfb9ac0c2e3af457aa73170360cf2c03a3d8029b
1422626164.568157031    432 05293ee2583382580a961e7ab696382e6299143b
1422626164.568244835     66 0676d508a732b2b41e7addb46ca52443c5b8f450
1422626164.572187281    139 f582ca338f28359f870675d673b5838105908f06
1422626164.689897531    116 3e3ab9e6c1dc4b2bd20c19bcaf2a7f2280a7a9c9
1422626164.692505011    583 fca36b52ccbb6812638ddaef7bde4f110141b258
1422626164.816250147   1506 b61987364fe3078f198774c3baaf5b8500a92c88
1422626164.816307174   1506 c0e6245dfa34804d20fa8c525bf84f4742280af5
1422626164.816375464     66 2242c7016bd8b328ac2540ff5768be9efcd80f33
1422626164.816545943   1506 b11319109799d8d1345c8ace6be9d4d44478326f
1422626164.816614926   1506 e332e265ceafda17c2c7f6d71ace4ac55591f572
1422626164.816632160    727 4e6ed0412a699be16445441bd2f11754e1200458
1422626164.816646152     66 424c42e9252da84ff0f16fc4d599fd238274834c
1422626164.818099158    204 20c71a3f56900af35857fb83abe1f13c7c40521e
1422626164.921029442    308 d6c86d37a602903665e39d6ecf25e4eea6c8c09b
1422626164.959668061     66 6da74f254df205627e304ca8dc56d56b9721cb48
1422626164.978499740    224 4b236035e8dd4043fbce0e8cd282b1f85868f564
1422626165.085780781    549 e36262a5eabb1617eda12221ea0868fb18b50785
1422626165.085889248     66 1aa63da1f416a1e9d79db154e712ac7e5e3f07df
1422626165.091098287    165 e849dab1ea90a99204abf7d5ebe12fb6c705ec3c
1422626165.192021259    215 392c5e0d0798a1683d3c0c458db7c1f5de38cf52
1422626165.194135110    221 1fb19ad590623df9966faa4f20db140ae56b64cc
1422626165.326536111    172 0cc595fc7278e2be1d774c09f7c51cabc1a2c822
1422626165.328929507    195 702254bef9ee78ab51a31ce24598bd4cacc3b22e
1422626165.431819963    172 8abd5412a914f6c5fde9ea902020e23dfe4c095a
1422626165.434273455    168 404dffe7326e7932fa89ae4d8bca90912a9a9d0a
1422626165.449709959     66 7c97608ea4e0978c87c11bf857de9b0a16c906a8
1422626165.535272639    171 96266683103378d88a79fe8fd75ad15f37b3c988
1422626165.537381274    177 9ba05c41f4218e7337b3f922848032e581fa9899
1422626165.648196913    171 0a41d627642aecd77f968dc6f9b8d7666e89b9cb
1422626165.650278121    165 eee9feb135263e37e9f172b52824362fda70e71c
1422626165.754296619    369 69fae7dbdd3c092a20cb35a3023c9d8cdc597b8a
1422626165.754298646     66 67fd6dd7c4f818d8ac9073b0cfeeeccdb7c54603
1422626165.756389828    111 dccc2756d8eadbffc9731c4407b97719d679d7e4
1422626165.857036617     60 da978596f8f6daa774fb33339b37e2f9178ca966
